2023-06-29 22:01:48,481 INFO:Starting
2023-06-29 22:03:02,831 INFO:Total games: 10
2023-06-29 22:04:27,547 INFO:Total games: 20
2023-06-29 22:05:42,986 INFO:Total games: 30
2023-06-29 22:05:42,987 INFO:Ending
2023-06-29 22:05:42,987 INFO:Duration: 0 hours, 3 minutes, 54 seconds
2023-06-29 22:07:18,205 INFO:Starting
2023-06-29 22:08:40,932 INFO:Total games: 10
2023-06-29 22:09:55,969 INFO:Total games: 20
2023-06-29 22:11:05,191 INFO:Total games: 30
2023-06-29 22:12:21,632 INFO:Total games: 40
2023-06-29 22:13:25,890 INFO:Total games: 50
2023-06-29 22:14:21,153 INFO:Total games: 60
2023-06-29 22:15:36,335 INFO:Total games: 70
2023-06-29 22:16:34,283 INFO:Total games: 80
2023-06-29 22:17:33,658 INFO:Total games: 90
2023-06-29 22:18:48,425 INFO:Total games: 100
2023-06-29 22:19:59,679 INFO:Total games: 110
2023-06-29 22:21:09,792 INFO:Total games: 120
2023-06-29 22:22:25,622 INFO:Total games: 130
2023-06-29 22:23:21,319 INFO:Total games: 140
2023-06-29 22:24:36,198 INFO:Total games: 150
2023-06-29 22:25:31,591 INFO:Total games: 160
2023-06-29 22:26:46,920 INFO:Total games: 170
2023-06-29 22:27:57,329 INFO:Total games: 180
2023-06-29 22:29:27,777 INFO:Total games: 190
2023-06-29 22:30:40,975 INFO:Total games: 200
2023-06-29 22:31:47,800 INFO:Total games: 210
2023-06-29 22:33:13,916 INFO:Total games: 220
2023-06-29 22:34:38,491 INFO:Total games: 230
2023-06-29 22:35:48,998 INFO:Total games: 240
2023-06-29 22:37:11,475 INFO:Total games: 250
2023-06-29 22:38:24,050 INFO:Total games: 260
2023-06-29 22:39:43,445 INFO:Total games: 270
2023-06-29 22:41:09,419 INFO:Total games: 280
2023-06-29 22:42:41,487 INFO:Total games: 290
2023-06-29 22:42:46,723 INFO:Loaded new best model
2023-06-29 22:44:06,329 INFO:Total games: 300
2023-06-29 22:45:25,013 INFO:Total games: 310
2023-06-29 22:46:48,090 INFO:Total games: 320
2023-06-29 22:48:10,371 INFO:Total games: 330
2023-06-29 22:49:21,779 INFO:Total games: 340
2023-06-29 22:50:45,011 INFO:Total games: 350
2023-06-29 22:51:58,001 INFO:Total games: 360
2023-06-29 22:53:37,197 INFO:Total games: 370
2023-06-29 22:55:12,203 INFO:Total games: 380
2023-06-29 22:56:39,279 INFO:Total games: 390
2023-06-29 22:58:12,781 INFO:Total games: 400
2023-06-29 22:59:41,302 INFO:Total games: 410
2023-06-29 23:00:56,567 INFO:Total games: 420
2023-06-29 23:02:30,856 INFO:Total games: 430
2023-06-29 23:03:57,273 INFO:Total games: 440
2023-06-29 23:05:18,275 INFO:Total games: 450
2023-06-29 23:06:39,414 INFO:Total games: 460
2023-06-29 23:07:59,290 INFO:Total games: 470
2023-06-29 23:09:21,064 INFO:Total games: 480
2023-06-29 23:10:50,689 INFO:Total games: 490
2023-06-29 23:12:19,629 INFO:Total games: 500
2023-06-29 23:13:58,732 INFO:Total games: 510
2023-06-29 23:15:15,210 INFO:Total games: 520
2023-06-29 23:16:46,570 INFO:Total games: 530
2023-06-29 23:18:17,433 INFO:Total games: 540
2023-06-29 23:19:35,080 INFO:Total games: 550
2023-06-29 23:21:06,150 INFO:Total games: 560
2023-06-29 23:22:08,288 INFO:Loaded new best model
2023-06-29 23:22:35,820 INFO:Total games: 570
2023-06-29 23:23:49,924 INFO:Total games: 580
2023-06-29 23:25:18,801 INFO:Total games: 590
2023-06-29 23:26:45,648 INFO:Total games: 600
2023-06-29 23:28:25,687 INFO:Total games: 610
2023-06-29 23:29:52,910 INFO:Total games: 620
2023-06-29 23:31:27,844 INFO:Total games: 630
2023-06-29 23:32:48,890 INFO:Total games: 640
2023-06-29 23:34:28,256 INFO:Total games: 650
2023-06-29 23:35:56,815 INFO:Total games: 660
2023-06-29 23:37:30,650 INFO:Total games: 670
2023-06-29 23:38:43,318 INFO:Total games: 680
2023-06-29 23:39:59,365 INFO:Total games: 690
2023-06-29 23:41:29,231 INFO:Total games: 700
2023-06-29 23:41:29,656 INFO:Loaded new best model
2023-06-29 23:43:01,835 INFO:Total games: 710
2023-06-29 23:44:41,115 INFO:Total games: 720
2023-06-29 23:46:22,162 INFO:Total games: 730
2023-06-29 23:47:57,580 INFO:Total games: 740
2023-06-29 23:49:45,917 INFO:Total games: 750
2023-06-29 23:51:28,954 INFO:Total games: 760
2023-06-29 23:53:11,525 INFO:Total games: 770
2023-06-29 23:54:47,821 INFO:Total games: 780
2023-06-29 23:56:20,744 INFO:Total games: 790
2023-06-29 23:58:05,816 INFO:Total games: 800
2023-06-29 23:59:35,243 INFO:Total games: 810
2023-06-30 00:01:17,042 INFO:Total games: 820
2023-06-30 00:02:54,013 INFO:Total games: 830
2023-06-30 00:04:28,530 INFO:Total games: 840
2023-06-30 00:05:57,806 INFO:Total games: 850
2023-06-30 00:07:26,152 INFO:Total games: 860
2023-06-30 00:09:01,777 INFO:Total games: 870
2023-06-30 00:10:26,298 INFO:Total games: 880
2023-06-30 00:12:05,808 INFO:Total games: 890
2023-06-30 00:13:34,937 INFO:Total games: 900
2023-06-30 00:15:12,953 INFO:Total games: 910
2023-06-30 00:16:55,745 INFO:Total games: 920
2023-06-30 00:18:27,850 INFO:Total games: 930
2023-06-30 00:20:06,175 INFO:Total games: 940
2023-06-30 00:21:38,388 INFO:Total games: 950
2023-06-30 00:22:59,270 INFO:Loaded new best model
2023-06-30 00:23:08,755 INFO:Total games: 960
2023-06-30 00:24:38,395 INFO:Total games: 970
2023-06-30 00:26:08,137 INFO:Total games: 980
2023-06-30 00:27:41,229 INFO:Total games: 990
2023-06-30 00:29:11,482 INFO:Total games: 1000
2023-06-30 00:30:40,024 INFO:Total games: 1010
2023-06-30 00:32:24,813 INFO:Total games: 1020
2023-06-30 00:34:04,149 INFO:Total games: 1030
2023-06-30 00:35:45,300 INFO:Total games: 1040
2023-06-30 00:37:11,590 INFO:Total games: 1050
2023-06-30 00:38:58,273 INFO:Total games: 1060
2023-06-30 00:40:36,006 INFO:Total games: 1070
2023-06-30 00:42:14,847 INFO:Total games: 1080
2023-06-30 00:43:39,415 INFO:Total games: 1090
2023-06-30 00:45:04,341 INFO:Total games: 1100
2023-06-30 00:46:38,057 INFO:Total games: 1110
2023-06-30 00:48:03,543 INFO:Total games: 1120
2023-06-30 00:49:41,781 INFO:Total games: 1130
2023-06-30 00:51:14,285 INFO:Total games: 1140
2023-06-30 00:52:43,046 INFO:Total games: 1150
2023-06-30 00:54:12,794 INFO:Total games: 1160
2023-06-30 00:55:37,179 INFO:Total games: 1170
2023-06-30 00:57:06,149 INFO:Total games: 1180
2023-06-30 00:58:52,513 INFO:Total games: 1190
2023-06-30 01:00:38,718 INFO:Total games: 1200
2023-06-30 01:02:19,256 INFO:Total games: 1210
2023-06-30 01:04:08,976 INFO:Total games: 1220
2023-06-30 01:05:44,369 INFO:Total games: 1230
2023-06-30 01:07:11,943 INFO:Total games: 1240
2023-06-30 01:08:54,276 INFO:Total games: 1250
2023-06-30 01:10:39,714 INFO:Total games: 1260
2023-06-30 01:12:15,482 INFO:Total games: 1270
2023-06-30 01:13:51,463 INFO:Total games: 1280
2023-06-30 01:15:05,617 INFO:Total games: 1290
2023-06-30 01:16:28,360 INFO:Total games: 1300
2023-06-30 01:18:10,211 INFO:Total games: 1310
2023-06-30 01:19:50,240 INFO:Total games: 1320
2023-06-30 01:21:22,783 INFO:Total games: 1330
2023-06-30 01:23:06,272 INFO:Total games: 1340
2023-06-30 01:24:15,906 INFO:Loaded new best model
2023-06-30 01:24:44,846 INFO:Total games: 1350
2023-06-30 01:26:21,012 INFO:Total games: 1360
2023-06-30 01:28:02,947 INFO:Total games: 1370
2023-06-30 01:29:36,870 INFO:Total games: 1380
2023-06-30 01:31:19,228 INFO:Total games: 1390
2023-06-30 01:33:11,136 INFO:Total games: 1400
2023-06-30 01:34:48,068 INFO:Total games: 1410
2023-06-30 01:36:35,214 INFO:Total games: 1420
2023-06-30 01:38:16,110 INFO:Total games: 1430
2023-06-30 01:39:58,007 INFO:Total games: 1440
2023-06-30 01:41:40,503 INFO:Total games: 1450
2023-06-30 01:43:30,569 INFO:Total games: 1460
2023-06-30 01:45:06,149 INFO:Total games: 1470
2023-06-30 01:46:41,285 INFO:Total games: 1480
2023-06-30 01:48:19,321 INFO:Total games: 1490
2023-06-30 01:49:59,820 INFO:Total games: 1500
2023-06-30 01:51:43,450 INFO:Total games: 1510
2023-06-30 01:53:30,692 INFO:Total games: 1520
2023-06-30 01:55:15,444 INFO:Total games: 1530
2023-06-30 01:57:00,630 INFO:Total games: 1540
2023-06-30 01:58:48,970 INFO:Total games: 1550
2023-06-30 02:00:29,252 INFO:Total games: 1560
2023-06-30 02:02:17,493 INFO:Total games: 1570
2023-06-30 02:03:27,425 INFO:Loaded new best model
2023-06-30 02:03:59,851 INFO:Total games: 1580
2023-06-30 02:05:42,339 INFO:Total games: 1590
2023-06-30 02:07:33,140 INFO:Total games: 1600
2023-06-30 02:09:27,452 INFO:Total games: 1610
2023-06-30 02:11:20,598 INFO:Total games: 1620
2023-06-30 02:13:10,267 INFO:Total games: 1630
2023-06-30 02:15:03,286 INFO:Total games: 1640
2023-06-30 02:16:51,440 INFO:Total games: 1650
2023-06-30 02:18:43,059 INFO:Total games: 1660
2023-06-30 02:20:29,521 INFO:Total games: 1670
2023-06-30 02:22:24,016 INFO:Total games: 1680
2023-06-30 02:24:14,211 INFO:Total games: 1690
2023-06-30 02:26:02,542 INFO:Total games: 1700
2023-06-30 02:27:48,067 INFO:Total games: 1710
2023-06-30 02:29:42,403 INFO:Total games: 1720
2023-06-30 02:31:33,899 INFO:Total games: 1730
2023-06-30 02:33:31,069 INFO:Total games: 1740
2023-06-30 02:35:21,053 INFO:Total games: 1750
2023-06-30 02:37:07,710 INFO:Total games: 1760
2023-06-30 02:38:56,461 INFO:Total games: 1770
2023-06-30 02:40:49,039 INFO:Total games: 1780
2023-06-30 02:42:39,792 INFO:Total games: 1790
2023-06-30 02:44:28,227 INFO:Total games: 1800
2023-06-30 02:46:17,357 INFO:Total games: 1810
2023-06-30 02:48:01,054 INFO:Total games: 1820
2023-06-30 02:49:37,652 INFO:Total games: 1830
2023-06-30 02:51:29,116 INFO:Total games: 1840
2023-06-30 02:53:21,010 INFO:Total games: 1850
2023-06-30 02:55:16,836 INFO:Total games: 1860
2023-06-30 02:57:08,649 INFO:Total games: 1870
2023-06-30 02:58:55,979 INFO:Total games: 1880
2023-06-30 03:00:49,810 INFO:Total games: 1890
2023-06-30 03:02:40,954 INFO:Total games: 1900
2023-06-30 03:04:30,828 INFO:Total games: 1910
2023-06-30 03:06:24,922 INFO:Total games: 1920
2023-06-30 03:08:11,677 INFO:Total games: 1930
2023-06-30 03:09:58,757 INFO:Total games: 1940
2023-06-30 03:11:50,765 INFO:Total games: 1950
2023-06-30 03:13:42,931 INFO:Total games: 1960
2023-06-30 03:15:32,801 INFO:Total games: 1970
2023-06-30 03:17:21,248 INFO:Total games: 1980
2023-06-30 03:19:18,765 INFO:Total games: 1990
2023-06-30 03:21:08,046 INFO:Total games: 2000
2023-06-30 03:23:00,096 INFO:Total games: 2010
2023-06-30 03:24:48,782 INFO:Total games: 2020
2023-06-30 03:26:38,932 INFO:Total games: 2030
2023-06-30 03:28:32,294 INFO:Total games: 2040
2023-06-30 03:30:16,313 INFO:Total games: 2050
2023-06-30 03:32:02,265 INFO:Total games: 2060
2023-06-30 03:33:51,742 INFO:Total games: 2070
2023-06-30 03:35:42,618 INFO:Total games: 2080
2023-06-30 03:37:35,471 INFO:Total games: 2090
2023-06-30 03:39:30,586 INFO:Total games: 2100
2023-06-30 03:41:15,010 INFO:Total games: 2110
2023-06-30 03:43:02,000 INFO:Total games: 2120
2023-06-30 03:44:59,901 INFO:Total games: 2130
2023-06-30 03:46:44,524 INFO:Total games: 2140
2023-06-30 03:48:35,980 INFO:Total games: 2150
2023-06-30 03:50:23,915 INFO:Total games: 2160
2023-06-30 03:52:16,022 INFO:Total games: 2170
2023-06-30 03:54:04,029 INFO:Total games: 2180
2023-06-30 03:55:57,463 INFO:Total games: 2190
2023-06-30 03:57:51,094 INFO:Total games: 2200
2023-06-30 03:59:47,673 INFO:Total games: 2210
2023-06-30 04:01:35,817 INFO:Total games: 2220
2023-06-30 04:03:16,439 INFO:Total games: 2230
2023-06-30 04:05:14,213 INFO:Total games: 2240
2023-06-30 04:07:07,118 INFO:Total games: 2250
2023-06-30 04:08:55,591 INFO:Total games: 2260
2023-06-30 04:10:44,534 INFO:Total games: 2270
2023-06-30 04:12:31,105 INFO:Total games: 2280
2023-06-30 04:14:11,909 INFO:Total games: 2290
2023-06-30 04:16:02,254 INFO:Total games: 2300
2023-06-30 04:17:55,518 INFO:Total games: 2310
2023-06-30 04:19:47,560 INFO:Total games: 2320
2023-06-30 04:21:40,666 INFO:Total games: 2330
2023-06-30 04:23:31,367 INFO:Total games: 2340
2023-06-30 04:25:25,017 INFO:Total games: 2350
2023-06-30 04:27:21,726 INFO:Total games: 2360
2023-06-30 04:29:11,198 INFO:Total games: 2370
2023-06-30 04:30:57,945 INFO:Total games: 2380
2023-06-30 04:32:45,276 INFO:Total games: 2390
2023-06-30 04:34:37,562 INFO:Total games: 2400
2023-06-30 04:36:30,543 INFO:Total games: 2410
2023-06-30 04:38:22,411 INFO:Total games: 2420
2023-06-30 04:40:14,680 INFO:Total games: 2430
2023-06-30 04:42:09,389 INFO:Total games: 2440
2023-06-30 04:43:59,366 INFO:Total games: 2450
2023-06-30 04:45:47,856 INFO:Total games: 2460
2023-06-30 04:47:41,456 INFO:Total games: 2470
2023-06-30 04:49:33,186 INFO:Total games: 2480
2023-06-30 04:51:26,682 INFO:Total games: 2490
2023-06-30 04:53:12,553 INFO:Total games: 2500
2023-06-30 04:55:01,262 INFO:Total games: 2510
2023-06-30 04:56:53,480 INFO:Total games: 2520
2023-06-30 04:58:49,112 INFO:Total games: 2530
2023-06-30 05:00:39,446 INFO:Total games: 2540
2023-06-30 05:02:30,529 INFO:Total games: 2550
2023-06-30 05:04:18,367 INFO:Total games: 2560
2023-06-30 05:06:05,745 INFO:Total games: 2570
2023-06-30 05:07:56,476 INFO:Total games: 2580
2023-06-30 05:09:50,810 INFO:Total games: 2590
2023-06-30 05:11:41,784 INFO:Total games: 2600
2023-06-30 05:13:23,174 INFO:Total games: 2610
2023-06-30 05:15:14,538 INFO:Total games: 2620
2023-06-30 05:17:08,173 INFO:Total games: 2630
2023-06-30 05:19:00,478 INFO:Total games: 2640
2023-06-30 05:20:53,258 INFO:Total games: 2650
2023-06-30 05:22:41,992 INFO:Total games: 2660
2023-06-30 05:24:27,913 INFO:Total games: 2670
2023-06-30 05:26:18,075 INFO:Total games: 2680
2023-06-30 05:28:08,170 INFO:Total games: 2690
2023-06-30 05:29:54,435 INFO:Total games: 2700
2023-06-30 05:31:49,946 INFO:Total games: 2710
2023-06-30 05:33:32,699 INFO:Total games: 2720
2023-06-30 05:35:16,035 INFO:Total games: 2730
2023-06-30 05:37:00,536 INFO:Total games: 2740
2023-06-30 05:38:49,305 INFO:Total games: 2750
2023-06-30 05:40:46,238 INFO:Total games: 2760
2023-06-30 05:42:37,077 INFO:Total games: 2770
2023-06-30 05:44:26,474 INFO:Total games: 2780
2023-06-30 05:46:19,496 INFO:Total games: 2790
2023-06-30 05:48:14,344 INFO:Total games: 2800
2023-06-30 05:50:02,262 INFO:Total games: 2810
2023-06-30 05:51:53,281 INFO:Total games: 2820
2023-06-30 05:53:42,163 INFO:Total games: 2830
2023-06-30 05:55:25,545 INFO:Total games: 2840
2023-06-30 05:57:14,134 INFO:Total games: 2850
2023-06-30 05:59:02,075 INFO:Total games: 2860
2023-06-30 06:00:48,539 INFO:Total games: 2870
2023-06-30 06:02:39,697 INFO:Total games: 2880
2023-06-30 06:04:29,418 INFO:Total games: 2890
2023-06-30 06:06:25,157 INFO:Total games: 2900
2023-06-30 06:08:14,282 INFO:Total games: 2910
2023-06-30 06:10:06,830 INFO:Total games: 2920
2023-06-30 06:11:55,698 INFO:Total games: 2930
2023-06-30 06:13:46,429 INFO:Total games: 2940
2023-06-30 06:15:38,716 INFO:Total games: 2950
2023-06-30 06:17:21,222 INFO:Total games: 2960
2023-06-30 06:19:12,020 INFO:Total games: 2970
2023-06-30 06:21:05,717 INFO:Total games: 2980
2023-06-30 06:22:59,044 INFO:Total games: 2990
2023-06-30 06:24:52,694 INFO:Total games: 3000
2023-06-30 06:26:51,385 INFO:Total games: 3010
2023-06-30 06:28:40,440 INFO:Total games: 3020
2023-06-30 06:30:33,588 INFO:Total games: 3030
2023-06-30 06:32:25,786 INFO:Total games: 3040
2023-06-30 06:34:14,672 INFO:Total games: 3050
2023-06-30 06:36:11,168 INFO:Total games: 3060
2023-06-30 06:37:59,278 INFO:Total games: 3070
2023-06-30 06:39:51,592 INFO:Total games: 3080
2023-06-30 06:41:33,140 INFO:Total games: 3090
2023-06-30 06:43:11,526 INFO:Total games: 3100
2023-06-30 06:45:02,535 INFO:Total games: 3110
2023-06-30 06:46:53,812 INFO:Total games: 3120
2023-06-30 06:48:44,955 INFO:Total games: 3130
2023-06-30 06:50:32,484 INFO:Total games: 3140
2023-06-30 06:52:23,279 INFO:Total games: 3150
2023-06-30 06:54:13,150 INFO:Total games: 3160
2023-06-30 06:56:10,344 INFO:Total games: 3170
2023-06-30 06:57:51,753 INFO:Total games: 3180
2023-06-30 06:59:41,573 INFO:Total games: 3190
2023-06-30 07:01:30,509 INFO:Total games: 3200
2023-06-30 07:03:19,744 INFO:Total games: 3210
2023-06-30 07:05:11,780 INFO:Total games: 3220
2023-06-30 07:07:03,684 INFO:Total games: 3230
2023-06-30 07:08:53,814 INFO:Total games: 3240
2023-06-30 07:10:47,867 INFO:Total games: 3250
2023-06-30 07:12:30,851 INFO:Total games: 3260
2023-06-30 07:14:23,714 INFO:Total games: 3270
2023-06-30 07:16:15,273 INFO:Total games: 3280
2023-06-30 07:18:00,609 INFO:Total games: 3290
2023-06-30 07:19:54,234 INFO:Total games: 3300
2023-06-30 07:21:42,585 INFO:Total games: 3310
2023-06-30 07:23:31,916 INFO:Total games: 3320
2023-06-30 07:25:21,555 INFO:Total games: 3330
2023-06-30 07:27:20,004 INFO:Total games: 3340
2023-06-30 07:29:09,125 INFO:Total games: 3350
2023-06-30 07:31:00,156 INFO:Total games: 3360
2023-06-30 07:32:45,818 INFO:Total games: 3370
2023-06-30 07:34:38,873 INFO:Total games: 3380
2023-06-30 07:36:32,888 INFO:Total games: 3390
2023-06-30 07:38:17,703 INFO:Total games: 3400
2023-06-30 07:40:02,836 INFO:Total games: 3410
2023-06-30 07:41:56,094 INFO:Total games: 3420
2023-06-30 07:43:48,208 INFO:Total games: 3430
2023-06-30 07:45:32,034 INFO:Total games: 3440
2023-06-30 07:47:24,653 INFO:Total games: 3450
2023-06-30 07:49:16,564 INFO:Total games: 3460
2023-06-30 07:51:00,762 INFO:Total games: 3470
2023-06-30 07:52:52,459 INFO:Total games: 3480
2023-06-30 07:54:44,755 INFO:Total games: 3490
2023-06-30 07:56:38,248 INFO:Total games: 3500
2023-06-30 07:58:26,569 INFO:Total games: 3510
2023-06-30 08:00:12,658 INFO:Total games: 3520
2023-06-30 08:02:04,077 INFO:Total games: 3530
2023-06-30 08:03:56,052 INFO:Total games: 3540
2023-06-30 08:05:41,686 INFO:Total games: 3550
2023-06-30 08:07:34,304 INFO:Total games: 3560
2023-06-30 08:09:29,122 INFO:Total games: 3570
2023-06-30 08:11:15,326 INFO:Total games: 3580
2023-06-30 08:13:01,725 INFO:Total games: 3590
2023-06-30 08:14:52,824 INFO:Total games: 3600
2023-06-30 08:16:43,374 INFO:Total games: 3610
2023-06-30 08:18:28,768 INFO:Total games: 3620
2023-06-30 08:20:09,377 INFO:Total games: 3630
2023-06-30 08:22:06,333 INFO:Total games: 3640
2023-06-30 08:23:58,864 INFO:Total games: 3650
2023-06-30 08:25:48,570 INFO:Total games: 3660
2023-06-30 08:27:42,965 INFO:Total games: 3670
2023-06-30 08:29:27,320 INFO:Total games: 3680
2023-06-30 08:31:16,900 INFO:Total games: 3690
2023-06-30 08:33:17,537 INFO:Total games: 3700
2023-06-30 08:35:07,727 INFO:Total games: 3710
2023-06-30 08:37:00,328 INFO:Total games: 3720
2023-06-30 08:38:51,048 INFO:Total games: 3730
2023-06-30 08:40:36,617 INFO:Total games: 3740
2023-06-30 08:42:21,520 INFO:Total games: 3750
2023-06-30 08:44:08,104 INFO:Total games: 3760
2023-06-30 08:46:08,902 INFO:Total games: 3770
2023-06-30 08:47:52,905 INFO:Total games: 3780
2023-06-30 08:49:45,643 INFO:Total games: 3790
2023-06-30 08:51:32,176 INFO:Total games: 3800
2023-06-30 08:53:20,090 INFO:Total games: 3810
2023-06-30 08:55:13,183 INFO:Total games: 3820
2023-06-30 08:57:09,719 INFO:Total games: 3830
2023-06-30 08:58:52,875 INFO:Total games: 3840
2023-06-30 09:00:38,566 INFO:Total games: 3850
2023-06-30 09:02:28,427 INFO:Total games: 3860
2023-06-30 09:04:13,084 INFO:Total games: 3870
2023-06-30 09:06:06,461 INFO:Total games: 3880
2023-06-30 09:07:56,354 INFO:Total games: 3890
2023-06-30 09:09:55,596 INFO:Total games: 3900
2023-06-30 09:11:47,955 INFO:Total games: 3910
2023-06-30 09:13:35,002 INFO:Total games: 3920
2023-06-30 09:15:20,643 INFO:Total games: 3930
2023-06-30 09:17:08,753 INFO:Total games: 3940
2023-06-30 09:18:59,778 INFO:Total games: 3950
2023-06-30 09:20:46,698 INFO:Total games: 3960
2023-06-30 09:22:35,489 INFO:Total games: 3970
2023-06-30 09:24:21,474 INFO:Total games: 3980
2023-06-30 09:26:14,096 INFO:Total games: 3990
2023-06-30 09:28:07,655 INFO:Total games: 4000
2023-06-30 09:29:55,113 INFO:Total games: 4010
2023-06-30 09:31:44,803 INFO:Total games: 4020
2023-06-30 09:33:36,450 INFO:Total games: 4030
2023-06-30 09:35:39,579 INFO:Total games: 4040
2023-06-30 09:37:21,471 INFO:Total games: 4050
2023-06-30 09:39:08,802 INFO:Total games: 4060
2023-06-30 09:40:50,482 INFO:Total games: 4070
2023-06-30 09:42:37,976 INFO:Total games: 4080
2023-06-30 09:44:29,193 INFO:Total games: 4090
2023-06-30 09:46:18,237 INFO:Total games: 4100
2023-06-30 09:48:15,508 INFO:Total games: 4110
2023-06-30 09:50:06,545 INFO:Total games: 4120
2023-06-30 09:51:56,779 INFO:Total games: 4130
2023-06-30 09:53:49,457 INFO:Total games: 4140
2023-06-30 09:55:31,134 INFO:Total games: 4150
2023-06-30 09:57:22,070 INFO:Total games: 4160
2023-06-30 09:59:14,731 INFO:Total games: 4170
2023-06-30 10:01:09,298 INFO:Total games: 4180
2023-06-30 10:02:54,402 INFO:Total games: 4190
2023-06-30 10:04:43,538 INFO:Total games: 4200
2023-06-30 10:06:30,837 INFO:Total games: 4210
2023-06-30 10:08:22,036 INFO:Total games: 4220
2023-06-30 10:10:14,436 INFO:Total games: 4230
2023-06-30 10:12:02,053 INFO:Total games: 4240
2023-06-30 10:13:53,540 INFO:Total games: 4250
2023-06-30 10:15:57,212 INFO:Total games: 4260
2023-06-30 10:17:43,905 INFO:Total games: 4270
2023-06-30 10:19:35,209 INFO:Total games: 4280
2023-06-30 10:21:22,266 INFO:Total games: 4290
2023-06-30 10:23:07,202 INFO:Total games: 4300
2023-06-30 10:24:52,382 INFO:Total games: 4310
2023-06-30 10:26:45,530 INFO:Total games: 4320
2023-06-30 10:28:48,290 INFO:Total games: 4330
2023-06-30 10:30:29,847 INFO:Total games: 4340
2023-06-30 10:32:19,090 INFO:Total games: 4350
2023-06-30 10:34:06,467 INFO:Total games: 4360
2023-06-30 10:35:57,575 INFO:Total games: 4370
2023-06-30 10:37:47,129 INFO:Total games: 4380
2023-06-30 10:39:39,527 INFO:Total games: 4390
2023-06-30 10:41:27,483 INFO:Total games: 4400
2023-06-30 10:43:22,007 INFO:Total games: 4410
2023-06-30 10:45:12,762 INFO:Total games: 4420
2023-06-30 10:47:04,428 INFO:Total games: 4430
2023-06-30 10:48:58,541 INFO:Total games: 4440
2023-06-30 10:50:43,987 INFO:Total games: 4450
2023-06-30 10:52:34,326 INFO:Total games: 4460
2023-06-30 10:54:20,739 INFO:Total games: 4470
2023-06-30 10:56:22,448 INFO:Total games: 4480
2023-06-30 10:58:15,935 INFO:Total games: 4490
2023-06-30 11:00:04,508 INFO:Total games: 4500
2023-06-30 11:01:48,143 INFO:Total games: 4510
2023-06-30 11:03:33,838 INFO:Total games: 4520
2023-06-30 11:05:21,111 INFO:Total games: 4530
2023-06-30 11:07:08,566 INFO:Total games: 4540
2023-06-30 11:08:56,591 INFO:Total games: 4550
2023-06-30 11:10:54,322 INFO:Total games: 4560
2023-06-30 11:12:43,220 INFO:Total games: 4570
2023-06-30 11:14:36,834 INFO:Total games: 4580
2023-06-30 11:16:26,098 INFO:Total games: 4590
2023-06-30 11:18:18,579 INFO:Total games: 4600
2023-06-30 11:20:12,558 INFO:Total games: 4610
2023-06-30 11:22:02,861 INFO:Total games: 4620
2023-06-30 11:23:47,596 INFO:Total games: 4630
2023-06-30 11:25:39,840 INFO:Total games: 4640
2023-06-30 11:27:31,963 INFO:Total games: 4650
2023-06-30 11:29:23,688 INFO:Total games: 4660
2023-06-30 11:31:16,401 INFO:Total games: 4670
2023-06-30 11:33:08,185 INFO:Total games: 4680
2023-06-30 11:34:56,425 INFO:Total games: 4690
2023-06-30 11:36:41,892 INFO:Total games: 4700
2023-06-30 11:38:31,651 INFO:Total games: 4710
2023-06-30 11:40:16,556 INFO:Total games: 4720
2023-06-30 11:42:18,754 INFO:Total games: 4730
2023-06-30 11:42:27,531 INFO:Loaded new best model
2023-06-30 11:43:38,136 INFO:Total games: 4740
2023-06-30 11:45:03,846 INFO:Total games: 4750
2023-06-30 11:46:35,888 INFO:Total games: 4760
2023-06-30 11:48:02,742 INFO:Total games: 4770
2023-06-30 11:49:37,813 INFO:Total games: 4780
2023-06-30 11:51:07,638 INFO:Total games: 4790
2023-06-30 11:52:38,477 INFO:Total games: 4800
2023-06-30 11:54:13,419 INFO:Total games: 4810
2023-06-30 11:55:51,512 INFO:Total games: 4820
2023-06-30 11:57:31,382 INFO:Total games: 4830
2023-06-30 11:59:06,483 INFO:Total games: 4840
2023-06-30 12:00:43,198 INFO:Total games: 4850
2023-06-30 12:02:18,323 INFO:Total games: 4860
2023-06-30 12:03:47,747 INFO:Total games: 4870
2023-06-30 12:05:16,206 INFO:Total games: 4880
2023-06-30 12:06:53,844 INFO:Total games: 4890
2023-06-30 12:08:32,232 INFO:Total games: 4900
2023-06-30 12:10:09,501 INFO:Total games: 4910
2023-06-30 12:11:47,929 INFO:Total games: 4920
2023-06-30 12:13:18,426 INFO:Total games: 4930
2023-06-30 12:15:14,397 INFO:Total games: 4940
2023-06-30 12:16:50,012 INFO:Total games: 4950
2023-06-30 12:18:26,191 INFO:Total games: 4960
2023-06-30 12:20:00,999 INFO:Total games: 4970
2023-06-30 12:21:40,751 INFO:Total games: 4980
2023-06-30 12:23:09,627 INFO:Total games: 4990
2023-06-30 12:24:37,935 INFO:Total games: 5000
2023-06-30 12:26:09,697 INFO:Total games: 5010
2023-06-30 12:27:39,032 INFO:Total games: 5020
2023-06-30 12:29:19,164 INFO:Total games: 5030
2023-06-30 12:31:06,374 INFO:Total games: 5040
2023-06-30 12:32:44,981 INFO:Total games: 5050
2023-06-30 12:34:21,901 INFO:Total games: 5060
2023-06-30 12:36:06,724 INFO:Total games: 5070
2023-06-30 12:37:56,013 INFO:Total games: 5080
2023-06-30 12:39:36,742 INFO:Total games: 5090
2023-06-30 12:41:19,424 INFO:Total games: 5100
2023-06-30 12:43:02,277 INFO:Total games: 5110
2023-06-30 12:44:35,487 INFO:Total games: 5120
2023-06-30 12:46:33,677 INFO:Total games: 5130
2023-06-30 12:48:05,771 INFO:Total games: 5140
2023-06-30 12:49:49,383 INFO:Total games: 5150
2023-06-30 12:51:25,874 INFO:Total games: 5160
2023-06-30 12:53:03,633 INFO:Total games: 5170
2023-06-30 12:54:49,211 INFO:Total games: 5180
2023-06-30 12:56:22,219 INFO:Total games: 5190
2023-06-30 12:57:55,576 INFO:Total games: 5200
2023-06-30 12:59:33,728 INFO:Total games: 5210
2023-06-30 13:01:05,850 INFO:Total games: 5220
2023-06-30 13:02:40,299 INFO:Total games: 5230
2023-06-30 13:04:11,160 INFO:Total games: 5240
2023-06-30 13:05:50,735 INFO:Total games: 5250
2023-06-30 13:07:47,031 INFO:Total games: 5260
2023-06-30 13:09:18,182 INFO:Total games: 5270
2023-06-30 13:09:27,649 INFO:Loaded new best model
2023-06-30 13:11:05,580 INFO:Total games: 5280
2023-06-30 13:12:55,264 INFO:Total games: 5290
2023-06-30 13:14:48,192 INFO:Total games: 5300
2023-06-30 13:16:47,628 INFO:Total games: 5310
2023-06-30 13:18:43,514 INFO:Total games: 5320
2023-06-30 13:20:38,304 INFO:Total games: 5330
2023-06-30 13:22:31,032 INFO:Total games: 5340
2023-06-30 13:24:33,147 INFO:Total games: 5350
2023-06-30 13:26:53,196 INFO:Total games: 5360
2023-06-30 13:29:00,322 INFO:Total games: 5370
2023-06-30 13:31:05,899 INFO:Total games: 5380
2023-06-30 13:33:14,164 INFO:Total games: 5390
2023-06-30 13:35:15,989 INFO:Total games: 5400
2023-06-30 13:37:14,404 INFO:Total games: 5410
2023-06-30 13:39:16,735 INFO:Total games: 5420
2023-06-30 13:41:28,476 INFO:Total games: 5430
2023-06-30 13:43:29,516 INFO:Total games: 5440
2023-06-30 13:45:40,858 INFO:Total games: 5450
2023-06-30 13:47:38,285 INFO:Total games: 5460
2023-06-30 13:49:33,496 INFO:Total games: 5470
2023-06-30 13:51:32,401 INFO:Total games: 5480
2023-06-30 13:53:27,454 INFO:Total games: 5490
2023-06-30 13:55:27,882 INFO:Total games: 5500
2023-06-30 13:57:29,923 INFO:Total games: 5510
2023-06-30 13:59:25,966 INFO:Total games: 5520
2023-06-30 14:01:18,453 INFO:Total games: 5530
2023-06-30 14:03:13,995 INFO:Total games: 5540
2023-06-30 14:05:30,957 INFO:Total games: 5550
2023-06-30 14:07:22,566 INFO:Total games: 5560
2023-06-30 14:09:17,940 INFO:Total games: 5570
2023-06-30 14:11:14,453 INFO:Total games: 5580
2023-06-30 14:13:12,038 INFO:Total games: 5590
2023-06-30 14:15:08,684 INFO:Total games: 5600
2023-06-30 14:17:08,415 INFO:Total games: 5610
2023-06-30 14:19:06,290 INFO:Total games: 5620
2023-06-30 14:21:01,677 INFO:Total games: 5630
2023-06-30 14:23:03,759 INFO:Total games: 5640
2023-06-30 14:24:50,973 INFO:Total games: 5650
2023-06-30 14:26:43,635 INFO:Total games: 5660
2023-06-30 14:28:42,388 INFO:Total games: 5670
2023-06-30 14:30:42,097 INFO:Total games: 5680
2023-06-30 14:32:40,318 INFO:Total games: 5690
2023-06-30 14:34:38,213 INFO:Total games: 5700
2023-06-30 14:36:35,600 INFO:Total games: 5710
2023-06-30 14:38:32,968 INFO:Total games: 5720
2023-06-30 14:40:30,638 INFO:Total games: 5730
2023-06-30 14:42:41,511 INFO:Total games: 5740
2023-06-30 14:44:38,371 INFO:Total games: 5750
2023-06-30 14:46:30,226 INFO:Total games: 5760
2023-06-30 14:48:25,836 INFO:Total games: 5770
2023-06-30 14:50:17,941 INFO:Total games: 5780
2023-06-30 14:52:15,879 INFO:Total games: 5790
2023-06-30 14:54:12,737 INFO:Total games: 5800
2023-06-30 14:56:08,516 INFO:Total games: 5810
2023-06-30 14:58:02,611 INFO:Total games: 5820
2023-06-30 14:59:54,939 INFO:Total games: 5830
2023-06-30 15:02:06,342 INFO:Total games: 5840
2023-06-30 15:04:03,924 INFO:Total games: 5850
2023-06-30 15:05:58,544 INFO:Total games: 5860
2023-06-30 15:07:51,880 INFO:Total games: 5870
2023-06-30 15:09:47,249 INFO:Total games: 5880
2023-06-30 15:11:41,817 INFO:Total games: 5890
2023-06-30 15:13:36,527 INFO:Total games: 5900
2023-06-30 15:15:34,293 INFO:Total games: 5910
2023-06-30 15:17:31,382 INFO:Total games: 5920
2023-06-30 15:19:29,183 INFO:Total games: 5930
2023-06-30 15:21:39,295 INFO:Total games: 5940
2023-06-30 15:23:35,424 INFO:Total games: 5950
2023-06-30 15:25:33,667 INFO:Total games: 5960
2023-06-30 15:27:25,517 INFO:Total games: 5970
2023-06-30 15:29:18,784 INFO:Total games: 5980
2023-06-30 15:31:17,311 INFO:Total games: 5990
2023-06-30 15:33:12,527 INFO:Total games: 6000
2023-06-30 15:35:10,810 INFO:Total games: 6010
2023-06-30 15:37:06,962 INFO:Total games: 6020
2023-06-30 15:39:02,004 INFO:Total games: 6030
2023-06-30 15:40:58,995 INFO:Total games: 6040
2023-06-30 15:43:10,825 INFO:Total games: 6050
2023-06-30 15:45:07,742 INFO:Total games: 6060
2023-06-30 15:47:05,465 INFO:Total games: 6070
2023-06-30 15:48:55,983 INFO:Total games: 6080
2023-06-30 15:50:44,128 INFO:Total games: 6090
2023-06-30 15:52:39,461 INFO:Total games: 6100
2023-06-30 15:54:36,685 INFO:Total games: 6110
2023-06-30 15:56:30,666 INFO:Total games: 6120
2023-06-30 15:58:28,857 INFO:Total games: 6130
2023-06-30 16:00:23,575 INFO:Total games: 6140
2023-06-30 16:02:35,340 INFO:Total games: 6150
2023-06-30 16:04:30,533 INFO:Total games: 6160
2023-06-30 16:06:25,620 INFO:Total games: 6170
2023-06-30 16:08:27,117 INFO:Total games: 6180
2023-06-30 16:10:34,081 INFO:Total games: 6190
2023-06-30 16:12:35,170 INFO:Total games: 6200
2023-06-30 16:14:41,731 INFO:Total games: 6210
2023-06-30 16:16:46,615 INFO:Total games: 6220
2023-06-30 16:18:45,461 INFO:Total games: 6230
2023-06-30 16:20:47,621 INFO:Total games: 6240
2023-06-30 16:22:39,993 INFO:Total games: 6250
2023-06-30 16:24:54,930 INFO:Total games: 6260
2023-06-30 16:26:50,107 INFO:Total games: 6270
2023-06-30 16:28:48,132 INFO:Total games: 6280
2023-06-30 16:30:45,902 INFO:Total games: 6290
2023-06-30 16:32:42,517 INFO:Total games: 6300
2023-06-30 16:34:32,707 INFO:Total games: 6310
2023-06-30 16:36:26,677 INFO:Total games: 6320
2023-06-30 16:38:27,303 INFO:Total games: 6330
2023-06-30 16:40:19,820 INFO:Total games: 6340
2023-06-30 16:42:16,811 INFO:Total games: 6350
2023-06-30 16:44:14,358 INFO:Total games: 6360
2023-06-30 16:46:27,802 INFO:Total games: 6370
2023-06-30 16:48:23,492 INFO:Total games: 6380
2023-06-30 16:50:20,114 INFO:Total games: 6390
2023-06-30 16:52:18,379 INFO:Total games: 6400
2023-06-30 16:54:15,716 INFO:Total games: 6410
2023-06-30 16:56:07,373 INFO:Total games: 6420
2023-06-30 16:57:59,762 INFO:Total games: 6430
2023-06-30 16:59:51,837 INFO:Total games: 6440
2023-06-30 17:01:46,092 INFO:Total games: 6450
2023-06-30 17:03:36,503 INFO:Total games: 6460
2023-06-30 17:05:29,413 INFO:Total games: 6470
2023-06-30 17:07:44,423 INFO:Total games: 6480
2023-06-30 17:09:41,002 INFO:Total games: 6490
2023-06-30 17:11:34,763 INFO:Total games: 6500
2023-06-30 17:13:33,103 INFO:Total games: 6510
2023-06-30 17:15:30,849 INFO:Total games: 6520
2023-06-30 17:17:27,658 INFO:Total games: 6530
2023-06-30 17:19:20,489 INFO:Total games: 6540
2023-06-30 17:21:12,408 INFO:Total games: 6550
2023-06-30 17:23:07,770 INFO:Total games: 6560
2023-06-30 17:25:03,718 INFO:Total games: 6570
2023-06-30 17:27:00,381 INFO:Total games: 6580
2023-06-30 17:28:52,589 INFO:Total games: 6590
2023-06-30 17:31:07,332 INFO:Total games: 6600
2023-06-30 17:33:02,347 INFO:Total games: 6610
2023-06-30 17:34:58,109 INFO:Total games: 6620
2023-06-30 17:36:54,178 INFO:Total games: 6630
2023-06-30 17:38:47,280 INFO:Total games: 6640
2023-06-30 17:40:37,010 INFO:Total games: 6650
2023-06-30 17:42:28,066 INFO:Total games: 6660
2023-06-30 17:44:21,284 INFO:Total games: 6670
2023-06-30 17:46:18,858 INFO:Total games: 6680
2023-06-30 17:48:15,818 INFO:Total games: 6690
2023-06-30 17:50:13,594 INFO:Total games: 6700
2023-06-30 17:52:06,012 INFO:Total games: 6710
2023-06-30 17:54:18,714 INFO:Total games: 6720
2023-06-30 17:56:15,343 INFO:Total games: 6730
2023-06-30 17:58:13,111 INFO:Total games: 6740
2023-06-30 18:00:03,557 INFO:Total games: 6750
2023-06-30 18:01:56,861 INFO:Total games: 6760
2023-06-30 18:03:55,017 INFO:Total games: 6770
2023-06-30 18:05:52,902 INFO:Total games: 6780
2023-06-30 18:07:50,338 INFO:Total games: 6790
2023-06-30 18:09:48,293 INFO:Total games: 6800
2023-06-30 18:11:45,836 INFO:Total games: 6810
2023-06-30 18:13:43,120 INFO:Total games: 6820
2023-06-30 18:15:54,608 INFO:Total games: 6830
2023-06-30 18:17:49,847 INFO:Total games: 6840
2023-06-30 18:19:46,573 INFO:Total games: 6850
2023-06-30 18:21:38,149 INFO:Total games: 6860
2023-06-30 18:23:32,570 INFO:Total games: 6870
2023-06-30 18:25:27,104 INFO:Total games: 6880
2023-06-30 18:27:21,371 INFO:Total games: 6890
2023-06-30 18:29:18,600 INFO:Total games: 6900
2023-06-30 18:31:16,971 INFO:Total games: 6910
2023-06-30 18:33:15,466 INFO:Total games: 6920
2023-06-30 18:35:12,200 INFO:Total games: 6930
2023-06-30 18:37:07,898 INFO:Total games: 6940
2023-06-30 18:39:15,243 INFO:Total games: 6950
2023-06-30 18:41:11,332 INFO:Total games: 6960
2023-06-30 18:43:04,943 INFO:Total games: 6970
2023-06-30 18:45:01,656 INFO:Total games: 6980
2023-06-30 18:46:57,790 INFO:Total games: 6990
2023-06-30 18:48:56,266 INFO:Total games: 7000
2023-06-30 18:50:55,914 INFO:Total games: 7010
2023-06-30 18:52:53,702 INFO:Total games: 7020
2023-06-30 18:54:52,085 INFO:Total games: 7030
2023-06-30 18:56:46,165 INFO:Total games: 7040
2023-06-30 18:58:40,426 INFO:Total games: 7050
2023-06-30 19:00:38,321 INFO:Total games: 7060
2023-06-30 19:02:27,783 INFO:Total games: 7070
2023-06-30 19:04:34,012 INFO:Total games: 7080
2023-06-30 19:06:25,142 INFO:Total games: 7090
2023-06-30 19:08:19,304 INFO:Total games: 7100
2023-06-30 19:10:15,356 INFO:Total games: 7110
2023-06-30 19:12:13,563 INFO:Total games: 7120
2023-06-30 19:14:12,338 INFO:Total games: 7130
2023-06-30 19:16:11,374 INFO:Total games: 7140
2023-06-30 19:18:10,167 INFO:Total games: 7150
2023-06-30 19:20:09,353 INFO:Total games: 7160
2023-06-30 19:22:07,112 INFO:Total games: 7170
2023-06-30 19:24:00,195 INFO:Total games: 7180
2023-06-30 19:25:50,743 INFO:Total games: 7190
2023-06-30 19:28:07,179 INFO:Total games: 7200
2023-06-30 19:30:04,939 INFO:Total games: 7210
2023-06-30 19:32:01,470 INFO:Total games: 7220
2023-06-30 19:34:00,216 INFO:Total games: 7230
2023-06-30 19:35:57,563 INFO:Total games: 7240
2023-06-30 19:37:54,763 INFO:Total games: 7250
2023-06-30 19:39:52,840 INFO:Total games: 7260
2023-06-30 19:41:50,636 INFO:Total games: 7270
2023-06-30 19:43:46,470 INFO:Total games: 7280
2023-06-30 19:45:40,768 INFO:Total games: 7290
2023-06-30 19:47:35,136 INFO:Total games: 7300
2023-06-30 19:49:33,771 INFO:Total games: 7310
2023-06-30 19:51:29,617 INFO:Total games: 7320
2023-06-30 19:53:45,935 INFO:Total games: 7330
2023-06-30 19:55:40,412 INFO:Total games: 7340
2023-06-30 19:57:39,218 INFO:Total games: 7350
2023-06-30 19:59:38,419 INFO:Total games: 7360
2023-06-30 20:01:36,370 INFO:Total games: 7370
2023-06-30 20:03:35,310 INFO:Total games: 7380
2023-06-30 20:05:30,891 INFO:Total games: 7390
2023-06-30 20:07:22,713 INFO:Total games: 7400
2023-06-30 20:09:17,493 INFO:Total games: 7410
2023-06-30 20:11:11,982 INFO:Total games: 7420
2023-06-30 20:13:07,813 INFO:Total games: 7430
2023-06-30 20:15:02,461 INFO:Total games: 7440
2023-06-30 20:16:58,623 INFO:Total games: 7450
2023-06-30 20:19:15,324 INFO:Total games: 7460
2023-06-30 20:21:09,547 INFO:Total games: 7470
2023-06-30 20:23:01,114 INFO:Total games: 7480
2023-06-30 20:24:59,499 INFO:Total games: 7490
2023-06-30 20:26:52,495 INFO:Total games: 7500
2023-06-30 20:28:45,812 INFO:Total games: 7510
2023-06-30 20:30:42,959 INFO:Total games: 7520
2023-06-30 20:32:38,543 INFO:Total games: 7530
2023-06-30 20:34:37,555 INFO:Total games: 7540
2023-06-30 20:36:34,595 INFO:Total games: 7550
2023-06-30 20:38:32,198 INFO:Total games: 7560
2023-06-30 20:40:30,074 INFO:Total games: 7570
2023-06-30 20:42:23,702 INFO:Total games: 7580
2023-06-30 20:44:38,467 INFO:Total games: 7590
2023-06-30 20:46:34,770 INFO:Total games: 7600
2023-06-30 20:48:24,812 INFO:Total games: 7610
2023-06-30 20:50:11,292 INFO:Total games: 7620
2023-06-30 20:52:00,571 INFO:Total games: 7630
2023-06-30 20:53:55,884 INFO:Total games: 7640
2023-06-30 20:55:50,857 INFO:Total games: 7650
2023-06-30 20:57:44,279 INFO:Total games: 7660
2023-06-30 20:59:41,101 INFO:Total games: 7670
2023-06-30 21:01:38,283 INFO:Total games: 7680
2023-06-30 21:03:31,987 INFO:Total games: 7690
2023-06-30 21:05:29,655 INFO:Total games: 7700
2023-06-30 21:07:26,199 INFO:Total games: 7710
2023-06-30 21:09:37,797 INFO:Total games: 7720
2023-06-30 21:11:26,962 INFO:Total games: 7730
2023-06-30 21:13:24,156 INFO:Total games: 7740
2023-06-30 21:15:20,059 INFO:Total games: 7750
2023-06-30 21:17:16,331 INFO:Total games: 7760
2023-06-30 21:19:13,737 INFO:Total games: 7770
2023-06-30 21:21:02,049 INFO:Total games: 7780
2023-06-30 21:23:01,788 INFO:Total games: 7790
2023-06-30 21:25:00,727 INFO:Total games: 7800
2023-06-30 21:26:57,477 INFO:Total games: 7810
2023-06-30 21:28:51,832 INFO:Total games: 7820
2023-06-30 21:30:45,069 INFO:Total games: 7830
2023-06-30 21:32:38,615 INFO:Total games: 7840
2023-06-30 21:34:35,603 INFO:Total games: 7850
2023-06-30 21:36:53,103 INFO:Total games: 7860
2023-06-30 21:38:51,015 INFO:Total games: 7870
2023-06-30 21:40:48,260 INFO:Total games: 7880
2023-06-30 21:42:41,455 INFO:Total games: 7890
2023-06-30 21:44:35,024 INFO:Total games: 7900
2023-06-30 21:46:32,362 INFO:Total games: 7910
2023-06-30 21:48:29,318 INFO:Total games: 7920
2023-06-30 21:50:21,894 INFO:Total games: 7930
2023-06-30 21:52:12,603 INFO:Total games: 7940
2023-06-30 21:54:10,156 INFO:Total games: 7950
2023-06-30 21:56:07,612 INFO:Total games: 7960
2023-06-30 21:58:05,452 INFO:Total games: 7970
2023-06-30 22:00:02,791 INFO:Total games: 7980
2023-06-30 22:02:00,230 INFO:Total games: 7990
2023-06-30 22:03:57,120 INFO:Total games: 8000
2023-06-30 22:06:16,254 INFO:Total games: 8010
2023-06-30 22:08:14,534 INFO:Total games: 8020
2023-06-30 22:10:13,277 INFO:Total games: 8030
2023-06-30 22:12:07,252 INFO:Total games: 8040
2023-06-30 22:13:59,237 INFO:Total games: 8050
2023-06-30 22:15:55,329 INFO:Total games: 8060
2023-06-30 22:17:53,935 INFO:Total games: 8070
2023-06-30 22:19:51,307 INFO:Total games: 8080
2023-06-30 22:21:47,116 INFO:Total games: 8090
2023-06-30 22:23:43,549 INFO:Total games: 8100
2023-06-30 22:25:41,818 INFO:Total games: 8110
2023-06-30 22:27:38,513 INFO:Total games: 8120
2023-06-30 22:29:23,475 INFO:Total games: 8130
2023-06-30 22:31:18,284 INFO:Total games: 8140
2023-06-30 22:33:29,242 INFO:Total games: 8150
2023-06-30 22:35:19,368 INFO:Total games: 8160
2023-06-30 22:37:17,001 INFO:Total games: 8170
2023-06-30 22:39:14,439 INFO:Total games: 8180
2023-06-30 22:41:13,469 INFO:Total games: 8190
2023-06-30 22:43:11,811 INFO:Total games: 8200
2023-06-30 22:45:11,399 INFO:Total games: 8210
2023-06-30 22:47:06,794 INFO:Total games: 8220
2023-06-30 22:49:04,702 INFO:Total games: 8230
2023-06-30 22:51:03,662 INFO:Total games: 8240
2023-06-30 22:53:00,270 INFO:Total games: 8250
2023-06-30 22:54:51,645 INFO:Total games: 8260
2023-06-30 22:56:41,881 INFO:Total games: 8270
2023-06-30 22:58:33,130 INFO:Total games: 8280
2023-06-30 23:00:51,190 INFO:Total games: 8290
2023-06-30 23:02:48,925 INFO:Total games: 8300
2023-06-30 23:04:46,019 INFO:Total games: 8310
2023-06-30 23:06:44,647 INFO:Total games: 8320
2023-06-30 23:08:41,711 INFO:Total games: 8330
2023-06-30 23:10:39,847 INFO:Total games: 8340
2023-06-30 23:12:38,207 INFO:Total games: 8350
2023-06-30 23:14:34,035 INFO:Total games: 8360
2023-06-30 23:16:20,635 INFO:Total games: 8370
2023-06-30 23:18:20,072 INFO:Total games: 8380
2023-06-30 23:20:19,130 INFO:Total games: 8390
2023-06-30 23:22:15,588 INFO:Total games: 8400
2023-06-30 23:24:12,292 INFO:Total games: 8410
2023-06-30 23:26:09,368 INFO:Total games: 8420
2023-06-30 23:28:06,434 INFO:Total games: 8430
2023-06-30 23:30:27,401 INFO:Total games: 8440
2023-06-30 23:32:22,520 INFO:Total games: 8450
2023-06-30 23:34:18,807 INFO:Total games: 8460
2023-06-30 23:36:12,874 INFO:Total games: 8470
2023-06-30 23:38:07,800 INFO:Total games: 8480
2023-06-30 23:40:05,311 INFO:Total games: 8490
2023-06-30 23:42:03,203 INFO:Total games: 8500
2023-06-30 23:44:00,813 INFO:Total games: 8510
2023-06-30 23:45:59,420 INFO:Total games: 8520
2023-06-30 23:47:57,835 INFO:Total games: 8530
2023-06-30 23:49:51,727 INFO:Total games: 8540
2023-06-30 23:51:46,504 INFO:Total games: 8550
2023-06-30 23:53:42,228 INFO:Total games: 8560
2023-06-30 23:55:34,284 INFO:Total games: 8570
2023-06-30 23:57:23,240 INFO:Total games: 8580
2023-06-30 23:59:35,463 INFO:Total games: 8590
2023-07-01 00:01:29,139 INFO:Total games: 8600
2023-07-01 00:03:23,723 INFO:Total games: 8610
2023-07-01 00:05:23,291 INFO:Total games: 8620
2023-07-01 00:07:19,394 INFO:Total games: 8630
2023-07-01 00:09:15,266 INFO:Total games: 8640
2023-07-01 00:11:13,822 INFO:Total games: 8650
2023-07-01 00:13:12,937 INFO:Total games: 8660
2023-07-01 00:15:09,372 INFO:Total games: 8670
2023-07-01 00:17:08,063 INFO:Total games: 8680
2023-07-01 00:18:59,588 INFO:Total games: 8690
2023-07-01 00:20:53,630 INFO:Total games: 8700
2023-07-01 00:22:51,172 INFO:Total games: 8710
2023-07-01 00:24:47,668 INFO:Total games: 8720
2023-07-01 00:26:44,932 INFO:Total games: 8730
2023-07-01 00:28:42,252 INFO:Total games: 8740
2023-07-01 00:31:01,773 INFO:Total games: 8750
2023-07-01 00:32:59,214 INFO:Total games: 8760
2023-07-01 00:34:56,988 INFO:Total games: 8770
2023-07-01 00:36:55,678 INFO:Total games: 8780
2023-07-01 00:38:51,069 INFO:Total games: 8790
2023-07-01 00:40:40,183 INFO:Total games: 8800
2023-07-01 00:42:36,873 INFO:Total games: 8810
2023-07-01 00:44:35,199 INFO:Total games: 8820
2023-07-01 00:46:33,498 INFO:Total games: 8830
2023-07-01 00:48:32,236 INFO:Total games: 8840
2023-07-01 00:50:23,834 INFO:Total games: 8850
2023-07-01 00:52:19,141 INFO:Total games: 8860
2023-07-01 00:54:16,511 INFO:Total games: 8870
2023-07-01 00:56:12,061 INFO:Total games: 8880
2023-07-01 00:58:10,984 INFO:Total games: 8890
2023-07-01 01:00:03,888 INFO:Total games: 8900
2023-07-01 01:02:17,220 INFO:Total games: 8910
2023-07-01 01:04:15,055 INFO:Total games: 8920
2023-07-01 01:06:13,906 INFO:Total games: 8930
2023-07-01 01:08:09,248 INFO:Total games: 8940
2023-07-01 01:10:05,543 INFO:Total games: 8950
2023-07-01 01:12:04,193 INFO:Total games: 8960
2023-07-01 01:14:03,318 INFO:Total games: 8970
2023-07-01 01:16:03,063 INFO:Total games: 8980
2023-07-01 01:18:02,243 INFO:Total games: 8990
2023-07-01 01:20:00,511 INFO:Total games: 9000
2023-07-01 01:21:54,350 INFO:Total games: 9010
2023-07-01 01:23:50,015 INFO:Total games: 9020
2023-07-01 01:25:43,749 INFO:Total games: 9030
2023-07-01 01:27:40,965 INFO:Total games: 9040
2023-07-01 01:29:38,234 INFO:Total games: 9050
2023-07-01 01:31:33,520 INFO:Total games: 9060
2023-07-01 01:33:54,911 INFO:Total games: 9070
2023-07-01 01:35:47,776 INFO:Total games: 9080
2023-07-01 01:37:46,519 INFO:Total games: 9090
2023-07-01 01:39:44,398 INFO:Total games: 9100
2023-07-01 01:41:42,428 INFO:Total games: 9110
2023-07-01 01:43:34,374 INFO:Total games: 9120
2023-07-01 01:45:32,825 INFO:Total games: 9130
2023-07-01 01:47:30,768 INFO:Total games: 9140
2023-07-01 01:49:28,417 INFO:Total games: 9150
2023-07-01 01:51:22,736 INFO:Total games: 9160
2023-07-01 01:53:19,178 INFO:Total games: 9170
2023-07-01 01:55:15,335 INFO:Total games: 9180
2023-07-01 01:57:04,085 INFO:Total games: 9190
2023-07-01 01:59:00,334 INFO:Total games: 9200
2023-07-01 02:00:53,689 INFO:Total games: 9210
2023-07-01 02:02:42,338 INFO:Total games: 9220
2023-07-01 02:04:56,280 INFO:Total games: 9230
2023-07-01 02:06:50,273 INFO:Total games: 9240
2023-07-01 02:08:44,124 INFO:Total games: 9250
2023-07-01 02:10:40,391 INFO:Total games: 9260
2023-07-01 02:12:38,520 INFO:Total games: 9270
2023-07-01 02:14:37,732 INFO:Total games: 9280
2023-07-01 02:16:35,593 INFO:Total games: 9290
2023-07-01 02:18:34,448 INFO:Total games: 9300
2023-07-01 02:20:29,694 INFO:Total games: 9310
2023-07-01 02:22:27,463 INFO:Total games: 9320
2023-07-01 02:24:25,184 INFO:Total games: 9330
2023-07-01 02:26:16,422 INFO:Total games: 9340
2023-07-01 02:28:13,323 INFO:Total games: 9350
2023-07-01 02:30:10,076 INFO:Total games: 9360
2023-07-01 02:32:07,579 INFO:Total games: 9370
2023-07-01 02:34:04,498 INFO:Total games: 9380
2023-07-01 02:36:24,859 INFO:Total games: 9390
2023-07-01 02:38:20,112 INFO:Total games: 9400
2023-07-01 02:40:15,388 INFO:Total games: 9410
2023-07-01 02:42:12,695 INFO:Total games: 9420
2023-07-01 02:44:11,103 INFO:Total games: 9430
2023-07-01 02:46:02,757 INFO:Total games: 9440
2023-07-01 02:47:53,988 INFO:Total games: 9450
2023-07-01 02:49:51,101 INFO:Total games: 9460
2023-07-01 02:51:44,137 INFO:Total games: 9470
2023-07-01 02:53:44,018 INFO:Total games: 9480
2023-07-01 02:55:39,431 INFO:Total games: 9490
2023-07-01 02:57:32,791 INFO:Total games: 9500
2023-07-01 02:59:31,084 INFO:Total games: 9510
2023-07-01 03:01:26,849 INFO:Total games: 9520
2023-07-01 03:03:21,333 INFO:Total games: 9530
2023-07-01 03:05:19,582 INFO:Total games: 9540
2023-07-01 03:07:14,194 INFO:Total games: 9550
2023-07-01 03:09:34,085 INFO:Total games: 9560
2023-07-01 03:11:32,344 INFO:Total games: 9570
2023-07-01 03:13:31,353 INFO:Total games: 9580
2023-07-01 03:15:26,427 INFO:Total games: 9590
2023-07-01 03:17:22,664 INFO:Total games: 9600
2023-07-01 03:19:17,956 INFO:Total games: 9610
2023-07-01 03:21:13,580 INFO:Total games: 9620
2023-07-01 03:23:05,173 INFO:Total games: 9630
2023-07-01 03:25:04,652 INFO:Total games: 9640
2023-07-01 03:27:03,292 INFO:Total games: 9650
2023-07-01 03:28:54,414 INFO:Total games: 9660
2023-07-01 03:30:51,649 INFO:Total games: 9670
2023-07-01 03:32:48,645 INFO:Total games: 9680
2023-07-01 03:34:45,918 INFO:Total games: 9690
2023-07-01 03:36:44,022 INFO:Total games: 9700
2023-07-01 03:38:39,499 INFO:Total games: 9710
2023-07-01 03:40:37,180 INFO:Total games: 9720
2023-07-01 03:42:31,206 INFO:Total games: 9730
2023-07-01 03:44:56,423 INFO:Total games: 9740
2023-07-01 03:46:51,735 INFO:Total games: 9750
2023-07-01 03:48:47,497 INFO:Total games: 9760
2023-07-01 03:50:43,287 INFO:Total games: 9770
2023-07-01 03:52:40,864 INFO:Total games: 9780
2023-07-01 03:54:39,126 INFO:Total games: 9790
2023-07-01 03:56:34,569 INFO:Total games: 9800
2023-07-01 03:58:36,154 INFO:Total games: 9810
2023-07-01 04:00:36,129 INFO:Total games: 9820
2023-07-01 04:02:35,420 INFO:Total games: 9830
2023-07-01 04:04:32,771 INFO:Total games: 9840
2023-07-01 04:06:29,582 INFO:Total games: 9850
2023-07-01 04:08:27,146 INFO:Total games: 9860
2023-07-01 04:10:18,190 INFO:Total games: 9870
2023-07-01 04:12:09,455 INFO:Total games: 9880
2023-07-01 04:14:06,411 INFO:Total games: 9890
2023-07-01 04:16:03,089 INFO:Total games: 9900
2023-07-01 04:18:27,278 INFO:Total games: 9910
2023-07-01 04:20:26,244 INFO:Total games: 9920
2023-07-01 04:22:19,414 INFO:Total games: 9930
2023-07-01 04:24:17,746 INFO:Total games: 9940
2023-07-01 04:26:15,361 INFO:Total games: 9950
2023-07-01 04:28:11,891 INFO:Total games: 9960
2023-07-01 04:30:09,518 INFO:Total games: 9970
2023-07-01 04:32:04,118 INFO:Total games: 9980
2023-07-01 04:33:59,338 INFO:Total games: 9990
2023-07-01 04:35:55,595 INFO:Total games: 10000
2023-07-01 04:37:53,553 INFO:Total games: 10010
2023-07-01 04:39:52,289 INFO:Total games: 10020
2023-07-01 04:41:51,660 INFO:Total games: 10030
2023-07-01 04:43:49,687 INFO:Total games: 10040
2023-07-01 04:45:47,430 INFO:Total games: 10050
2023-07-01 04:47:42,280 INFO:Total games: 10060
2023-07-01 04:49:38,574 INFO:Total games: 10070
2023-07-01 04:51:27,345 INFO:Total games: 10080
2023-07-01 04:53:43,251 INFO:Total games: 10090
2023-07-01 04:55:40,793 INFO:Total games: 10100
2023-07-01 04:57:39,335 INFO:Total games: 10110
2023-07-01 04:59:37,275 INFO:Total games: 10120
2023-07-01 05:01:34,455 INFO:Total games: 10130
2023-07-01 05:03:27,624 INFO:Total games: 10140
2023-07-01 05:05:25,728 INFO:Total games: 10150
2023-07-01 05:07:22,300 INFO:Total games: 10160
2023-07-01 05:09:20,887 INFO:Total games: 10170
2023-07-01 05:11:16,202 INFO:Total games: 10180
2023-07-01 05:13:08,317 INFO:Total games: 10190
2023-07-01 05:14:57,440 INFO:Total games: 10200
2023-07-01 05:16:49,692 INFO:Total games: 10210
2023-07-01 05:18:40,322 INFO:Total games: 10220
2023-07-01 05:20:37,304 INFO:Total games: 10230
2023-07-01 05:22:33,714 INFO:Total games: 10240
2023-07-01 05:24:30,865 INFO:Total games: 10250
2023-07-01 05:26:27,529 INFO:Total games: 10260
2023-07-01 05:28:48,914 INFO:Total games: 10270
2023-07-01 05:30:46,353 INFO:Total games: 10280
2023-07-01 05:32:45,630 INFO:Total games: 10290
2023-07-01 05:34:41,226 INFO:Total games: 10300
2023-07-01 05:36:32,305 INFO:Total games: 10310
2023-07-01 05:38:25,934 INFO:Total games: 10320
2023-07-01 05:40:22,302 INFO:Total games: 10330
2023-07-01 05:42:21,349 INFO:Total games: 10340
2023-07-01 05:44:17,321 INFO:Total games: 10350
2023-07-01 05:46:15,872 INFO:Total games: 10360
2023-07-01 05:48:12,779 INFO:Total games: 10370
2023-07-01 05:50:10,323 INFO:Total games: 10380
2023-07-01 05:52:09,800 INFO:Total games: 10390
2023-07-01 05:53:59,838 INFO:Total games: 10400
2023-07-01 05:55:53,714 INFO:Total games: 10410
2023-07-01 05:57:47,716 INFO:Total games: 10420
2023-07-01 05:59:41,504 INFO:Total games: 10430
2023-07-01 06:01:37,682 INFO:Total games: 10440
2023-07-01 06:03:33,930 INFO:Total games: 10450
2023-07-01 06:06:00,257 INFO:Total games: 10460
2023-07-01 06:07:59,381 INFO:Total games: 10470
2023-07-01 06:09:55,518 INFO:Total games: 10480
2023-07-01 06:11:54,462 INFO:Total games: 10490
2023-07-01 06:13:53,118 INFO:Total games: 10500
2023-07-01 06:15:45,456 INFO:Total games: 10510
2023-07-01 06:17:40,690 INFO:Total games: 10520
2023-07-01 06:19:38,932 INFO:Total games: 10530
2023-07-01 06:21:32,205 INFO:Total games: 10540
2023-07-01 06:23:26,638 INFO:Total games: 10550
2023-07-01 06:25:25,634 INFO:Total games: 10560
2023-07-01 06:27:24,483 INFO:Total games: 10570
2023-07-01 06:29:22,924 INFO:Total games: 10580
2023-07-01 06:31:14,577 INFO:Total games: 10590
2023-07-01 06:33:12,438 INFO:Total games: 10600
2023-07-01 06:35:09,402 INFO:Total games: 10610
2023-07-01 06:37:01,177 INFO:Total games: 10620
2023-07-01 06:38:51,585 INFO:Total games: 10630
2023-07-01 06:40:47,790 INFO:Total games: 10640
2023-07-01 06:43:14,612 INFO:Total games: 10650
2023-07-01 06:45:14,002 INFO:Total games: 10660
2023-07-01 06:47:09,288 INFO:Total games: 10670
2023-07-01 06:49:03,658 INFO:Total games: 10680
2023-07-01 06:51:00,476 INFO:Total games: 10690
2023-07-01 06:52:49,135 INFO:Total games: 10700
2023-07-01 06:54:42,532 INFO:Total games: 10710
2023-07-01 06:56:34,987 INFO:Total games: 10720
2023-07-01 06:58:29,171 INFO:Total games: 10730
2023-07-01 07:00:19,599 INFO:Total games: 10740
2023-07-01 07:02:14,218 INFO:Total games: 10750
2023-07-01 07:04:11,818 INFO:Total games: 10760
2023-07-01 07:06:06,133 INFO:Total games: 10770
2023-07-01 07:08:03,627 INFO:Total games: 10780
2023-07-01 07:10:00,119 INFO:Total games: 10790
2023-07-01 07:11:57,809 INFO:Total games: 10800
2023-07-01 07:13:55,841 INFO:Total games: 10810
2023-07-01 07:15:51,708 INFO:Total games: 10820
2023-07-01 07:17:49,299 INFO:Total games: 10830
2023-07-01 07:20:06,107 INFO:Total games: 10840
2023-07-01 07:21:52,179 INFO:Total games: 10850
2023-07-01 07:23:46,009 INFO:Total games: 10860
2023-07-01 07:25:41,313 INFO:Total games: 10870
2023-07-01 07:27:39,338 INFO:Total games: 10880
2023-07-01 07:29:37,132 INFO:Total games: 10890
2023-07-01 07:31:31,454 INFO:Total games: 10900
2023-07-01 07:33:24,069 INFO:Total games: 10910
2023-07-01 07:35:18,579 INFO:Total games: 10920
2023-07-01 07:37:15,295 INFO:Total games: 10930
2023-07-01 07:39:11,501 INFO:Total games: 10940
2023-07-01 07:41:06,544 INFO:Total games: 10950
2023-07-01 07:42:59,307 INFO:Total games: 10960
2023-07-01 07:44:56,063 INFO:Total games: 10970
2023-07-01 07:46:55,724 INFO:Total games: 10980
2023-07-01 07:48:52,366 INFO:Total games: 10990
2023-07-01 07:50:51,213 INFO:Total games: 11000
2023-07-01 07:52:48,739 INFO:Total games: 11010
2023-07-01 07:54:47,016 INFO:Total games: 11020
2023-07-01 07:56:43,892 INFO:Total games: 11030
2023-07-01 07:59:11,047 INFO:Total games: 11040
2023-07-01 08:01:07,398 INFO:Total games: 11050
2023-07-01 08:03:00,990 INFO:Total games: 11060
2023-07-01 08:04:57,182 INFO:Total games: 11070
2023-07-01 08:06:55,817 INFO:Total games: 11080
2023-07-01 08:08:51,588 INFO:Total games: 11090
2023-07-01 08:10:49,387 INFO:Total games: 11100
2023-07-01 08:12:48,227 INFO:Total games: 11110
2023-07-01 08:14:46,511 INFO:Total games: 11120
2023-07-01 08:16:42,342 INFO:Total games: 11130
2023-07-01 08:18:40,230 INFO:Total games: 11140
2023-07-01 08:20:35,564 INFO:Total games: 11150
2023-07-01 08:22:28,531 INFO:Total games: 11160
2023-07-01 08:24:25,028 INFO:Total games: 11170
2023-07-01 08:26:18,498 INFO:Total games: 11180
2023-07-01 08:28:16,437 INFO:Total games: 11190
2023-07-01 08:30:11,904 INFO:Total games: 11200
2023-07-01 08:32:09,273 INFO:Total games: 11210
2023-07-01 08:34:06,097 INFO:Total games: 11220
2023-07-01 08:36:00,986 INFO:Total games: 11230
2023-07-01 08:38:32,295 INFO:Total games: 11240
2023-07-01 08:40:24,143 INFO:Total games: 11250
2023-07-01 08:42:18,197 INFO:Total games: 11260
2023-07-01 08:44:09,226 INFO:Total games: 11270
2023-07-01 08:45:53,086 INFO:Total games: 11280
2023-07-01 08:47:51,505 INFO:Total games: 11290
2023-07-01 08:49:49,950 INFO:Total games: 11300
2023-07-01 08:51:46,729 INFO:Total games: 11310
2023-07-01 08:53:44,854 INFO:Total games: 11320
2023-07-01 08:55:40,490 INFO:Total games: 11330
2023-07-01 08:57:38,217 INFO:Total games: 11340
2023-07-01 08:59:36,620 INFO:Total games: 11350
2023-07-01 09:01:34,669 INFO:Total games: 11360
2023-07-01 09:03:33,088 INFO:Total games: 11370
2023-07-01 09:05:28,628 INFO:Total games: 11380
2023-07-01 09:07:19,754 INFO:Total games: 11390
2023-07-01 09:09:12,109 INFO:Total games: 11400
2023-07-01 09:11:09,422 INFO:Total games: 11410
2023-07-01 09:13:06,194 INFO:Total games: 11420
2023-07-01 09:15:05,013 INFO:Total games: 11430
2023-07-01 09:17:32,853 INFO:Total games: 11440
2023-07-01 09:19:25,935 INFO:Total games: 11450
2023-07-01 09:21:23,241 INFO:Total games: 11460
2023-07-01 09:23:20,811 INFO:Total games: 11470
2023-07-01 09:25:15,805 INFO:Total games: 11480
2023-07-01 09:27:04,453 INFO:Total games: 11490
2023-07-01 09:29:02,456 INFO:Total games: 11500
2023-07-01 09:30:59,394 INFO:Total games: 11510
2023-07-01 09:32:56,910 INFO:Total games: 11520
2023-07-01 09:34:55,597 INFO:Total games: 11530
2023-07-01 09:36:50,110 INFO:Total games: 11540
2023-07-01 09:38:45,354 INFO:Total games: 11550
2023-07-01 09:40:43,782 INFO:Total games: 11560
2023-07-01 09:42:39,122 INFO:Total games: 11570
2023-07-01 09:44:34,548 INFO:Total games: 11580
2023-07-01 09:46:29,534 INFO:Total games: 11590
2023-07-01 09:48:20,117 INFO:Total games: 11600
2023-07-01 09:50:14,620 INFO:Total games: 11610
2023-07-01 09:52:12,761 INFO:Total games: 11620
2023-07-01 09:54:08,295 INFO:Total games: 11630
2023-07-01 09:56:03,604 INFO:Total games: 11640
2023-07-01 09:58:32,799 INFO:Total games: 11650
2023-07-01 10:00:30,886 INFO:Total games: 11660
2023-07-01 10:02:29,350 INFO:Total games: 11670
2023-07-01 10:04:25,891 INFO:Total games: 11680
2023-07-01 10:06:24,803 INFO:Total games: 11690
2023-07-01 10:08:18,291 INFO:Total games: 11700
2023-07-01 10:10:08,517 INFO:Total games: 11710
2023-07-01 10:12:07,485 INFO:Total games: 11720
2023-07-01 10:14:05,138 INFO:Total games: 11730
2023-07-01 10:16:03,591 INFO:Total games: 11740
2023-07-01 10:18:02,648 INFO:Total games: 11750
2023-07-01 10:20:01,821 INFO:Total games: 11760
2023-07-01 10:22:00,661 INFO:Total games: 11770
2023-07-01 10:23:53,093 INFO:Total games: 11780
2023-07-01 10:25:52,519 INFO:Total games: 11790
2023-07-01 10:27:51,254 INFO:Total games: 11800
2023-07-01 10:29:43,185 INFO:Total games: 11810
2023-07-01 10:31:40,378 INFO:Total games: 11820
2023-07-01 10:33:34,574 INFO:Total games: 11830
2023-07-01 10:35:29,577 INFO:Total games: 11840
2023-07-01 10:37:20,960 INFO:Total games: 11850
2023-07-01 10:39:50,975 INFO:Total games: 11860
2023-07-01 10:41:46,719 INFO:Total games: 11870
2023-07-01 10:43:45,877 INFO:Total games: 11880
2023-07-01 10:45:36,237 INFO:Total games: 11890
2023-07-01 10:47:34,456 INFO:Total games: 11900
2023-07-01 10:49:27,704 INFO:Total games: 11910
2023-07-01 10:51:16,877 INFO:Total games: 11920
2023-07-01 10:53:10,799 INFO:Total games: 11930
2023-07-01 10:55:08,997 INFO:Total games: 11940
2023-07-01 10:57:04,279 INFO:Total games: 11950
2023-07-01 10:59:02,629 INFO:Total games: 11960
2023-07-01 11:00:58,773 INFO:Total games: 11970
2023-07-01 11:02:54,027 INFO:Total games: 11980
2023-07-01 11:04:48,499 INFO:Total games: 11990
2023-07-01 11:06:43,686 INFO:Total games: 12000
2023-07-01 11:08:40,371 INFO:Total games: 12010
2023-07-01 11:10:36,892 INFO:Total games: 12020
2023-07-01 11:12:26,862 INFO:Total games: 12030
2023-07-01 11:14:23,215 INFO:Total games: 12040
2023-07-01 11:16:18,653 INFO:Total games: 12050
2023-07-01 11:18:14,165 INFO:Total games: 12060
2023-07-01 11:20:04,726 INFO:Total games: 12070
2023-07-01 11:22:39,236 INFO:Total games: 12080
2023-07-01 11:24:36,319 INFO:Total games: 12090
2023-07-01 11:26:33,572 INFO:Total games: 12100
2023-07-01 11:28:31,003 INFO:Total games: 12110
2023-07-01 11:30:26,644 INFO:Total games: 12120
2023-07-01 11:32:18,616 INFO:Total games: 12130
2023-07-01 11:34:09,270 INFO:Total games: 12140
2023-07-01 11:36:05,934 INFO:Total games: 12150
2023-07-01 11:38:02,753 INFO:Total games: 12160
2023-07-01 11:40:01,560 INFO:Total games: 12170
2023-07-01 11:41:59,911 INFO:Total games: 12180
2023-07-01 11:43:55,788 INFO:Total games: 12190
2023-07-01 11:45:51,317 INFO:Total games: 12200
2023-07-01 11:47:50,339 INFO:Total games: 12210
2023-07-01 11:49:45,642 INFO:Total games: 12220
2023-07-01 11:51:41,558 INFO:Total games: 12230
2023-07-01 11:53:32,498 INFO:Total games: 12240
2023-07-01 11:55:22,102 INFO:Total games: 12250
2023-07-01 11:57:23,163 INFO:Total games: 12260
2023-07-01 11:59:22,901 INFO:Total games: 12270
2023-07-01 12:01:19,249 INFO:Total games: 12280
2023-07-01 12:03:16,882 INFO:Total games: 12290
2023-07-01 12:05:48,227 INFO:Total games: 12300
2023-07-01 12:07:44,739 INFO:Total games: 12310
2023-07-01 12:09:40,388 INFO:Total games: 12320
2023-07-01 12:11:38,942 INFO:Total games: 12330
2023-07-01 12:13:37,786 INFO:Total games: 12340
2023-07-01 12:15:23,781 INFO:Total games: 12350
2023-07-01 12:17:20,522 INFO:Total games: 12360
2023-07-01 12:19:18,575 INFO:Total games: 12370
2023-07-01 12:21:16,729 INFO:Total games: 12380
2023-07-01 12:23:15,475 INFO:Total games: 12390
2023-07-01 12:25:14,675 INFO:Total games: 12400
2023-07-01 12:27:14,683 INFO:Total games: 12410
2023-07-01 12:29:12,301 INFO:Total games: 12420
2023-07-01 12:31:08,457 INFO:Total games: 12430
2023-07-01 12:33:01,592 INFO:Total games: 12440
2023-07-01 12:34:58,935 INFO:Total games: 12450
2023-07-01 12:36:50,978 INFO:Total games: 12460
2023-07-01 12:38:49,209 INFO:Total games: 12470
2023-07-01 12:40:46,831 INFO:Total games: 12480
2023-07-01 12:42:42,481 INFO:Total games: 12490
2023-07-01 12:44:33,881 INFO:Total games: 12500
2023-07-01 12:46:32,172 INFO:Total games: 12510
2023-07-01 12:49:03,788 INFO:Total games: 12520
2023-07-01 12:51:01,814 INFO:Total games: 12530
2023-07-01 12:52:57,606 INFO:Total games: 12540
2023-07-01 12:54:55,227 INFO:Total games: 12550
2023-07-01 12:56:45,738 INFO:Total games: 12560
2023-07-01 12:58:42,871 INFO:Total games: 12570
2023-07-01 13:00:42,312 INFO:Total games: 12580
2023-07-01 13:02:41,021 INFO:Total games: 12590
2023-07-01 13:04:36,318 INFO:Total games: 12600
2023-07-01 13:06:27,163 INFO:Total games: 12610
2023-07-01 13:08:23,876 INFO:Total games: 12620
2023-07-01 13:10:24,460 INFO:Total games: 12630
2023-07-01 13:12:19,302 INFO:Total games: 12640
2023-07-01 13:14:18,285 INFO:Total games: 12650
2023-07-01 13:16:17,009 INFO:Total games: 12660
2023-07-01 13:18:10,119 INFO:Total games: 12670
2023-07-01 13:20:02,523 INFO:Total games: 12680
2023-07-01 13:21:58,160 INFO:Total games: 12690
2023-07-01 13:23:56,954 INFO:Total games: 12700
2023-07-01 13:25:55,762 INFO:Total games: 12710
2023-07-01 13:27:47,453 INFO:Total games: 12720
2023-07-01 13:29:45,341 INFO:Total games: 12730
2023-07-01 13:31:38,586 INFO:Total games: 12740
2023-07-01 13:34:12,675 INFO:Total games: 12750
2023-07-01 13:36:09,449 INFO:Total games: 12760
2023-07-01 13:38:05,876 INFO:Total games: 12770
2023-07-01 13:39:59,232 INFO:Total games: 12780
2023-07-01 13:41:56,110 INFO:Total games: 12790
2023-07-01 13:43:55,027 INFO:Total games: 12800
2023-07-01 13:45:52,998 INFO:Total games: 12810
2023-07-01 13:47:50,159 INFO:Total games: 12820
2023-07-01 13:49:46,443 INFO:Total games: 12830
2023-07-01 13:51:43,803 INFO:Total games: 12840
2023-07-01 13:53:40,083 INFO:Total games: 12850
2023-07-01 13:55:39,606 INFO:Total games: 12860
2023-07-01 13:57:35,781 INFO:Total games: 12870
2023-07-01 13:59:31,095 INFO:Total games: 12880
2023-07-01 14:01:25,458 INFO:Total games: 12890
2023-07-01 14:03:24,316 INFO:Total games: 12900
2023-07-01 14:05:23,704 INFO:Total games: 12910
2023-07-01 14:07:21,229 INFO:Total games: 12920
2023-07-01 14:09:16,577 INFO:Total games: 12930
2023-07-01 14:11:16,794 INFO:Total games: 12940
2023-07-01 14:13:12,874 INFO:Total games: 12950
2023-07-01 14:15:04,256 INFO:Total games: 12960
2023-07-01 14:16:56,614 INFO:Total games: 12970
2023-07-01 14:18:52,291 INFO:Total games: 12980
2023-07-01 14:21:16,085 INFO:Total games: 12990
2023-07-01 14:23:05,289 INFO:Total games: 13000
2023-07-01 14:25:03,385 INFO:Total games: 13010
2023-07-01 14:26:58,726 INFO:Total games: 13020
2023-07-01 14:28:53,837 INFO:Total games: 13030
2023-07-01 14:30:53,526 INFO:Total games: 13040
2023-07-01 14:32:50,777 INFO:Total games: 13050
2023-07-01 14:34:50,225 INFO:Total games: 13060
2023-07-01 14:36:48,689 INFO:Total games: 13070
2023-07-01 14:38:47,859 INFO:Total games: 13080
2023-07-01 14:40:39,065 INFO:Total games: 13090
2023-07-01 14:42:33,061 INFO:Total games: 13100
2023-07-01 14:44:27,529 INFO:Total games: 13110
2023-07-01 14:46:25,907 INFO:Total games: 13120
2023-07-01 14:48:23,629 INFO:Total games: 13130
2023-07-01 14:50:22,232 INFO:Total games: 13140
2023-07-01 14:52:18,105 INFO:Total games: 13150
2023-07-01 14:54:17,566 INFO:Total games: 13160
2023-07-01 14:56:14,478 INFO:Total games: 13170
2023-07-01 14:58:10,677 INFO:Total games: 13180
2023-07-01 15:00:09,396 INFO:Total games: 13190
2023-07-01 15:02:06,732 INFO:Total games: 13200
2023-07-01 15:03:57,237 INFO:Total games: 13210
2023-07-01 15:06:41,369 INFO:Total games: 13220
2023-07-01 15:08:39,018 INFO:Total games: 13230
2023-07-01 15:10:35,988 INFO:Total games: 13240
2023-07-01 15:12:34,690 INFO:Total games: 13250
2023-07-01 15:14:32,375 INFO:Total games: 13260
2023-07-01 15:16:32,497 INFO:Total games: 13270
2023-07-01 15:18:26,717 INFO:Total games: 13280
2023-07-01 15:20:22,924 INFO:Total games: 13290
2023-07-01 15:22:19,557 INFO:Total games: 13300
2023-07-01 15:24:14,385 INFO:Total games: 13310
2023-07-01 15:26:04,503 INFO:Total games: 13320
2023-07-01 15:28:05,110 INFO:Total games: 13330
2023-07-01 15:30:03,996 INFO:Total games: 13340
2023-07-01 15:31:58,554 INFO:Total games: 13350
2023-07-01 15:33:55,965 INFO:Total games: 13360
2023-07-01 15:35:54,465 INFO:Total games: 13370
2023-07-01 15:37:49,045 INFO:Total games: 13380
2023-07-01 15:39:44,083 INFO:Total games: 13390
2023-07-01 15:41:41,252 INFO:Total games: 13400
2023-07-01 15:43:37,974 INFO:Total games: 13410
2023-07-01 15:45:29,680 INFO:Total games: 13420
2023-07-01 15:47:19,135 INFO:Total games: 13430
2023-07-01 15:49:12,735 INFO:Total games: 13440
2023-07-01 15:51:09,752 INFO:Total games: 13450
2023-07-01 15:53:53,556 INFO:Total games: 13460
2023-07-01 15:55:51,141 INFO:Total games: 13470
2023-07-01 15:57:45,752 INFO:Total games: 13480
2023-07-01 15:59:45,008 INFO:Total games: 13490
2023-07-01 16:01:42,977 INFO:Total games: 13500
2023-07-01 16:03:41,608 INFO:Total games: 13510
2023-07-01 16:05:39,565 INFO:Total games: 13520
2023-07-01 16:07:32,963 INFO:Total games: 13530
2023-07-01 16:09:28,957 INFO:Total games: 13540
2023-07-01 16:11:19,038 INFO:Total games: 13550
2023-07-01 16:13:18,243 INFO:Total games: 13560
2023-07-01 16:15:16,081 INFO:Total games: 13570
2023-07-01 16:17:16,206 INFO:Total games: 13580
2023-07-01 16:19:16,000 INFO:Total games: 13590
2023-07-01 16:21:16,053 INFO:Total games: 13600
2023-07-01 16:23:14,397 INFO:Total games: 13610
2023-07-01 16:25:12,172 INFO:Total games: 13620
2023-07-01 16:27:03,878 INFO:Total games: 13630
2023-07-01 16:28:56,019 INFO:Total games: 13640
2023-07-01 16:30:50,044 INFO:Total games: 13650
2023-07-01 16:32:48,685 INFO:Total games: 13660
2023-07-01 16:34:46,852 INFO:Total games: 13670
2023-07-01 16:36:45,577 INFO:Total games: 13680
2023-07-01 16:38:42,827 INFO:Total games: 13690
2023-07-01 16:40:40,552 INFO:Total games: 13700
2023-07-01 16:43:28,974 INFO:Total games: 13710
2023-07-01 16:45:26,962 INFO:Total games: 13720
2023-07-01 16:47:26,235 INFO:Total games: 13730
2023-07-01 16:49:18,889 INFO:Total games: 13740
2023-07-01 16:51:14,067 INFO:Total games: 13750
2023-07-01 16:53:13,264 INFO:Total games: 13760
2023-07-01 16:55:12,500 INFO:Total games: 13770
2023-07-01 16:57:11,812 INFO:Total games: 13780
2023-07-01 16:59:10,626 INFO:Total games: 13790
2023-07-01 17:01:06,340 INFO:Total games: 13800
2023-07-01 17:03:00,910 INFO:Total games: 13810
2023-07-01 17:05:00,527 INFO:Total games: 13820
2023-07-01 17:07:01,005 INFO:Total games: 13830
2023-07-01 17:08:56,821 INFO:Total games: 13840
2023-07-01 17:10:48,459 INFO:Total games: 13850
2023-07-01 17:12:48,521 INFO:Total games: 13860
2023-07-01 17:14:48,610 INFO:Total games: 13870
2023-07-01 17:16:47,701 INFO:Total games: 13880
2023-07-01 17:16:47,712 INFO:Ending
2023-07-01 17:16:47,713 INFO:Duration: 19 hours, 9 minutes, 29 seconds
2023-08-17 02:17:49,173 INFO:Starting
2023-08-17 02:22:26,502 INFO:Starting
2023-08-17 02:31:39,077 INFO:Starting
2023-08-17 02:31:39,083 WARNING:SavedModel saved prior to TF 2.5 detected when loading Keras model. Please ensure that you are saving the model with model.save() or tf.keras.models.save_model(), *NOT* tf.saved_model.save(). To confirm, there should be a file named "keras_metadata.pb" in the SavedModel directory.
2023-08-17 02:38:31,492 INFO:Starting
2023-08-17 02:38:31,497 WARNING:SavedModel saved prior to TF 2.5 detected when loading Keras model. Please ensure that you are saving the model with model.save() or tf.keras.models.save_model(), *NOT* tf.saved_model.save(). To confirm, there should be a file named "keras_metadata.pb" in the SavedModel directory.
2023-08-17 02:42:57,921 INFO:Starting
2023-08-17 02:42:57,926 WARNING:SavedModel saved prior to TF 2.5 detected when loading Keras model. Please ensure that you are saving the model with model.save() or tf.keras.models.save_model(), *NOT* tf.saved_model.save(). To confirm, there should be a file named "keras_metadata.pb" in the SavedModel directory.
2023-08-17 02:47:06,215 INFO:Starting
2023-08-17 02:47:06,221 WARNING:SavedModel saved prior to TF 2.5 detected when loading Keras model. Please ensure that you are saving the model with model.save() or tf.keras.models.save_model(), *NOT* tf.saved_model.save(). To confirm, there should be a file named "keras_metadata.pb" in the SavedModel directory.
2023-08-17 02:50:09,406 INFO:Starting
2023-08-17 02:50:09,411 WARNING:SavedModel saved prior to TF 2.5 detected when loading Keras model. Please ensure that you are saving the model with model.save() or tf.keras.models.save_model(), *NOT* tf.saved_model.save(). To confirm, there should be a file named "keras_metadata.pb" in the SavedModel directory.
2023-08-17 02:57:18,032 INFO:Starting
2023-08-17 03:01:37,358 INFO:Starting
2023-08-17 03:03:13,014 INFO:Starting
2023-08-17 03:07:57,194 INFO:Starting
2023-08-17 03:10:21,803 INFO:Starting
2023-08-17 15:59:05,161 INFO:Starting
2023-08-17 16:00:14,493 INFO:Total games: 10
2023-08-17 16:07:14,432 INFO:Starting
2023-08-17 16:08:33,000 INFO:Total games: 10
2023-08-17 16:23:05,477 INFO:Starting
2023-08-17 16:24:27,356 INFO:Total games: 10
2023-08-17 16:27:29,310 INFO:Starting
2023-08-17 16:28:48,716 INFO:Starting
2023-08-17 16:29:49,414 INFO:Total games: 10
2023-08-17 16:31:54,159 INFO:Starting
2023-08-17 16:33:03,078 INFO:Total games: 10
2023-08-17 16:41:14,545 INFO:Starting
2023-08-17 16:42:20,785 INFO:Total games: 10
2023-08-17 16:43:04,406 INFO:Starting
2023-08-17 16:44:14,672 INFO:Total games: 10
2023-08-17 16:45:18,785 INFO:Starting
2023-08-17 16:46:46,515 INFO:Total games: 10
2023-08-17 16:47:35,701 INFO:Starting
2023-08-17 16:48:34,425 INFO:Starting
2023-08-17 16:48:51,664 INFO:Total games: 10
2023-08-17 16:49:21,004 INFO:Starting
2023-08-17 16:49:51,437 INFO:Total games: 10
2023-08-17 16:50:53,469 INFO:Total games: 10
2023-08-17 16:51:08,421 INFO:Starting
2023-08-17 16:52:23,774 INFO:Total games: 10
2023-08-20 17:49:39,457 INFO:Starting
2023-08-20 17:51:30,006 INFO:Total games: 10
2023-08-20 17:53:11,830 INFO:Total games: 20
2023-08-20 17:55:08,779 INFO:Total games: 30
2023-08-20 17:56:56,648 INFO:Total games: 40
2023-08-20 17:57:29,840 INFO:Ending
2023-08-20 17:57:29,840 INFO:Duration: 0 hours, 7 minutes, 50 seconds
2023-08-20 17:58:44,713 INFO:Starting
2023-08-20 17:59:10,334 INFO:Ending
2023-08-20 17:59:10,334 INFO:Duration: 0 hours, 0 minutes, 25 seconds
2023-08-20 17:59:35,445 INFO:Starting
2023-08-20 18:01:20,264 INFO:Total games: 10
2023-08-20 18:03:16,222 INFO:Total games: 20
2023-08-20 18:03:48,594 INFO:Ending
2023-08-20 18:03:48,595 INFO:Duration: 0 hours, 4 minutes, 13 seconds
2023-08-20 18:05:23,709 INFO:Starting
2023-08-20 18:05:44,613 INFO:Ending
2023-08-20 18:05:44,613 INFO:Duration: 0 hours, 0 minutes, 20 seconds
2023-08-22 03:38:28,883 INFO:Starting
2023-08-22 03:39:40,357 INFO:Starting
2023-08-22 03:39:47,947 INFO:Total games: 10
2023-08-22 03:39:57,809 INFO:Total games: 20
2023-08-22 03:40:10,429 INFO:Total games: 30
2023-08-22 03:40:22,091 INFO:Total games: 40
2023-08-22 03:40:41,229 INFO:Total games: 50
2023-08-22 03:40:52,466 INFO:Total games: 60
2023-08-22 03:41:05,621 INFO:Total games: 70
2023-08-22 03:41:17,784 INFO:Total games: 80
2023-08-22 03:41:33,662 INFO:Total games: 90
2023-08-22 03:41:45,353 INFO:Total games: 100
2023-08-22 03:41:57,834 INFO:Total games: 110
2023-08-22 03:42:09,715 INFO:Total games: 120
2023-08-22 03:42:22,102 INFO:Total games: 130
2023-08-22 03:42:35,237 INFO:Total games: 140
2023-08-22 03:42:47,263 INFO:Total games: 150
2023-08-22 03:42:59,060 INFO:Total games: 160
2023-08-22 03:43:14,866 INFO:Total games: 170
2023-08-22 03:43:26,958 INFO:Total games: 180
2023-08-22 03:43:42,538 INFO:Total games: 190
2023-08-22 03:43:53,813 INFO:Total games: 200
2023-08-22 03:44:05,524 INFO:Total games: 210
2023-08-22 03:44:18,635 INFO:Total games: 220
2023-08-22 03:44:31,254 INFO:Total games: 230
2023-08-22 03:44:44,617 INFO:Total games: 240
2023-08-22 03:44:55,621 INFO:Total games: 250
2023-08-22 03:45:07,294 INFO:Total games: 260
2023-08-22 03:45:20,606 INFO:Total games: 270
2023-08-22 03:45:33,890 INFO:Total games: 280
2023-08-22 03:45:45,757 INFO:Total games: 290
2023-08-22 03:45:55,821 INFO:Total games: 300
2023-08-22 03:46:11,827 INFO:Total games: 310
2023-08-22 03:46:22,404 INFO:Total games: 320
2023-08-22 03:46:35,986 INFO:Total games: 330
2023-08-22 03:46:47,516 INFO:Total games: 340
2023-08-22 03:46:58,555 INFO:Total games: 350
2023-08-22 03:47:10,247 INFO:Total games: 360
2023-08-22 03:47:23,089 INFO:Total games: 370
2023-08-22 03:47:36,666 INFO:Total games: 380
2023-08-22 03:47:48,503 INFO:Total games: 390
2023-08-22 03:48:00,667 INFO:Total games: 400
2023-08-22 03:48:10,844 INFO:Total games: 410
2023-08-22 03:48:22,147 INFO:Total games: 420
2023-08-22 03:48:33,666 INFO:Total games: 430
2023-08-22 03:48:49,186 INFO:Total games: 440
2023-08-22 03:49:02,287 INFO:Total games: 450
2023-08-22 03:49:14,191 INFO:Total games: 460
2023-08-22 03:49:25,291 INFO:Total games: 470
2023-08-22 03:49:36,394 INFO:Total games: 480
2023-08-22 03:49:45,328 INFO:Total games: 490
2023-08-22 03:49:55,431 INFO:Total games: 500
2023-08-22 03:50:07,788 INFO:Total games: 510
2023-08-22 03:50:19,552 INFO:Total games: 520
2023-08-22 03:50:33,957 INFO:Total games: 530
2023-08-22 03:50:48,829 INFO:Total games: 540
2023-08-22 03:51:02,531 INFO:Total games: 550
2023-08-22 03:51:14,696 INFO:Total games: 560
2023-08-22 03:51:27,185 INFO:Total games: 570
2023-08-22 03:51:39,042 INFO:Total games: 580
2023-08-22 03:51:52,543 INFO:Total games: 590
2023-08-22 03:52:04,823 INFO:Total games: 600
2023-08-22 03:52:16,292 INFO:Total games: 610
2023-08-22 03:52:27,782 INFO:Total games: 620
2023-08-22 03:52:39,727 INFO:Total games: 630
2023-08-22 03:52:50,381 INFO:Total games: 640
2023-08-22 03:53:00,745 INFO:Total games: 650
2023-08-22 03:53:11,920 INFO:Total games: 660
2023-08-22 03:53:24,629 INFO:Total games: 670
2023-08-22 03:53:38,172 INFO:Total games: 680
2023-08-22 03:53:51,437 INFO:Total games: 690
2023-08-22 03:54:05,847 INFO:Total games: 700
2023-08-22 03:54:16,815 INFO:Total games: 710
2023-08-22 03:54:29,728 INFO:Total games: 720
2023-08-22 03:54:43,531 INFO:Total games: 730
2023-08-22 03:54:55,400 INFO:Total games: 740
2023-08-22 03:55:07,863 INFO:Total games: 750
2023-08-22 03:55:20,344 INFO:Total games: 760
2023-08-22 03:55:34,745 INFO:Total games: 770
2023-08-22 03:55:48,802 INFO:Total games: 780
2023-08-22 03:56:02,917 INFO:Total games: 790
2023-08-22 03:56:15,574 INFO:Total games: 800
2023-08-22 03:56:25,542 INFO:Total games: 810
2023-08-22 03:56:37,565 INFO:Total games: 820
2023-08-22 03:56:50,915 INFO:Total games: 830
2023-08-22 03:57:02,037 INFO:Total games: 840
2023-08-22 03:57:14,480 INFO:Total games: 850
2023-08-22 03:57:26,548 INFO:Total games: 860
2023-08-22 03:57:36,037 INFO:Total games: 870
2023-08-22 03:57:45,143 INFO:Total games: 880
2023-08-22 03:57:56,835 INFO:Total games: 890
2023-08-22 03:58:07,505 INFO:Total games: 900
2023-08-22 03:58:19,923 INFO:Total games: 910
2023-08-22 03:58:30,436 INFO:Total games: 920
2023-08-22 03:58:42,868 INFO:Total games: 930
2023-08-22 03:58:56,243 INFO:Total games: 940
2023-08-22 03:59:08,137 INFO:Total games: 950
2023-08-22 03:59:19,483 INFO:Total games: 960
2023-08-22 03:59:29,513 INFO:Total games: 970
2023-08-22 03:59:39,465 INFO:Total games: 980
2023-08-22 03:59:52,791 INFO:Total games: 990
2023-08-22 04:00:04,133 INFO:Total games: 1000
2023-08-22 04:00:16,606 INFO:Total games: 1010
2023-08-22 04:00:28,867 INFO:Total games: 1020
2023-08-22 04:00:43,346 INFO:Total games: 1030
2023-08-22 04:00:57,317 INFO:Total games: 1040
2023-08-22 04:01:11,150 INFO:Total games: 1050
2023-08-22 04:01:24,449 INFO:Total games: 1060
2023-08-22 04:01:36,054 INFO:Total games: 1070
2023-08-22 04:01:49,393 INFO:Total games: 1080
2023-08-22 04:02:01,782 INFO:Total games: 1090
2023-08-22 04:02:11,191 INFO:Total games: 1100
2023-08-22 04:02:21,693 INFO:Total games: 1110
2023-08-22 04:02:33,377 INFO:Total games: 1120
2023-08-22 04:02:41,955 INFO:Total games: 1130
2023-08-22 04:02:50,989 INFO:Total games: 1140
2023-08-22 04:03:05,230 INFO:Total games: 1150
2023-08-22 04:03:15,454 INFO:Total games: 1160
2023-08-22 04:03:28,101 INFO:Total games: 1170
2023-08-22 04:03:40,470 INFO:Total games: 1180
2023-08-22 04:03:48,995 INFO:Total games: 1190
2023-08-22 04:04:01,352 INFO:Total games: 1200
2023-08-22 04:04:11,502 INFO:Total games: 1210
2023-08-22 04:04:24,522 INFO:Total games: 1220
2023-08-22 04:04:37,650 INFO:Total games: 1230
2023-08-22 04:04:52,858 INFO:Total games: 1240
2023-08-22 04:05:07,003 INFO:Total games: 1250
2023-08-22 04:05:21,987 INFO:Total games: 1260
2023-08-22 04:05:34,746 INFO:Total games: 1270
2023-08-22 04:05:45,498 INFO:Total games: 1280
2023-08-22 04:05:58,779 INFO:Total games: 1290
2023-08-22 04:06:10,822 INFO:Total games: 1300
2023-08-22 04:06:20,454 INFO:Total games: 1310
2023-08-22 04:06:28,772 INFO:Total games: 1320
2023-08-22 04:06:40,877 INFO:Total games: 1330
2023-08-22 04:06:53,724 INFO:Total games: 1340
2023-08-22 04:07:06,784 INFO:Total games: 1350
2023-08-22 04:07:20,107 INFO:Total games: 1360
2023-08-22 04:07:30,806 INFO:Total games: 1370
2023-08-22 04:07:41,083 INFO:Total games: 1380
2023-08-22 04:07:52,691 INFO:Total games: 1390
2023-08-22 04:08:04,408 INFO:Total games: 1400
2023-08-22 04:08:18,694 INFO:Total games: 1410
2023-08-22 04:08:33,525 INFO:Total games: 1420
2023-08-22 04:08:45,603 INFO:Total games: 1430
2023-08-22 04:08:56,487 INFO:Total games: 1440
2023-08-22 04:09:07,446 INFO:Total games: 1450
2023-08-22 04:09:19,322 INFO:Total games: 1460
2023-08-22 04:09:31,950 INFO:Total games: 1470
2023-08-22 04:09:42,170 INFO:Total games: 1480
2023-08-22 04:09:54,443 INFO:Total games: 1490
2023-08-22 04:10:06,894 INFO:Total games: 1500
2023-08-22 04:10:20,579 INFO:Total games: 1510
2023-08-22 04:10:33,706 INFO:Total games: 1520
2023-08-22 04:10:47,585 INFO:Total games: 1530
2023-08-22 04:11:01,653 INFO:Total games: 1540
2023-08-22 04:11:13,489 INFO:Total games: 1550
2023-08-22 04:11:23,690 INFO:Total games: 1560
2023-08-22 04:11:38,145 INFO:Total games: 1570
2023-08-22 04:11:48,615 INFO:Total games: 1580
2023-08-22 04:12:00,306 INFO:Total games: 1590
2023-08-22 04:12:11,329 INFO:Total games: 1600
2023-08-22 04:12:24,982 INFO:Total games: 1610
2023-08-22 04:12:34,448 INFO:Total games: 1620
2023-08-22 04:12:44,318 INFO:Total games: 1630
2023-08-22 04:12:55,718 INFO:Total games: 1640
2023-08-22 04:13:08,333 INFO:Total games: 1650
2023-08-22 04:13:20,340 INFO:Total games: 1660
2023-08-22 04:13:34,239 INFO:Total games: 1670
2023-08-22 04:13:47,594 INFO:Total games: 1680
2023-08-22 04:13:59,088 INFO:Total games: 1690
2023-08-22 04:14:09,364 INFO:Total games: 1700
2023-08-22 04:14:21,420 INFO:Total games: 1710
2023-08-22 04:14:32,557 INFO:Total games: 1720
2023-08-22 04:14:46,011 INFO:Total games: 1730
2023-08-22 04:14:58,711 INFO:Total games: 1740
2023-08-22 04:15:09,605 INFO:Total games: 1750
2023-08-22 04:15:21,153 INFO:Total games: 1760
2023-08-22 04:15:31,759 INFO:Total games: 1770
2023-08-22 04:15:47,185 INFO:Total games: 1780
2023-08-22 04:23:29,770 INFO:Starting
2023-08-22 04:23:39,600 INFO:Total games: 10
2023-08-22 04:23:49,823 INFO:Total games: 20
2023-08-22 04:24:01,495 INFO:Total games: 30
2023-08-22 04:24:13,613 INFO:Total games: 40
2023-08-22 04:24:24,032 INFO:Total games: 50
2023-08-22 04:24:35,850 INFO:Total games: 60
2023-08-22 04:24:48,213 INFO:Total games: 70
2023-08-22 04:24:59,775 INFO:Total games: 80
2023-08-22 04:25:12,410 INFO:Total games: 90
2023-08-22 04:25:24,426 INFO:Total games: 100
2023-08-22 04:25:37,738 INFO:Total games: 110
2023-08-22 04:25:47,753 INFO:Total games: 120
2023-08-22 04:26:00,979 INFO:Total games: 130
2023-08-22 04:26:10,196 INFO:Total games: 140
2023-08-22 04:26:24,756 INFO:Total games: 150
2023-08-22 04:26:39,324 INFO:Total games: 160
2023-08-22 04:26:52,124 INFO:Total games: 170
2023-08-22 04:27:04,069 INFO:Total games: 180
2023-08-22 04:27:15,432 INFO:Total games: 190
2023-08-22 04:27:27,322 INFO:Total games: 200
2023-08-22 04:27:39,627 INFO:Total games: 210
2023-08-22 04:27:50,990 INFO:Total games: 220
2023-08-22 04:28:01,492 INFO:Total games: 230
2023-08-22 04:28:14,377 INFO:Total games: 240
2023-08-22 04:28:26,689 INFO:Total games: 250
2023-08-22 04:28:41,212 INFO:Total games: 260
2023-08-22 04:28:53,374 INFO:Total games: 270
2023-08-22 04:29:03,600 INFO:Total games: 280
2023-08-22 04:29:15,671 INFO:Total games: 290
2023-08-22 04:29:30,136 INFO:Total games: 300
2023-08-22 04:29:41,182 INFO:Total games: 310
2023-08-22 04:29:53,493 INFO:Total games: 320
2023-08-22 04:30:03,410 INFO:Total games: 330
2023-08-22 04:30:13,229 INFO:Total games: 340
2023-08-22 04:30:27,401 INFO:Total games: 350
2023-08-22 04:30:38,452 INFO:Total games: 360
2023-08-22 04:30:49,169 INFO:Total games: 370
2023-08-22 04:31:02,538 INFO:Total games: 380
2023-08-22 04:31:13,972 INFO:Total games: 390
2023-08-22 04:31:26,321 INFO:Total games: 400
2023-08-22 04:31:36,532 INFO:Total games: 410
2023-08-22 04:31:47,779 INFO:Total games: 420
2023-08-22 04:31:58,508 INFO:Total games: 430
2023-08-22 04:32:12,326 INFO:Total games: 440
2023-08-22 04:32:25,687 INFO:Total games: 450
2023-08-22 04:32:41,332 INFO:Total games: 460
2023-08-22 04:32:51,486 INFO:Total games: 470
2023-08-22 04:33:04,003 INFO:Total games: 480
2023-08-22 04:33:17,406 INFO:Total games: 490
2023-08-22 04:33:29,468 INFO:Total games: 500
2023-08-22 04:33:41,123 INFO:Total games: 510
2023-08-22 04:33:53,427 INFO:Total games: 520
2023-08-22 04:34:06,504 INFO:Total games: 530
2023-08-22 04:34:17,859 INFO:Total games: 540
2023-08-22 04:34:29,513 INFO:Total games: 550
2023-08-22 04:34:43,613 INFO:Total games: 560
2023-08-22 04:34:52,616 INFO:Total games: 570
2023-08-22 04:35:03,475 INFO:Total games: 580
2023-08-22 04:35:13,468 INFO:Total games: 590
2023-08-22 04:35:26,475 INFO:Total games: 600
2023-08-22 04:35:37,792 INFO:Total games: 610
2023-08-22 04:35:49,276 INFO:Total games: 620
2023-08-22 04:36:01,069 INFO:Total games: 630
2023-08-22 04:36:13,292 INFO:Total games: 640
2023-08-22 04:36:25,466 INFO:Total games: 650
2023-08-22 04:36:37,908 INFO:Total games: 660
2023-08-22 04:36:47,887 INFO:Total games: 670
2023-08-22 04:36:59,279 INFO:Total games: 680
2023-08-22 04:37:10,973 INFO:Total games: 690
2023-08-22 04:37:23,430 INFO:Total games: 700
2023-08-22 04:37:34,445 INFO:Total games: 710
2023-08-22 04:37:46,900 INFO:Total games: 720
2023-08-22 04:37:58,561 INFO:Total games: 730
2023-08-22 04:38:10,967 INFO:Total games: 740
2023-08-22 04:38:22,619 INFO:Total games: 750
2023-08-22 04:38:31,822 INFO:Total games: 760
2023-08-22 04:38:45,355 INFO:Total games: 770
2023-08-22 04:38:54,546 INFO:Total games: 780
2023-08-22 04:39:05,987 INFO:Total games: 790
2023-08-22 04:39:21,041 INFO:Total games: 800
2023-08-22 04:39:35,703 INFO:Total games: 810
2023-08-22 04:39:48,864 INFO:Total games: 820
2023-08-22 04:40:00,726 INFO:Total games: 830
2023-08-22 04:40:12,359 INFO:Total games: 840
2023-08-22 04:40:27,081 INFO:Total games: 850
2023-08-22 04:40:39,895 INFO:Total games: 860
2023-08-22 04:40:52,188 INFO:Total games: 870
2023-08-22 04:41:03,954 INFO:Total games: 880
2023-08-22 04:41:16,682 INFO:Total games: 890
2023-08-22 04:41:27,638 INFO:Total games: 900
2023-08-22 04:41:40,459 INFO:Total games: 910
2023-08-22 04:41:52,652 INFO:Total games: 920
2023-08-22 04:42:05,072 INFO:Total games: 930
2023-08-22 04:42:17,391 INFO:Total games: 940
2023-08-22 04:42:30,540 INFO:Total games: 950
2023-08-22 04:42:44,000 INFO:Total games: 960
2023-08-22 04:42:57,301 INFO:Total games: 970
2023-08-22 04:43:10,627 INFO:Total games: 980
2023-08-22 04:43:20,905 INFO:Total games: 990
2023-08-22 04:43:32,688 INFO:Total games: 1000
2023-08-22 04:43:41,941 INFO:Total games: 1010
2023-08-22 04:43:53,520 INFO:Total games: 1020
2023-08-22 04:44:03,034 INFO:Total games: 1030
2023-08-22 04:44:13,962 INFO:Total games: 1040
2023-08-22 04:44:28,790 INFO:Total games: 1050
2023-08-22 04:44:38,350 INFO:Total games: 1060
2023-08-22 04:44:50,510 INFO:Total games: 1070
2023-08-22 04:45:01,675 INFO:Total games: 1080
2023-08-22 04:45:13,161 INFO:Total games: 1090
2023-08-22 04:45:23,897 INFO:Total games: 1100
2023-08-22 04:45:35,940 INFO:Total games: 1110
2023-08-22 04:45:47,729 INFO:Total games: 1120
2023-08-22 04:45:58,202 INFO:Total games: 1130
2023-08-22 04:46:10,900 INFO:Total games: 1140
2023-08-22 04:46:22,747 INFO:Total games: 1150
2023-08-22 04:46:36,461 INFO:Total games: 1160
2023-08-22 04:46:49,634 INFO:Total games: 1170
2023-08-22 04:47:01,374 INFO:Total games: 1180
2023-08-22 04:47:12,568 INFO:Total games: 1190
2023-08-22 04:47:25,686 INFO:Total games: 1200
2023-08-22 04:47:36,363 INFO:Total games: 1210
2023-08-22 04:47:48,211 INFO:Total games: 1220
2023-08-22 04:47:57,042 INFO:Total games: 1230
2023-08-22 04:48:08,946 INFO:Total games: 1240
2023-08-22 04:48:20,928 INFO:Total games: 1250
2023-08-22 04:48:31,955 INFO:Total games: 1260
2023-08-22 04:48:46,180 INFO:Total games: 1270
2023-08-22 04:48:58,130 INFO:Total games: 1280
2023-08-22 04:49:09,959 INFO:Total games: 1290
2023-08-22 04:49:24,007 INFO:Total games: 1300
2023-08-22 04:49:36,342 INFO:Total games: 1310
2023-08-22 04:49:48,233 INFO:Total games: 1320
2023-08-22 04:50:03,311 INFO:Total games: 1330
2023-08-22 04:50:14,720 INFO:Total games: 1340
2023-08-22 04:50:27,859 INFO:Total games: 1350
2023-08-22 04:50:39,922 INFO:Total games: 1360
2023-08-22 04:50:50,465 INFO:Total games: 1370
2023-08-22 04:51:02,708 INFO:Total games: 1380
2023-08-22 04:51:15,213 INFO:Total games: 1390
2023-08-22 04:51:28,892 INFO:Total games: 1400
2023-08-22 04:51:38,047 INFO:Total games: 1410
2023-08-22 04:51:49,174 INFO:Total games: 1420
2023-08-22 04:52:01,669 INFO:Total games: 1430
2023-08-22 04:52:13,032 INFO:Total games: 1440
2023-08-22 04:52:24,491 INFO:Total games: 1450
2023-08-22 04:52:34,504 INFO:Total games: 1460
2023-08-22 04:52:48,581 INFO:Total games: 1470
2023-08-22 04:53:00,898 INFO:Total games: 1480
2023-08-22 04:53:12,849 INFO:Total games: 1490
2023-08-22 04:53:23,565 INFO:Total games: 1500
2023-08-22 04:53:36,254 INFO:Total games: 1510
2023-08-22 04:53:47,231 INFO:Total games: 1520
2023-08-22 04:53:59,279 INFO:Total games: 1530
2023-08-22 04:54:11,296 INFO:Total games: 1540
2023-08-22 04:54:23,289 INFO:Total games: 1550
2023-08-22 04:54:35,880 INFO:Total games: 1560
2023-08-22 04:54:51,152 INFO:Total games: 1570
2023-08-22 04:55:03,733 INFO:Total games: 1580
2023-08-22 04:55:18,840 INFO:Total games: 1590
2023-08-22 04:55:28,875 INFO:Total games: 1600
2023-08-22 04:55:37,969 INFO:Total games: 1610
2023-08-22 04:55:49,811 INFO:Total games: 1620
2023-08-22 04:55:59,252 INFO:Total games: 1630
2023-08-22 04:56:12,231 INFO:Total games: 1640
2023-08-22 04:56:24,915 INFO:Total games: 1650
2023-08-22 04:56:36,950 INFO:Total games: 1660
2023-08-22 04:56:50,299 INFO:Total games: 1670
2023-08-22 04:57:03,628 INFO:Total games: 1680
2023-08-22 04:57:14,962 INFO:Total games: 1690
2023-08-22 04:57:26,645 INFO:Total games: 1700
2023-08-22 04:57:38,799 INFO:Total games: 1710
2023-08-22 04:57:50,227 INFO:Total games: 1720
2023-08-22 04:58:02,843 INFO:Total games: 1730
2023-08-22 04:58:14,445 INFO:Total games: 1740
2023-08-22 04:58:27,106 INFO:Total games: 1750
2023-08-22 04:58:38,758 INFO:Total games: 1760
2023-08-22 04:58:51,824 INFO:Total games: 1770
2023-08-22 04:59:03,944 INFO:Total games: 1780
2023-08-22 04:59:18,046 INFO:Total games: 1790
2023-08-22 04:59:28,389 INFO:Total games: 1800
2023-08-22 04:59:43,463 INFO:Total games: 1810
2023-08-22 04:59:59,695 INFO:Total games: 1820
2023-08-22 05:00:15,301 INFO:Total games: 1830
2023-08-22 05:00:33,950 INFO:Total games: 1840
2023-08-22 05:00:48,064 INFO:Total games: 1850
2023-08-22 05:01:04,351 INFO:Total games: 1860
2023-08-22 05:01:18,676 INFO:Total games: 1870
2023-08-22 05:01:34,642 INFO:Total games: 1880
2023-08-22 05:01:51,607 INFO:Total games: 1890
2023-08-22 05:02:07,752 INFO:Total games: 1900
2023-08-22 05:02:21,392 INFO:Total games: 1910
2023-08-22 05:02:36,807 INFO:Total games: 1920
2023-08-22 05:02:51,943 INFO:Total games: 1930
2023-08-22 05:03:08,871 INFO:Total games: 1940
2023-08-22 05:03:25,979 INFO:Total games: 1950
2023-08-22 05:03:44,474 INFO:Total games: 1960
2023-08-22 05:03:59,241 INFO:Total games: 1970
2023-08-22 05:04:14,613 INFO:Total games: 1980
2023-08-22 05:04:31,587 INFO:Total games: 1990
2023-08-22 05:04:47,688 INFO:Total games: 2000
2023-08-22 05:05:03,361 INFO:Total games: 2010
2023-08-22 05:05:14,698 INFO:Total games: 2020
2023-08-22 05:05:30,586 INFO:Total games: 2030
2023-08-22 05:05:45,147 INFO:Total games: 2040
2023-08-22 05:05:58,066 INFO:Total games: 2050
2023-08-22 05:06:18,574 INFO:Total games: 2060
2023-08-22 05:06:35,203 INFO:Total games: 2070
2023-08-22 05:06:51,372 INFO:Total games: 2080
2023-08-22 05:07:06,669 INFO:Total games: 2090
2023-08-22 05:07:22,440 INFO:Total games: 2100
2023-08-22 05:07:40,115 INFO:Total games: 2110
2023-08-22 05:07:55,963 INFO:Total games: 2120
2023-08-22 05:08:11,545 INFO:Total games: 2130
2023-08-22 05:08:26,812 INFO:Total games: 2140
2023-08-22 05:08:41,895 INFO:Total games: 2150
2023-08-22 05:08:54,773 INFO:Total games: 2160
2023-08-22 05:09:12,533 INFO:Total games: 2170
2023-08-22 05:09:27,056 INFO:Total games: 2180
2023-08-22 05:09:42,279 INFO:Total games: 2190
2023-08-22 05:09:54,692 INFO:Total games: 2200
2023-08-22 05:10:10,531 INFO:Total games: 2210
2023-08-22 05:10:26,763 INFO:Total games: 2220
2023-08-22 05:10:43,271 INFO:Total games: 2230
2023-08-22 05:10:54,603 INFO:Total games: 2240
2023-08-22 05:11:08,882 INFO:Total games: 2250
2023-08-22 05:11:25,116 INFO:Total games: 2260
2023-08-22 05:11:37,365 INFO:Total games: 2270
2023-08-22 05:11:51,714 INFO:Total games: 2280
2023-08-22 05:12:06,380 INFO:Total games: 2290
2023-08-22 05:12:20,581 INFO:Total games: 2300
2023-08-22 05:12:33,890 INFO:Total games: 2310
2023-08-22 05:12:44,483 INFO:Total games: 2320
2023-08-22 05:13:02,529 INFO:Total games: 2330
2023-08-22 05:13:18,960 INFO:Total games: 2340
2023-08-22 05:13:32,818 INFO:Total games: 2350
2023-08-22 05:13:49,048 INFO:Total games: 2360
2023-08-22 05:14:01,562 INFO:Total games: 2370
2023-08-22 05:14:15,882 INFO:Total games: 2380
2023-08-22 05:14:30,032 INFO:Total games: 2390
2023-08-22 05:14:46,587 INFO:Total games: 2400
2023-08-22 05:15:02,705 INFO:Total games: 2410
2023-08-22 05:15:17,259 INFO:Total games: 2420
2023-08-22 05:15:28,174 INFO:Total games: 2430
2023-08-22 05:15:41,460 INFO:Total games: 2440
2023-08-22 05:15:56,825 INFO:Total games: 2450
2023-08-22 05:16:12,821 INFO:Total games: 2460
2023-08-22 05:16:27,087 INFO:Total games: 2470
2023-08-22 05:16:40,105 INFO:Total games: 2480
2023-08-22 05:16:56,724 INFO:Total games: 2490
2023-08-22 05:17:14,163 INFO:Total games: 2500
2023-08-22 05:17:30,651 INFO:Total games: 2510
2023-08-22 05:17:47,708 INFO:Total games: 2520
2023-08-22 05:18:00,096 INFO:Total games: 2530
2023-08-22 05:18:15,323 INFO:Total games: 2540
2023-08-22 05:18:30,346 INFO:Total games: 2550
2023-08-22 05:18:47,968 INFO:Total games: 2560
2023-08-22 05:19:02,503 INFO:Total games: 2570
2023-08-22 05:19:17,733 INFO:Total games: 2580
2023-08-22 05:19:33,500 INFO:Total games: 2590
2023-08-22 05:19:45,925 INFO:Total games: 2600
2023-08-22 05:20:00,741 INFO:Total games: 2610
2023-08-22 05:20:16,569 INFO:Total games: 2620
2023-08-22 05:20:30,822 INFO:Total games: 2630
2023-08-22 05:20:43,251 INFO:Total games: 2640
2023-08-22 05:20:57,702 INFO:Total games: 2650
2023-08-22 05:21:10,859 INFO:Total games: 2660
2023-08-22 05:21:25,557 INFO:Total games: 2670
2023-08-22 05:21:40,637 INFO:Total games: 2680
2023-08-22 05:21:58,035 INFO:Total games: 2690
2023-08-22 05:22:14,992 INFO:Total games: 2700
2023-08-22 05:22:29,983 INFO:Total games: 2710
2023-08-22 05:22:44,220 INFO:Total games: 2720
2023-08-22 05:23:00,819 INFO:Total games: 2730
2023-08-22 05:23:19,604 INFO:Total games: 2740
2023-08-22 05:23:36,697 INFO:Total games: 2750
2023-08-22 05:23:55,007 INFO:Total games: 2760
2023-08-22 05:24:09,096 INFO:Total games: 2770
2023-08-22 05:24:20,457 INFO:Total games: 2780
2023-08-22 05:24:35,621 INFO:Total games: 2790
2023-08-22 05:24:49,527 INFO:Total games: 2800
2023-08-22 05:25:02,870 INFO:Total games: 2810
2023-08-22 05:25:17,102 INFO:Total games: 2820
2023-08-22 05:25:30,639 INFO:Total games: 2830
2023-08-22 05:25:43,498 INFO:Total games: 2840
2023-08-22 05:25:56,775 INFO:Total games: 2850
2023-08-22 05:26:12,687 INFO:Total games: 2860
2023-08-22 05:26:25,866 INFO:Total games: 2870
2023-08-22 05:26:41,299 INFO:Total games: 2880
2023-08-22 05:26:57,627 INFO:Total games: 2890
2023-08-22 05:27:10,199 INFO:Total games: 2900
2023-08-22 05:27:25,825 INFO:Total games: 2910
2023-08-22 05:27:41,522 INFO:Total games: 2920
2023-08-22 05:27:52,436 INFO:Total games: 2930
2023-08-22 05:28:05,537 INFO:Total games: 2940
2023-08-22 05:28:20,570 INFO:Total games: 2950
2023-08-22 05:28:37,482 INFO:Total games: 2960
2023-08-22 05:28:52,573 INFO:Total games: 2970
2023-08-22 05:29:09,932 INFO:Total games: 2980
2023-08-22 05:29:24,609 INFO:Total games: 2990
2023-08-22 05:29:42,121 INFO:Total games: 3000
2023-08-22 05:29:55,818 INFO:Total games: 3010
2023-08-22 05:30:12,722 INFO:Total games: 3020
2023-08-22 05:30:26,025 INFO:Total games: 3030
2023-08-22 05:30:42,379 INFO:Total games: 3040
2023-08-22 05:30:57,940 INFO:Total games: 3050
2023-08-22 05:31:13,460 INFO:Total games: 3060
2023-08-22 05:31:24,549 INFO:Total games: 3070
2023-08-22 05:31:36,414 INFO:Total games: 3080
2023-08-22 05:31:50,222 INFO:Total games: 3090
2023-08-22 05:32:04,997 INFO:Total games: 3100
2023-08-22 05:32:18,576 INFO:Total games: 3110
2023-08-22 05:32:33,652 INFO:Total games: 3120
2023-08-22 05:32:48,585 INFO:Total games: 3130
2023-08-22 05:33:01,431 INFO:Total games: 3140
2023-08-22 05:33:19,453 INFO:Total games: 3150
2023-08-22 05:33:34,816 INFO:Total games: 3160
2023-08-22 05:33:51,397 INFO:Total games: 3170
2023-08-22 05:34:06,517 INFO:Total games: 3180
2023-08-22 05:34:18,471 INFO:Total games: 3190
2023-08-22 05:34:31,693 INFO:Total games: 3200
2023-08-22 05:34:46,798 INFO:Total games: 3210
2023-08-22 05:35:00,480 INFO:Total games: 3220
2023-08-22 05:35:18,286 INFO:Total games: 3230
2023-08-22 05:35:31,828 INFO:Total games: 3240
2023-08-22 05:35:41,901 INFO:Total games: 3250
2023-08-22 05:35:58,443 INFO:Total games: 3260
2023-08-22 05:36:17,982 INFO:Total games: 3270
2023-08-22 05:36:32,233 INFO:Total games: 3280
2023-08-22 05:36:48,997 INFO:Total games: 3290
2023-08-22 05:37:05,959 INFO:Total games: 3300
2023-08-22 05:37:18,428 INFO:Total games: 3310
2023-08-22 05:37:33,893 INFO:Total games: 3320
2023-08-22 05:37:50,713 INFO:Total games: 3330
2023-08-22 05:38:05,867 INFO:Total games: 3340
2023-08-22 05:38:18,655 INFO:Total games: 3350
2023-08-22 05:38:34,743 INFO:Total games: 3360
2023-08-22 05:38:48,941 INFO:Total games: 3370
2023-08-22 05:39:00,974 INFO:Total games: 3380
2023-08-22 05:39:17,081 INFO:Total games: 3390
2023-08-22 05:39:33,623 INFO:Total games: 3400
2023-08-22 05:39:49,747 INFO:Total games: 3410
2023-08-22 05:40:06,460 INFO:Total games: 3420
2023-08-22 05:40:19,416 INFO:Total games: 3430
2023-08-22 05:40:34,920 INFO:Total games: 3440
2023-08-22 05:40:55,009 INFO:Total games: 3450
2023-08-22 05:41:06,359 INFO:Total games: 3460
2023-08-22 05:41:23,112 INFO:Total games: 3470
2023-08-22 05:41:40,195 INFO:Total games: 3480
2023-08-22 05:41:57,167 INFO:Total games: 3490
2023-08-22 05:42:11,175 INFO:Total games: 3500
2023-08-22 05:42:26,891 INFO:Total games: 3510
2023-08-22 05:42:42,520 INFO:Total games: 3520
2023-08-22 05:42:57,583 INFO:Total games: 3530
2023-08-22 05:43:12,451 INFO:Total games: 3540
2023-08-22 05:43:27,790 INFO:Total games: 3550
2023-08-22 05:43:43,046 INFO:Total games: 3560
2023-08-22 05:43:59,410 INFO:Total games: 3570
2023-08-22 05:44:14,449 INFO:Total games: 3580
2023-08-22 05:44:32,285 INFO:Total games: 3590
2023-08-22 05:44:46,761 INFO:Total games: 3600
2023-08-22 05:44:59,500 INFO:Total games: 3610
2023-08-22 05:45:13,954 INFO:Total games: 3620
2023-08-22 05:45:31,666 INFO:Total games: 3630
2023-08-22 05:45:46,600 INFO:Total games: 3640
2023-08-22 05:45:59,640 INFO:Total games: 3650
2023-08-22 05:46:15,750 INFO:Total games: 3660
2023-08-22 05:46:31,322 INFO:Total games: 3670
2023-08-22 05:46:45,928 INFO:Total games: 3680
2023-08-22 05:47:02,474 INFO:Total games: 3690
2023-08-22 05:47:12,965 INFO:Total games: 3700
2023-08-22 05:47:27,803 INFO:Total games: 3710
2023-08-22 05:47:40,067 INFO:Total games: 3720
2023-08-22 05:47:55,541 INFO:Total games: 3730
