2023-06-29 22:01:50,543 INFO:Starting
2023-06-29 22:03:14,548 INFO:Total games: 10
2023-06-29 22:04:26,513 INFO:Total games: 20
2023-06-29 22:05:40,659 INFO:Ending
2023-06-29 22:05:40,659 INFO:Duration: 0 hours, 3 minutes, 50 seconds
2023-06-29 22:07:20,359 INFO:Starting
2023-06-29 22:08:43,211 INFO:Total games: 10
2023-06-29 22:10:24,438 INFO:Total games: 20
2023-06-29 22:11:39,389 INFO:Total games: 30
2023-06-29 22:13:01,873 INFO:Total games: 40
2023-06-29 22:14:22,625 INFO:Total games: 50
2023-06-29 22:15:46,096 INFO:Total games: 60
2023-06-29 22:17:08,174 INFO:Total games: 70
2023-06-29 22:18:10,187 INFO:Total games: 80
2023-06-29 22:19:28,204 INFO:Total games: 90
2023-06-29 22:20:35,111 INFO:Total games: 100
2023-06-29 22:21:59,764 INFO:Total games: 110
2023-06-29 22:23:12,815 INFO:Total games: 120
2023-06-29 22:24:31,394 INFO:Total games: 130
2023-06-29 22:25:51,666 INFO:Total games: 140
2023-06-29 22:27:10,169 INFO:Total games: 150
2023-06-29 22:28:17,009 INFO:Total games: 160
2023-06-29 22:29:32,643 INFO:Total games: 170
2023-06-29 22:30:45,600 INFO:Total games: 180
2023-06-29 22:31:58,393 INFO:Total games: 190
2023-06-29 22:33:23,462 INFO:Total games: 200
2023-06-29 22:34:46,440 INFO:Total games: 210
2023-06-29 22:35:54,040 INFO:Total games: 220
2023-06-29 22:37:07,539 INFO:Total games: 230
2023-06-29 22:38:21,952 INFO:Total games: 240
2023-06-29 22:39:43,649 INFO:Total games: 250
2023-06-29 22:40:44,208 INFO:Total games: 260
2023-06-29 22:42:04,854 INFO:Total games: 270
2023-06-29 22:42:42,989 INFO:Loaded new best model
2023-06-29 22:43:36,719 INFO:Total games: 280
2023-06-29 22:44:51,815 INFO:Total games: 290
2023-06-29 22:46:09,495 INFO:Total games: 300
2023-06-29 22:47:33,232 INFO:Total games: 310
2023-06-29 22:48:57,208 INFO:Total games: 320
2023-06-29 22:50:18,514 INFO:Total games: 330
2023-06-29 22:51:44,077 INFO:Total games: 340
2023-06-29 22:53:03,867 INFO:Total games: 350
2023-06-29 22:54:33,269 INFO:Total games: 360
2023-06-29 22:56:04,298 INFO:Total games: 370
2023-06-29 22:57:37,820 INFO:Total games: 380
2023-06-29 22:58:57,773 INFO:Total games: 390
2023-06-29 23:00:27,262 INFO:Total games: 400
2023-06-29 23:01:53,938 INFO:Total games: 410
2023-06-29 23:03:18,891 INFO:Total games: 420
2023-06-29 23:04:44,208 INFO:Total games: 430
2023-06-29 23:06:13,600 INFO:Total games: 440
2023-06-29 23:07:36,006 INFO:Total games: 450
2023-06-29 23:09:04,700 INFO:Total games: 460
2023-06-29 23:10:29,373 INFO:Total games: 470
2023-06-29 23:11:58,183 INFO:Total games: 480
2023-06-29 23:13:22,202 INFO:Total games: 490
2023-06-29 23:14:52,392 INFO:Total games: 500
2023-06-29 23:16:12,709 INFO:Total games: 510
2023-06-29 23:17:38,346 INFO:Total games: 520
2023-06-29 23:19:14,002 INFO:Total games: 530
2023-06-29 23:20:35,263 INFO:Total games: 540
2023-06-29 23:21:57,514 INFO:Total games: 550
2023-06-29 23:22:07,316 INFO:Loaded new best model
2023-06-29 23:23:25,761 INFO:Total games: 560
2023-06-29 23:24:55,163 INFO:Total games: 570
2023-06-29 23:26:04,335 INFO:Total games: 580
2023-06-29 23:27:18,007 INFO:Total games: 590
2023-06-29 23:28:37,872 INFO:Total games: 600
2023-06-29 23:30:05,201 INFO:Total games: 610
2023-06-29 23:31:36,925 INFO:Total games: 620
2023-06-29 23:33:13,860 INFO:Total games: 630
2023-06-29 23:34:37,568 INFO:Total games: 640
2023-06-29 23:36:15,016 INFO:Total games: 650
2023-06-29 23:37:45,391 INFO:Total games: 660
2023-06-29 23:39:16,838 INFO:Total games: 670
2023-06-29 23:40:33,673 INFO:Total games: 680
2023-06-29 23:41:34,303 INFO:Loaded new best model
2023-06-29 23:41:54,721 INFO:Total games: 690
2023-06-29 23:43:35,227 INFO:Total games: 700
2023-06-29 23:45:08,674 INFO:Total games: 710
2023-06-29 23:46:34,123 INFO:Total games: 720
2023-06-29 23:48:12,908 INFO:Total games: 730
2023-06-29 23:49:56,299 INFO:Total games: 740
2023-06-29 23:51:33,876 INFO:Total games: 750
2023-06-29 23:53:12,899 INFO:Total games: 760
2023-06-29 23:54:39,693 INFO:Total games: 770
2023-06-29 23:56:14,072 INFO:Total games: 780
2023-06-29 23:57:53,794 INFO:Total games: 790
2023-06-29 23:59:20,284 INFO:Total games: 800
2023-06-30 00:00:41,124 INFO:Total games: 810
2023-06-30 00:02:16,682 INFO:Total games: 820
2023-06-30 00:03:40,183 INFO:Total games: 830
2023-06-30 00:05:16,241 INFO:Total games: 840
2023-06-30 00:06:42,911 INFO:Total games: 850
2023-06-30 00:07:55,589 INFO:Total games: 860
2023-06-30 00:09:38,816 INFO:Total games: 870
2023-06-30 00:11:19,584 INFO:Total games: 880
2023-06-30 00:13:07,654 INFO:Total games: 890
2023-06-30 00:14:45,086 INFO:Total games: 900
2023-06-30 00:16:25,584 INFO:Total games: 910
2023-06-30 00:18:00,198 INFO:Total games: 920
2023-06-30 00:19:30,500 INFO:Total games: 930
2023-06-30 00:21:09,098 INFO:Total games: 940
2023-06-30 00:22:54,227 INFO:Total games: 950
2023-06-30 00:22:54,642 INFO:Loaded new best model
2023-06-30 00:24:20,203 INFO:Total games: 960
2023-06-30 00:25:42,171 INFO:Total games: 970
2023-06-30 00:27:09,011 INFO:Total games: 980
2023-06-30 00:28:48,395 INFO:Total games: 990
2023-06-30 00:30:20,975 INFO:Total games: 1000
2023-06-30 00:32:00,538 INFO:Total games: 1010
2023-06-30 00:33:43,013 INFO:Total games: 1020
2023-06-30 00:35:11,603 INFO:Total games: 1030
2023-06-30 00:36:48,255 INFO:Total games: 1040
2023-06-30 00:38:17,514 INFO:Total games: 1050
2023-06-30 00:40:01,224 INFO:Total games: 1060
2023-06-30 00:41:26,714 INFO:Total games: 1070
2023-06-30 00:42:59,061 INFO:Total games: 1080
2023-06-30 00:44:24,812 INFO:Total games: 1090
2023-06-30 00:45:50,294 INFO:Total games: 1100
2023-06-30 00:47:29,949 INFO:Total games: 1110
2023-06-30 00:48:55,797 INFO:Total games: 1120
2023-06-30 00:50:29,098 INFO:Total games: 1130
2023-06-30 00:52:12,970 INFO:Total games: 1140
2023-06-30 00:53:58,952 INFO:Total games: 1150
2023-06-30 00:55:41,827 INFO:Total games: 1160
2023-06-30 00:57:07,300 INFO:Total games: 1170
2023-06-30 00:58:27,166 INFO:Total games: 1180
2023-06-30 01:00:04,519 INFO:Total games: 1190
2023-06-30 01:01:37,733 INFO:Total games: 1200
2023-06-30 01:03:12,897 INFO:Total games: 1210
2023-06-30 01:04:40,383 INFO:Total games: 1220
2023-06-30 01:06:17,987 INFO:Total games: 1230
2023-06-30 01:07:38,761 INFO:Total games: 1240
2023-06-30 01:09:17,748 INFO:Total games: 1250
2023-06-30 01:10:43,652 INFO:Total games: 1260
2023-06-30 01:12:16,383 INFO:Total games: 1270
2023-06-30 01:13:41,888 INFO:Total games: 1280
2023-06-30 01:15:20,797 INFO:Total games: 1290
2023-06-30 01:16:53,911 INFO:Total games: 1300
2023-06-30 01:18:31,620 INFO:Total games: 1310
2023-06-30 01:19:54,722 INFO:Total games: 1320
2023-06-30 01:21:25,642 INFO:Total games: 1330
2023-06-30 01:23:00,699 INFO:Total games: 1340
2023-06-30 01:24:16,517 INFO:Loaded new best model
2023-06-30 01:24:37,796 INFO:Total games: 1350
2023-06-30 01:26:07,046 INFO:Total games: 1360
2023-06-30 01:27:48,154 INFO:Total games: 1370
2023-06-30 01:29:29,899 INFO:Total games: 1380
2023-06-30 01:31:17,291 INFO:Total games: 1390
2023-06-30 01:33:03,287 INFO:Total games: 1400
2023-06-30 01:34:54,466 INFO:Total games: 1410
2023-06-30 01:36:32,779 INFO:Total games: 1420
2023-06-30 01:38:22,624 INFO:Total games: 1430
2023-06-30 01:40:02,000 INFO:Total games: 1440
2023-06-30 01:41:34,982 INFO:Total games: 1450
2023-06-30 01:43:20,296 INFO:Total games: 1460
2023-06-30 01:44:55,809 INFO:Total games: 1470
2023-06-30 01:46:25,814 INFO:Total games: 1480
2023-06-30 01:48:05,276 INFO:Total games: 1490
2023-06-30 01:49:46,769 INFO:Total games: 1500
2023-06-30 01:51:17,032 INFO:Total games: 1510
2023-06-30 01:52:56,515 INFO:Total games: 1520
2023-06-30 01:54:27,645 INFO:Total games: 1530
2023-06-30 01:56:12,304 INFO:Total games: 1540
2023-06-30 01:58:00,160 INFO:Total games: 1550
2023-06-30 01:59:48,993 INFO:Total games: 1560
2023-06-30 02:01:31,836 INFO:Total games: 1570
2023-06-30 02:03:00,956 INFO:Total games: 1580
2023-06-30 02:03:26,679 INFO:Loaded new best model
2023-06-30 02:04:41,497 INFO:Total games: 1590
2023-06-30 02:06:31,116 INFO:Total games: 1600
2023-06-30 02:08:22,306 INFO:Total games: 1610
2023-06-30 02:10:15,461 INFO:Total games: 1620
2023-06-30 02:12:06,507 INFO:Total games: 1630
2023-06-30 02:14:00,802 INFO:Total games: 1640
2023-06-30 02:15:49,658 INFO:Total games: 1650
2023-06-30 02:17:42,902 INFO:Total games: 1660
2023-06-30 02:19:31,525 INFO:Total games: 1670
2023-06-30 02:21:22,658 INFO:Total games: 1680
2023-06-30 02:23:19,423 INFO:Total games: 1690
2023-06-30 02:25:10,541 INFO:Total games: 1700
2023-06-30 02:27:00,980 INFO:Total games: 1710
2023-06-30 02:28:48,525 INFO:Total games: 1720
2023-06-30 02:30:42,933 INFO:Total games: 1730
2023-06-30 02:32:37,675 INFO:Total games: 1740
2023-06-30 02:34:31,190 INFO:Total games: 1750
2023-06-30 02:36:24,076 INFO:Total games: 1760
2023-06-30 02:38:19,848 INFO:Total games: 1770
2023-06-30 02:40:08,197 INFO:Total games: 1780
2023-06-30 02:41:56,184 INFO:Total games: 1790
2023-06-30 02:43:52,402 INFO:Total games: 1800
2023-06-30 02:45:38,983 INFO:Total games: 1810
2023-06-30 02:47:27,355 INFO:Total games: 1820
2023-06-30 02:49:16,904 INFO:Total games: 1830
2023-06-30 02:51:05,351 INFO:Total games: 1840
2023-06-30 02:52:54,886 INFO:Total games: 1850
2023-06-30 02:54:42,598 INFO:Total games: 1860
2023-06-30 02:56:36,257 INFO:Total games: 1870
2023-06-30 02:58:29,022 INFO:Total games: 1880
2023-06-30 03:00:17,813 INFO:Total games: 1890
2023-06-30 03:02:07,608 INFO:Total games: 1900
2023-06-30 03:03:58,323 INFO:Total games: 1910
2023-06-30 03:05:46,850 INFO:Total games: 1920
2023-06-30 03:07:39,742 INFO:Total games: 1930
2023-06-30 03:09:23,410 INFO:Total games: 1940
2023-06-30 03:11:13,546 INFO:Total games: 1950
2023-06-30 03:13:11,880 INFO:Total games: 1960
2023-06-30 03:15:06,525 INFO:Total games: 1970
2023-06-30 03:16:58,590 INFO:Total games: 1980
2023-06-30 03:18:46,968 INFO:Total games: 1990
2023-06-30 03:20:42,640 INFO:Total games: 2000
2023-06-30 03:22:33,078 INFO:Total games: 2010
2023-06-30 03:24:21,658 INFO:Total games: 2020
2023-06-30 03:26:19,718 INFO:Total games: 2030
2023-06-30 03:28:10,617 INFO:Total games: 2040
2023-06-30 03:29:51,343 INFO:Total games: 2050
2023-06-30 03:31:36,122 INFO:Total games: 2060
2023-06-30 03:33:32,508 INFO:Total games: 2070
2023-06-30 03:35:25,580 INFO:Total games: 2080
2023-06-30 03:37:17,876 INFO:Total games: 2090
2023-06-30 03:39:06,943 INFO:Total games: 2100
2023-06-30 03:40:55,786 INFO:Total games: 2110
2023-06-30 03:42:50,004 INFO:Total games: 2120
2023-06-30 03:44:40,917 INFO:Total games: 2130
2023-06-30 03:46:34,382 INFO:Total games: 2140
2023-06-30 03:48:26,958 INFO:Total games: 2150
2023-06-30 03:50:15,538 INFO:Total games: 2160
2023-06-30 03:52:08,276 INFO:Total games: 2170
2023-06-30 03:53:57,446 INFO:Total games: 2180
2023-06-30 03:55:47,082 INFO:Total games: 2190
2023-06-30 03:57:34,223 INFO:Total games: 2200
2023-06-30 03:59:29,030 INFO:Total games: 2210
2023-06-30 04:01:14,274 INFO:Total games: 2220
2023-06-30 04:03:04,446 INFO:Total games: 2230
2023-06-30 04:04:57,436 INFO:Total games: 2240
2023-06-30 04:06:51,466 INFO:Total games: 2250
2023-06-30 04:08:41,795 INFO:Total games: 2260
2023-06-30 04:10:30,470 INFO:Total games: 2270
2023-06-30 04:12:10,226 INFO:Total games: 2280
2023-06-30 04:13:58,505 INFO:Total games: 2290
2023-06-30 04:15:47,272 INFO:Total games: 2300
2023-06-30 04:17:39,045 INFO:Total games: 2310
2023-06-30 04:19:30,497 INFO:Total games: 2320
2023-06-30 04:21:25,277 INFO:Total games: 2330
2023-06-30 04:23:12,871 INFO:Total games: 2340
2023-06-30 04:25:02,539 INFO:Total games: 2350
2023-06-30 04:26:50,930 INFO:Total games: 2360
2023-06-30 04:28:45,156 INFO:Total games: 2370
2023-06-30 04:30:35,499 INFO:Total games: 2380
2023-06-30 04:32:24,790 INFO:Total games: 2390
2023-06-30 04:34:12,137 INFO:Total games: 2400
2023-06-30 04:36:03,824 INFO:Total games: 2410
2023-06-30 04:37:57,184 INFO:Total games: 2420
2023-06-30 04:39:40,887 INFO:Total games: 2430
2023-06-30 04:41:30,026 INFO:Total games: 2440
2023-06-30 04:43:20,317 INFO:Total games: 2450
2023-06-30 04:45:12,191 INFO:Total games: 2460
2023-06-30 04:47:08,265 INFO:Total games: 2470
2023-06-30 04:49:00,295 INFO:Total games: 2480
2023-06-30 04:50:55,135 INFO:Total games: 2490
2023-06-30 04:52:43,368 INFO:Total games: 2500
2023-06-30 04:54:27,288 INFO:Total games: 2510
2023-06-30 04:56:21,301 INFO:Total games: 2520
2023-06-30 04:58:11,861 INFO:Total games: 2530
2023-06-30 05:00:08,083 INFO:Total games: 2540
2023-06-30 05:01:53,879 INFO:Total games: 2550
2023-06-30 05:03:44,772 INFO:Total games: 2560
2023-06-30 05:05:36,887 INFO:Total games: 2570
2023-06-30 05:07:34,687 INFO:Total games: 2580
2023-06-30 05:09:28,287 INFO:Total games: 2590
2023-06-30 05:11:18,963 INFO:Total games: 2600
2023-06-30 05:13:04,550 INFO:Total games: 2610
2023-06-30 05:14:59,401 INFO:Total games: 2620
2023-06-30 05:16:53,039 INFO:Total games: 2630
2023-06-30 05:18:44,588 INFO:Total games: 2640
2023-06-30 05:20:36,531 INFO:Total games: 2650
2023-06-30 05:22:27,268 INFO:Total games: 2660
2023-06-30 05:24:22,051 INFO:Total games: 2670
2023-06-30 05:26:09,017 INFO:Total games: 2680
2023-06-30 05:28:03,338 INFO:Total games: 2690
2023-06-30 05:29:54,317 INFO:Total games: 2700
2023-06-30 05:31:47,720 INFO:Total games: 2710
2023-06-30 05:33:28,132 INFO:Total games: 2720
2023-06-30 05:35:11,175 INFO:Total games: 2730
2023-06-30 05:36:56,838 INFO:Total games: 2740
2023-06-30 05:38:50,087 INFO:Total games: 2750
2023-06-30 05:40:47,141 INFO:Total games: 2760
2023-06-30 05:42:40,643 INFO:Total games: 2770
2023-06-30 05:44:33,482 INFO:Total games: 2780
2023-06-30 05:46:24,715 INFO:Total games: 2790
2023-06-30 05:48:09,203 INFO:Total games: 2800
2023-06-30 05:50:02,207 INFO:Total games: 2810
2023-06-30 05:51:49,952 INFO:Total games: 2820
2023-06-30 05:53:38,606 INFO:Total games: 2830
2023-06-30 05:55:26,173 INFO:Total games: 2840
2023-06-30 05:57:12,769 INFO:Total games: 2850
2023-06-30 05:59:08,417 INFO:Total games: 2860
2023-06-30 06:01:02,606 INFO:Total games: 2870
2023-06-30 06:02:53,882 INFO:Total games: 2880
2023-06-30 06:04:46,570 INFO:Total games: 2890
2023-06-30 06:06:35,855 INFO:Total games: 2900
2023-06-30 06:08:32,046 INFO:Total games: 2910
2023-06-30 06:10:24,335 INFO:Total games: 2920
2023-06-30 06:12:15,816 INFO:Total games: 2930
2023-06-30 06:14:01,958 INFO:Total games: 2940
2023-06-30 06:15:41,821 INFO:Total games: 2950
2023-06-30 06:17:34,435 INFO:Total games: 2960
2023-06-30 06:19:28,497 INFO:Total games: 2970
2023-06-30 06:21:23,211 INFO:Total games: 2980
2023-06-30 06:23:12,267 INFO:Total games: 2990
2023-06-30 06:25:05,730 INFO:Total games: 3000
2023-06-30 06:26:56,778 INFO:Total games: 3010
2023-06-30 06:28:51,496 INFO:Total games: 3020
2023-06-30 06:30:46,054 INFO:Total games: 3030
2023-06-30 06:32:40,199 INFO:Total games: 3040
2023-06-30 06:34:22,349 INFO:Total games: 3050
2023-06-30 06:36:18,167 INFO:Total games: 3060
2023-06-30 06:37:59,540 INFO:Total games: 3070
2023-06-30 06:39:51,700 INFO:Total games: 3080
2023-06-30 06:41:39,112 INFO:Total games: 3090
2023-06-30 06:43:22,462 INFO:Total games: 3100
2023-06-30 06:45:02,779 INFO:Total games: 3110
2023-06-30 06:46:59,457 INFO:Total games: 3120
2023-06-30 06:48:45,943 INFO:Total games: 3130
2023-06-30 06:50:34,292 INFO:Total games: 3140
2023-06-30 06:52:22,787 INFO:Total games: 3150
2023-06-30 06:54:14,658 INFO:Total games: 3160
2023-06-30 06:56:10,076 INFO:Total games: 3170
2023-06-30 06:57:54,453 INFO:Total games: 3180
2023-06-30 06:59:43,319 INFO:Total games: 3190
2023-06-30 07:01:35,718 INFO:Total games: 3200
2023-06-30 07:03:21,831 INFO:Total games: 3210
2023-06-30 07:05:15,518 INFO:Total games: 3220
2023-06-30 07:07:13,427 INFO:Total games: 3230
2023-06-30 07:09:05,299 INFO:Total games: 3240
2023-06-30 07:10:58,427 INFO:Total games: 3250
2023-06-30 07:12:46,339 INFO:Total games: 3260
2023-06-30 07:14:36,848 INFO:Total games: 3270
2023-06-30 07:16:25,715 INFO:Total games: 3280
2023-06-30 07:18:04,787 INFO:Total games: 3290
2023-06-30 07:19:59,074 INFO:Total games: 3300
2023-06-30 07:21:46,949 INFO:Total games: 3310
2023-06-30 07:23:40,988 INFO:Total games: 3320
2023-06-30 07:25:33,129 INFO:Total games: 3330
2023-06-30 07:27:33,370 INFO:Total games: 3340
2023-06-30 07:29:19,557 INFO:Total games: 3350
2023-06-30 07:31:12,503 INFO:Total games: 3360
2023-06-30 07:33:03,119 INFO:Total games: 3370
2023-06-30 07:34:56,668 INFO:Total games: 3380
2023-06-30 07:36:43,278 INFO:Total games: 3390
2023-06-30 07:38:33,868 INFO:Total games: 3400
2023-06-30 07:40:22,309 INFO:Total games: 3410
2023-06-30 07:42:16,292 INFO:Total games: 3420
2023-06-30 07:44:04,709 INFO:Total games: 3430
2023-06-30 07:45:57,094 INFO:Total games: 3440
2023-06-30 07:47:45,207 INFO:Total games: 3450
2023-06-30 07:49:41,757 INFO:Total games: 3460
2023-06-30 07:51:31,147 INFO:Total games: 3470
2023-06-30 07:53:21,203 INFO:Total games: 3480
2023-06-30 07:55:13,969 INFO:Total games: 3490
2023-06-30 07:57:02,519 INFO:Total games: 3500
2023-06-30 07:58:47,369 INFO:Total games: 3510
2023-06-30 08:00:40,179 INFO:Total games: 3520
2023-06-30 08:02:33,617 INFO:Total games: 3530
2023-06-30 08:04:27,379 INFO:Total games: 3540
2023-06-30 08:06:15,568 INFO:Total games: 3550
2023-06-30 08:08:02,604 INFO:Total games: 3560
2023-06-30 08:09:45,194 INFO:Total games: 3570
2023-06-30 08:11:43,119 INFO:Total games: 3580
2023-06-30 08:13:36,320 INFO:Total games: 3590
2023-06-30 08:15:29,898 INFO:Total games: 3600
2023-06-30 08:17:24,955 INFO:Total games: 3610
2023-06-30 08:19:06,897 INFO:Total games: 3620
2023-06-30 08:20:52,156 INFO:Total games: 3630
2023-06-30 08:22:41,109 INFO:Total games: 3640
2023-06-30 08:24:37,542 INFO:Total games: 3650
2023-06-30 08:26:17,330 INFO:Total games: 3660
2023-06-30 08:28:03,928 INFO:Total games: 3670
2023-06-30 08:29:56,239 INFO:Total games: 3680
2023-06-30 08:31:47,537 INFO:Total games: 3690
2023-06-30 08:33:36,437 INFO:Total games: 3700
2023-06-30 08:35:35,044 INFO:Total games: 3710
2023-06-30 08:37:28,152 INFO:Total games: 3720
2023-06-30 08:39:15,297 INFO:Total games: 3730
2023-06-30 08:40:57,101 INFO:Total games: 3740
2023-06-30 08:42:43,922 INFO:Total games: 3750
2023-06-30 08:44:32,106 INFO:Total games: 3760
2023-06-30 08:46:22,979 INFO:Total games: 3770
2023-06-30 08:48:20,742 INFO:Total games: 3780
2023-06-30 08:50:06,534 INFO:Total games: 3790
2023-06-30 08:51:53,625 INFO:Total games: 3800
2023-06-30 08:53:45,818 INFO:Total games: 3810
2023-06-30 08:55:38,608 INFO:Total games: 3820
2023-06-30 08:57:27,555 INFO:Total games: 3830
2023-06-30 08:59:21,776 INFO:Total games: 3840
2023-06-30 09:01:06,067 INFO:Total games: 3850
2023-06-30 09:02:54,939 INFO:Total games: 3860
2023-06-30 09:04:49,447 INFO:Total games: 3870
2023-06-30 09:06:42,350 INFO:Total games: 3880
2023-06-30 09:08:31,533 INFO:Total games: 3890
2023-06-30 09:10:18,172 INFO:Total games: 3900
2023-06-30 09:12:16,083 INFO:Total games: 3910
2023-06-30 09:14:07,442 INFO:Total games: 3920
2023-06-30 09:15:58,864 INFO:Total games: 3930
2023-06-30 09:17:49,620 INFO:Total games: 3940
2023-06-30 09:19:40,171 INFO:Total games: 3950
2023-06-30 09:21:25,052 INFO:Total games: 3960
2023-06-30 09:23:18,302 INFO:Total games: 3970
2023-06-30 09:25:20,654 INFO:Total games: 3980
2023-06-30 09:27:14,409 INFO:Total games: 3990
2023-06-30 09:29:08,812 INFO:Total games: 4000
2023-06-30 09:30:51,616 INFO:Total games: 4010
2023-06-30 09:32:41,445 INFO:Total games: 4020
2023-06-30 09:34:29,483 INFO:Total games: 4030
2023-06-30 09:36:19,937 INFO:Total games: 4040
2023-06-30 09:38:10,651 INFO:Total games: 4050
2023-06-30 09:39:54,874 INFO:Total games: 4060
2023-06-30 09:41:41,346 INFO:Total games: 4070
2023-06-30 09:43:22,984 INFO:Total games: 4080
2023-06-30 09:45:10,337 INFO:Total games: 4090
2023-06-30 09:47:01,067 INFO:Total games: 4100
2023-06-30 09:48:51,820 INFO:Total games: 4110
2023-06-30 09:50:50,168 INFO:Total games: 4120
2023-06-30 09:52:41,517 INFO:Total games: 4130
2023-06-30 09:54:35,277 INFO:Total games: 4140
2023-06-30 09:56:26,477 INFO:Total games: 4150
2023-06-30 09:58:19,962 INFO:Total games: 4160
2023-06-30 10:00:06,851 INFO:Total games: 4170
2023-06-30 10:01:48,218 INFO:Total games: 4180
2023-06-30 10:03:44,148 INFO:Total games: 4190
2023-06-30 10:05:31,639 INFO:Total games: 4200
2023-06-30 10:07:26,401 INFO:Total games: 4210
2023-06-30 10:09:17,209 INFO:Total games: 4220
2023-06-30 10:11:11,143 INFO:Total games: 4230
2023-06-30 10:12:59,711 INFO:Total games: 4240
2023-06-30 10:14:50,028 INFO:Total games: 4250
2023-06-30 10:16:44,254 INFO:Total games: 4260
2023-06-30 10:18:43,144 INFO:Total games: 4270
2023-06-30 10:20:36,324 INFO:Total games: 4280
2023-06-30 10:22:19,304 INFO:Total games: 4290
2023-06-30 10:24:04,419 INFO:Total games: 4300
2023-06-30 10:25:56,765 INFO:Total games: 4310
2023-06-30 10:27:47,956 INFO:Total games: 4320
2023-06-30 10:29:34,755 INFO:Total games: 4330
2023-06-30 10:31:35,735 INFO:Total games: 4340
2023-06-30 10:33:30,244 INFO:Total games: 4350
2023-06-30 10:35:21,742 INFO:Total games: 4360
2023-06-30 10:37:10,159 INFO:Total games: 4370
2023-06-30 10:38:54,528 INFO:Total games: 4380
2023-06-30 10:40:47,157 INFO:Total games: 4390
2023-06-30 10:42:33,277 INFO:Total games: 4400
2023-06-30 10:44:23,443 INFO:Total games: 4410
2023-06-30 10:46:27,796 INFO:Total games: 4420
2023-06-30 10:48:16,060 INFO:Total games: 4430
2023-06-30 10:50:08,994 INFO:Total games: 4440
2023-06-30 10:51:54,220 INFO:Total games: 4450
2023-06-30 10:53:48,396 INFO:Total games: 4460
2023-06-30 10:55:38,718 INFO:Total games: 4470
2023-06-30 10:57:31,311 INFO:Total games: 4480
2023-06-30 10:59:33,675 INFO:Total games: 4490
2023-06-30 11:01:22,524 INFO:Total games: 4500
2023-06-30 11:03:09,754 INFO:Total games: 4510
2023-06-30 11:04:54,335 INFO:Total games: 4520
2023-06-30 11:06:41,162 INFO:Total games: 4530
2023-06-30 11:08:33,429 INFO:Total games: 4540
2023-06-30 11:10:15,996 INFO:Total games: 4550
2023-06-30 11:12:06,975 INFO:Total games: 4560
2023-06-30 11:14:11,293 INFO:Total games: 4570
2023-06-30 11:15:58,648 INFO:Total games: 4580
2023-06-30 11:17:47,735 INFO:Total games: 4590
2023-06-30 11:19:40,551 INFO:Total games: 4600
2023-06-30 11:21:34,561 INFO:Total games: 4610
2023-06-30 11:23:22,387 INFO:Total games: 4620
2023-06-30 11:25:06,656 INFO:Total games: 4630
2023-06-30 11:26:56,406 INFO:Total games: 4640
2023-06-30 11:28:54,290 INFO:Total games: 4650
2023-06-30 11:30:43,769 INFO:Total games: 4660
2023-06-30 11:32:31,445 INFO:Total games: 4670
2023-06-30 11:34:18,960 INFO:Total games: 4680
2023-06-30 11:36:14,386 INFO:Total games: 4690
2023-06-30 11:38:06,544 INFO:Total games: 4700
2023-06-30 11:39:56,713 INFO:Total games: 4710
2023-06-30 11:41:47,622 INFO:Total games: 4720
2023-06-30 11:42:29,087 INFO:Loaded new best model
2023-06-30 11:43:36,990 INFO:Total games: 4730
2023-06-30 11:45:07,838 INFO:Total games: 4740
2023-06-30 11:46:39,527 INFO:Total games: 4750
2023-06-30 11:48:13,818 INFO:Total games: 4760
2023-06-30 11:49:46,731 INFO:Total games: 4770
2023-06-30 11:51:17,130 INFO:Total games: 4780
2023-06-30 11:52:55,372 INFO:Total games: 4790
2023-06-30 11:54:32,348 INFO:Total games: 4800
2023-06-30 11:56:09,336 INFO:Total games: 4810
2023-06-30 11:57:44,270 INFO:Total games: 4820
2023-06-30 11:59:17,952 INFO:Total games: 4830
2023-06-30 12:01:04,012 INFO:Total games: 4840
2023-06-30 12:02:27,792 INFO:Total games: 4850
2023-06-30 12:03:57,944 INFO:Total games: 4860
2023-06-30 12:05:30,748 INFO:Total games: 4870
2023-06-30 12:07:09,231 INFO:Total games: 4880
2023-06-30 12:08:46,948 INFO:Total games: 4890
2023-06-30 12:10:20,764 INFO:Total games: 4900
2023-06-30 12:11:53,857 INFO:Total games: 4910
2023-06-30 12:13:32,821 INFO:Total games: 4920
2023-06-30 12:15:13,650 INFO:Total games: 4930
2023-06-30 12:16:49,954 INFO:Total games: 4940
2023-06-30 12:18:37,977 INFO:Total games: 4950
2023-06-30 12:20:18,443 INFO:Total games: 4960
2023-06-30 12:21:58,887 INFO:Total games: 4970
2023-06-30 12:23:31,357 INFO:Total games: 4980
2023-06-30 12:25:01,624 INFO:Total games: 4990
2023-06-30 12:26:30,959 INFO:Total games: 5000
2023-06-30 12:28:08,213 INFO:Total games: 5010
2023-06-30 12:29:43,227 INFO:Total games: 5020
2023-06-30 12:31:16,768 INFO:Total games: 5030
2023-06-30 12:32:56,301 INFO:Total games: 5040
2023-06-30 12:34:43,224 INFO:Total games: 5050
2023-06-30 12:36:24,968 INFO:Total games: 5060
2023-06-30 12:38:10,533 INFO:Total games: 5070
2023-06-30 12:39:55,775 INFO:Total games: 5080
2023-06-30 12:41:42,659 INFO:Total games: 5090
2023-06-30 12:43:22,869 INFO:Total games: 5100
2023-06-30 12:45:01,318 INFO:Total games: 5110
2023-06-30 12:46:40,311 INFO:Total games: 5120
2023-06-30 12:48:32,229 INFO:Total games: 5130
2023-06-30 12:50:03,337 INFO:Total games: 5140
2023-06-30 12:51:33,612 INFO:Total games: 5150
2023-06-30 12:53:07,434 INFO:Total games: 5160
2023-06-30 12:54:59,584 INFO:Total games: 5170
2023-06-30 12:56:32,683 INFO:Total games: 5180
2023-06-30 12:58:06,541 INFO:Total games: 5190
2023-06-30 12:59:44,645 INFO:Total games: 5200
2023-06-30 13:01:14,815 INFO:Total games: 5210
2023-06-30 13:02:52,287 INFO:Total games: 5220
2023-06-30 13:04:30,203 INFO:Total games: 5230
2023-06-30 13:06:03,611 INFO:Total games: 5240
2023-06-30 13:07:38,531 INFO:Total games: 5250
2023-06-30 13:09:12,554 INFO:Total games: 5260
2023-06-30 13:09:32,845 INFO:Loaded new best model
2023-06-30 13:11:01,713 INFO:Total games: 5270
2023-06-30 13:13:01,766 INFO:Total games: 5280
2023-06-30 13:14:59,653 INFO:Total games: 5290
2023-06-30 13:17:00,887 INFO:Total games: 5300
2023-06-30 13:18:58,432 INFO:Total games: 5310
2023-06-30 13:20:56,594 INFO:Total games: 5320
2023-06-30 13:22:54,506 INFO:Total games: 5330
2023-06-30 13:24:55,309 INFO:Total games: 5340
2023-06-30 13:27:00,097 INFO:Total games: 5350
2023-06-30 13:29:05,925 INFO:Total games: 5360
2023-06-30 13:31:27,414 INFO:Total games: 5370
2023-06-30 13:33:27,537 INFO:Total games: 5380
2023-06-30 13:35:27,356 INFO:Total games: 5390
2023-06-30 13:37:25,335 INFO:Total games: 5400
2023-06-30 13:39:25,220 INFO:Total games: 5410
2023-06-30 13:41:39,180 INFO:Total games: 5420
2023-06-30 13:43:39,415 INFO:Total games: 5430
2023-06-30 13:45:33,853 INFO:Total games: 5440
2023-06-30 13:47:32,973 INFO:Total games: 5450
2023-06-30 13:49:41,449 INFO:Total games: 5460
2023-06-30 13:51:39,273 INFO:Total games: 5470
2023-06-30 13:53:32,198 INFO:Total games: 5480
2023-06-30 13:55:29,836 INFO:Total games: 5490
2023-06-30 13:57:31,347 INFO:Total games: 5500
2023-06-30 13:59:24,947 INFO:Total games: 5510
2023-06-30 14:01:18,812 INFO:Total games: 5520
2023-06-30 14:03:09,409 INFO:Total games: 5530
2023-06-30 14:05:09,318 INFO:Total games: 5540
2023-06-30 14:07:02,137 INFO:Total games: 5550
2023-06-30 14:09:13,177 INFO:Total games: 5560
2023-06-30 14:11:11,930 INFO:Total games: 5570
2023-06-30 14:13:09,018 INFO:Total games: 5580
2023-06-30 14:15:09,886 INFO:Total games: 5590
2023-06-30 14:17:06,915 INFO:Total games: 5600
2023-06-30 14:18:59,055 INFO:Total games: 5610
2023-06-30 14:20:57,040 INFO:Total games: 5620
2023-06-30 14:22:48,756 INFO:Total games: 5630
2023-06-30 14:24:38,962 INFO:Total games: 5640
2023-06-30 14:26:43,362 INFO:Total games: 5650
2023-06-30 14:28:40,532 INFO:Total games: 5660
2023-06-30 14:30:39,956 INFO:Total games: 5670
2023-06-30 14:32:37,715 INFO:Total games: 5680
2023-06-30 14:34:31,222 INFO:Total games: 5690
2023-06-30 14:36:28,382 INFO:Total games: 5700
2023-06-30 14:38:27,317 INFO:Total games: 5710
2023-06-30 14:40:23,339 INFO:Total games: 5720
2023-06-30 14:42:20,333 INFO:Total games: 5730
2023-06-30 14:44:12,419 INFO:Total games: 5740
2023-06-30 14:46:14,731 INFO:Total games: 5750
2023-06-30 14:48:09,419 INFO:Total games: 5760
2023-06-30 14:50:07,621 INFO:Total games: 5770
2023-06-30 14:52:01,535 INFO:Total games: 5780
2023-06-30 14:53:58,274 INFO:Total games: 5790
2023-06-30 14:55:56,815 INFO:Total games: 5800
2023-06-30 14:57:53,094 INFO:Total games: 5810
2023-06-30 14:59:50,687 INFO:Total games: 5820
2023-06-30 15:01:47,058 INFO:Total games: 5830
2023-06-30 15:03:42,352 INFO:Total games: 5840
2023-06-30 15:05:49,883 INFO:Total games: 5850
2023-06-30 15:07:41,622 INFO:Total games: 5860
2023-06-30 15:09:40,687 INFO:Total games: 5870
2023-06-30 15:11:36,379 INFO:Total games: 5880
2023-06-30 15:13:22,447 INFO:Total games: 5890
2023-06-30 15:15:18,296 INFO:Total games: 5900
2023-06-30 15:17:15,277 INFO:Total games: 5910
2023-06-30 15:19:12,490 INFO:Total games: 5920
2023-06-30 15:21:05,537 INFO:Total games: 5930
2023-06-30 15:23:00,704 INFO:Total games: 5940
2023-06-30 15:24:53,407 INFO:Total games: 5950
2023-06-30 15:27:01,203 INFO:Total games: 5960
2023-06-30 15:28:54,736 INFO:Total games: 5970
2023-06-30 15:30:50,067 INFO:Total games: 5980
2023-06-30 15:32:45,793 INFO:Total games: 5990
2023-06-30 15:34:42,588 INFO:Total games: 6000
2023-06-30 15:36:40,320 INFO:Total games: 6010
2023-06-30 15:38:37,137 INFO:Total games: 6020
2023-06-30 15:40:34,554 INFO:Total games: 6030
2023-06-30 15:42:30,121 INFO:Total games: 6040
2023-06-30 15:44:26,547 INFO:Total games: 6050
2023-06-30 15:46:36,820 INFO:Total games: 6060
2023-06-30 15:48:27,117 INFO:Total games: 6070
2023-06-30 15:50:19,743 INFO:Total games: 6080
2023-06-30 15:52:14,221 INFO:Total games: 6090
2023-06-30 15:54:11,955 INFO:Total games: 6100
2023-06-30 15:56:08,418 INFO:Total games: 6110
2023-06-30 15:58:05,944 INFO:Total games: 6120
2023-06-30 16:00:03,872 INFO:Total games: 6130
2023-06-30 16:01:58,928 INFO:Total games: 6140
2023-06-30 16:03:55,313 INFO:Total games: 6150
2023-06-30 16:05:49,326 INFO:Total games: 6160
2023-06-30 16:07:59,924 INFO:Total games: 6170
2023-06-30 16:10:06,504 INFO:Total games: 6180
2023-06-30 16:12:07,952 INFO:Total games: 6190
2023-06-30 16:14:10,974 INFO:Total games: 6200
2023-06-30 16:16:17,676 INFO:Total games: 6210
2023-06-30 16:18:23,033 INFO:Total games: 6220
2023-06-30 16:20:30,206 INFO:Total games: 6230
2023-06-30 16:22:27,402 INFO:Total games: 6240
2023-06-30 16:24:26,253 INFO:Total games: 6250
2023-06-30 16:26:22,959 INFO:Total games: 6260
2023-06-30 16:28:33,961 INFO:Total games: 6270
2023-06-30 16:30:29,443 INFO:Total games: 6280
2023-06-30 16:32:26,832 INFO:Total games: 6290
2023-06-30 16:34:18,222 INFO:Total games: 6300
2023-06-30 16:36:11,986 INFO:Total games: 6310
2023-06-30 16:38:08,310 INFO:Total games: 6320
2023-06-30 16:40:06,122 INFO:Total games: 6330
2023-06-30 16:42:01,791 INFO:Total games: 6340
2023-06-30 16:43:58,551 INFO:Total games: 6350
2023-06-30 16:45:55,237 INFO:Total games: 6360
2023-06-30 16:47:52,097 INFO:Total games: 6370
2023-06-30 16:50:05,501 INFO:Total games: 6380
2023-06-30 16:52:03,052 INFO:Total games: 6390
2023-06-30 16:53:58,871 INFO:Total games: 6400
2023-06-30 16:55:54,284 INFO:Total games: 6410
2023-06-30 16:57:41,538 INFO:Total games: 6420
2023-06-30 16:59:32,438 INFO:Total games: 6430
2023-06-30 17:01:32,036 INFO:Total games: 6440
2023-06-30 17:03:27,794 INFO:Total games: 6450
2023-06-30 17:05:24,954 INFO:Total games: 6460
2023-06-30 17:07:19,511 INFO:Total games: 6470
2023-06-30 17:09:13,841 INFO:Total games: 6480
2023-06-30 17:11:10,193 INFO:Total games: 6490
2023-06-30 17:13:21,336 INFO:Total games: 6500
2023-06-30 17:15:19,027 INFO:Total games: 6510
2023-06-30 17:17:18,032 INFO:Total games: 6520
2023-06-30 17:19:11,501 INFO:Total games: 6530
2023-06-30 17:21:07,106 INFO:Total games: 6540
2023-06-30 17:23:04,339 INFO:Total games: 6550
2023-06-30 17:25:00,720 INFO:Total games: 6560
2023-06-30 17:26:56,395 INFO:Total games: 6570
2023-06-30 17:28:53,673 INFO:Total games: 6580
2023-06-30 17:30:45,069 INFO:Total games: 6590
2023-06-30 17:32:41,085 INFO:Total games: 6600
2023-06-30 17:34:53,718 INFO:Total games: 6610
2023-06-30 17:36:51,115 INFO:Total games: 6620
2023-06-30 17:38:49,968 INFO:Total games: 6630
2023-06-30 17:40:35,808 INFO:Total games: 6640
2023-06-30 17:42:30,964 INFO:Total games: 6650
2023-06-30 17:44:24,227 INFO:Total games: 6660
2023-06-30 17:46:20,523 INFO:Total games: 6670
2023-06-30 17:48:14,893 INFO:Total games: 6680
2023-06-30 17:50:10,566 INFO:Total games: 6690
2023-06-30 17:52:09,139 INFO:Total games: 6700
2023-06-30 17:54:06,077 INFO:Total games: 6710
2023-06-30 17:56:02,812 INFO:Total games: 6720
2023-06-30 17:58:18,077 INFO:Total games: 6730
2023-06-30 18:00:09,890 INFO:Total games: 6740
2023-06-30 18:01:59,600 INFO:Total games: 6750
2023-06-30 18:03:57,006 INFO:Total games: 6760
2023-06-30 18:05:55,780 INFO:Total games: 6770
2023-06-30 18:07:54,134 INFO:Total games: 6780
2023-06-30 18:09:53,586 INFO:Total games: 6790
2023-06-30 18:11:50,831 INFO:Total games: 6800
2023-06-30 18:13:49,828 INFO:Total games: 6810
2023-06-30 18:15:45,529 INFO:Total games: 6820
2023-06-30 18:17:42,424 INFO:Total games: 6830
2023-06-30 18:19:53,180 INFO:Total games: 6840
2023-06-30 18:21:41,727 INFO:Total games: 6850
2023-06-30 18:23:37,554 INFO:Total games: 6860
2023-06-30 18:25:33,520 INFO:Total games: 6870
2023-06-30 18:27:32,098 INFO:Total games: 6880
2023-06-30 18:29:31,010 INFO:Total games: 6890
2023-06-30 18:31:26,606 INFO:Total games: 6900
2023-06-30 18:33:22,310 INFO:Total games: 6910
2023-06-30 18:35:18,098 INFO:Total games: 6920
2023-06-30 18:37:13,780 INFO:Total games: 6930
2023-06-30 18:39:10,719 INFO:Total games: 6940
2023-06-30 18:41:06,431 INFO:Total games: 6950
2023-06-30 18:43:16,121 INFO:Total games: 6960
2023-06-30 18:45:13,764 INFO:Total games: 6970
2023-06-30 18:47:11,515 INFO:Total games: 6980
2023-06-30 18:49:09,914 INFO:Total games: 6990
2023-06-30 18:51:08,312 INFO:Total games: 7000
2023-06-30 18:53:06,204 INFO:Total games: 7010
2023-06-30 18:55:02,304 INFO:Total games: 7020
2023-06-30 18:57:00,586 INFO:Total games: 7030
2023-06-30 18:58:57,876 INFO:Total games: 7040
2023-06-30 19:00:56,303 INFO:Total games: 7050
2023-06-30 19:02:48,153 INFO:Total games: 7060
2023-06-30 19:04:38,916 INFO:Total games: 7070
2023-06-30 19:06:33,642 INFO:Total games: 7080
2023-06-30 19:08:48,591 INFO:Total games: 7090
2023-06-30 19:10:44,600 INFO:Total games: 7100
2023-06-30 19:12:38,926 INFO:Total games: 7110
2023-06-30 19:14:35,147 INFO:Total games: 7120
2023-06-30 19:16:32,385 INFO:Total games: 7130
2023-06-30 19:18:29,010 INFO:Total games: 7140
2023-06-30 19:20:26,307 INFO:Total games: 7150
2023-06-30 19:22:24,080 INFO:Total games: 7160
2023-06-30 19:24:14,187 INFO:Total games: 7170
2023-06-30 19:26:04,550 INFO:Total games: 7180
2023-06-30 19:27:56,565 INFO:Total games: 7190
2023-06-30 19:29:52,814 INFO:Total games: 7200
2023-06-30 19:32:06,373 INFO:Total games: 7210
2023-06-30 19:34:05,391 INFO:Total games: 7220
2023-06-30 19:35:59,633 INFO:Total games: 7230
2023-06-30 19:37:55,627 INFO:Total games: 7240
2023-06-30 19:39:54,099 INFO:Total games: 7250
2023-06-30 19:41:49,207 INFO:Total games: 7260
2023-06-30 19:43:48,138 INFO:Total games: 7270
2023-06-30 19:45:42,042 INFO:Total games: 7280
2023-06-30 19:47:27,923 INFO:Total games: 7290
2023-06-30 19:49:26,196 INFO:Total games: 7300
2023-06-30 19:51:19,623 INFO:Total games: 7310
2023-06-30 19:53:12,803 INFO:Total games: 7320
2023-06-30 19:55:10,171 INFO:Total games: 7330
2023-06-30 19:57:27,706 INFO:Total games: 7340
2023-06-30 19:59:23,336 INFO:Total games: 7350
2023-06-30 20:01:22,488 INFO:Total games: 7360
2023-06-30 20:03:17,504 INFO:Total games: 7370
2023-06-30 20:05:15,528 INFO:Total games: 7380
2023-06-30 20:07:07,483 INFO:Total games: 7390
2023-06-30 20:09:03,499 INFO:Total games: 7400
2023-06-30 20:11:01,990 INFO:Total games: 7410
2023-06-30 20:13:00,529 INFO:Total games: 7420
2023-06-30 20:14:58,842 INFO:Total games: 7430
2023-06-30 20:16:49,227 INFO:Total games: 7440
2023-06-30 20:18:44,838 INFO:Total games: 7450
2023-06-30 20:20:41,711 INFO:Total games: 7460
2023-06-30 20:22:58,191 INFO:Total games: 7470
2023-06-30 20:24:56,408 INFO:Total games: 7480
2023-06-30 20:26:50,720 INFO:Total games: 7490
2023-06-30 20:28:37,870 INFO:Total games: 7500
2023-06-30 20:30:35,477 INFO:Total games: 7510
2023-06-30 20:32:33,094 INFO:Total games: 7520
2023-06-30 20:34:31,664 INFO:Total games: 7530
2023-06-30 20:36:29,972 INFO:Total games: 7540
2023-06-30 20:38:20,530 INFO:Total games: 7550
2023-06-30 20:40:16,484 INFO:Total games: 7560
2023-06-30 20:42:15,410 INFO:Total games: 7570
2023-06-30 20:44:09,953 INFO:Total games: 7580
2023-06-30 20:46:07,725 INFO:Total games: 7590
2023-06-30 20:48:11,332 INFO:Total games: 7600
2023-06-30 20:50:01,843 INFO:Total games: 7610
2023-06-30 20:51:57,655 INFO:Total games: 7620
2023-06-30 20:53:56,265 INFO:Total games: 7630
2023-06-30 20:55:50,269 INFO:Total games: 7640
2023-06-30 20:57:49,192 INFO:Total games: 7650
2023-06-30 20:59:46,808 INFO:Total games: 7660
2023-06-30 21:01:45,567 INFO:Total games: 7670
2023-06-30 21:03:42,043 INFO:Total games: 7680
2023-06-30 21:05:40,790 INFO:Total games: 7690
2023-06-30 21:07:37,913 INFO:Total games: 7700
2023-06-30 21:09:33,251 INFO:Total games: 7710
2023-06-30 21:11:22,874 INFO:Total games: 7720
2023-06-30 21:13:19,241 INFO:Total games: 7730
2023-06-30 21:15:36,281 INFO:Total games: 7740
2023-06-30 21:17:35,246 INFO:Total games: 7750
2023-06-30 21:19:33,175 INFO:Total games: 7760
2023-06-30 21:21:29,663 INFO:Total games: 7770
2023-06-30 21:23:28,207 INFO:Total games: 7780
2023-06-30 21:25:27,491 INFO:Total games: 7790
2023-06-30 21:27:26,507 INFO:Total games: 7800
2023-06-30 21:29:25,946 INFO:Total games: 7810
2023-06-30 21:31:15,695 INFO:Total games: 7820
2023-06-30 21:33:11,701 INFO:Total games: 7830
2023-06-30 21:35:08,689 INFO:Total games: 7840
2023-06-30 21:37:03,347 INFO:Total games: 7850
2023-06-30 21:38:56,982 INFO:Total games: 7860
2023-06-30 21:40:54,337 INFO:Total games: 7870
2023-06-30 21:43:10,028 INFO:Total games: 7880
2023-06-30 21:45:07,821 INFO:Total games: 7890
2023-06-30 21:47:07,228 INFO:Total games: 7900
2023-06-30 21:49:05,096 INFO:Total games: 7910
2023-06-30 21:51:01,496 INFO:Total games: 7920
2023-06-30 21:52:56,436 INFO:Total games: 7930
2023-06-30 21:54:54,087 INFO:Total games: 7940
2023-06-30 21:56:51,676 INFO:Total games: 7950
2023-06-30 21:58:49,334 INFO:Total games: 7960
2023-06-30 22:00:44,834 INFO:Total games: 7970
2023-06-30 22:02:38,432 INFO:Total games: 7980
2023-06-30 22:04:33,257 INFO:Total games: 7990
2023-06-30 22:06:31,259 INFO:Total games: 8000
2023-06-30 22:08:24,862 INFO:Total games: 8010
2023-06-30 22:10:43,908 INFO:Total games: 8020
2023-06-30 22:12:36,914 INFO:Total games: 8030
2023-06-30 22:14:35,616 INFO:Total games: 8040
2023-06-30 22:16:35,471 INFO:Total games: 8050
2023-06-30 22:18:32,002 INFO:Total games: 8060
2023-06-30 22:20:29,684 INFO:Total games: 8070
2023-06-30 22:22:27,844 INFO:Total games: 8080
2023-06-30 22:24:25,931 INFO:Total games: 8090
2023-06-30 22:26:24,336 INFO:Total games: 8100
2023-06-30 22:28:17,995 INFO:Total games: 8110
2023-06-30 22:30:16,446 INFO:Total games: 8120
2023-06-30 22:32:06,110 INFO:Total games: 8130
2023-06-30 22:33:55,829 INFO:Total games: 8140
2023-06-30 22:35:47,236 INFO:Total games: 8150
2023-06-30 22:38:03,984 INFO:Total games: 8160
2023-06-30 22:39:53,439 INFO:Total games: 8170
2023-06-30 22:41:53,522 INFO:Total games: 8180
2023-06-30 22:43:53,160 INFO:Total games: 8190
2023-06-30 22:45:48,620 INFO:Total games: 8200
2023-06-30 22:47:42,164 INFO:Total games: 8210
2023-06-30 22:49:40,179 INFO:Total games: 8220
2023-06-30 22:51:37,081 INFO:Total games: 8230
2023-06-30 22:53:29,326 INFO:Total games: 8240
2023-06-30 22:55:23,282 INFO:Total games: 8250
2023-06-30 22:57:15,768 INFO:Total games: 8260
2023-06-30 22:59:06,472 INFO:Total games: 8270
2023-06-30 23:01:02,461 INFO:Total games: 8280
2023-06-30 23:02:57,186 INFO:Total games: 8290
2023-06-30 23:04:48,210 INFO:Total games: 8300
2023-06-30 23:07:07,927 INFO:Total games: 8310
2023-06-30 23:09:05,351 INFO:Total games: 8320
2023-06-30 23:11:04,714 INFO:Total games: 8330
2023-06-30 23:13:03,373 INFO:Total games: 8340
2023-06-30 23:14:55,236 INFO:Total games: 8350
2023-06-30 23:16:44,698 INFO:Total games: 8360
2023-06-30 23:18:43,606 INFO:Total games: 8370
2023-06-30 23:20:43,028 INFO:Total games: 8380
2023-06-30 23:22:40,052 INFO:Total games: 8390
2023-06-30 23:24:35,250 INFO:Total games: 8400
2023-06-30 23:26:29,275 INFO:Total games: 8410
2023-06-30 23:28:27,961 INFO:Total games: 8420
2023-06-30 23:30:25,593 INFO:Total games: 8430
2023-06-30 23:32:21,364 INFO:Total games: 8440
2023-06-30 23:34:41,848 INFO:Total games: 8450
2023-06-30 23:36:31,569 INFO:Total games: 8460
2023-06-30 23:38:25,831 INFO:Total games: 8470
2023-06-30 23:40:24,546 INFO:Total games: 8480
2023-06-30 23:42:22,575 INFO:Total games: 8490
2023-06-30 23:44:18,915 INFO:Total games: 8500
2023-06-30 23:46:17,871 INFO:Total games: 8510
2023-06-30 23:48:11,863 INFO:Total games: 8520
2023-06-30 23:50:11,351 INFO:Total games: 8530
2023-06-30 23:52:06,996 INFO:Total games: 8540
2023-06-30 23:54:02,067 INFO:Total games: 8550
2023-06-30 23:56:00,154 INFO:Total games: 8560
2023-06-30 23:57:51,720 INFO:Total games: 8570
2023-06-30 23:59:40,358 INFO:Total games: 8580
2023-07-01 00:01:35,276 INFO:Total games: 8590
2023-07-01 00:03:27,015 INFO:Total games: 8600
2023-07-01 00:05:47,995 INFO:Total games: 8610
2023-07-01 00:07:45,423 INFO:Total games: 8620
2023-07-01 00:09:44,555 INFO:Total games: 8630
2023-07-01 00:11:41,165 INFO:Total games: 8640
2023-07-01 00:13:34,917 INFO:Total games: 8650
2023-07-01 00:15:33,583 INFO:Total games: 8660
2023-07-01 00:17:32,566 INFO:Total games: 8670
2023-07-01 00:19:24,483 INFO:Total games: 8680
2023-07-01 00:21:19,454 INFO:Total games: 8690
2023-07-01 00:23:13,715 INFO:Total games: 8700
2023-07-01 00:25:11,574 INFO:Total games: 8710
2023-07-01 00:27:07,878 INFO:Total games: 8720
2023-07-01 00:28:59,476 INFO:Total games: 8730
2023-07-01 00:30:53,341 INFO:Total games: 8740
2023-07-01 00:32:48,237 INFO:Total games: 8750
2023-07-01 00:35:06,557 INFO:Total games: 8760
2023-07-01 00:36:56,018 INFO:Total games: 8770
2023-07-01 00:38:51,949 INFO:Total games: 8780
2023-07-01 00:40:45,541 INFO:Total games: 8790
2023-07-01 00:42:43,962 INFO:Total games: 8800
2023-07-01 00:44:42,872 INFO:Total games: 8810
2023-07-01 00:46:40,288 INFO:Total games: 8820
2023-07-01 00:48:35,465 INFO:Total games: 8830
2023-07-01 00:50:31,586 INFO:Total games: 8840
2023-07-01 00:52:28,448 INFO:Total games: 8850
2023-07-01 00:54:26,885 INFO:Total games: 8860
2023-07-01 00:56:22,159 INFO:Total games: 8870
2023-07-01 00:58:17,360 INFO:Total games: 8880
2023-07-01 01:00:09,263 INFO:Total games: 8890
2023-07-01 01:01:56,336 INFO:Total games: 8900
2023-07-01 01:03:51,927 INFO:Total games: 8910
2023-07-01 01:06:08,141 INFO:Total games: 8920
2023-07-01 01:08:01,997 INFO:Total games: 8930
2023-07-01 01:10:01,204 INFO:Total games: 8940
2023-07-01 01:12:01,099 INFO:Total games: 8950
2023-07-01 01:14:00,323 INFO:Total games: 8960
2023-07-01 01:15:59,584 INFO:Total games: 8970
2023-07-01 01:17:53,672 INFO:Total games: 8980
2023-07-01 01:19:50,024 INFO:Total games: 8990
2023-07-01 01:21:44,651 INFO:Total games: 9000
2023-07-01 01:23:38,851 INFO:Total games: 9010
2023-07-01 01:25:36,905 INFO:Total games: 9020
2023-07-01 01:27:31,703 INFO:Total games: 9030
2023-07-01 01:29:27,185 INFO:Total games: 9040
2023-07-01 01:31:22,187 INFO:Total games: 9050
2023-07-01 01:33:20,115 INFO:Total games: 9060
2023-07-01 01:35:18,173 INFO:Total games: 9070
2023-07-01 01:37:40,659 INFO:Total games: 9080
2023-07-01 01:39:35,484 INFO:Total games: 9090
2023-07-01 01:41:27,920 INFO:Total games: 9100
2023-07-01 01:43:16,930 INFO:Total games: 9110
2023-07-01 01:45:11,174 INFO:Total games: 9120
2023-07-01 01:47:07,618 INFO:Total games: 9130
2023-07-01 01:49:00,780 INFO:Total games: 9140
2023-07-01 01:50:59,803 INFO:Total games: 9150
2023-07-01 01:52:58,806 INFO:Total games: 9160
2023-07-01 01:54:57,331 INFO:Total games: 9170
2023-07-01 01:56:53,688 INFO:Total games: 9180
2023-07-01 01:58:46,793 INFO:Total games: 9190
2023-07-01 02:00:41,989 INFO:Total games: 9200
2023-07-01 02:02:34,846 INFO:Total games: 9210
2023-07-01 02:04:23,159 INFO:Total games: 9220
2023-07-01 02:06:14,320 INFO:Total games: 9230
2023-07-01 02:08:32,260 INFO:Total games: 9240
2023-07-01 02:10:25,694 INFO:Total games: 9250
2023-07-01 02:12:24,506 INFO:Total games: 9260
2023-07-01 02:14:14,608 INFO:Total games: 9270
2023-07-01 02:16:11,922 INFO:Total games: 9280
2023-07-01 02:18:09,796 INFO:Total games: 9290
2023-07-01 02:20:09,814 INFO:Total games: 9300
2023-07-01 02:22:08,594 INFO:Total games: 9310
2023-07-01 02:24:08,615 INFO:Total games: 9320
2023-07-01 02:25:59,506 INFO:Total games: 9330
2023-07-01 02:27:57,114 INFO:Total games: 9340
2023-07-01 02:29:53,239 INFO:Total games: 9350
2023-07-01 02:31:51,535 INFO:Total games: 9360
2023-07-01 02:33:50,004 INFO:Total games: 9370
2023-07-01 02:35:44,778 INFO:Total games: 9380
2023-07-01 02:37:40,552 INFO:Total games: 9390
2023-07-01 02:39:36,270 INFO:Total games: 9400
2023-07-01 02:42:00,071 INFO:Total games: 9410
2023-07-01 02:43:52,345 INFO:Total games: 9420
2023-07-01 02:45:42,957 INFO:Total games: 9430
2023-07-01 02:47:33,982 INFO:Total games: 9440
2023-07-01 02:49:30,824 INFO:Total games: 9450
2023-07-01 02:51:27,899 INFO:Total games: 9460
2023-07-01 02:53:25,556 INFO:Total games: 9470
2023-07-01 02:55:22,514 INFO:Total games: 9480
2023-07-01 02:57:20,282 INFO:Total games: 9490
2023-07-01 02:59:18,431 INFO:Total games: 9500
2023-07-01 03:01:14,140 INFO:Total games: 9510
2023-07-01 03:03:09,371 INFO:Total games: 9520
2023-07-01 03:05:07,776 INFO:Total games: 9530
2023-07-01 03:07:03,164 INFO:Total games: 9540
2023-07-01 03:08:55,173 INFO:Total games: 9550
2023-07-01 03:10:55,344 INFO:Total games: 9560
2023-07-01 03:12:52,988 INFO:Total games: 9570
2023-07-01 03:15:18,435 INFO:Total games: 9580
2023-07-01 03:17:13,003 INFO:Total games: 9590
2023-07-01 03:19:12,786 INFO:Total games: 9600
2023-07-01 03:21:07,193 INFO:Total games: 9610
2023-07-01 03:23:05,812 INFO:Total games: 9620
2023-07-01 03:25:01,894 INFO:Total games: 9630
2023-07-01 03:26:57,462 INFO:Total games: 9640
2023-07-01 03:28:50,121 INFO:Total games: 9650
2023-07-01 03:30:47,646 INFO:Total games: 9660
2023-07-01 03:32:44,717 INFO:Total games: 9670
2023-07-01 03:34:42,036 INFO:Total games: 9680
2023-07-01 03:36:37,939 INFO:Total games: 9690
2023-07-01 03:38:28,173 INFO:Total games: 9700
2023-07-01 03:40:22,302 INFO:Total games: 9710
2023-07-01 03:42:20,059 INFO:Total games: 9720
2023-07-01 03:44:17,627 INFO:Total games: 9730
2023-07-01 03:46:14,748 INFO:Total games: 9740
2023-07-01 03:48:32,817 INFO:Total games: 9750
2023-07-01 03:50:27,579 INFO:Total games: 9760
2023-07-01 03:52:24,275 INFO:Total games: 9770
2023-07-01 03:54:21,315 INFO:Total games: 9780
2023-07-01 03:56:20,628 INFO:Total games: 9790
2023-07-01 03:58:22,465 INFO:Total games: 9800
2023-07-01 04:00:21,704 INFO:Total games: 9810
2023-07-01 04:02:18,920 INFO:Total games: 9820
2023-07-01 04:04:18,406 INFO:Total games: 9830
2023-07-01 04:06:13,457 INFO:Total games: 9840
2023-07-01 04:08:09,038 INFO:Total games: 9850
2023-07-01 04:10:01,277 INFO:Total games: 9860
2023-07-01 04:11:50,385 INFO:Total games: 9870
2023-07-01 04:13:46,536 INFO:Total games: 9880
2023-07-01 04:15:44,439 INFO:Total games: 9890
2023-07-01 04:17:36,243 INFO:Total games: 9900
2023-07-01 04:19:33,760 INFO:Total games: 9910
2023-07-01 04:21:28,759 INFO:Total games: 9920
2023-07-01 04:23:54,047 INFO:Total games: 9930
2023-07-01 04:25:51,443 INFO:Total games: 9940
2023-07-01 04:27:50,192 INFO:Total games: 9950
2023-07-01 04:29:46,764 INFO:Total games: 9960
2023-07-01 04:31:42,207 INFO:Total games: 9970
2023-07-01 04:33:36,837 INFO:Total games: 9980
2023-07-01 04:35:34,661 INFO:Total games: 9990
2023-07-01 04:37:33,799 INFO:Total games: 10000
2023-07-01 04:39:32,776 INFO:Total games: 10010
2023-07-01 04:41:28,585 INFO:Total games: 10020
2023-07-01 04:43:26,196 INFO:Total games: 10030
2023-07-01 04:45:17,847 INFO:Total games: 10040
2023-07-01 04:47:09,923 INFO:Total games: 10050
2023-07-01 04:49:07,192 INFO:Total games: 10060
2023-07-01 04:51:01,761 INFO:Total games: 10070
2023-07-01 04:52:54,091 INFO:Total games: 10080
2023-07-01 04:54:48,352 INFO:Total games: 10090
2023-07-01 04:56:46,067 INFO:Total games: 10100
2023-07-01 04:59:10,876 INFO:Total games: 10110
2023-07-01 05:01:08,824 INFO:Total games: 10120
2023-07-01 05:03:06,042 INFO:Total games: 10130
2023-07-01 05:05:04,480 INFO:Total games: 10140
2023-07-01 05:07:01,839 INFO:Total games: 10150
2023-07-01 05:09:00,559 INFO:Total games: 10160
2023-07-01 05:10:59,636 INFO:Total games: 10170
2023-07-01 05:12:49,797 INFO:Total games: 10180
2023-07-01 05:14:42,453 INFO:Total games: 10190
2023-07-01 05:16:34,186 INFO:Total games: 10200
2023-07-01 05:18:30,598 INFO:Total games: 10210
2023-07-01 05:20:26,830 INFO:Total games: 10220
2023-07-01 05:22:21,174 INFO:Total games: 10230
2023-07-01 05:24:19,453 INFO:Total games: 10240
2023-07-01 05:26:17,739 INFO:Total games: 10250
2023-07-01 05:28:14,681 INFO:Total games: 10260
2023-07-01 05:30:11,724 INFO:Total games: 10270
2023-07-01 05:32:07,859 INFO:Total games: 10280
2023-07-01 05:34:31,548 INFO:Total games: 10290
2023-07-01 05:36:22,604 INFO:Total games: 10300
2023-07-01 05:38:18,544 INFO:Total games: 10310
2023-07-01 05:40:17,592 INFO:Total games: 10320
2023-07-01 05:42:16,829 INFO:Total games: 10330
2023-07-01 05:44:15,740 INFO:Total games: 10340
2023-07-01 05:46:13,639 INFO:Total games: 10350
2023-07-01 05:48:06,777 INFO:Total games: 10360
2023-07-01 05:50:00,791 INFO:Total games: 10370
2023-07-01 05:51:59,602 INFO:Total games: 10380
2023-07-01 05:53:56,415 INFO:Total games: 10390
2023-07-01 05:55:49,646 INFO:Total games: 10400
2023-07-01 05:57:44,715 INFO:Total games: 10410
2023-07-01 05:59:40,881 INFO:Total games: 10420
2023-07-01 06:01:38,738 INFO:Total games: 10430
2023-07-01 06:03:37,163 INFO:Total games: 10440
2023-07-01 06:05:34,504 INFO:Total games: 10450
2023-07-01 06:07:23,731 INFO:Total games: 10460
2023-07-01 06:09:22,748 INFO:Total games: 10470
2023-07-01 06:11:51,365 INFO:Total games: 10480
2023-07-01 06:13:50,462 INFO:Total games: 10490
2023-07-01 06:15:45,436 INFO:Total games: 10500
2023-07-01 06:17:37,073 INFO:Total games: 10510
2023-07-01 06:19:36,907 INFO:Total games: 10520
2023-07-01 06:21:35,868 INFO:Total games: 10530
2023-07-01 06:23:32,086 INFO:Total games: 10540
2023-07-01 06:25:22,188 INFO:Total games: 10550
2023-07-01 06:27:21,512 INFO:Total games: 10560
2023-07-01 06:29:20,756 INFO:Total games: 10570
2023-07-01 06:31:21,703 INFO:Total games: 10580
2023-07-01 06:33:10,505 INFO:Total games: 10590
2023-07-01 06:35:04,978 INFO:Total games: 10600
2023-07-01 06:36:55,069 INFO:Total games: 10610
2023-07-01 06:38:46,555 INFO:Total games: 10620
2023-07-01 06:40:39,792 INFO:Total games: 10630
2023-07-01 06:42:34,346 INFO:Total games: 10640
2023-07-01 06:44:27,906 INFO:Total games: 10650
2023-07-01 06:46:26,268 INFO:Total games: 10660
2023-07-01 06:48:50,383 INFO:Total games: 10670
2023-07-01 06:50:41,310 INFO:Total games: 10680
2023-07-01 06:52:36,497 INFO:Total games: 10690
2023-07-01 06:54:34,889 INFO:Total games: 10700
2023-07-01 06:56:33,023 INFO:Total games: 10710
2023-07-01 06:58:26,020 INFO:Total games: 10720
2023-07-01 07:00:16,399 INFO:Total games: 10730
2023-07-01 07:02:10,675 INFO:Total games: 10740
2023-07-01 07:04:04,981 INFO:Total games: 10750
2023-07-01 07:06:00,811 INFO:Total games: 10760
2023-07-01 07:07:57,117 INFO:Total games: 10770
2023-07-01 07:09:51,381 INFO:Total games: 10780
2023-07-01 07:11:49,474 INFO:Total games: 10790
2023-07-01 07:13:45,565 INFO:Total games: 10800
2023-07-01 07:15:44,106 INFO:Total games: 10810
2023-07-01 07:17:41,337 INFO:Total games: 10820
2023-07-01 07:19:32,928 INFO:Total games: 10830
2023-07-01 07:21:23,744 INFO:Total games: 10840
2023-07-01 07:23:16,703 INFO:Total games: 10850
2023-07-01 07:25:45,920 INFO:Total games: 10860
2023-07-01 07:27:42,314 INFO:Total games: 10870
2023-07-01 07:29:38,892 INFO:Total games: 10880
2023-07-01 07:31:38,173 INFO:Total games: 10890
2023-07-01 07:33:30,294 INFO:Total games: 10900
2023-07-01 07:35:29,717 INFO:Total games: 10910
2023-07-01 07:37:26,543 INFO:Total games: 10920
2023-07-01 07:39:21,250 INFO:Total games: 10930
2023-07-01 07:41:13,329 INFO:Total games: 10940
2023-07-01 07:43:09,319 INFO:Total games: 10950
2023-07-01 07:45:08,526 INFO:Total games: 10960
2023-07-01 07:47:04,290 INFO:Total games: 10970
2023-07-01 07:48:59,865 INFO:Total games: 10980
2023-07-01 07:50:58,573 INFO:Total games: 10990
2023-07-01 07:52:54,975 INFO:Total games: 11000
2023-07-01 07:54:52,582 INFO:Total games: 11010
2023-07-01 07:56:50,096 INFO:Total games: 11020
2023-07-01 07:58:43,492 INFO:Total games: 11030
2023-07-01 08:00:37,122 INFO:Total games: 11040
2023-07-01 08:02:27,345 INFO:Total games: 11050
2023-07-01 08:04:55,174 INFO:Total games: 11060
2023-07-01 08:06:49,647 INFO:Total games: 11070
2023-07-01 08:08:47,982 INFO:Total games: 11080
2023-07-01 08:10:43,128 INFO:Total games: 11090
2023-07-01 08:12:33,335 INFO:Total games: 11100
2023-07-01 08:14:32,958 INFO:Total games: 11110
2023-07-01 08:16:30,807 INFO:Total games: 11120
2023-07-01 08:18:29,993 INFO:Total games: 11130
2023-07-01 08:20:28,743 INFO:Total games: 11140
2023-07-01 08:22:14,828 INFO:Total games: 11150
2023-07-01 08:24:08,289 INFO:Total games: 11160
2023-07-01 08:26:08,415 INFO:Total games: 11170
2023-07-01 08:28:04,214 INFO:Total games: 11180
2023-07-01 08:30:02,539 INFO:Total games: 11190
2023-07-01 08:32:01,712 INFO:Total games: 11200
2023-07-01 08:34:00,647 INFO:Total games: 11210
2023-07-01 08:35:53,154 INFO:Total games: 11220
2023-07-01 08:37:51,364 INFO:Total games: 11230
2023-07-01 08:39:47,226 INFO:Total games: 11240
2023-07-01 08:41:43,732 INFO:Total games: 11250
2023-07-01 08:44:01,970 INFO:Total games: 11260
2023-07-01 08:45:52,967 INFO:Total games: 11270
2023-07-01 08:47:51,236 INFO:Total games: 11280
2023-07-01 08:49:50,829 INFO:Total games: 11290
2023-07-01 08:51:49,891 INFO:Total games: 11300
2023-07-01 08:53:45,776 INFO:Total games: 11310
2023-07-01 08:55:45,304 INFO:Total games: 11320
2023-07-01 08:57:41,350 INFO:Total games: 11330
2023-07-01 08:59:40,278 INFO:Total games: 11340
2023-07-01 09:01:36,124 INFO:Total games: 11350
2023-07-01 09:03:35,478 INFO:Total games: 11360
2023-07-01 09:05:28,455 INFO:Total games: 11370
2023-07-01 09:07:11,264 INFO:Total games: 11380
2023-07-01 09:09:08,420 INFO:Total games: 11390
2023-07-01 09:11:05,948 INFO:Total games: 11400
2023-07-01 09:13:03,878 INFO:Total games: 11410
2023-07-01 09:15:02,374 INFO:Total games: 11420
2023-07-01 09:16:58,707 INFO:Total games: 11430
2023-07-01 09:18:56,710 INFO:Total games: 11440
2023-07-01 09:20:49,619 INFO:Total games: 11450
2023-07-01 09:22:45,860 INFO:Total games: 11460
2023-07-01 09:25:12,683 INFO:Total games: 11470
2023-07-01 09:27:02,950 INFO:Total games: 11480
2023-07-01 09:29:01,756 INFO:Total games: 11490
2023-07-01 09:31:00,577 INFO:Total games: 11500
2023-07-01 09:32:57,836 INFO:Total games: 11510
2023-07-01 09:34:55,768 INFO:Total games: 11520
2023-07-01 09:36:50,151 INFO:Total games: 11530
2023-07-01 09:38:48,267 INFO:Total games: 11540
2023-07-01 09:40:45,516 INFO:Total games: 11550
2023-07-01 09:42:44,053 INFO:Total games: 11560
2023-07-01 09:44:42,037 INFO:Total games: 11570
2023-07-01 09:46:33,240 INFO:Total games: 11580
2023-07-01 09:48:22,878 INFO:Total games: 11590
2023-07-01 09:50:08,593 INFO:Total games: 11600
2023-07-01 09:52:07,088 INFO:Total games: 11610
2023-07-01 09:54:05,500 INFO:Total games: 11620
2023-07-01 09:56:05,702 INFO:Total games: 11630
2023-07-01 09:58:03,532 INFO:Total games: 11640
2023-07-01 09:59:59,070 INFO:Total games: 11650
2023-07-01 10:01:55,040 INFO:Total games: 11660
2023-07-01 10:03:52,124 INFO:Total games: 11670
2023-07-01 10:06:23,541 INFO:Total games: 11680
2023-07-01 10:08:20,797 INFO:Total games: 11690
2023-07-01 10:10:14,813 INFO:Total games: 11700
2023-07-01 10:12:10,884 INFO:Total games: 11710
2023-07-01 10:14:06,131 INFO:Total games: 11720
2023-07-01 10:16:02,922 INFO:Total games: 11730
2023-07-01 10:17:57,579 INFO:Total games: 11740
2023-07-01 10:19:56,487 INFO:Total games: 11750
2023-07-01 10:21:54,354 INFO:Total games: 11760
2023-07-01 10:23:54,277 INFO:Total games: 11770
2023-07-01 10:25:53,342 INFO:Total games: 11780
2023-07-01 10:27:52,336 INFO:Total games: 11790
2023-07-01 10:29:42,720 INFO:Total games: 11800
2023-07-01 10:31:39,421 INFO:Total games: 11810
2023-07-01 10:33:38,511 INFO:Total games: 11820
2023-07-01 10:35:36,090 INFO:Total games: 11830
2023-07-01 10:37:34,930 INFO:Total games: 11840
2023-07-01 10:39:25,493 INFO:Total games: 11850
2023-07-01 10:41:23,278 INFO:Total games: 11860
2023-07-01 10:43:20,806 INFO:Total games: 11870
2023-07-01 10:45:13,122 INFO:Total games: 11880
2023-07-01 10:47:42,318 INFO:Total games: 11890
2023-07-01 10:49:35,762 INFO:Total games: 11900
2023-07-01 10:51:25,691 INFO:Total games: 11910
2023-07-01 10:53:17,144 INFO:Total games: 11920
2023-07-01 10:55:13,977 INFO:Total games: 11930
2023-07-01 10:57:13,037 INFO:Total games: 11940
2023-07-01 10:59:08,803 INFO:Total games: 11950
2023-07-01 11:01:07,707 INFO:Total games: 11960
2023-07-01 11:03:05,819 INFO:Total games: 11970
2023-07-01 11:05:03,876 INFO:Total games: 11980
2023-07-01 11:06:57,757 INFO:Total games: 11990
2023-07-01 11:08:56,505 INFO:Total games: 12000
2023-07-01 11:10:46,273 INFO:Total games: 12010
2023-07-01 11:12:38,677 INFO:Total games: 12020
2023-07-01 11:14:36,036 INFO:Total games: 12030
2023-07-01 11:16:34,820 INFO:Total games: 12040
2023-07-01 11:18:31,057 INFO:Total games: 12050
2023-07-01 11:20:28,814 INFO:Total games: 12060
2023-07-01 11:22:21,403 INFO:Total games: 12070
2023-07-01 11:24:18,529 INFO:Total games: 12080
2023-07-01 11:26:16,395 INFO:Total games: 12090
2023-07-01 11:28:10,503 INFO:Total games: 12100
2023-07-01 11:30:44,633 INFO:Total games: 12110
2023-07-01 11:32:34,776 INFO:Total games: 12120
2023-07-01 11:34:31,999 INFO:Total games: 12130
2023-07-01 11:36:30,951 INFO:Total games: 12140
2023-07-01 11:38:23,653 INFO:Total games: 12150
2023-07-01 11:40:22,653 INFO:Total games: 12160
2023-07-01 11:42:21,530 INFO:Total games: 12170
2023-07-01 11:44:19,173 INFO:Total games: 12180
2023-07-01 11:46:16,190 INFO:Total games: 12190
2023-07-01 11:48:15,303 INFO:Total games: 12200
2023-07-01 11:50:14,758 INFO:Total games: 12210
2023-07-01 11:52:04,792 INFO:Total games: 12220
2023-07-01 11:53:53,754 INFO:Total games: 12230
2023-07-01 11:55:43,934 INFO:Total games: 12240
2023-07-01 11:57:41,025 INFO:Total games: 12250
2023-07-01 11:59:37,650 INFO:Total games: 12260
2023-07-01 12:01:32,268 INFO:Total games: 12270
2023-07-01 12:03:28,372 INFO:Total games: 12280
2023-07-01 12:05:25,177 INFO:Total games: 12290
2023-07-01 12:07:23,429 INFO:Total games: 12300
2023-07-01 12:09:19,159 INFO:Total games: 12310
2023-07-01 12:11:15,561 INFO:Total games: 12320
2023-07-01 12:13:49,764 INFO:Total games: 12330
2023-07-01 12:15:42,287 INFO:Total games: 12340
2023-07-01 12:17:37,589 INFO:Total games: 12350
2023-07-01 12:19:35,791 INFO:Total games: 12360
2023-07-01 12:21:35,031 INFO:Total games: 12370
2023-07-01 12:23:33,576 INFO:Total games: 12380
2023-07-01 12:25:32,596 INFO:Total games: 12390
2023-07-01 12:27:29,481 INFO:Total games: 12400
2023-07-01 12:29:27,854 INFO:Total games: 12410
2023-07-01 12:31:23,984 INFO:Total games: 12420
2023-07-01 12:33:24,772 INFO:Total games: 12430
2023-07-01 12:35:21,624 INFO:Total games: 12440
2023-07-01 12:37:13,222 INFO:Total games: 12450
2023-07-01 12:39:12,671 INFO:Total games: 12460
2023-07-01 12:41:11,296 INFO:Total games: 12470
2023-07-01 12:43:07,378 INFO:Total games: 12480
2023-07-01 12:45:06,351 INFO:Total games: 12490
2023-07-01 12:47:00,856 INFO:Total games: 12500
2023-07-01 12:48:55,651 INFO:Total games: 12510
2023-07-01 12:50:52,075 INFO:Total games: 12520
2023-07-01 12:52:48,782 INFO:Total games: 12530
2023-07-01 12:54:47,099 INFO:Total games: 12540
2023-07-01 12:57:10,465 INFO:Total games: 12550
2023-07-01 12:59:06,470 INFO:Total games: 12560
2023-07-01 13:01:04,205 INFO:Total games: 12570
2023-07-01 13:03:00,446 INFO:Total games: 12580
2023-07-01 13:04:59,116 INFO:Total games: 12590
2023-07-01 13:06:55,821 INFO:Total games: 12600
2023-07-01 13:08:51,765 INFO:Total games: 12610
2023-07-01 13:10:50,067 INFO:Total games: 12620
2023-07-01 13:12:45,758 INFO:Total games: 12630
2023-07-01 13:14:45,698 INFO:Total games: 12640
2023-07-01 13:16:44,249 INFO:Total games: 12650
2023-07-01 13:18:37,252 INFO:Total games: 12660
2023-07-01 13:20:32,005 INFO:Total games: 12670
2023-07-01 13:22:29,039 INFO:Total games: 12680
2023-07-01 13:24:22,716 INFO:Total games: 12690
2023-07-01 13:26:18,761 INFO:Total games: 12700
2023-07-01 13:28:11,418 INFO:Total games: 12710
2023-07-01 13:30:10,187 INFO:Total games: 12720
2023-07-01 13:32:03,945 INFO:Total games: 12730
2023-07-01 13:34:02,486 INFO:Total games: 12740
2023-07-01 13:35:57,478 INFO:Total games: 12750
2023-07-01 13:37:53,301 INFO:Total games: 12760
2023-07-01 13:39:46,028 INFO:Total games: 12770
2023-07-01 13:42:12,979 INFO:Total games: 12780
2023-07-01 13:44:06,495 INFO:Total games: 12790
2023-07-01 13:46:01,158 INFO:Total games: 12800
2023-07-01 13:47:58,906 INFO:Total games: 12810
2023-07-01 13:49:53,084 INFO:Total games: 12820
2023-07-01 13:51:47,819 INFO:Total games: 12830
2023-07-01 13:53:41,167 INFO:Total games: 12840
2023-07-01 13:55:39,471 INFO:Total games: 12850
2023-07-01 13:57:37,704 INFO:Total games: 12860
2023-07-01 13:59:33,389 INFO:Total games: 12870
2023-07-01 14:01:29,188 INFO:Total games: 12880
2023-07-01 14:03:25,713 INFO:Total games: 12890
2023-07-01 14:05:23,068 INFO:Total games: 12900
2023-07-01 14:07:21,457 INFO:Total games: 12910
2023-07-01 14:09:17,224 INFO:Total games: 12920
2023-07-01 14:11:16,948 INFO:Total games: 12930
2023-07-01 14:13:15,113 INFO:Total games: 12940
2023-07-01 14:15:14,515 INFO:Total games: 12950
2023-07-01 14:17:07,328 INFO:Total games: 12960
2023-07-01 14:19:02,865 INFO:Total games: 12970
2023-07-01 14:20:52,151 INFO:Total games: 12980
2023-07-01 14:22:43,894 INFO:Total games: 12990
2023-07-01 14:24:38,421 INFO:Total games: 13000
2023-07-01 14:27:12,256 INFO:Total games: 13010
2023-07-01 14:29:10,702 INFO:Total games: 13020
2023-07-01 14:31:08,130 INFO:Total games: 13030
2023-07-01 14:33:02,539 INFO:Total games: 13040
2023-07-01 14:34:58,768 INFO:Total games: 13050
2023-07-01 14:36:58,359 INFO:Total games: 13060
2023-07-01 14:38:54,709 INFO:Total games: 13070
2023-07-01 14:40:53,831 INFO:Total games: 13080
2023-07-01 14:42:43,062 INFO:Total games: 13090
2023-07-01 14:44:39,025 INFO:Total games: 13100
2023-07-01 14:46:33,745 INFO:Total games: 13110
2023-07-01 14:48:30,871 INFO:Total games: 13120
2023-07-01 14:50:30,027 INFO:Total games: 13130
2023-07-01 14:52:28,289 INFO:Total games: 13140
2023-07-01 14:54:25,602 INFO:Total games: 13150
2023-07-01 14:56:25,779 INFO:Total games: 13160
2023-07-01 14:58:24,138 INFO:Total games: 13170
2023-07-01 15:00:23,311 INFO:Total games: 13180
2023-07-01 15:02:21,323 INFO:Total games: 13190
2023-07-01 15:04:12,973 INFO:Total games: 13200
2023-07-01 15:06:09,914 INFO:Total games: 13210
2023-07-01 15:08:09,777 INFO:Total games: 13220
2023-07-01 15:10:09,418 INFO:Total games: 13230
2023-07-01 15:12:07,670 INFO:Total games: 13240
2023-07-01 15:14:41,389 INFO:Total games: 13250
2023-07-01 15:16:34,459 INFO:Total games: 13260
2023-07-01 15:18:34,501 INFO:Total games: 13270
2023-07-01 15:20:33,732 INFO:Total games: 13280
2023-07-01 15:22:33,122 INFO:Total games: 13290
2023-07-01 15:24:26,830 INFO:Total games: 13300
2023-07-01 15:26:18,166 INFO:Total games: 13310
2023-07-01 15:28:18,144 INFO:Total games: 13320
2023-07-01 15:30:08,983 INFO:Total games: 13330
2023-07-01 15:32:02,929 INFO:Total games: 13340
2023-07-01 15:34:01,853 INFO:Total games: 13350
2023-07-01 15:36:00,874 INFO:Total games: 13360
2023-07-01 15:38:00,329 INFO:Total games: 13370
2023-07-01 15:39:59,357 INFO:Total games: 13380
2023-07-01 15:41:50,565 INFO:Total games: 13390
2023-07-01 15:43:49,485 INFO:Total games: 13400
2023-07-01 15:45:41,042 INFO:Total games: 13410
2023-07-01 15:47:32,883 INFO:Total games: 13420
2023-07-01 15:49:25,298 INFO:Total games: 13430
2023-07-01 15:51:23,743 INFO:Total games: 13440
2023-07-01 15:53:23,160 INFO:Total games: 13450
2023-07-01 15:55:23,452 INFO:Total games: 13460
2023-07-01 15:57:20,112 INFO:Total games: 13470
2023-07-01 15:59:18,525 INFO:Total games: 13480
2023-07-01 16:01:48,906 INFO:Total games: 13490
2023-07-01 16:03:45,746 INFO:Total games: 13500
2023-07-01 16:05:45,079 INFO:Total games: 13510
2023-07-01 16:07:37,181 INFO:Total games: 13520
2023-07-01 16:09:32,228 INFO:Total games: 13530
2023-07-01 16:11:26,712 INFO:Total games: 13540
2023-07-01 16:13:26,136 INFO:Total games: 13550
2023-07-01 16:15:21,410 INFO:Total games: 13560
2023-07-01 16:17:19,495 INFO:Total games: 13570
2023-07-01 16:19:13,512 INFO:Total games: 13580
2023-07-01 16:21:12,950 INFO:Total games: 13590
2023-07-01 16:23:05,992 INFO:Total games: 13600
2023-07-01 16:25:03,473 INFO:Total games: 13610
2023-07-01 16:26:59,047 INFO:Total games: 13620
2023-07-01 16:28:50,266 INFO:Total games: 13630
2023-07-01 16:30:45,095 INFO:Total games: 13640
2023-07-01 16:32:36,273 INFO:Total games: 13650
2023-07-01 16:34:35,183 INFO:Total games: 13660
2023-07-01 16:36:33,789 INFO:Total games: 13670
2023-07-01 16:38:31,834 INFO:Total games: 13680
2023-07-01 16:40:30,792 INFO:Total games: 13690
2023-07-01 16:42:27,075 INFO:Total games: 13700
2023-07-01 16:44:21,473 INFO:Total games: 13710
2023-07-01 16:46:19,885 INFO:Total games: 13720
2023-07-01 16:48:16,969 INFO:Total games: 13730
2023-07-01 16:50:43,849 INFO:Total games: 13740
2023-07-01 16:52:40,858 INFO:Total games: 13750
2023-07-01 16:54:40,442 INFO:Total games: 13760
2023-07-01 16:56:38,794 INFO:Total games: 13770
2023-07-01 16:58:36,556 INFO:Total games: 13780
2023-07-01 17:00:29,628 INFO:Total games: 13790
2023-07-01 17:02:26,254 INFO:Total games: 13800
2023-07-01 17:04:25,713 INFO:Total games: 13810
2023-07-01 17:06:23,319 INFO:Total games: 13820
2023-07-01 17:08:22,861 INFO:Total games: 13830
2023-07-01 17:10:16,251 INFO:Total games: 13840
2023-07-01 17:12:14,594 INFO:Total games: 13850
2023-07-01 17:14:13,987 INFO:Total games: 13860
2023-07-01 17:16:14,468 INFO:Total games: 13870
2023-07-01 17:16:50,280 INFO:Ending
2023-07-01 17:16:50,281 INFO:Duration: 19 hours, 9 minutes, 29 seconds
2023-08-17 02:17:51,105 INFO:Starting
2023-08-17 02:47:08,235 INFO:Starting
2023-08-17 02:47:08,240 WARNING:SavedModel saved prior to TF 2.5 detected when loading Keras model. Please ensure that you are saving the model with model.save() or tf.keras.models.save_model(), *NOT* tf.saved_model.save(). To confirm, there should be a file named "keras_metadata.pb" in the SavedModel directory.
2023-08-17 02:50:11,472 INFO:Starting
2023-08-17 02:50:11,477 WARNING:SavedModel saved prior to TF 2.5 detected when loading Keras model. Please ensure that you are saving the model with model.save() or tf.keras.models.save_model(), *NOT* tf.saved_model.save(). To confirm, there should be a file named "keras_metadata.pb" in the SavedModel directory.
2023-08-17 15:59:07,341 INFO:Starting
2023-08-17 16:00:24,333 INFO:Total games: 10
2023-08-17 16:07:16,735 INFO:Starting
2023-08-17 16:08:31,150 INFO:Total games: 10
2023-08-17 16:23:07,751 INFO:Starting
2023-08-17 16:24:29,174 INFO:Total games: 10
2023-08-17 16:27:31,393 INFO:Starting
2023-08-17 16:28:50,979 INFO:Starting
2023-08-17 16:30:04,246 INFO:Total games: 10
2023-08-17 16:31:56,443 INFO:Starting
2023-08-17 16:33:17,158 INFO:Total games: 10
2023-08-17 16:41:16,811 INFO:Starting
2023-08-17 16:42:35,786 INFO:Total games: 10
2023-08-17 16:43:06,552 INFO:Starting
2023-08-17 16:44:10,736 INFO:Total games: 10
2023-08-17 16:45:20,972 INFO:Starting
2023-08-17 16:46:41,517 INFO:Total games: 10
2023-08-17 16:47:38,029 INFO:Starting
2023-08-17 16:48:40,085 INFO:Starting
2023-08-17 16:49:04,672 INFO:Total games: 10
2023-08-17 16:49:23,304 INFO:Starting
2023-08-17 16:50:16,076 INFO:Total games: 10
2023-08-17 16:50:40,335 INFO:Total games: 10
2023-08-17 16:51:10,668 INFO:Starting
2023-08-17 16:52:30,086 INFO:Total games: 10
2023-08-20 17:49:41,458 INFO:Starting
2023-08-20 17:51:32,250 INFO:Total games: 10
2023-08-20 17:53:06,670 INFO:Total games: 20
2023-08-20 17:54:58,150 INFO:Total games: 30
2023-08-20 17:56:54,964 INFO:Total games: 40
2023-08-20 17:57:27,905 INFO:Ending
2023-08-20 17:57:27,905 INFO:Duration: 0 hours, 7 minutes, 46 seconds
2023-08-20 17:58:46,714 INFO:Starting
2023-08-20 17:59:06,998 INFO:Ending
2023-08-20 17:59:06,998 INFO:Duration: 0 hours, 0 minutes, 20 seconds
2023-08-20 17:59:37,447 INFO:Starting
2023-08-20 18:01:24,437 INFO:Total games: 10
2023-08-20 18:03:21,337 INFO:Total games: 20
2023-08-20 18:03:45,421 INFO:Ending
2023-08-20 18:03:45,421 INFO:Duration: 0 hours, 4 minutes, 7 seconds
2023-08-20 18:05:25,711 INFO:Starting
2023-08-20 18:05:45,046 INFO:Ending
2023-08-20 18:05:45,046 INFO:Duration: 0 hours, 0 minutes, 19 seconds
2023-08-22 03:38:30,883 INFO:Starting
2023-08-22 03:39:42,361 INFO:Starting
2023-08-22 03:39:54,312 INFO:Total games: 10
2023-08-22 03:40:06,328 INFO:Total games: 20
2023-08-22 03:40:16,597 INFO:Total games: 30
2023-08-22 03:40:28,024 INFO:Total games: 40
2023-08-22 03:40:49,240 INFO:Total games: 50
2023-08-22 03:41:00,165 INFO:Total games: 60
2023-08-22 03:41:15,779 INFO:Total games: 70
2023-08-22 03:41:28,161 INFO:Total games: 80
2023-08-22 03:41:39,336 INFO:Total games: 90
2023-08-22 03:41:50,572 INFO:Total games: 100
2023-08-22 03:42:02,385 INFO:Total games: 110
2023-08-22 03:42:15,042 INFO:Total games: 120
2023-08-22 03:42:26,800 INFO:Total games: 130
2023-08-22 03:42:38,341 INFO:Total games: 140
2023-08-22 03:42:48,641 INFO:Total games: 150
2023-08-22 03:43:01,117 INFO:Total games: 160
2023-08-22 03:43:12,181 INFO:Total games: 170
2023-08-22 03:43:25,325 INFO:Total games: 180
2023-08-22 03:43:38,482 INFO:Total games: 190
2023-08-22 03:43:49,446 INFO:Total games: 200
2023-08-22 03:44:01,313 INFO:Total games: 210
2023-08-22 03:44:11,771 INFO:Total games: 220
2023-08-22 03:44:23,897 INFO:Total games: 230
2023-08-22 03:44:35,309 INFO:Total games: 240
2023-08-22 03:44:45,830 INFO:Total games: 250
2023-08-22 03:44:59,735 INFO:Total games: 260
2023-08-22 03:45:11,436 INFO:Total games: 270
2023-08-22 03:45:22,871 INFO:Total games: 280
2023-08-22 03:45:33,430 INFO:Total games: 290
2023-08-22 03:45:46,639 INFO:Total games: 300
2023-08-22 03:45:59,447 INFO:Total games: 310
2023-08-22 03:46:13,993 INFO:Total games: 320
2023-08-22 03:46:24,904 INFO:Total games: 330
2023-08-22 03:46:35,946 INFO:Total games: 340
2023-08-22 03:46:47,736 INFO:Total games: 350
2023-08-22 03:46:59,721 INFO:Total games: 360
2023-08-22 03:47:14,823 INFO:Total games: 370
2023-08-22 03:47:26,350 INFO:Total games: 380
2023-08-22 03:47:38,804 INFO:Total games: 390
2023-08-22 03:47:51,212 INFO:Total games: 400
2023-08-22 03:48:03,722 INFO:Total games: 410
2023-08-22 03:48:18,049 INFO:Total games: 420
2023-08-22 03:48:28,560 INFO:Total games: 430
2023-08-22 03:48:39,770 INFO:Total games: 440
2023-08-22 03:48:53,392 INFO:Total games: 450
2023-08-22 03:49:04,642 INFO:Total games: 460
2023-08-22 03:49:17,214 INFO:Total games: 470
2023-08-22 03:49:31,311 INFO:Total games: 480
2023-08-22 03:49:44,327 INFO:Total games: 490
2023-08-22 03:49:56,319 INFO:Total games: 500
2023-08-22 03:50:09,732 INFO:Total games: 510
2023-08-22 03:50:22,967 INFO:Total games: 520
2023-08-22 03:50:34,362 INFO:Total games: 530
2023-08-22 03:50:43,937 INFO:Total games: 540
2023-08-22 03:50:56,213 INFO:Total games: 550
2023-08-22 03:51:09,714 INFO:Total games: 560
2023-08-22 03:51:23,280 INFO:Total games: 570
2023-08-22 03:51:35,184 INFO:Total games: 580
2023-08-22 03:51:47,712 INFO:Total games: 590
2023-08-22 03:52:02,025 INFO:Total games: 600
2023-08-22 03:52:13,901 INFO:Total games: 610
2023-08-22 03:52:25,068 INFO:Total games: 620
2023-08-22 03:52:37,377 INFO:Total games: 630
2023-08-22 03:52:51,334 INFO:Total games: 640
2023-08-22 03:53:03,695 INFO:Total games: 650
2023-08-22 03:53:14,735 INFO:Total games: 660
2023-08-22 03:53:27,774 INFO:Total games: 670
2023-08-22 03:53:39,422 INFO:Total games: 680
2023-08-22 03:53:50,521 INFO:Total games: 690
2023-08-22 03:54:00,514 INFO:Total games: 700
2023-08-22 03:54:09,532 INFO:Total games: 710
2023-08-22 03:54:23,069 INFO:Total games: 720
2023-08-22 03:54:34,491 INFO:Total games: 730
2023-08-22 03:54:47,197 INFO:Total games: 740
2023-08-22 03:54:59,120 INFO:Total games: 750
2023-08-22 03:55:11,091 INFO:Total games: 760
2023-08-22 03:55:24,703 INFO:Total games: 770
2023-08-22 03:55:36,656 INFO:Total games: 780
2023-08-22 03:55:46,617 INFO:Total games: 790
2023-08-22 03:56:01,388 INFO:Total games: 800
2023-08-22 03:56:13,106 INFO:Total games: 810
2023-08-22 03:56:21,638 INFO:Total games: 820
2023-08-22 03:56:34,888 INFO:Total games: 830
2023-08-22 03:56:45,536 INFO:Total games: 840
2023-08-22 03:56:57,365 INFO:Total games: 850
2023-08-22 03:57:07,413 INFO:Total games: 860
2023-08-22 03:57:19,179 INFO:Total games: 870
2023-08-22 03:57:29,845 INFO:Total games: 880
2023-08-22 03:57:42,868 INFO:Total games: 890
2023-08-22 03:57:52,489 INFO:Total games: 900
2023-08-22 03:58:03,802 INFO:Total games: 910
2023-08-22 03:58:14,594 INFO:Total games: 920
2023-08-22 03:58:27,321 INFO:Total games: 930
2023-08-22 03:58:41,290 INFO:Total games: 940
2023-08-22 03:58:55,541 INFO:Total games: 950
2023-08-22 03:59:04,123 INFO:Total games: 960
2023-08-22 03:59:16,130 INFO:Total games: 970
2023-08-22 03:59:26,408 INFO:Total games: 980
2023-08-22 03:59:41,344 INFO:Total games: 990
2023-08-22 03:59:51,986 INFO:Total games: 1000
2023-08-22 04:00:02,845 INFO:Total games: 1010
2023-08-22 04:00:12,533 INFO:Total games: 1020
2023-08-22 04:00:24,928 INFO:Total games: 1030
2023-08-22 04:00:36,477 INFO:Total games: 1040
2023-08-22 04:00:49,782 INFO:Total games: 1050
2023-08-22 04:01:01,426 INFO:Total games: 1060
2023-08-22 04:01:15,173 INFO:Total games: 1070
2023-08-22 04:01:27,182 INFO:Total games: 1080
2023-08-22 04:01:38,090 INFO:Total games: 1090
2023-08-22 04:01:49,001 INFO:Total games: 1100
2023-08-22 04:02:01,890 INFO:Total games: 1110
2023-08-22 04:02:14,403 INFO:Total games: 1120
2023-08-22 04:02:25,136 INFO:Total games: 1130
2023-08-22 04:02:39,558 INFO:Total games: 1140
2023-08-22 04:02:52,590 INFO:Total games: 1150
2023-08-22 04:03:05,503 INFO:Total games: 1160
2023-08-22 04:03:17,203 INFO:Total games: 1170
2023-08-22 04:03:27,532 INFO:Total games: 1180
2023-08-22 04:03:38,215 INFO:Total games: 1190
2023-08-22 04:03:50,509 INFO:Total games: 1200
2023-08-22 04:04:04,908 INFO:Total games: 1210
2023-08-22 04:04:15,056 INFO:Total games: 1220
2023-08-22 04:04:24,836 INFO:Total games: 1230
2023-08-22 04:04:38,014 INFO:Total games: 1240
2023-08-22 04:04:48,718 INFO:Total games: 1250
2023-08-22 04:05:01,344 INFO:Total games: 1260
2023-08-22 04:05:14,718 INFO:Total games: 1270
2023-08-22 04:05:28,626 INFO:Total games: 1280
2023-08-22 04:05:39,726 INFO:Total games: 1290
2023-08-22 04:05:51,063 INFO:Total games: 1300
2023-08-22 04:06:04,470 INFO:Total games: 1310
2023-08-22 04:06:19,503 INFO:Total games: 1320
2023-08-22 04:06:31,038 INFO:Total games: 1330
2023-08-22 04:06:41,652 INFO:Total games: 1340
2023-08-22 04:06:53,787 INFO:Total games: 1350
2023-08-22 04:07:05,272 INFO:Total games: 1360
2023-08-22 04:07:16,134 INFO:Total games: 1370
2023-08-22 04:07:27,924 INFO:Total games: 1380
2023-08-22 04:07:39,539 INFO:Total games: 1390
2023-08-22 04:07:52,454 INFO:Total games: 1400
2023-08-22 04:08:02,290 INFO:Total games: 1410
2023-08-22 04:08:12,801 INFO:Total games: 1420
2023-08-22 04:08:22,787 INFO:Total games: 1430
2023-08-22 04:08:34,847 INFO:Total games: 1440
2023-08-22 04:08:47,213 INFO:Total games: 1450
2023-08-22 04:09:00,999 INFO:Total games: 1460
2023-08-22 04:09:13,084 INFO:Total games: 1470
2023-08-22 04:09:25,947 INFO:Total games: 1480
2023-08-22 04:09:38,168 INFO:Total games: 1490
2023-08-22 04:09:51,362 INFO:Total games: 1500
2023-08-22 04:10:05,027 INFO:Total games: 1510
2023-08-22 04:10:18,619 INFO:Total games: 1520
2023-08-22 04:10:30,573 INFO:Total games: 1530
2023-08-22 04:10:46,889 INFO:Total games: 1540
2023-08-22 04:11:00,131 INFO:Total games: 1550
2023-08-22 04:11:11,806 INFO:Total games: 1560
2023-08-22 04:11:23,113 INFO:Total games: 1570
2023-08-22 04:11:34,352 INFO:Total games: 1580
2023-08-22 04:11:47,719 INFO:Total games: 1590
2023-08-22 04:11:58,922 INFO:Total games: 1600
2023-08-22 04:12:13,318 INFO:Total games: 1610
2023-08-22 04:12:23,144 INFO:Total games: 1620
2023-08-22 04:12:34,707 INFO:Total games: 1630
2023-08-22 04:12:47,036 INFO:Total games: 1640
2023-08-22 04:12:59,590 INFO:Total games: 1650
2023-08-22 04:13:11,687 INFO:Total games: 1660
2023-08-22 04:13:23,099 INFO:Total games: 1670
2023-08-22 04:13:33,364 INFO:Total games: 1680
2023-08-22 04:13:41,903 INFO:Total games: 1690
2023-08-22 04:13:56,243 INFO:Total games: 1700
2023-08-22 04:14:07,764 INFO:Total games: 1710
2023-08-22 04:14:21,718 INFO:Total games: 1720
2023-08-22 04:14:30,863 INFO:Total games: 1730
2023-08-22 04:14:40,556 INFO:Total games: 1740
2023-08-22 04:14:51,791 INFO:Total games: 1750
2023-08-22 04:15:04,096 INFO:Total games: 1760
2023-08-22 04:15:12,991 INFO:Total games: 1770
2023-08-22 04:15:27,109 INFO:Total games: 1780
2023-08-22 04:15:36,995 INFO:Total games: 1790
2023-08-22 04:15:48,603 INFO:Total games: 1800
2023-08-22 04:23:31,772 INFO:Starting
2023-08-22 04:23:40,440 INFO:Total games: 10
2023-08-22 04:23:52,542 INFO:Total games: 20
2023-08-22 04:24:03,995 INFO:Total games: 30
2023-08-22 04:24:15,894 INFO:Total games: 40
2023-08-22 04:24:28,873 INFO:Total games: 50
2023-08-22 04:24:40,915 INFO:Total games: 60
2023-08-22 04:24:51,807 INFO:Total games: 70
2023-08-22 04:25:02,568 INFO:Total games: 80
2023-08-22 04:25:12,410 INFO:Total games: 90
2023-08-22 04:25:24,271 INFO:Total games: 100
2023-08-22 04:25:36,697 INFO:Total games: 110
2023-08-22 04:25:48,595 INFO:Total games: 120
2023-08-22 04:25:59,420 INFO:Total games: 130
2023-08-22 04:26:10,254 INFO:Total games: 140
2023-08-22 04:26:23,482 INFO:Total games: 150
2023-08-22 04:26:37,227 INFO:Total games: 160
2023-08-22 04:26:51,555 INFO:Total games: 170
2023-08-22 04:27:01,632 INFO:Total games: 180
2023-08-22 04:27:15,090 INFO:Total games: 190
2023-08-22 04:27:26,339 INFO:Total games: 200
2023-08-22 04:27:38,780 INFO:Total games: 210
2023-08-22 04:27:49,537 INFO:Total games: 220
2023-08-22 04:27:59,414 INFO:Total games: 230
2023-08-22 04:28:12,608 INFO:Total games: 240
2023-08-22 04:28:24,311 INFO:Total games: 250
2023-08-22 04:28:37,933 INFO:Total games: 260
2023-08-22 04:28:48,072 INFO:Total games: 270
2023-08-22 04:28:59,808 INFO:Total games: 280
2023-08-22 04:29:11,785 INFO:Total games: 290
2023-08-22 04:29:23,765 INFO:Total games: 300
2023-08-22 04:29:34,925 INFO:Total games: 310
2023-08-22 04:29:48,739 INFO:Total games: 320
2023-08-22 04:30:01,946 INFO:Total games: 330
2023-08-22 04:30:14,399 INFO:Total games: 340
2023-08-22 04:30:29,027 INFO:Total games: 350
2023-08-22 04:30:41,414 INFO:Total games: 360
2023-08-22 04:30:51,235 INFO:Total games: 370
2023-08-22 04:31:02,221 INFO:Total games: 380
2023-08-22 04:31:13,826 INFO:Total games: 390
2023-08-22 04:31:26,322 INFO:Total games: 400
2023-08-22 04:31:37,875 INFO:Total games: 410
2023-08-22 04:31:51,281 INFO:Total games: 420
2023-08-22 04:32:02,752 INFO:Total games: 430
2023-08-22 04:32:13,683 INFO:Total games: 440
2023-08-22 04:32:26,920 INFO:Total games: 450
2023-08-22 04:32:40,289 INFO:Total games: 460
2023-08-22 04:32:52,772 INFO:Total games: 470
2023-08-22 04:33:08,453 INFO:Total games: 480
2023-08-22 04:33:19,947 INFO:Total games: 490
2023-08-22 04:33:31,926 INFO:Total games: 500
2023-08-22 04:33:44,270 INFO:Total games: 510
2023-08-22 04:33:54,891 INFO:Total games: 520
2023-08-22 04:34:07,543 INFO:Total games: 530
2023-08-22 04:34:16,495 INFO:Total games: 540
2023-08-22 04:34:28,098 INFO:Total games: 550
2023-08-22 04:34:38,131 INFO:Total games: 560
2023-08-22 04:34:48,242 INFO:Total games: 570
2023-08-22 04:35:02,074 INFO:Total games: 580
2023-08-22 04:35:14,492 INFO:Total games: 590
2023-08-22 04:35:28,514 INFO:Total games: 600
2023-08-22 04:35:38,945 INFO:Total games: 610
2023-08-22 04:35:49,400 INFO:Total games: 620
2023-08-22 04:35:59,989 INFO:Total games: 630
2023-08-22 04:36:10,950 INFO:Total games: 640
2023-08-22 04:36:23,904 INFO:Total games: 650
2023-08-22 04:36:34,883 INFO:Total games: 660
2023-08-22 04:36:46,731 INFO:Total games: 670
2023-08-22 04:36:55,366 INFO:Total games: 680
2023-08-22 04:37:08,463 INFO:Total games: 690
2023-08-22 04:37:23,232 INFO:Total games: 700
2023-08-22 04:37:36,521 INFO:Total games: 710
2023-08-22 04:37:46,392 INFO:Total games: 720
2023-08-22 04:38:03,139 INFO:Total games: 730
2023-08-22 04:38:16,360 INFO:Total games: 740
2023-08-22 04:38:25,131 INFO:Total games: 750
2023-08-22 04:38:37,328 INFO:Total games: 760
2023-08-22 04:38:49,340 INFO:Total games: 770
2023-08-22 04:39:02,714 INFO:Total games: 780
2023-08-22 04:39:13,279 INFO:Total games: 790
2023-08-22 04:39:26,818 INFO:Total games: 800
2023-08-22 04:39:39,693 INFO:Total games: 810
2023-08-22 04:39:52,703 INFO:Total games: 820
2023-08-22 04:40:05,819 INFO:Total games: 830
2023-08-22 04:40:18,519 INFO:Total games: 840
2023-08-22 04:40:28,696 INFO:Total games: 850
2023-08-22 04:40:37,562 INFO:Total games: 860
2023-08-22 04:40:48,858 INFO:Total games: 870
2023-08-22 04:41:02,780 INFO:Total games: 880
2023-08-22 04:41:13,945 INFO:Total games: 890
2023-08-22 04:41:21,830 INFO:Total games: 900
2023-08-22 04:41:33,663 INFO:Total games: 910
2023-08-22 04:41:47,045 INFO:Total games: 920
2023-08-22 04:41:58,681 INFO:Total games: 930
2023-08-22 04:42:13,305 INFO:Total games: 940
2023-08-22 04:42:24,961 INFO:Total games: 950
2023-08-22 04:42:38,478 INFO:Total games: 960
2023-08-22 04:42:48,526 INFO:Total games: 970
2023-08-22 04:42:59,627 INFO:Total games: 980
2023-08-22 04:43:10,133 INFO:Total games: 990
2023-08-22 04:43:20,196 INFO:Total games: 1000
2023-08-22 04:43:31,285 INFO:Total games: 1010
2023-08-22 04:43:42,772 INFO:Total games: 1020
2023-08-22 04:43:55,382 INFO:Total games: 1030
2023-08-22 04:44:07,990 INFO:Total games: 1040
2023-08-22 04:44:19,184 INFO:Total games: 1050
2023-08-22 04:44:30,284 INFO:Total games: 1060
2023-08-22 04:44:44,157 INFO:Total games: 1070
2023-08-22 04:44:54,298 INFO:Total games: 1080
2023-08-22 04:45:07,642 INFO:Total games: 1090
2023-08-22 04:45:21,242 INFO:Total games: 1100
2023-08-22 04:45:31,641 INFO:Total games: 1110
2023-08-22 04:45:42,101 INFO:Total games: 1120
2023-08-22 04:45:52,264 INFO:Total games: 1130
2023-08-22 04:46:04,453 INFO:Total games: 1140
2023-08-22 04:46:14,281 INFO:Total games: 1150
2023-08-22 04:46:27,662 INFO:Total games: 1160
2023-08-22 04:46:42,214 INFO:Total games: 1170
2023-08-22 04:46:55,131 INFO:Total games: 1180
2023-08-22 04:47:09,475 INFO:Total games: 1190
2023-08-22 04:47:21,329 INFO:Total games: 1200
2023-08-22 04:47:32,658 INFO:Total games: 1210
2023-08-22 04:47:44,361 INFO:Total games: 1220
2023-08-22 04:47:58,856 INFO:Total games: 1230
2023-08-22 04:48:12,602 INFO:Total games: 1240
2023-08-22 04:48:25,823 INFO:Total games: 1250
2023-08-22 04:48:35,303 INFO:Total games: 1260
2023-08-22 04:48:47,323 INFO:Total games: 1270
2023-08-22 04:48:59,709 INFO:Total games: 1280
2023-08-22 04:49:11,321 INFO:Total games: 1290
2023-08-22 04:49:24,902 INFO:Total games: 1300
2023-08-22 04:49:35,138 INFO:Total games: 1310
2023-08-22 04:49:46,294 INFO:Total games: 1320
2023-08-22 04:49:59,236 INFO:Total games: 1330
2023-08-22 04:50:12,287 INFO:Total games: 1340
2023-08-22 04:50:25,692 INFO:Total games: 1350
2023-08-22 04:50:37,189 INFO:Total games: 1360
2023-08-22 04:50:51,284 INFO:Total games: 1370
2023-08-22 04:51:02,730 INFO:Total games: 1380
2023-08-22 04:51:14,675 INFO:Total games: 1390
2023-08-22 04:51:26,499 INFO:Total games: 1400
2023-08-22 04:51:35,993 INFO:Total games: 1410
2023-08-22 04:51:48,225 INFO:Total games: 1420
2023-08-22 04:52:00,859 INFO:Total games: 1430
2023-08-22 04:52:11,687 INFO:Total games: 1440
2023-08-22 04:52:23,130 INFO:Total games: 1450
2023-08-22 04:52:34,269 INFO:Total games: 1460
2023-08-22 04:52:43,530 INFO:Total games: 1470
2023-08-22 04:52:57,518 INFO:Total games: 1480
2023-08-22 04:53:07,247 INFO:Total games: 1490
2023-08-22 04:53:18,029 INFO:Total games: 1500
2023-08-22 04:53:27,100 INFO:Total games: 1510
2023-08-22 04:53:39,492 INFO:Total games: 1520
2023-08-22 04:53:51,193 INFO:Total games: 1530
2023-08-22 04:54:02,270 INFO:Total games: 1540
2023-08-22 04:54:14,507 INFO:Total games: 1550
2023-08-22 04:54:23,515 INFO:Total games: 1560
2023-08-22 04:54:34,974 INFO:Total games: 1570
2023-08-22 04:54:46,095 INFO:Total games: 1580
2023-08-22 04:54:57,072 INFO:Total games: 1590
2023-08-22 04:55:05,801 INFO:Total games: 1600
2023-08-22 04:55:14,265 INFO:Total games: 1610
2023-08-22 04:55:26,813 INFO:Total games: 1620
2023-08-22 04:55:42,126 INFO:Total games: 1630
2023-08-22 04:55:50,545 INFO:Total games: 1640
2023-08-22 04:56:02,979 INFO:Total games: 1650
2023-08-22 04:56:17,695 INFO:Total games: 1660
2023-08-22 04:56:29,507 INFO:Total games: 1670
2023-08-22 04:56:40,607 INFO:Total games: 1680
2023-08-22 04:56:50,900 INFO:Total games: 1690
2023-08-22 04:57:04,433 INFO:Total games: 1700
2023-08-22 04:57:17,779 INFO:Total games: 1710
2023-08-22 04:57:29,356 INFO:Total games: 1720
2023-08-22 04:57:41,362 INFO:Total games: 1730
2023-08-22 04:57:53,648 INFO:Total games: 1740
2023-08-22 04:58:04,190 INFO:Total games: 1750
2023-08-22 04:58:15,678 INFO:Total games: 1760
2023-08-22 04:58:28,429 INFO:Total games: 1770
2023-08-22 04:58:40,669 INFO:Total games: 1780
2023-08-22 04:58:52,647 INFO:Total games: 1790
2023-08-22 04:59:03,929 INFO:Total games: 1800
2023-08-22 04:59:16,817 INFO:Total games: 1810
2023-08-22 04:59:28,519 INFO:Total games: 1820
2023-08-22 04:59:42,604 INFO:Total games: 1830
2023-08-22 04:59:57,932 INFO:Total games: 1840
2023-08-22 05:00:11,430 INFO:Total games: 1850
2023-08-22 05:00:25,871 INFO:Total games: 1860
2023-08-22 05:00:40,852 INFO:Total games: 1870
2023-08-22 05:00:56,514 INFO:Total games: 1880
2023-08-22 05:01:12,205 INFO:Total games: 1890
2023-08-22 05:01:25,621 INFO:Total games: 1900
2023-08-22 05:01:43,524 INFO:Total games: 1910
2023-08-22 05:01:57,493 INFO:Total games: 1920
2023-08-22 05:02:15,445 INFO:Total games: 1930
2023-08-22 05:02:28,055 INFO:Total games: 1940
2023-08-22 05:02:40,826 INFO:Total games: 1950
2023-08-22 05:02:56,176 INFO:Total games: 1960
2023-08-22 05:03:10,835 INFO:Total games: 1970
2023-08-22 05:03:23,976 INFO:Total games: 1980
2023-08-22 05:03:40,238 INFO:Total games: 1990
2023-08-22 05:03:55,405 INFO:Total games: 2000
2023-08-22 05:04:10,863 INFO:Total games: 2010
2023-08-22 05:04:23,953 INFO:Total games: 2020
2023-08-22 05:04:33,689 INFO:Total games: 2030
2023-08-22 05:04:49,040 INFO:Total games: 2040
2023-08-22 05:05:03,069 INFO:Total games: 2050
2023-08-22 05:05:16,683 INFO:Total games: 2060
2023-08-22 05:05:32,004 INFO:Total games: 2070
2023-08-22 05:05:47,985 INFO:Total games: 2080
2023-08-22 05:06:05,208 INFO:Total games: 2090
2023-08-22 05:06:25,256 INFO:Total games: 2100
2023-08-22 05:06:40,377 INFO:Total games: 2110
2023-08-22 05:06:55,811 INFO:Total games: 2120
2023-08-22 05:07:12,748 INFO:Total games: 2130
2023-08-22 05:07:29,733 INFO:Total games: 2140
2023-08-22 05:07:43,482 INFO:Total games: 2150
2023-08-22 05:07:57,723 INFO:Total games: 2160
2023-08-22 05:08:13,646 INFO:Total games: 2170
2023-08-22 05:08:30,182 INFO:Total games: 2180
2023-08-22 05:08:46,842 INFO:Total games: 2190
2023-08-22 05:09:04,536 INFO:Total games: 2200
2023-08-22 05:09:20,799 INFO:Total games: 2210
2023-08-22 05:09:35,497 INFO:Total games: 2220
2023-08-22 05:09:52,320 INFO:Total games: 2230
2023-08-22 05:10:06,797 INFO:Total games: 2240
2023-08-22 05:10:19,634 INFO:Total games: 2250
2023-08-22 05:10:35,415 INFO:Total games: 2260
2023-08-22 05:10:47,417 INFO:Total games: 2270
2023-08-22 05:11:01,807 INFO:Total games: 2280
2023-08-22 05:11:14,757 INFO:Total games: 2290
2023-08-22 05:11:27,998 INFO:Total games: 2300
2023-08-22 05:11:46,395 INFO:Total games: 2310
2023-08-22 05:11:59,132 INFO:Total games: 2320
2023-08-22 05:12:12,739 INFO:Total games: 2330
2023-08-22 05:12:26,884 INFO:Total games: 2340
2023-08-22 05:12:41,207 INFO:Total games: 2350
2023-08-22 05:12:54,660 INFO:Total games: 2360
2023-08-22 05:13:09,054 INFO:Total games: 2370
2023-08-22 05:13:25,214 INFO:Total games: 2380
2023-08-22 05:13:38,205 INFO:Total games: 2390
2023-08-22 05:13:52,197 INFO:Total games: 2400
2023-08-22 05:14:07,809 INFO:Total games: 2410
2023-08-22 05:14:22,671 INFO:Total games: 2420
2023-08-22 05:14:36,404 INFO:Total games: 2430
2023-08-22 05:14:50,258 INFO:Total games: 2440
2023-08-22 05:15:03,729 INFO:Total games: 2450
2023-08-22 05:15:18,302 INFO:Total games: 2460
2023-08-22 05:15:34,333 INFO:Total games: 2470
2023-08-22 05:15:52,103 INFO:Total games: 2480
2023-08-22 05:16:05,637 INFO:Total games: 2490
2023-08-22 05:16:21,611 INFO:Total games: 2500
2023-08-22 05:16:37,448 INFO:Total games: 2510
2023-08-22 05:16:49,515 INFO:Total games: 2520
2023-08-22 05:17:03,250 INFO:Total games: 2530
2023-08-22 05:17:18,612 INFO:Total games: 2540
2023-08-22 05:17:34,274 INFO:Total games: 2550
2023-08-22 05:17:49,680 INFO:Total games: 2560
2023-08-22 05:18:02,820 INFO:Total games: 2570
2023-08-22 05:18:17,947 INFO:Total games: 2580
2023-08-22 05:18:32,753 INFO:Total games: 2590
2023-08-22 05:18:46,755 INFO:Total games: 2600
2023-08-22 05:18:59,243 INFO:Total games: 2610
2023-08-22 05:19:12,308 INFO:Total games: 2620
2023-08-22 05:19:30,521 INFO:Total games: 2630
2023-08-22 05:19:45,285 INFO:Total games: 2640
2023-08-22 05:19:57,900 INFO:Total games: 2650
2023-08-22 05:20:13,473 INFO:Total games: 2660
2023-08-22 05:20:27,346 INFO:Total games: 2670
2023-08-22 05:20:45,024 INFO:Total games: 2680
2023-08-22 05:20:58,586 INFO:Total games: 2690
2023-08-22 05:21:09,905 INFO:Total games: 2700
2023-08-22 05:21:24,397 INFO:Total games: 2710
2023-08-22 05:21:39,486 INFO:Total games: 2720
2023-08-22 05:21:54,336 INFO:Total games: 2730
2023-08-22 05:22:09,703 INFO:Total games: 2740
2023-08-22 05:22:23,838 INFO:Total games: 2750
2023-08-22 05:22:36,931 INFO:Total games: 2760
2023-08-22 05:22:54,687 INFO:Total games: 2770
2023-08-22 05:23:10,570 INFO:Total games: 2780
2023-08-22 05:23:25,067 INFO:Total games: 2790
2023-08-22 05:23:42,630 INFO:Total games: 2800
2023-08-22 05:23:57,641 INFO:Total games: 2810
2023-08-22 05:24:11,933 INFO:Total games: 2820
2023-08-22 05:24:26,689 INFO:Total games: 2830
2023-08-22 05:24:40,161 INFO:Total games: 2840
2023-08-22 05:24:53,893 INFO:Total games: 2850
2023-08-22 05:25:11,361 INFO:Total games: 2860
2023-08-22 05:25:25,594 INFO:Total games: 2870
2023-08-22 05:25:43,551 INFO:Total games: 2880
2023-08-22 05:25:57,574 INFO:Total games: 2890
2023-08-22 05:26:15,088 INFO:Total games: 2900
2023-08-22 05:26:28,042 INFO:Total games: 2910
2023-08-22 05:26:44,524 INFO:Total games: 2920
2023-08-22 05:26:58,901 INFO:Total games: 2930
2023-08-22 05:27:18,469 INFO:Total games: 2940
2023-08-22 05:27:32,980 INFO:Total games: 2950
2023-08-22 05:27:46,495 INFO:Total games: 2960
2023-08-22 05:27:58,324 INFO:Total games: 2970
2023-08-22 05:28:12,891 INFO:Total games: 2980
2023-08-22 05:28:26,930 INFO:Total games: 2990
2023-08-22 05:28:40,442 INFO:Total games: 3000
2023-08-22 05:28:54,221 INFO:Total games: 3010
2023-08-22 05:29:13,812 INFO:Total games: 3020
2023-08-22 05:29:28,320 INFO:Total games: 3030
2023-08-22 05:29:44,098 INFO:Total games: 3040
2023-08-22 05:29:58,977 INFO:Total games: 3050
2023-08-22 05:30:12,010 INFO:Total games: 3060
2023-08-22 05:30:26,856 INFO:Total games: 3070
2023-08-22 05:30:43,357 INFO:Total games: 3080
2023-08-22 05:30:59,111 INFO:Total games: 3090
2023-08-22 05:31:13,180 INFO:Total games: 3100
2023-08-22 05:31:24,049 INFO:Total games: 3110
2023-08-22 05:31:38,466 INFO:Total games: 3120
2023-08-22 05:31:53,027 INFO:Total games: 3130
2023-08-22 05:32:10,263 INFO:Total games: 3140
2023-08-22 05:32:24,273 INFO:Total games: 3150
2023-08-22 05:32:38,222 INFO:Total games: 3160
2023-08-22 05:32:51,671 INFO:Total games: 3170
2023-08-22 05:33:08,600 INFO:Total games: 3180
2023-08-22 05:33:24,004 INFO:Total games: 3190
2023-08-22 05:33:35,783 INFO:Total games: 3200
2023-08-22 05:33:53,089 INFO:Total games: 3210
2023-08-22 05:34:06,183 INFO:Total games: 3220
2023-08-22 05:34:21,532 INFO:Total games: 3230
2023-08-22 05:34:37,953 INFO:Total games: 3240
2023-08-22 05:34:53,918 INFO:Total games: 3250
2023-08-22 05:35:06,188 INFO:Total games: 3260
2023-08-22 05:35:20,880 INFO:Total games: 3270
2023-08-22 05:35:32,666 INFO:Total games: 3280
2023-08-22 05:35:43,940 INFO:Total games: 3290
2023-08-22 05:35:58,701 INFO:Total games: 3300
2023-08-22 05:36:13,197 INFO:Total games: 3310
2023-08-22 05:36:27,034 INFO:Total games: 3320
2023-08-22 05:36:46,570 INFO:Total games: 3330
2023-08-22 05:36:58,932 INFO:Total games: 3340
2023-08-22 05:37:13,522 INFO:Total games: 3350
2023-08-22 05:37:28,870 INFO:Total games: 3360
2023-08-22 05:37:42,756 INFO:Total games: 3370
2023-08-22 05:37:55,193 INFO:Total games: 3380
2023-08-22 05:38:11,170 INFO:Total games: 3390
2023-08-22 05:38:27,378 INFO:Total games: 3400
2023-08-22 05:38:42,548 INFO:Total games: 3410
2023-08-22 05:38:56,371 INFO:Total games: 3420
2023-08-22 05:39:11,317 INFO:Total games: 3430
2023-08-22 05:39:24,429 INFO:Total games: 3440
2023-08-22 05:39:36,742 INFO:Total games: 3450
2023-08-22 05:39:51,211 INFO:Total games: 3460
2023-08-22 05:40:08,590 INFO:Total games: 3470
2023-08-22 05:40:21,181 INFO:Total games: 3480
2023-08-22 05:40:34,435 INFO:Total games: 3490
2023-08-22 05:40:50,884 INFO:Total games: 3500
2023-08-22 05:41:05,167 INFO:Total games: 3510
2023-08-22 05:41:19,878 INFO:Total games: 3520
2023-08-22 05:41:34,721 INFO:Total games: 3530
2023-08-22 05:41:49,532 INFO:Total games: 3540
2023-08-22 05:42:03,179 INFO:Total games: 3550
2023-08-22 05:42:17,129 INFO:Total games: 3560
2023-08-22 05:42:31,759 INFO:Total games: 3570
2023-08-22 05:42:44,656 INFO:Total games: 3580
2023-08-22 05:42:57,341 INFO:Total games: 3590
2023-08-22 05:43:13,355 INFO:Total games: 3600
2023-08-22 05:43:29,363 INFO:Total games: 3610
2023-08-22 05:43:43,225 INFO:Total games: 3620
2023-08-22 05:44:01,203 INFO:Total games: 3630
2023-08-22 05:44:12,645 INFO:Total games: 3640
2023-08-22 05:44:27,191 INFO:Total games: 3650
2023-08-22 05:44:43,883 INFO:Total games: 3660
2023-08-22 05:44:59,097 INFO:Total games: 3670
2023-08-22 05:45:14,468 INFO:Total games: 3680
2023-08-22 05:45:27,945 INFO:Total games: 3690
2023-08-22 05:45:43,010 INFO:Total games: 3700
2023-08-22 05:45:58,889 INFO:Total games: 3710
2023-08-22 05:46:15,587 INFO:Total games: 3720
2023-08-22 05:46:33,851 INFO:Total games: 3730
2023-08-22 05:46:51,288 INFO:Total games: 3740
2023-08-22 05:47:06,396 INFO:Total games: 3750
2023-08-22 05:47:23,423 INFO:Total games: 3760
2023-08-22 05:47:38,215 INFO:Total games: 3770
2023-08-22 05:47:50,153 INFO:Total games: 3780
