2023-06-29 22:01:54,409 INFO:Starting
2023-06-29 22:03:05,105 INFO:Total games: 10
2023-06-29 22:04:03,441 INFO:Total games: 20
2023-06-29 22:05:23,822 INFO:Total games: 30
2023-06-29 22:05:45,215 INFO:Ending
2023-06-29 22:05:45,215 INFO:Duration: 0 hours, 3 minutes, 50 seconds
2023-06-29 22:07:23,718 INFO:Starting
2023-06-29 22:08:41,647 INFO:Total games: 10
2023-06-29 22:09:58,535 INFO:Total games: 20
2023-06-29 22:11:21,171 INFO:Total games: 30
2023-06-29 22:12:57,141 INFO:Total games: 40
2023-06-29 22:14:05,731 INFO:Total games: 50
2023-06-29 22:15:12,190 INFO:Total games: 60
2023-06-29 22:16:33,439 INFO:Total games: 70
2023-06-29 22:17:46,595 INFO:Total games: 80
2023-06-29 22:19:07,842 INFO:Total games: 90
2023-06-29 22:20:25,671 INFO:Total games: 100
2023-06-29 22:21:28,822 INFO:Total games: 110
2023-06-29 22:22:39,400 INFO:Total games: 120
2023-06-29 22:24:02,455 INFO:Total games: 130
2023-06-29 22:25:22,761 INFO:Total games: 140
2023-06-29 22:26:39,674 INFO:Total games: 150
2023-06-29 22:27:47,102 INFO:Total games: 160
2023-06-29 22:29:30,952 INFO:Total games: 170
2023-06-29 22:30:38,806 INFO:Total games: 180
2023-06-29 22:32:06,605 INFO:Total games: 190
2023-06-29 22:33:35,700 INFO:Total games: 200
2023-06-29 22:35:02,197 INFO:Total games: 210
2023-06-29 22:35:57,643 INFO:Total games: 220
2023-06-29 22:37:15,858 INFO:Total games: 230
2023-06-29 22:38:45,255 INFO:Total games: 240
2023-06-29 22:40:02,379 INFO:Total games: 250
2023-06-29 22:41:37,303 INFO:Total games: 260
2023-06-29 22:42:49,035 INFO:Loaded new best model
2023-06-29 22:43:08,584 INFO:Total games: 270
2023-06-29 22:44:26,182 INFO:Total games: 280
2023-06-29 22:45:56,664 INFO:Total games: 290
2023-06-29 22:47:19,680 INFO:Total games: 300
2023-06-29 22:48:47,181 INFO:Total games: 310
2023-06-29 22:50:21,075 INFO:Total games: 320
2023-06-29 22:51:50,017 INFO:Total games: 330
2023-06-29 22:53:16,267 INFO:Total games: 340
2023-06-29 22:54:44,044 INFO:Total games: 350
2023-06-29 22:56:13,694 INFO:Total games: 360
2023-06-29 22:57:28,866 INFO:Total games: 370
2023-06-29 22:59:12,798 INFO:Total games: 380
2023-06-29 23:00:34,799 INFO:Total games: 390
2023-06-29 23:02:01,188 INFO:Total games: 400
2023-06-29 23:03:25,266 INFO:Total games: 410
2023-06-29 23:04:35,977 INFO:Total games: 420
2023-06-29 23:05:55,791 INFO:Total games: 430
2023-06-29 23:07:07,183 INFO:Total games: 440
2023-06-29 23:08:32,306 INFO:Total games: 450
2023-06-29 23:10:06,171 INFO:Total games: 460
2023-06-29 23:11:14,139 INFO:Total games: 470
2023-06-29 23:12:46,383 INFO:Total games: 480
2023-06-29 23:14:08,481 INFO:Total games: 490
2023-06-29 23:15:39,617 INFO:Total games: 500
2023-06-29 23:17:23,986 INFO:Total games: 510
2023-06-29 23:18:53,873 INFO:Total games: 520
2023-06-29 23:20:19,794 INFO:Total games: 530
2023-06-29 23:21:58,520 INFO:Total games: 540
2023-06-29 23:22:06,560 INFO:Loaded new best model
2023-06-29 23:23:24,032 INFO:Total games: 550
2023-06-29 23:24:37,911 INFO:Total games: 560
2023-06-29 23:26:02,550 INFO:Total games: 570
2023-06-29 23:27:19,925 INFO:Total games: 580
2023-06-29 23:28:43,051 INFO:Total games: 590
2023-06-29 23:30:19,792 INFO:Total games: 600
2023-06-29 23:32:00,840 INFO:Total games: 610
2023-06-29 23:33:34,641 INFO:Total games: 620
2023-06-29 23:34:54,036 INFO:Total games: 630
2023-06-29 23:36:32,673 INFO:Total games: 640
2023-06-29 23:38:10,082 INFO:Total games: 650
2023-06-29 23:39:42,441 INFO:Total games: 660
2023-06-29 23:41:12,599 INFO:Total games: 670
2023-06-29 23:41:31,237 INFO:Loaded new best model
2023-06-29 23:42:45,604 INFO:Total games: 680
2023-06-29 23:44:18,073 INFO:Total games: 690
2023-06-29 23:45:49,357 INFO:Total games: 700
2023-06-29 23:47:22,121 INFO:Total games: 710
2023-06-29 23:49:03,172 INFO:Total games: 720
2023-06-29 23:50:42,246 INFO:Total games: 730
2023-06-29 23:52:28,379 INFO:Total games: 740
2023-06-29 23:54:06,321 INFO:Total games: 750
2023-06-29 23:55:47,089 INFO:Total games: 760
2023-06-29 23:57:23,877 INFO:Total games: 770
2023-06-29 23:58:54,998 INFO:Total games: 780
2023-06-30 00:00:20,647 INFO:Total games: 790
2023-06-30 00:01:56,316 INFO:Total games: 800
2023-06-30 00:03:23,779 INFO:Total games: 810
2023-06-30 00:04:59,425 INFO:Total games: 820
2023-06-30 00:06:29,613 INFO:Total games: 830
2023-06-30 00:08:02,324 INFO:Total games: 840
2023-06-30 00:09:33,497 INFO:Total games: 850
2023-06-30 00:11:02,067 INFO:Total games: 860
2023-06-30 00:12:36,862 INFO:Total games: 870
2023-06-30 00:14:16,827 INFO:Total games: 880
2023-06-30 00:15:58,226 INFO:Total games: 890
2023-06-30 00:17:33,102 INFO:Total games: 900
2023-06-30 00:19:15,909 INFO:Total games: 910
2023-06-30 00:21:04,737 INFO:Total games: 920
2023-06-30 00:22:36,075 INFO:Total games: 930
2023-06-30 00:22:57,150 INFO:Loaded new best model
2023-06-30 00:24:02,279 INFO:Total games: 940
2023-06-30 00:25:20,394 INFO:Total games: 950
2023-06-30 00:26:44,233 INFO:Total games: 960
2023-06-30 00:28:21,503 INFO:Total games: 970
2023-06-30 00:29:55,739 INFO:Total games: 980
2023-06-30 00:31:20,953 INFO:Total games: 990
2023-06-30 00:32:54,804 INFO:Total games: 1000
2023-06-30 00:34:24,447 INFO:Total games: 1010
2023-06-30 00:36:07,328 INFO:Total games: 1020
2023-06-30 00:37:39,408 INFO:Total games: 1030
2023-06-30 00:39:14,328 INFO:Total games: 1040
2023-06-30 00:40:57,491 INFO:Total games: 1050
2023-06-30 00:42:22,314 INFO:Total games: 1060
2023-06-30 00:43:57,731 INFO:Total games: 1070
2023-06-30 00:45:35,073 INFO:Total games: 1080
2023-06-30 00:47:08,095 INFO:Total games: 1090
2023-06-30 00:48:25,044 INFO:Total games: 1100
2023-06-30 00:50:01,128 INFO:Total games: 1110
2023-06-30 00:51:30,409 INFO:Total games: 1120
2023-06-30 00:53:04,853 INFO:Total games: 1130
2023-06-30 00:54:42,402 INFO:Total games: 1140
2023-06-30 00:56:09,081 INFO:Total games: 1150
2023-06-30 00:57:29,826 INFO:Total games: 1160
2023-06-30 00:58:52,623 INFO:Total games: 1170
2023-06-30 01:00:35,258 INFO:Total games: 1180
2023-06-30 01:02:13,590 INFO:Total games: 1190
2023-06-30 01:03:34,840 INFO:Total games: 1200
2023-06-30 01:05:05,294 INFO:Total games: 1210
2023-06-30 01:06:32,916 INFO:Total games: 1220
2023-06-30 01:08:01,409 INFO:Total games: 1230
2023-06-30 01:09:48,756 INFO:Total games: 1240
2023-06-30 01:11:29,755 INFO:Total games: 1250
2023-06-30 01:13:09,810 INFO:Total games: 1260
2023-06-30 01:14:32,627 INFO:Total games: 1270
2023-06-30 01:15:53,354 INFO:Total games: 1280
2023-06-30 01:17:27,730 INFO:Total games: 1290
2023-06-30 01:18:58,014 INFO:Total games: 1300
2023-06-30 01:20:21,864 INFO:Total games: 1310
2023-06-30 01:21:55,492 INFO:Total games: 1320
2023-06-30 01:23:29,274 INFO:Total games: 1330
2023-06-30 01:24:14,576 INFO:Loaded new best model
2023-06-30 01:24:54,699 INFO:Total games: 1340
2023-06-30 01:26:27,213 INFO:Total games: 1350
2023-06-30 01:28:11,504 INFO:Total games: 1360
2023-06-30 01:29:54,551 INFO:Total games: 1370
2023-06-30 01:31:41,094 INFO:Total games: 1380
2023-06-30 01:33:23,323 INFO:Total games: 1390
2023-06-30 01:35:00,973 INFO:Total games: 1400
2023-06-30 01:36:34,017 INFO:Total games: 1410
2023-06-30 01:38:21,871 INFO:Total games: 1420
2023-06-30 01:40:04,632 INFO:Total games: 1430
2023-06-30 01:41:51,261 INFO:Total games: 1440
2023-06-30 01:43:36,764 INFO:Total games: 1450
2023-06-30 01:45:16,020 INFO:Total games: 1460
2023-06-30 01:46:48,502 INFO:Total games: 1470
2023-06-30 01:48:30,660 INFO:Total games: 1480
2023-06-30 01:50:14,611 INFO:Total games: 1490
2023-06-30 01:51:59,552 INFO:Total games: 1500
2023-06-30 01:53:43,405 INFO:Total games: 1510
2023-06-30 01:55:21,640 INFO:Total games: 1520
2023-06-30 01:57:07,251 INFO:Total games: 1530
2023-06-30 01:58:53,988 INFO:Total games: 1540
2023-06-30 02:00:40,842 INFO:Total games: 1550
2023-06-30 02:02:24,012 INFO:Total games: 1560
2023-06-30 02:03:30,998 INFO:Loaded new best model
2023-06-30 02:04:14,090 INFO:Total games: 1570
2023-06-30 02:05:58,768 INFO:Total games: 1580
2023-06-30 02:07:39,066 INFO:Total games: 1590
2023-06-30 02:09:31,465 INFO:Total games: 1600
2023-06-30 02:11:24,981 INFO:Total games: 1610
2023-06-30 02:13:14,861 INFO:Total games: 1620
2023-06-30 02:15:09,252 INFO:Total games: 1630
2023-06-30 02:17:01,201 INFO:Total games: 1640
2023-06-30 02:18:49,386 INFO:Total games: 1650
2023-06-30 02:20:45,384 INFO:Total games: 1660
2023-06-30 02:22:39,063 INFO:Total games: 1670
2023-06-30 02:24:26,990 INFO:Total games: 1680
2023-06-30 02:26:15,215 INFO:Total games: 1690
2023-06-30 02:27:58,312 INFO:Total games: 1700
2023-06-30 02:29:47,138 INFO:Total games: 1710
2023-06-30 02:31:42,912 INFO:Total games: 1720
2023-06-30 02:33:34,530 INFO:Total games: 1730
2023-06-30 02:35:27,767 INFO:Total games: 1740
2023-06-30 02:37:22,681 INFO:Total games: 1750
2023-06-30 02:39:09,337 INFO:Total games: 1760
2023-06-30 02:41:00,245 INFO:Total games: 1770
2023-06-30 02:42:54,003 INFO:Total games: 1780
2023-06-30 02:44:47,473 INFO:Total games: 1790
2023-06-30 02:46:39,233 INFO:Total games: 1800
2023-06-30 02:48:23,104 INFO:Total games: 1810
2023-06-30 02:50:07,164 INFO:Total games: 1820
2023-06-30 02:51:58,992 INFO:Total games: 1830
2023-06-30 02:53:54,690 INFO:Total games: 1840
2023-06-30 02:55:44,246 INFO:Total games: 1850
2023-06-30 02:57:30,441 INFO:Total games: 1860
2023-06-30 02:59:26,727 INFO:Total games: 1870
2023-06-30 03:01:18,186 INFO:Total games: 1880
2023-06-30 03:03:05,848 INFO:Total games: 1890
2023-06-30 03:04:57,064 INFO:Total games: 1900
2023-06-30 03:06:44,637 INFO:Total games: 1910
2023-06-30 03:08:33,544 INFO:Total games: 1920
2023-06-30 03:10:16,893 INFO:Total games: 1930
2023-06-30 03:12:12,914 INFO:Total games: 1940
2023-06-30 03:14:04,489 INFO:Total games: 1950
2023-06-30 03:15:54,455 INFO:Total games: 1960
2023-06-30 03:17:49,866 INFO:Total games: 1970
2023-06-30 03:19:39,921 INFO:Total games: 1980
2023-06-30 03:21:25,260 INFO:Total games: 1990
2023-06-30 03:23:11,146 INFO:Total games: 2000
2023-06-30 03:25:02,691 INFO:Total games: 2010
2023-06-30 03:26:50,955 INFO:Total games: 2020
2023-06-30 03:28:43,482 INFO:Total games: 2030
2023-06-30 03:30:34,045 INFO:Total games: 2040
2023-06-30 03:32:22,720 INFO:Total games: 2050
2023-06-30 03:34:15,921 INFO:Total games: 2060
2023-06-30 03:36:01,696 INFO:Total games: 2070
2023-06-30 03:37:59,108 INFO:Total games: 2080
2023-06-30 03:39:51,226 INFO:Total games: 2090
2023-06-30 03:41:44,486 INFO:Total games: 2100
2023-06-30 03:43:42,472 INFO:Total games: 2110
2023-06-30 03:45:35,008 INFO:Total games: 2120
2023-06-30 03:47:28,069 INFO:Total games: 2130
2023-06-30 03:49:14,602 INFO:Total games: 2140
2023-06-30 03:51:01,698 INFO:Total games: 2150
2023-06-30 03:52:48,183 INFO:Total games: 2160
2023-06-30 03:54:40,641 INFO:Total games: 2170
2023-06-30 03:56:36,818 INFO:Total games: 2180
2023-06-30 03:58:35,051 INFO:Total games: 2190
2023-06-30 04:00:28,764 INFO:Total games: 2200
2023-06-30 04:02:19,561 INFO:Total games: 2210
2023-06-30 04:04:17,560 INFO:Total games: 2220
2023-06-30 04:06:12,145 INFO:Total games: 2230
2023-06-30 04:08:02,614 INFO:Total games: 2240
2023-06-30 04:09:53,192 INFO:Total games: 2250
2023-06-30 04:11:43,792 INFO:Total games: 2260
2023-06-30 04:13:23,356 INFO:Total games: 2270
2023-06-30 04:15:13,488 INFO:Total games: 2280
2023-06-30 04:17:05,411 INFO:Total games: 2290
2023-06-30 04:19:03,319 INFO:Total games: 2300
2023-06-30 04:20:55,559 INFO:Total games: 2310
2023-06-30 04:22:46,058 INFO:Total games: 2320
2023-06-30 04:24:32,731 INFO:Total games: 2330
2023-06-30 04:26:28,568 INFO:Total games: 2340
2023-06-30 04:28:11,958 INFO:Total games: 2350
2023-06-30 04:30:02,410 INFO:Total games: 2360
2023-06-30 04:31:53,431 INFO:Total games: 2370
2023-06-30 04:33:44,398 INFO:Total games: 2380
2023-06-30 04:35:34,335 INFO:Total games: 2390
2023-06-30 04:37:25,047 INFO:Total games: 2400
2023-06-30 04:39:16,334 INFO:Total games: 2410
2023-06-30 04:41:05,322 INFO:Total games: 2420
2023-06-30 04:42:58,242 INFO:Total games: 2430
2023-06-30 04:44:49,296 INFO:Total games: 2440
2023-06-30 04:46:36,924 INFO:Total games: 2450
2023-06-30 04:48:25,051 INFO:Total games: 2460
2023-06-30 04:50:22,283 INFO:Total games: 2470
2023-06-30 04:52:10,427 INFO:Total games: 2480
2023-06-30 04:53:50,919 INFO:Total games: 2490
2023-06-30 04:55:43,431 INFO:Total games: 2500
2023-06-30 04:57:37,222 INFO:Total games: 2510
2023-06-30 04:59:26,744 INFO:Total games: 2520
2023-06-30 05:01:18,909 INFO:Total games: 2530
2023-06-30 05:03:12,665 INFO:Total games: 2540
2023-06-30 05:05:02,043 INFO:Total games: 2550
2023-06-30 05:06:52,386 INFO:Total games: 2560
2023-06-30 05:08:39,704 INFO:Total games: 2570
2023-06-30 05:10:27,210 INFO:Total games: 2580
2023-06-30 05:12:17,529 INFO:Total games: 2590
2023-06-30 05:14:04,708 INFO:Total games: 2600
2023-06-30 05:15:53,904 INFO:Total games: 2610
2023-06-30 05:17:41,392 INFO:Total games: 2620
2023-06-30 05:19:35,785 INFO:Total games: 2630
2023-06-30 05:21:26,756 INFO:Total games: 2640
2023-06-30 05:23:19,808 INFO:Total games: 2650
2023-06-30 05:25:02,111 INFO:Total games: 2660
2023-06-30 05:26:51,322 INFO:Total games: 2670
2023-06-30 05:28:42,653 INFO:Total games: 2680
2023-06-30 05:30:38,923 INFO:Total games: 2690
2023-06-30 05:32:26,192 INFO:Total games: 2700
2023-06-30 05:34:11,009 INFO:Total games: 2710
2023-06-30 05:35:57,621 INFO:Total games: 2720
2023-06-30 05:37:47,346 INFO:Total games: 2730
2023-06-30 05:39:40,566 INFO:Total games: 2740
2023-06-30 05:41:33,942 INFO:Total games: 2750
2023-06-30 05:43:22,480 INFO:Total games: 2760
2023-06-30 05:45:13,338 INFO:Total games: 2770
2023-06-30 05:47:12,249 INFO:Total games: 2780
2023-06-30 05:49:03,749 INFO:Total games: 2790
2023-06-30 05:50:48,153 INFO:Total games: 2800
2023-06-30 05:52:38,291 INFO:Total games: 2810
2023-06-30 05:54:27,682 INFO:Total games: 2820
2023-06-30 05:56:20,795 INFO:Total games: 2830
2023-06-30 05:58:12,867 INFO:Total games: 2840
2023-06-30 06:00:05,533 INFO:Total games: 2850
2023-06-30 06:01:56,686 INFO:Total games: 2860
2023-06-30 06:03:48,079 INFO:Total games: 2870
2023-06-30 06:05:44,689 INFO:Total games: 2880
2023-06-30 06:07:33,085 INFO:Total games: 2890
2023-06-30 06:09:25,207 INFO:Total games: 2900
2023-06-30 06:11:15,099 INFO:Total games: 2910
2023-06-30 06:13:04,108 INFO:Total games: 2920
2023-06-30 06:14:50,580 INFO:Total games: 2930
2023-06-30 06:16:30,321 INFO:Total games: 2940
2023-06-30 06:18:19,061 INFO:Total games: 2950
2023-06-30 06:20:08,599 INFO:Total games: 2960
2023-06-30 06:21:59,620 INFO:Total games: 2970
2023-06-30 06:23:58,785 INFO:Total games: 2980
2023-06-30 06:25:50,501 INFO:Total games: 2990
2023-06-30 06:27:37,439 INFO:Total games: 3000
2023-06-30 06:29:27,903 INFO:Total games: 3010
2023-06-30 06:31:19,158 INFO:Total games: 3020
2023-06-30 06:33:12,499 INFO:Total games: 3030
2023-06-30 06:35:03,818 INFO:Total games: 3040
2023-06-30 06:36:47,739 INFO:Total games: 3050
2023-06-30 06:38:35,889 INFO:Total games: 3060
2023-06-30 06:40:28,079 INFO:Total games: 3070
2023-06-30 06:42:14,136 INFO:Total games: 3080
2023-06-30 06:44:10,800 INFO:Total games: 3090
2023-06-30 06:46:02,037 INFO:Total games: 3100
2023-06-30 06:47:53,356 INFO:Total games: 3110
2023-06-30 06:49:44,359 INFO:Total games: 3120
2023-06-30 06:51:33,503 INFO:Total games: 3130
2023-06-30 06:53:27,689 INFO:Total games: 3140
2023-06-30 06:55:13,387 INFO:Total games: 3150
2023-06-30 06:56:59,897 INFO:Total games: 3160
2023-06-30 06:58:43,527 INFO:Total games: 3170
2023-06-30 07:00:32,276 INFO:Total games: 3180
2023-06-30 07:02:19,852 INFO:Total games: 3190
2023-06-30 07:04:20,155 INFO:Total games: 3200
2023-06-30 07:06:11,488 INFO:Total games: 3210
2023-06-30 07:08:00,727 INFO:Total games: 3220
2023-06-30 07:09:50,539 INFO:Total games: 3230
2023-06-30 07:11:41,711 INFO:Total games: 3240
2023-06-30 07:13:34,083 INFO:Total games: 3250
2023-06-30 07:15:33,079 INFO:Total games: 3260
2023-06-30 07:17:14,286 INFO:Total games: 3270
2023-06-30 07:19:05,291 INFO:Total games: 3280
2023-06-30 07:20:55,120 INFO:Total games: 3290
2023-06-30 07:22:43,727 INFO:Total games: 3300
2023-06-30 07:24:42,105 INFO:Total games: 3310
2023-06-30 07:26:32,461 INFO:Total games: 3320
2023-06-30 07:28:20,681 INFO:Total games: 3330
2023-06-30 07:30:10,107 INFO:Total games: 3340
2023-06-30 07:32:00,416 INFO:Total games: 3350
2023-06-30 07:33:53,407 INFO:Total games: 3360
2023-06-30 07:35:48,303 INFO:Total games: 3370
2023-06-30 07:37:31,677 INFO:Total games: 3380
2023-06-30 07:39:16,219 INFO:Total games: 3390
2023-06-30 07:41:08,884 INFO:Total games: 3400
2023-06-30 07:42:58,530 INFO:Total games: 3410
2023-06-30 07:44:46,038 INFO:Total games: 3420
2023-06-30 07:46:43,498 INFO:Total games: 3430
2023-06-30 07:48:32,416 INFO:Total games: 3440
2023-06-30 07:50:22,050 INFO:Total games: 3450
2023-06-30 07:52:14,974 INFO:Total games: 3460
2023-06-30 07:54:05,478 INFO:Total games: 3470
2023-06-30 07:55:54,154 INFO:Total games: 3480
2023-06-30 07:57:52,568 INFO:Total games: 3490
2023-06-30 07:59:40,533 INFO:Total games: 3500
2023-06-30 08:01:25,996 INFO:Total games: 3510
2023-06-30 08:03:16,195 INFO:Total games: 3520
2023-06-30 08:05:05,103 INFO:Total games: 3530
2023-06-30 08:06:51,775 INFO:Total games: 3540
2023-06-30 08:08:44,497 INFO:Total games: 3550
2023-06-30 08:10:39,300 INFO:Total games: 3560
2023-06-30 08:12:28,223 INFO:Total games: 3570
2023-06-30 08:14:15,444 INFO:Total games: 3580
2023-06-30 08:16:05,794 INFO:Total games: 3590
2023-06-30 08:17:50,516 INFO:Total games: 3600
2023-06-30 08:19:36,897 INFO:Total games: 3610
2023-06-30 08:21:28,138 INFO:Total games: 3620
2023-06-30 08:23:18,995 INFO:Total games: 3630
2023-06-30 08:25:08,106 INFO:Total games: 3640
2023-06-30 08:26:58,502 INFO:Total games: 3650
2023-06-30 08:28:51,926 INFO:Total games: 3660
2023-06-30 08:30:42,265 INFO:Total games: 3670
2023-06-30 08:32:41,359 INFO:Total games: 3680
2023-06-30 08:34:34,494 INFO:Total games: 3690
2023-06-30 08:36:27,982 INFO:Total games: 3700
2023-06-30 08:38:20,348 INFO:Total games: 3710
2023-06-30 08:40:06,417 INFO:Total games: 3720
2023-06-30 08:41:57,646 INFO:Total games: 3730
2023-06-30 08:43:49,557 INFO:Total games: 3740
2023-06-30 08:45:50,519 INFO:Total games: 3750
2023-06-30 08:47:43,528 INFO:Total games: 3760
2023-06-30 08:49:35,324 INFO:Total games: 3770
2023-06-30 08:51:25,285 INFO:Total games: 3780
2023-06-30 08:53:14,905 INFO:Total games: 3790
2023-06-30 08:55:08,371 INFO:Total games: 3800
2023-06-30 08:57:04,923 INFO:Total games: 3810
2023-06-30 08:58:53,264 INFO:Total games: 3820
2023-06-30 09:00:35,604 INFO:Total games: 3830
2023-06-30 09:02:22,791 INFO:Total games: 3840
2023-06-30 09:04:11,542 INFO:Total games: 3850
2023-06-30 09:06:00,574 INFO:Total games: 3860
2023-06-30 09:07:52,730 INFO:Total games: 3870
2023-06-30 09:09:42,735 INFO:Total games: 3880
2023-06-30 09:11:34,339 INFO:Total games: 3890
2023-06-30 09:13:24,062 INFO:Total games: 3900
2023-06-30 09:15:17,932 INFO:Total games: 3910
2023-06-30 09:17:11,829 INFO:Total games: 3920
2023-06-30 09:19:01,502 INFO:Total games: 3930
2023-06-30 09:20:48,138 INFO:Total games: 3940
2023-06-30 09:22:44,815 INFO:Total games: 3950
2023-06-30 09:24:37,786 INFO:Total games: 3960
2023-06-30 09:26:26,979 INFO:Total games: 3970
2023-06-30 09:28:19,410 INFO:Total games: 3980
2023-06-30 09:30:05,139 INFO:Total games: 3990
2023-06-30 09:31:56,172 INFO:Total games: 4000
2023-06-30 09:33:47,280 INFO:Total games: 4010
2023-06-30 09:35:43,904 INFO:Total games: 4020
2023-06-30 09:37:36,233 INFO:Total games: 4030
2023-06-30 09:39:23,296 INFO:Total games: 4040
2023-06-30 09:41:11,186 INFO:Total games: 4050
2023-06-30 09:43:01,104 INFO:Total games: 4060
2023-06-30 09:44:53,140 INFO:Total games: 4070
2023-06-30 09:46:46,289 INFO:Total games: 4080
2023-06-30 09:48:48,251 INFO:Total games: 4090
2023-06-30 09:50:40,335 INFO:Total games: 4100
2023-06-30 09:52:33,485 INFO:Total games: 4110
2023-06-30 09:54:28,790 INFO:Total games: 4120
2023-06-30 09:56:20,394 INFO:Total games: 4130
2023-06-30 09:58:06,867 INFO:Total games: 4140
2023-06-30 09:59:51,497 INFO:Total games: 4150
2023-06-30 10:01:35,638 INFO:Total games: 4160
2023-06-30 10:03:20,388 INFO:Total games: 4170
2023-06-30 10:05:10,150 INFO:Total games: 4180
2023-06-30 10:07:03,505 INFO:Total games: 4190
2023-06-30 10:08:54,615 INFO:Total games: 4200
2023-06-30 10:10:47,094 INFO:Total games: 4210
2023-06-30 10:12:38,692 INFO:Total games: 4220
2023-06-30 10:14:33,320 INFO:Total games: 4230
2023-06-30 10:16:26,159 INFO:Total games: 4240
2023-06-30 10:18:17,661 INFO:Total games: 4250
2023-06-30 10:20:07,473 INFO:Total games: 4260
2023-06-30 10:21:52,957 INFO:Total games: 4270
2023-06-30 10:23:37,623 INFO:Total games: 4280
2023-06-30 10:25:28,592 INFO:Total games: 4290
2023-06-30 10:27:17,694 INFO:Total games: 4300
2023-06-30 10:29:19,820 INFO:Total games: 4310
2023-06-30 10:31:09,075 INFO:Total games: 4320
2023-06-30 10:33:03,747 INFO:Total games: 4330
2023-06-30 10:34:54,060 INFO:Total games: 4340
2023-06-30 10:36:39,743 INFO:Total games: 4350
2023-06-30 10:38:25,389 INFO:Total games: 4360
2023-06-30 10:40:17,657 INFO:Total games: 4370
2023-06-30 10:42:12,677 INFO:Total games: 4380
2023-06-30 10:43:59,548 INFO:Total games: 4390
2023-06-30 10:45:48,880 INFO:Total games: 4400
2023-06-30 10:47:40,231 INFO:Total games: 4410
2023-06-30 10:49:23,813 INFO:Total games: 4420
2023-06-30 10:51:09,794 INFO:Total games: 4430
2023-06-30 10:52:55,565 INFO:Total games: 4440
2023-06-30 10:54:45,697 INFO:Total games: 4450
2023-06-30 10:56:45,327 INFO:Total games: 4460
2023-06-30 10:58:35,852 INFO:Total games: 4470
2023-06-30 11:00:23,144 INFO:Total games: 4480
2023-06-30 11:02:07,520 INFO:Total games: 4490
2023-06-30 11:03:48,295 INFO:Total games: 4500
2023-06-30 11:05:37,759 INFO:Total games: 4510
2023-06-30 11:07:23,606 INFO:Total games: 4520
2023-06-30 11:09:07,762 INFO:Total games: 4530
2023-06-30 11:11:10,361 INFO:Total games: 4540
2023-06-30 11:13:03,238 INFO:Total games: 4550
2023-06-30 11:14:54,749 INFO:Total games: 4560
2023-06-30 11:16:47,559 INFO:Total games: 4570
2023-06-30 11:18:41,257 INFO:Total games: 4580
2023-06-30 11:20:31,269 INFO:Total games: 4590
2023-06-30 11:22:15,963 INFO:Total games: 4600
2023-06-30 11:24:02,001 INFO:Total games: 4610
2023-06-30 11:25:51,950 INFO:Total games: 4620
2023-06-30 11:27:36,910 INFO:Total games: 4630
2023-06-30 11:29:22,062 INFO:Total games: 4640
2023-06-30 11:31:11,511 INFO:Total games: 4650
2023-06-30 11:33:05,688 INFO:Total games: 4660
2023-06-30 11:34:56,858 INFO:Total games: 4670
2023-06-30 11:36:47,518 INFO:Total games: 4680
2023-06-30 11:38:36,452 INFO:Total games: 4690
2023-06-30 11:40:29,020 INFO:Total games: 4700
2023-06-30 11:42:19,581 INFO:Total games: 4710
2023-06-30 11:42:30,684 INFO:Loaded new best model
2023-06-30 11:43:49,874 INFO:Total games: 4720
2023-06-30 11:45:15,353 INFO:Total games: 4730
2023-06-30 11:46:51,166 INFO:Total games: 4740
2023-06-30 11:48:24,879 INFO:Total games: 4750
2023-06-30 11:50:01,977 INFO:Total games: 4760
2023-06-30 11:51:38,703 INFO:Total games: 4770
2023-06-30 11:53:12,352 INFO:Total games: 4780
2023-06-30 11:54:44,950 INFO:Total games: 4790
2023-06-30 11:56:32,167 INFO:Total games: 4800
2023-06-30 11:58:08,451 INFO:Total games: 4810
2023-06-30 11:59:40,641 INFO:Total games: 4820
2023-06-30 12:01:17,585 INFO:Total games: 4830
2023-06-30 12:02:42,885 INFO:Total games: 4840
2023-06-30 12:04:18,709 INFO:Total games: 4850
2023-06-30 12:05:53,926 INFO:Total games: 4860
2023-06-30 12:07:26,062 INFO:Total games: 4870
2023-06-30 12:09:01,682 INFO:Total games: 4880
2023-06-30 12:10:37,441 INFO:Total games: 4890
2023-06-30 12:12:04,917 INFO:Total games: 4900
2023-06-30 12:13:54,709 INFO:Total games: 4910
2023-06-30 12:15:28,769 INFO:Total games: 4920
2023-06-30 12:17:06,803 INFO:Total games: 4930
2023-06-30 12:18:34,297 INFO:Total games: 4940
2023-06-30 12:20:07,968 INFO:Total games: 4950
2023-06-30 12:21:46,698 INFO:Total games: 4960
2023-06-30 12:23:22,720 INFO:Total games: 4970
2023-06-30 12:24:50,649 INFO:Total games: 4980
2023-06-30 12:26:18,890 INFO:Total games: 4990
2023-06-30 12:27:55,111 INFO:Total games: 5000
2023-06-30 12:29:31,355 INFO:Total games: 5010
2023-06-30 12:31:19,698 INFO:Total games: 5020
2023-06-30 12:33:00,354 INFO:Total games: 5030
2023-06-30 12:34:43,879 INFO:Total games: 5040
2023-06-30 12:36:25,249 INFO:Total games: 5050
2023-06-30 12:38:07,461 INFO:Total games: 5060
2023-06-30 12:40:00,425 INFO:Total games: 5070
2023-06-30 12:41:42,510 INFO:Total games: 5080
2023-06-30 12:43:17,795 INFO:Total games: 5090
2023-06-30 12:44:53,135 INFO:Total games: 5100
2023-06-30 12:46:35,926 INFO:Total games: 5110
2023-06-30 12:48:06,010 INFO:Total games: 5120
2023-06-30 12:49:53,308 INFO:Total games: 5130
2023-06-30 12:51:30,176 INFO:Total games: 5140
2023-06-30 12:53:06,576 INFO:Total games: 5150
2023-06-30 12:54:52,933 INFO:Total games: 5160
2023-06-30 12:56:25,829 INFO:Total games: 5170
2023-06-30 12:58:06,080 INFO:Total games: 5180
2023-06-30 12:59:41,198 INFO:Total games: 5190
2023-06-30 13:01:19,149 INFO:Total games: 5200
2023-06-30 13:02:56,995 INFO:Total games: 5210
2023-06-30 13:04:33,803 INFO:Total games: 5220
2023-06-30 13:06:02,106 INFO:Total games: 5230
2023-06-30 13:07:47,137 INFO:Total games: 5240
2023-06-30 13:09:22,621 INFO:Total games: 5250
2023-06-30 13:09:32,391 INFO:Loaded new best model
2023-06-30 13:11:11,628 INFO:Total games: 5260
2023-06-30 13:13:02,376 INFO:Total games: 5270
2023-06-30 13:15:00,264 INFO:Total games: 5280
2023-06-30 13:17:01,697 INFO:Total games: 5290
2023-06-30 13:19:00,751 INFO:Total games: 5300
2023-06-30 13:20:57,133 INFO:Total games: 5310
2023-06-30 13:22:52,089 INFO:Total games: 5320
2023-06-30 13:24:53,642 INFO:Total games: 5330
2023-06-30 13:27:16,040 INFO:Total games: 5340
2023-06-30 13:29:22,727 INFO:Total games: 5350
2023-06-30 13:31:29,175 INFO:Total games: 5360
2023-06-30 13:33:36,183 INFO:Total games: 5370
2023-06-30 13:35:35,228 INFO:Total games: 5380
2023-06-30 13:37:37,372 INFO:Total games: 5390
2023-06-30 13:39:37,834 INFO:Total games: 5400
2023-06-30 13:41:45,721 INFO:Total games: 5410
2023-06-30 13:43:45,045 INFO:Total games: 5420
2023-06-30 13:45:55,181 INFO:Total games: 5430
2023-06-30 13:47:53,016 INFO:Total games: 5440
2023-06-30 13:49:49,481 INFO:Total games: 5450
2023-06-30 13:51:50,099 INFO:Total games: 5460
2023-06-30 13:53:48,419 INFO:Total games: 5470
2023-06-30 13:55:44,773 INFO:Total games: 5480
2023-06-30 13:57:47,756 INFO:Total games: 5490
2023-06-30 13:59:42,480 INFO:Total games: 5500
2023-06-30 14:01:35,654 INFO:Total games: 5510
2023-06-30 14:03:30,484 INFO:Total games: 5520
2023-06-30 14:05:46,196 INFO:Total games: 5530
2023-06-30 14:07:40,991 INFO:Total games: 5540
2023-06-30 14:09:35,728 INFO:Total games: 5550
2023-06-30 14:11:33,850 INFO:Total games: 5560
2023-06-30 14:13:34,385 INFO:Total games: 5570
2023-06-30 14:15:34,060 INFO:Total games: 5580
2023-06-30 14:17:29,417 INFO:Total games: 5590
2023-06-30 14:19:25,424 INFO:Total games: 5600
2023-06-30 14:21:19,699 INFO:Total games: 5610
2023-06-30 14:23:21,461 INFO:Total games: 5620
2023-06-30 14:25:09,376 INFO:Total games: 5630
2023-06-30 14:27:00,664 INFO:Total games: 5640
2023-06-30 14:28:58,585 INFO:Total games: 5650
2023-06-30 14:30:54,681 INFO:Total games: 5660
2023-06-30 14:32:52,981 INFO:Total games: 5670
2023-06-30 14:34:46,714 INFO:Total games: 5680
2023-06-30 14:36:39,449 INFO:Total games: 5690
2023-06-30 14:38:37,578 INFO:Total games: 5700
2023-06-30 14:40:33,999 INFO:Total games: 5710
2023-06-30 14:42:45,026 INFO:Total games: 5720
2023-06-30 14:44:41,138 INFO:Total games: 5730
2023-06-30 14:46:32,724 INFO:Total games: 5740
2023-06-30 14:48:31,364 INFO:Total games: 5750
2023-06-30 14:50:27,709 INFO:Total games: 5760
2023-06-30 14:52:23,042 INFO:Total games: 5770
2023-06-30 14:54:19,970 INFO:Total games: 5780
2023-06-30 14:56:18,328 INFO:Total games: 5790
2023-06-30 14:58:16,219 INFO:Total games: 5800
2023-06-30 15:00:10,200 INFO:Total games: 5810
2023-06-30 15:02:15,316 INFO:Total games: 5820
2023-06-30 15:04:11,157 INFO:Total games: 5830
2023-06-30 15:06:02,194 INFO:Total games: 5840
2023-06-30 15:07:55,741 INFO:Total games: 5850
2023-06-30 15:09:54,198 INFO:Total games: 5860
2023-06-30 15:11:51,668 INFO:Total games: 5870
2023-06-30 15:13:47,609 INFO:Total games: 5880
2023-06-30 15:15:40,380 INFO:Total games: 5890
2023-06-30 15:17:33,497 INFO:Total games: 5900
2023-06-30 15:19:31,661 INFO:Total games: 5910
2023-06-30 15:21:39,999 INFO:Total games: 5920
2023-06-30 15:23:34,896 INFO:Total games: 5930
2023-06-30 15:25:32,531 INFO:Total games: 5940
2023-06-30 15:27:26,778 INFO:Total games: 5950
2023-06-30 15:29:21,935 INFO:Total games: 5960
2023-06-30 15:31:17,426 INFO:Total games: 5970
2023-06-30 15:33:15,880 INFO:Total games: 5980
2023-06-30 15:35:13,814 INFO:Total games: 5990
2023-06-30 15:37:10,597 INFO:Total games: 6000
2023-06-30 15:39:06,526 INFO:Total games: 6010
2023-06-30 15:41:16,984 INFO:Total games: 6020
2023-06-30 15:43:14,202 INFO:Total games: 6030
2023-06-30 15:45:07,412 INFO:Total games: 6040
2023-06-30 15:47:05,480 INFO:Total games: 6050
2023-06-30 15:48:57,630 INFO:Total games: 6060
2023-06-30 15:50:45,327 INFO:Total games: 6070
2023-06-30 15:52:35,013 INFO:Total games: 6080
2023-06-30 15:54:31,182 INFO:Total games: 6090
2023-06-30 15:56:27,108 INFO:Total games: 6100
2023-06-30 15:58:21,621 INFO:Total games: 6110
2023-06-30 16:00:17,606 INFO:Total games: 6120
2023-06-30 16:02:28,699 INFO:Total games: 6130
2023-06-30 16:04:24,411 INFO:Total games: 6140
2023-06-30 16:06:21,007 INFO:Total games: 6150
2023-06-30 16:08:15,835 INFO:Total games: 6160
2023-06-30 16:10:23,586 INFO:Total games: 6170
2023-06-30 16:12:23,083 INFO:Total games: 6180
2023-06-30 16:14:30,427 INFO:Total games: 6190
2023-06-30 16:16:38,351 INFO:Total games: 6200
2023-06-30 16:18:44,295 INFO:Total games: 6210
2023-06-30 16:20:43,233 INFO:Total games: 6220
2023-06-30 16:22:40,886 INFO:Total games: 6230
2023-06-30 16:24:53,757 INFO:Total games: 6240
2023-06-30 16:26:49,764 INFO:Total games: 6250
2023-06-30 16:28:47,329 INFO:Total games: 6260
2023-06-30 16:30:45,531 INFO:Total games: 6270
2023-06-30 16:32:42,734 INFO:Total games: 6280
2023-06-30 16:34:36,491 INFO:Total games: 6290
2023-06-30 16:36:28,379 INFO:Total games: 6300
2023-06-30 16:38:28,278 INFO:Total games: 6310
2023-06-30 16:40:24,342 INFO:Total games: 6320
2023-06-30 16:42:21,987 INFO:Total games: 6330
2023-06-30 16:44:19,570 INFO:Total games: 6340
2023-06-30 16:46:30,201 INFO:Total games: 6350
2023-06-30 16:48:27,630 INFO:Total games: 6360
2023-06-30 16:50:25,495 INFO:Total games: 6370
2023-06-30 16:52:21,776 INFO:Total games: 6380
2023-06-30 16:54:19,183 INFO:Total games: 6390
2023-06-30 16:56:13,188 INFO:Total games: 6400
2023-06-30 16:58:04,405 INFO:Total games: 6410
2023-06-30 16:59:58,576 INFO:Total games: 6420
2023-06-30 17:01:55,646 INFO:Total games: 6430
2023-06-30 17:03:51,342 INFO:Total games: 6440
2023-06-30 17:05:48,487 INFO:Total games: 6450
2023-06-30 17:08:02,326 INFO:Total games: 6460
2023-06-30 17:09:57,474 INFO:Total games: 6470
2023-06-30 17:11:51,510 INFO:Total games: 6480
2023-06-30 17:13:44,031 INFO:Total games: 6490
2023-06-30 17:15:39,472 INFO:Total games: 6500
2023-06-30 17:17:31,897 INFO:Total games: 6510
2023-06-30 17:19:22,616 INFO:Total games: 6520
2023-06-30 17:21:17,945 INFO:Total games: 6530
2023-06-30 17:23:13,555 INFO:Total games: 6540
2023-06-30 17:25:04,484 INFO:Total games: 6550
2023-06-30 17:27:01,896 INFO:Total games: 6560
2023-06-30 17:29:16,576 INFO:Total games: 6570
2023-06-30 17:31:13,860 INFO:Total games: 6580
2023-06-30 17:33:11,434 INFO:Total games: 6590
2023-06-30 17:35:09,424 INFO:Total games: 6600
2023-06-30 17:37:04,147 INFO:Total games: 6610
2023-06-30 17:38:59,132 INFO:Total games: 6620
2023-06-30 17:40:51,134 INFO:Total games: 6630
2023-06-30 17:42:46,453 INFO:Total games: 6640
2023-06-30 17:44:40,350 INFO:Total games: 6650
2023-06-30 17:46:38,130 INFO:Total games: 6660
2023-06-30 17:48:31,804 INFO:Total games: 6670
2023-06-30 17:50:29,435 INFO:Total games: 6680
2023-06-30 17:52:44,192 INFO:Total games: 6690
2023-06-30 17:54:41,003 INFO:Total games: 6700
2023-06-30 17:56:40,000 INFO:Total games: 6710
2023-06-30 17:58:38,612 INFO:Total games: 6720
2023-06-30 18:00:31,047 INFO:Total games: 6730
2023-06-30 18:02:23,641 INFO:Total games: 6740
2023-06-30 18:04:22,828 INFO:Total games: 6750
2023-06-30 18:06:11,669 INFO:Total games: 6760
2023-06-30 18:08:05,519 INFO:Total games: 6770
2023-06-30 18:09:59,783 INFO:Total games: 6780
2023-06-30 18:11:54,036 INFO:Total games: 6790
2023-06-30 18:13:48,609 INFO:Total games: 6800
2023-06-30 18:16:02,630 INFO:Total games: 6810
2023-06-30 18:17:59,626 INFO:Total games: 6820
2023-06-30 18:19:58,199 INFO:Total games: 6830
2023-06-30 18:21:48,802 INFO:Total games: 6840
2023-06-30 18:23:46,984 INFO:Total games: 6850
2023-06-30 18:25:42,926 INFO:Total games: 6860
2023-06-30 18:27:39,080 INFO:Total games: 6870
2023-06-30 18:29:36,073 INFO:Total games: 6880
2023-06-30 18:31:32,374 INFO:Total games: 6890
2023-06-30 18:33:27,857 INFO:Total games: 6900
2023-06-30 18:35:24,381 INFO:Total games: 6910
2023-06-30 18:37:21,102 INFO:Total games: 6920
2023-06-30 18:39:36,987 INFO:Total games: 6930
2023-06-30 18:41:28,297 INFO:Total games: 6940
2023-06-30 18:43:22,823 INFO:Total games: 6950
2023-06-30 18:45:16,090 INFO:Total games: 6960
2023-06-30 18:47:06,939 INFO:Total games: 6970
2023-06-30 18:49:05,811 INFO:Total games: 6980
2023-06-30 18:51:02,399 INFO:Total games: 6990
2023-06-30 18:52:57,670 INFO:Total games: 7000
2023-06-30 18:54:55,555 INFO:Total games: 7010
2023-06-30 18:56:46,162 INFO:Total games: 7020
2023-06-30 18:58:44,450 INFO:Total games: 7030
2023-06-30 19:00:42,331 INFO:Total games: 7040
2023-06-30 19:02:47,788 INFO:Total games: 7050
2023-06-30 19:04:38,223 INFO:Total games: 7060
2023-06-30 19:06:34,861 INFO:Total games: 7070
2023-06-30 19:08:33,684 INFO:Total games: 7080
2023-06-30 19:10:28,809 INFO:Total games: 7090
2023-06-30 19:12:24,102 INFO:Total games: 7100
2023-06-30 19:14:20,273 INFO:Total games: 7110
2023-06-30 19:16:17,401 INFO:Total games: 7120
2023-06-30 19:18:14,307 INFO:Total games: 7130
2023-06-30 19:20:13,513 INFO:Total games: 7140
2023-06-30 19:22:09,768 INFO:Total games: 7150
2023-06-30 19:24:05,813 INFO:Total games: 7160
2023-06-30 19:25:51,784 INFO:Total games: 7170
2023-06-30 19:28:05,631 INFO:Total games: 7180
2023-06-30 19:30:04,355 INFO:Total games: 7190
2023-06-30 19:32:01,750 INFO:Total games: 7200
2023-06-30 19:34:00,895 INFO:Total games: 7210
2023-06-30 19:35:56,570 INFO:Total games: 7220
2023-06-30 19:37:49,993 INFO:Total games: 7230
2023-06-30 19:39:48,291 INFO:Total games: 7240
2023-06-30 19:41:46,743 INFO:Total games: 7250
2023-06-30 19:43:39,823 INFO:Total games: 7260
2023-06-30 19:45:29,445 INFO:Total games: 7270
2023-06-30 19:47:20,586 INFO:Total games: 7280
2023-06-30 19:49:17,994 INFO:Total games: 7290
2023-06-30 19:51:32,419 INFO:Total games: 7300
2023-06-30 19:53:24,720 INFO:Total games: 7310
2023-06-30 19:55:21,671 INFO:Total games: 7320
2023-06-30 19:57:19,548 INFO:Total games: 7330
2023-06-30 19:59:18,321 INFO:Total games: 7340
2023-06-30 20:01:15,773 INFO:Total games: 7350
2023-06-30 20:03:11,891 INFO:Total games: 7360
2023-06-30 20:05:07,658 INFO:Total games: 7370
2023-06-30 20:06:58,806 INFO:Total games: 7380
2023-06-30 20:08:55,585 INFO:Total games: 7390
2023-06-30 20:10:52,121 INFO:Total games: 7400
2023-06-30 20:12:50,169 INFO:Total games: 7410
2023-06-30 20:14:46,331 INFO:Total games: 7420
2023-06-30 20:17:03,363 INFO:Total games: 7430
2023-06-30 20:19:00,985 INFO:Total games: 7440
2023-06-30 20:20:58,868 INFO:Total games: 7450
2023-06-30 20:22:54,781 INFO:Total games: 7460
2023-06-30 20:24:45,514 INFO:Total games: 7470
2023-06-30 20:26:41,952 INFO:Total games: 7480
2023-06-30 20:28:33,858 INFO:Total games: 7490
2023-06-30 20:30:30,526 INFO:Total games: 7500
2023-06-30 20:32:27,427 INFO:Total games: 7510
2023-06-30 20:34:26,015 INFO:Total games: 7520
2023-06-30 20:36:19,131 INFO:Total games: 7530
2023-06-30 20:38:13,899 INFO:Total games: 7540
2023-06-30 20:40:11,350 INFO:Total games: 7550
2023-06-30 20:42:09,232 INFO:Total games: 7560
2023-06-30 20:44:25,246 INFO:Total games: 7570
2023-06-30 20:46:17,968 INFO:Total games: 7580
2023-06-30 20:48:11,068 INFO:Total games: 7590
2023-06-30 20:49:52,975 INFO:Total games: 7600
2023-06-30 20:51:43,228 INFO:Total games: 7610
2023-06-30 20:53:39,516 INFO:Total games: 7620
2023-06-30 20:55:36,627 INFO:Total games: 7630
2023-06-30 20:57:30,075 INFO:Total games: 7640
2023-06-30 20:59:22,154 INFO:Total games: 7650
2023-06-30 21:01:20,167 INFO:Total games: 7660
2023-06-30 21:03:17,327 INFO:Total games: 7670
2023-06-30 21:05:14,555 INFO:Total games: 7680
2023-06-30 21:07:11,576 INFO:Total games: 7690
2023-06-30 21:09:23,306 INFO:Total games: 7700
2023-06-30 21:11:12,933 INFO:Total games: 7710
2023-06-30 21:13:09,017 INFO:Total games: 7720
2023-06-30 21:15:04,742 INFO:Total games: 7730
2023-06-30 21:17:02,417 INFO:Total games: 7740
2023-06-30 21:19:00,642 INFO:Total games: 7750
2023-06-30 21:20:54,487 INFO:Total games: 7760
2023-06-30 21:22:49,089 INFO:Total games: 7770
2023-06-30 21:24:46,878 INFO:Total games: 7780
2023-06-30 21:26:38,396 INFO:Total games: 7790
2023-06-30 21:28:36,965 INFO:Total games: 7800
2023-06-30 21:30:31,377 INFO:Total games: 7810
2023-06-30 21:32:23,391 INFO:Total games: 7820
2023-06-30 21:34:20,417 INFO:Total games: 7830
2023-06-30 21:36:35,329 INFO:Total games: 7840
2023-06-30 21:38:33,022 INFO:Total games: 7850
2023-06-30 21:40:30,516 INFO:Total games: 7860
2023-06-30 21:42:23,457 INFO:Total games: 7870
2023-06-30 21:44:16,376 INFO:Total games: 7880
2023-06-30 21:46:13,556 INFO:Total games: 7890
2023-06-30 21:48:12,000 INFO:Total games: 7900
2023-06-30 21:50:11,811 INFO:Total games: 7910
2023-06-30 21:52:02,173 INFO:Total games: 7920
2023-06-30 21:53:56,820 INFO:Total games: 7930
2023-06-30 21:55:51,703 INFO:Total games: 7940
2023-06-30 21:57:49,361 INFO:Total games: 7950
2023-06-30 21:59:46,990 INFO:Total games: 7960
2023-06-30 22:01:40,798 INFO:Total games: 7970
2023-06-30 22:03:59,932 INFO:Total games: 7980
2023-06-30 22:05:57,180 INFO:Total games: 7990
2023-06-30 22:07:53,201 INFO:Total games: 8000
2023-06-30 22:09:46,493 INFO:Total games: 8010
2023-06-30 22:11:41,777 INFO:Total games: 8020
2023-06-30 22:13:34,779 INFO:Total games: 8030
2023-06-30 22:15:33,390 INFO:Total games: 8040
2023-06-30 22:17:30,693 INFO:Total games: 8050
2023-06-30 22:19:27,337 INFO:Total games: 8060
2023-06-30 22:21:26,046 INFO:Total games: 8070
2023-06-30 22:23:23,941 INFO:Total games: 8080
2023-06-30 22:25:18,783 INFO:Total games: 8090
2023-06-30 22:27:12,989 INFO:Total games: 8100
2023-06-30 22:29:05,832 INFO:Total games: 8110
2023-06-30 22:31:00,305 INFO:Total games: 8120
2023-06-30 22:33:12,386 INFO:Total games: 8130
2023-06-30 22:35:03,688 INFO:Total games: 8140
2023-06-30 22:37:00,281 INFO:Total games: 8150
2023-06-30 22:38:56,553 INFO:Total games: 8160
2023-06-30 22:40:52,693 INFO:Total games: 8170
2023-06-30 22:42:49,103 INFO:Total games: 8180
2023-06-30 22:44:45,262 INFO:Total games: 8190
2023-06-30 22:46:39,496 INFO:Total games: 8200
2023-06-30 22:48:32,619 INFO:Total games: 8210
2023-06-30 22:50:27,884 INFO:Total games: 8220
2023-06-30 22:52:26,559 INFO:Total games: 8230
2023-06-30 22:54:20,962 INFO:Total games: 8240
2023-06-30 22:56:12,734 INFO:Total games: 8250
2023-06-30 22:58:08,598 INFO:Total games: 8260
2023-06-30 23:00:29,189 INFO:Total games: 8270
2023-06-30 23:02:26,582 INFO:Total games: 8280
2023-06-30 23:04:22,965 INFO:Total games: 8290
2023-06-30 23:06:21,004 INFO:Total games: 8300
2023-06-30 23:08:19,065 INFO:Total games: 8310
2023-06-30 23:10:11,630 INFO:Total games: 8320
2023-06-30 23:12:07,997 INFO:Total games: 8330
2023-06-30 23:14:05,556 INFO:Total games: 8340
2023-06-30 23:15:56,709 INFO:Total games: 8350
2023-06-30 23:17:54,320 INFO:Total games: 8360
2023-06-30 23:19:51,972 INFO:Total games: 8370
2023-06-30 23:21:47,384 INFO:Total games: 8380
2023-06-30 23:23:42,986 INFO:Total games: 8390
2023-06-30 23:25:40,203 INFO:Total games: 8400
2023-06-30 23:27:32,143 INFO:Total games: 8410
2023-06-30 23:29:53,708 INFO:Total games: 8420
2023-06-30 23:31:48,994 INFO:Total games: 8430
2023-06-30 23:33:49,546 INFO:Total games: 8440
2023-06-30 23:35:42,807 INFO:Total games: 8450
2023-06-30 23:37:34,475 INFO:Total games: 8460
2023-06-30 23:39:31,889 INFO:Total games: 8470
2023-06-30 23:41:30,770 INFO:Total games: 8480
2023-06-30 23:43:26,064 INFO:Total games: 8490
2023-06-30 23:45:24,708 INFO:Total games: 8500
2023-06-30 23:47:22,209 INFO:Total games: 8510
2023-06-30 23:49:16,964 INFO:Total games: 8520
2023-06-30 23:51:15,287 INFO:Total games: 8530
2023-06-30 23:53:13,816 INFO:Total games: 8540
2023-06-30 23:55:11,956 INFO:Total games: 8550
2023-06-30 23:57:04,726 INFO:Total games: 8560
2023-06-30 23:59:15,406 INFO:Total games: 8570
2023-07-01 00:01:12,511 INFO:Total games: 8580
2023-07-01 00:03:08,636 INFO:Total games: 8590
2023-07-01 00:05:06,030 INFO:Total games: 8600
2023-07-01 00:07:03,814 INFO:Total games: 8610
2023-07-01 00:08:59,810 INFO:Total games: 8620
2023-07-01 00:10:58,366 INFO:Total games: 8630
2023-07-01 00:12:57,113 INFO:Total games: 8640
2023-07-01 00:14:54,814 INFO:Total games: 8650
2023-07-01 00:16:54,555 INFO:Total games: 8660
2023-07-01 00:18:47,587 INFO:Total games: 8670
2023-07-01 00:20:39,688 INFO:Total games: 8680
2023-07-01 00:22:36,417 INFO:Total games: 8690
2023-07-01 00:24:34,228 INFO:Total games: 8700
2023-07-01 00:26:30,605 INFO:Total games: 8710
2023-07-01 00:28:53,042 INFO:Total games: 8720
2023-07-01 00:30:49,623 INFO:Total games: 8730
2023-07-01 00:32:44,946 INFO:Total games: 8740
2023-07-01 00:34:41,391 INFO:Total games: 8750
2023-07-01 00:36:37,890 INFO:Total games: 8760
2023-07-01 00:38:30,170 INFO:Total games: 8770
2023-07-01 00:40:20,922 INFO:Total games: 8780
2023-07-01 00:42:18,855 INFO:Total games: 8790
2023-07-01 00:44:13,712 INFO:Total games: 8800
2023-07-01 00:46:10,789 INFO:Total games: 8810
2023-07-01 00:48:09,215 INFO:Total games: 8820
2023-07-01 00:50:07,072 INFO:Total games: 8830
2023-07-01 00:52:05,532 INFO:Total games: 8840
2023-07-01 00:54:03,946 INFO:Total games: 8850
2023-07-01 00:55:59,722 INFO:Total games: 8860
2023-07-01 00:57:58,474 INFO:Total games: 8870
2023-07-01 01:00:12,913 INFO:Total games: 8880
2023-07-01 01:02:03,418 INFO:Total games: 8890
2023-07-01 01:03:54,476 INFO:Total games: 8900
2023-07-01 01:05:51,036 INFO:Total games: 8910
2023-07-01 01:07:49,799 INFO:Total games: 8920
2023-07-01 01:09:46,934 INFO:Total games: 8930
2023-07-01 01:11:43,531 INFO:Total games: 8940
2023-07-01 01:13:40,730 INFO:Total games: 8950
2023-07-01 01:15:40,799 INFO:Total games: 8960
2023-07-01 01:17:38,812 INFO:Total games: 8970
2023-07-01 01:19:36,869 INFO:Total games: 8980
2023-07-01 01:21:31,082 INFO:Total games: 8990
2023-07-01 01:23:23,746 INFO:Total games: 9000
2023-07-01 01:25:22,479 INFO:Total games: 9010
2023-07-01 01:27:17,698 INFO:Total games: 9020
2023-07-01 01:29:11,578 INFO:Total games: 9030
2023-07-01 01:31:34,720 INFO:Total games: 9040
2023-07-01 01:33:32,871 INFO:Total games: 9050
2023-07-01 01:35:30,416 INFO:Total games: 9060
2023-07-01 01:37:26,207 INFO:Total games: 9070
2023-07-01 01:39:24,995 INFO:Total games: 9080
2023-07-01 01:41:23,592 INFO:Total games: 9090
2023-07-01 01:43:13,703 INFO:Total games: 9100
2023-07-01 01:45:12,501 INFO:Total games: 9110
2023-07-01 01:47:11,014 INFO:Total games: 9120
2023-07-01 01:49:04,867 INFO:Total games: 9130
2023-07-01 01:51:00,416 INFO:Total games: 9140
2023-07-01 01:52:58,927 INFO:Total games: 9150
2023-07-01 01:54:56,641 INFO:Total games: 9160
2023-07-01 01:56:53,890 INFO:Total games: 9170
2023-07-01 01:58:47,514 INFO:Total games: 9180
2023-07-01 02:00:42,052 INFO:Total games: 9190
2023-07-01 02:02:33,934 INFO:Total games: 9200
2023-07-01 02:04:48,471 INFO:Total games: 9210
2023-07-01 02:06:41,286 INFO:Total games: 9220
2023-07-01 02:08:38,482 INFO:Total games: 9230
2023-07-01 02:10:36,399 INFO:Total games: 9240
2023-07-01 02:12:34,508 INFO:Total games: 9250
2023-07-01 02:14:25,057 INFO:Total games: 9260
2023-07-01 02:16:21,699 INFO:Total games: 9270
2023-07-01 02:18:21,071 INFO:Total games: 9280
2023-07-01 02:20:20,433 INFO:Total games: 9290
2023-07-01 02:22:18,680 INFO:Total games: 9300
2023-07-01 02:24:12,685 INFO:Total games: 9310
2023-07-01 02:25:59,496 INFO:Total games: 9320
2023-07-01 02:27:54,307 INFO:Total games: 9330
2023-07-01 02:29:52,998 INFO:Total games: 9340
2023-07-01 02:31:48,825 INFO:Total games: 9350
2023-07-01 02:33:46,807 INFO:Total games: 9360
2023-07-01 02:36:06,506 INFO:Total games: 9370
2023-07-01 02:38:04,621 INFO:Total games: 9380
2023-07-01 02:40:00,104 INFO:Total games: 9390
2023-07-01 02:41:59,131 INFO:Total games: 9400
2023-07-01 02:43:54,133 INFO:Total games: 9410
2023-07-01 02:45:46,687 INFO:Total games: 9420
2023-07-01 02:47:36,311 INFO:Total games: 9430
2023-07-01 02:49:27,698 INFO:Total games: 9440
2023-07-01 02:51:27,263 INFO:Total games: 9450
2023-07-01 02:53:20,971 INFO:Total games: 9460
2023-07-01 02:55:19,510 INFO:Total games: 9470
2023-07-01 02:57:13,782 INFO:Total games: 9480
2023-07-01 02:59:11,707 INFO:Total games: 9490
2023-07-01 03:01:10,687 INFO:Total games: 9500
2023-07-01 03:03:08,442 INFO:Total games: 9510
2023-07-01 03:05:06,019 INFO:Total games: 9520
2023-07-01 03:07:00,654 INFO:Total games: 9530
2023-07-01 03:09:20,263 INFO:Total games: 9540
2023-07-01 03:11:18,198 INFO:Total games: 9550
2023-07-01 03:13:16,179 INFO:Total games: 9560
2023-07-01 03:15:13,701 INFO:Total games: 9570
2023-07-01 03:17:11,451 INFO:Total games: 9580
2023-07-01 03:19:05,702 INFO:Total games: 9590
2023-07-01 03:21:04,102 INFO:Total games: 9600
2023-07-01 03:23:01,129 INFO:Total games: 9610
2023-07-01 03:25:01,022 INFO:Total games: 9620
2023-07-01 03:26:55,483 INFO:Total games: 9630
2023-07-01 03:28:44,273 INFO:Total games: 9640
2023-07-01 03:30:40,681 INFO:Total games: 9650
2023-07-01 03:32:34,222 INFO:Total games: 9660
2023-07-01 03:34:29,940 INFO:Total games: 9670
2023-07-01 03:36:28,066 INFO:Total games: 9680
2023-07-01 03:38:21,876 INFO:Total games: 9690
2023-07-01 03:40:19,956 INFO:Total games: 9700
2023-07-01 03:42:47,028 INFO:Total games: 9710
2023-07-01 03:44:45,011 INFO:Total games: 9720
2023-07-01 03:46:43,738 INFO:Total games: 9730
2023-07-01 03:48:37,638 INFO:Total games: 9740
2023-07-01 03:50:27,380 INFO:Total games: 9750
2023-07-01 03:52:25,517 INFO:Total games: 9760
2023-07-01 03:54:22,000 INFO:Total games: 9770
2023-07-01 03:56:21,052 INFO:Total games: 9780
2023-07-01 03:58:24,304 INFO:Total games: 9790
2023-07-01 04:00:19,865 INFO:Total games: 9800
2023-07-01 04:02:14,122 INFO:Total games: 9810
2023-07-01 04:04:07,285 INFO:Total games: 9820
2023-07-01 04:06:05,392 INFO:Total games: 9830
2023-07-01 04:08:03,113 INFO:Total games: 9840
2023-07-01 04:09:55,317 INFO:Total games: 9850
2023-07-01 04:11:45,542 INFO:Total games: 9860
2023-07-01 04:13:39,010 INFO:Total games: 9870
2023-07-01 04:15:33,584 INFO:Total games: 9880
2023-07-01 04:17:54,981 INFO:Total games: 9890
2023-07-01 04:19:50,321 INFO:Total games: 9900
2023-07-01 04:21:44,974 INFO:Total games: 9910
2023-07-01 04:23:43,985 INFO:Total games: 9920
2023-07-01 04:25:40,537 INFO:Total games: 9930
2023-07-01 04:27:39,333 INFO:Total games: 9940
2023-07-01 04:29:38,389 INFO:Total games: 9950
2023-07-01 04:31:35,400 INFO:Total games: 9960
2023-07-01 04:33:24,771 INFO:Total games: 9970
2023-07-01 04:35:20,541 INFO:Total games: 9980
2023-07-01 04:37:19,988 INFO:Total games: 9990
2023-07-01 04:39:12,964 INFO:Total games: 10000
2023-07-01 04:41:09,376 INFO:Total games: 10010
2023-07-01 04:43:06,008 INFO:Total games: 10020
2023-07-01 04:45:00,294 INFO:Total games: 10030
2023-07-01 04:46:58,781 INFO:Total games: 10040
2023-07-01 04:48:55,096 INFO:Total games: 10050
2023-07-01 04:51:18,164 INFO:Total games: 10060
2023-07-01 04:53:05,723 INFO:Total games: 10070
2023-07-01 04:55:02,721 INFO:Total games: 10080
2023-07-01 04:57:00,676 INFO:Total games: 10090
2023-07-01 04:58:55,428 INFO:Total games: 10100
2023-07-01 05:00:51,336 INFO:Total games: 10110
2023-07-01 05:02:49,010 INFO:Total games: 10120
2023-07-01 05:04:47,287 INFO:Total games: 10130
2023-07-01 05:06:45,524 INFO:Total games: 10140
2023-07-01 05:08:39,388 INFO:Total games: 10150
2023-07-01 05:10:37,747 INFO:Total games: 10160
2023-07-01 05:12:31,589 INFO:Total games: 10170
2023-07-01 05:14:23,582 INFO:Total games: 10180
2023-07-01 05:16:14,747 INFO:Total games: 10190
2023-07-01 05:18:13,200 INFO:Total games: 10200
2023-07-01 05:20:11,403 INFO:Total games: 10210
2023-07-01 05:22:10,282 INFO:Total games: 10220
2023-07-01 05:24:01,320 INFO:Total games: 10230
2023-07-01 05:25:58,245 INFO:Total games: 10240
2023-07-01 05:28:23,863 INFO:Total games: 10250
2023-07-01 05:30:22,277 INFO:Total games: 10260
2023-07-01 05:32:21,750 INFO:Total games: 10270
2023-07-01 05:34:20,973 INFO:Total games: 10280
2023-07-01 05:36:09,910 INFO:Total games: 10290
2023-07-01 05:38:05,057 INFO:Total games: 10300
2023-07-01 05:40:02,014 INFO:Total games: 10310
2023-07-01 05:41:56,049 INFO:Total games: 10320
2023-07-01 05:43:53,528 INFO:Total games: 10330
2023-07-01 05:45:50,949 INFO:Total games: 10340
2023-07-01 05:47:42,942 INFO:Total games: 10350
2023-07-01 05:49:40,652 INFO:Total games: 10360
2023-07-01 05:51:34,520 INFO:Total games: 10370
2023-07-01 05:53:32,650 INFO:Total games: 10380
2023-07-01 05:55:27,436 INFO:Total games: 10390
2023-07-01 05:57:19,561 INFO:Total games: 10400
2023-07-01 05:59:16,683 INFO:Total games: 10410
2023-07-01 06:01:13,504 INFO:Total games: 10420
2023-07-01 06:03:39,806 INFO:Total games: 10430
2023-07-01 06:05:34,738 INFO:Total games: 10440
2023-07-01 06:07:33,008 INFO:Total games: 10450
2023-07-01 06:09:32,601 INFO:Total games: 10460
2023-07-01 06:11:27,921 INFO:Total games: 10470
2023-07-01 06:13:26,190 INFO:Total games: 10480
2023-07-01 06:15:20,199 INFO:Total games: 10490
2023-07-01 06:17:13,694 INFO:Total games: 10500
2023-07-01 06:19:13,822 INFO:Total games: 10510
2023-07-01 06:21:06,931 INFO:Total games: 10520
2023-07-01 06:23:05,033 INFO:Total games: 10530
2023-07-01 06:25:03,881 INFO:Total games: 10540
2023-07-01 06:26:57,433 INFO:Total games: 10550
2023-07-01 06:28:56,112 INFO:Total games: 10560
2023-07-01 06:30:55,716 INFO:Total games: 10570
2023-07-01 06:32:51,547 INFO:Total games: 10580
2023-07-01 06:34:49,840 INFO:Total games: 10590
2023-07-01 06:36:41,616 INFO:Total games: 10600
2023-07-01 06:38:28,479 INFO:Total games: 10610
2023-07-01 06:40:51,363 INFO:Total games: 10620
2023-07-01 06:42:49,898 INFO:Total games: 10630
2023-07-01 06:44:43,434 INFO:Total games: 10640
2023-07-01 06:46:42,148 INFO:Total games: 10650
2023-07-01 06:48:35,798 INFO:Total games: 10660
2023-07-01 06:50:31,117 INFO:Total games: 10670
2023-07-01 06:52:28,605 INFO:Total games: 10680
2023-07-01 06:54:26,307 INFO:Total games: 10690
2023-07-01 06:56:23,271 INFO:Total games: 10700
2023-07-01 06:58:16,666 INFO:Total games: 10710
2023-07-01 07:00:01,146 INFO:Total games: 10720
2023-07-01 07:01:59,808 INFO:Total games: 10730
2023-07-01 07:03:54,537 INFO:Total games: 10740
2023-07-01 07:05:49,439 INFO:Total games: 10750
2023-07-01 07:07:45,212 INFO:Total games: 10760
2023-07-01 07:09:38,985 INFO:Total games: 10770
2023-07-01 07:11:36,797 INFO:Total games: 10780
2023-07-01 07:13:34,848 INFO:Total games: 10790
2023-07-01 07:15:30,608 INFO:Total games: 10800
2023-07-01 07:17:28,274 INFO:Total games: 10810
2023-07-01 07:19:45,089 INFO:Total games: 10820
2023-07-01 07:21:36,316 INFO:Total games: 10830
2023-07-01 07:23:34,607 INFO:Total games: 10840
2023-07-01 07:25:33,826 INFO:Total games: 10850
2023-07-01 07:27:33,291 INFO:Total games: 10860
2023-07-01 07:29:31,912 INFO:Total games: 10870
2023-07-01 07:31:29,766 INFO:Total games: 10880
2023-07-01 07:33:27,792 INFO:Total games: 10890
2023-07-01 07:35:22,468 INFO:Total games: 10900
2023-07-01 07:37:19,623 INFO:Total games: 10910
2023-07-01 07:39:16,991 INFO:Total games: 10920
2023-07-01 07:41:09,599 INFO:Total games: 10930
2023-07-01 07:43:05,073 INFO:Total games: 10940
2023-07-01 07:44:57,369 INFO:Total games: 10950
2023-07-01 07:46:52,051 INFO:Total games: 10960
2023-07-01 07:48:49,965 INFO:Total games: 10970
2023-07-01 07:50:48,523 INFO:Total games: 10980
2023-07-01 07:52:45,328 INFO:Total games: 10990
2023-07-01 07:54:42,722 INFO:Total games: 11000
2023-07-01 07:57:14,149 INFO:Total games: 11010
2023-07-01 07:59:12,888 INFO:Total games: 11020
2023-07-01 08:01:08,766 INFO:Total games: 11030
2023-07-01 08:03:02,470 INFO:Total games: 11040
2023-07-01 08:05:01,299 INFO:Total games: 11050
2023-07-01 08:06:59,783 INFO:Total games: 11060
2023-07-01 08:08:56,979 INFO:Total games: 11070
2023-07-01 08:10:54,576 INFO:Total games: 11080
2023-07-01 08:12:52,851 INFO:Total games: 11090
2023-07-01 08:14:49,741 INFO:Total games: 11100
2023-07-01 08:16:48,845 INFO:Total games: 11110
2023-07-01 08:18:47,318 INFO:Total games: 11120
2023-07-01 08:20:45,635 INFO:Total games: 11130
2023-07-01 08:22:39,228 INFO:Total games: 11140
2023-07-01 08:24:33,940 INFO:Total games: 11150
2023-07-01 08:26:33,853 INFO:Total games: 11160
2023-07-01 08:28:27,778 INFO:Total games: 11170
2023-07-01 08:30:27,102 INFO:Total games: 11180
2023-07-01 08:32:14,456 INFO:Total games: 11190
2023-07-01 08:34:09,238 INFO:Total games: 11200
2023-07-01 08:36:35,000 INFO:Total games: 11210
2023-07-01 08:38:27,952 INFO:Total games: 11220
2023-07-01 08:40:23,710 INFO:Total games: 11230
2023-07-01 08:42:18,952 INFO:Total games: 11240
2023-07-01 08:44:08,479 INFO:Total games: 11250
2023-07-01 08:45:58,278 INFO:Total games: 11260
2023-07-01 08:47:54,381 INFO:Total games: 11270
2023-07-01 08:49:50,747 INFO:Total games: 11280
2023-07-01 08:51:47,427 INFO:Total games: 11290
2023-07-01 08:53:45,859 INFO:Total games: 11300
2023-07-01 08:55:38,952 INFO:Total games: 11310
2023-07-01 08:57:36,814 INFO:Total games: 11320
2023-07-01 08:59:35,479 INFO:Total games: 11330
2023-07-01 09:01:33,244 INFO:Total games: 11340
2023-07-01 09:03:32,361 INFO:Total games: 11350
2023-07-01 09:05:26,056 INFO:Total games: 11360
2023-07-01 09:07:18,903 INFO:Total games: 11370
2023-07-01 09:09:16,048 INFO:Total games: 11380
2023-07-01 09:11:12,713 INFO:Total games: 11390
2023-07-01 09:13:04,916 INFO:Total games: 11400
2023-07-01 09:15:03,763 INFO:Total games: 11410
2023-07-01 09:17:36,182 INFO:Total games: 11420
2023-07-01 09:19:33,981 INFO:Total games: 11430
2023-07-01 09:21:30,720 INFO:Total games: 11440
2023-07-01 09:23:28,562 INFO:Total games: 11450
2023-07-01 09:25:24,087 INFO:Total games: 11460
2023-07-01 09:27:15,389 INFO:Total games: 11470
2023-07-01 09:29:12,040 INFO:Total games: 11480
2023-07-01 09:31:04,605 INFO:Total games: 11490
2023-07-01 09:33:02,424 INFO:Total games: 11500
2023-07-01 09:35:00,011 INFO:Total games: 11510
2023-07-01 09:36:58,271 INFO:Total games: 11520
2023-07-01 09:38:52,967 INFO:Total games: 11530
2023-07-01 09:40:50,043 INFO:Total games: 11540
2023-07-01 09:42:48,910 INFO:Total games: 11550
2023-07-01 09:44:48,472 INFO:Total games: 11560
2023-07-01 09:46:37,842 INFO:Total games: 11570
2023-07-01 09:48:29,501 INFO:Total games: 11580
2023-07-01 09:50:21,859 INFO:Total games: 11590
2023-07-01 09:52:19,818 INFO:Total games: 11600
2023-07-01 09:54:15,549 INFO:Total games: 11610
2023-07-01 09:56:13,373 INFO:Total games: 11620
2023-07-01 09:58:46,385 INFO:Total games: 11630
2023-07-01 10:00:44,867 INFO:Total games: 11640
2023-07-01 10:02:41,653 INFO:Total games: 11650
2023-07-01 10:04:40,782 INFO:Total games: 11660
2023-07-01 10:06:37,818 INFO:Total games: 11670
2023-07-01 10:08:31,359 INFO:Total games: 11680
2023-07-01 10:10:21,849 INFO:Total games: 11690
2023-07-01 10:12:18,140 INFO:Total games: 11700
2023-07-01 10:14:17,698 INFO:Total games: 11710
2023-07-01 10:16:14,388 INFO:Total games: 11720
2023-07-01 10:18:15,007 INFO:Total games: 11730
2023-07-01 10:20:11,406 INFO:Total games: 11740
2023-07-01 10:22:08,444 INFO:Total games: 11750
2023-07-01 10:24:04,115 INFO:Total games: 11760
2023-07-01 10:26:01,833 INFO:Total games: 11770
2023-07-01 10:27:58,064 INFO:Total games: 11780
2023-07-01 10:29:49,747 INFO:Total games: 11790
2023-07-01 10:31:48,057 INFO:Total games: 11800
2023-07-01 10:33:43,145 INFO:Total games: 11810
2023-07-01 10:35:39,977 INFO:Total games: 11820
2023-07-01 10:37:35,906 INFO:Total games: 11830
2023-07-01 10:40:05,265 INFO:Total games: 11840
2023-07-01 10:42:01,648 INFO:Total games: 11850
2023-07-01 10:43:58,970 INFO:Total games: 11860
2023-07-01 10:45:52,354 INFO:Total games: 11870
2023-07-01 10:47:50,922 INFO:Total games: 11880
2023-07-01 10:49:42,324 INFO:Total games: 11890
2023-07-01 10:51:28,284 INFO:Total games: 11900
2023-07-01 10:53:23,386 INFO:Total games: 11910
2023-07-01 10:55:19,564 INFO:Total games: 11920
2023-07-01 10:57:16,976 INFO:Total games: 11930
2023-07-01 10:59:16,549 INFO:Total games: 11940
2023-07-01 11:01:12,891 INFO:Total games: 11950
2023-07-01 11:03:04,548 INFO:Total games: 11960
2023-07-01 11:05:01,696 INFO:Total games: 11970
2023-07-01 11:06:59,682 INFO:Total games: 11980
2023-07-01 11:08:58,521 INFO:Total games: 11990
2023-07-01 11:10:47,596 INFO:Total games: 12000
2023-07-01 11:12:40,975 INFO:Total games: 12010
2023-07-01 11:14:38,096 INFO:Total games: 12020
2023-07-01 11:16:31,772 INFO:Total games: 12030
2023-07-01 11:18:30,172 INFO:Total games: 12040
2023-07-01 11:20:27,011 INFO:Total games: 12050
2023-07-01 11:22:52,751 INFO:Total games: 12060
2023-07-01 11:24:51,880 INFO:Total games: 12070
2023-07-01 11:26:49,575 INFO:Total games: 12080
2023-07-01 11:28:47,292 INFO:Total games: 12090
2023-07-01 11:30:45,130 INFO:Total games: 12100
2023-07-01 11:32:35,357 INFO:Total games: 12110
2023-07-01 11:34:32,997 INFO:Total games: 12120
2023-07-01 11:36:32,269 INFO:Total games: 12130
2023-07-01 11:38:28,777 INFO:Total games: 12140
2023-07-01 11:40:29,307 INFO:Total games: 12150
2023-07-01 11:42:26,627 INFO:Total games: 12160
2023-07-01 11:44:24,602 INFO:Total games: 12170
2023-07-01 11:46:23,890 INFO:Total games: 12180
2023-07-01 11:48:22,951 INFO:Total games: 12190
2023-07-01 11:50:21,743 INFO:Total games: 12200
2023-07-01 11:52:14,909 INFO:Total games: 12210
2023-07-01 11:54:07,308 INFO:Total games: 12220
2023-07-01 11:56:00,894 INFO:Total games: 12230
2023-07-01 11:58:00,810 INFO:Total games: 12240
2023-07-01 12:00:00,954 INFO:Total games: 12250
2023-07-01 12:01:53,214 INFO:Total games: 12260
2023-07-01 12:03:46,970 INFO:Total games: 12270
2023-07-01 12:06:21,052 INFO:Total games: 12280
2023-07-01 12:08:19,030 INFO:Total games: 12290
2023-07-01 12:10:12,539 INFO:Total games: 12300
2023-07-01 12:12:06,863 INFO:Total games: 12310
2023-07-01 12:14:05,208 INFO:Total games: 12320
2023-07-01 12:15:55,697 INFO:Total games: 12330
2023-07-01 12:17:50,975 INFO:Total games: 12340
2023-07-01 12:19:48,327 INFO:Total games: 12350
2023-07-01 12:21:48,365 INFO:Total games: 12360
2023-07-01 12:23:44,217 INFO:Total games: 12370
2023-07-01 12:25:42,345 INFO:Total games: 12380
2023-07-01 12:27:40,909 INFO:Total games: 12390
2023-07-01 12:29:36,630 INFO:Total games: 12400
2023-07-01 12:31:35,607 INFO:Total games: 12410
2023-07-01 12:33:29,497 INFO:Total games: 12420
2023-07-01 12:35:26,023 INFO:Total games: 12430
2023-07-01 12:37:19,394 INFO:Total games: 12440
2023-07-01 12:39:18,445 INFO:Total games: 12450
2023-07-01 12:41:16,161 INFO:Total games: 12460
2023-07-01 12:43:15,827 INFO:Total games: 12470
2023-07-01 12:45:10,489 INFO:Total games: 12480
2023-07-01 12:47:05,505 INFO:Total games: 12490
2023-07-01 12:49:42,072 INFO:Total games: 12500
2023-07-01 12:51:40,838 INFO:Total games: 12510
2023-07-01 12:53:39,849 INFO:Total games: 12520
2023-07-01 12:55:36,472 INFO:Total games: 12530
2023-07-01 12:57:26,690 INFO:Total games: 12540
2023-07-01 12:59:26,347 INFO:Total games: 12550
2023-07-01 13:01:25,685 INFO:Total games: 12560
2023-07-01 13:03:25,025 INFO:Total games: 12570
2023-07-01 13:05:19,455 INFO:Total games: 12580
2023-07-01 13:07:18,157 INFO:Total games: 12590
2023-07-01 13:09:15,803 INFO:Total games: 12600
2023-07-01 13:11:11,760 INFO:Total games: 12610
2023-07-01 13:13:06,590 INFO:Total games: 12620
2023-07-01 13:15:06,293 INFO:Total games: 12630
2023-07-01 13:16:58,720 INFO:Total games: 12640
2023-07-01 13:18:46,081 INFO:Total games: 12650
2023-07-01 13:20:40,131 INFO:Total games: 12660
2023-07-01 13:22:37,305 INFO:Total games: 12670
2023-07-01 13:24:35,610 INFO:Total games: 12680
2023-07-01 13:26:35,115 INFO:Total games: 12690
2023-07-01 13:28:32,729 INFO:Total games: 12700
2023-07-01 13:30:30,843 INFO:Total games: 12710
2023-07-01 13:32:27,321 INFO:Total games: 12720
2023-07-01 13:35:00,927 INFO:Total games: 12730
2023-07-01 13:36:57,106 INFO:Total games: 12740
2023-07-01 13:38:51,576 INFO:Total games: 12750
2023-07-01 13:40:41,237 INFO:Total games: 12760
2023-07-01 13:42:40,149 INFO:Total games: 12770
2023-07-01 13:44:36,739 INFO:Total games: 12780
2023-07-01 13:46:34,857 INFO:Total games: 12790
2023-07-01 13:48:30,318 INFO:Total games: 12800
2023-07-01 13:50:29,106 INFO:Total games: 12810
2023-07-01 13:52:24,968 INFO:Total games: 12820
2023-07-01 13:54:24,523 INFO:Total games: 12830
2023-07-01 13:56:23,639 INFO:Total games: 12840
2023-07-01 13:58:23,719 INFO:Total games: 12850
2023-07-01 14:00:12,219 INFO:Total games: 12860
2023-07-01 14:02:06,569 INFO:Total games: 12870
2023-07-01 14:04:01,437 INFO:Total games: 12880
2023-07-01 14:05:57,864 INFO:Total games: 12890
2023-07-01 14:07:56,758 INFO:Total games: 12900
2023-07-01 14:09:51,816 INFO:Total games: 12910
2023-07-01 14:11:49,551 INFO:Total games: 12920
2023-07-01 14:13:44,731 INFO:Total games: 12930
2023-07-01 14:15:38,635 INFO:Total games: 12940
2023-07-01 14:17:36,005 INFO:Total games: 12950
2023-07-01 14:19:59,559 INFO:Total games: 12960
2023-07-01 14:21:48,218 INFO:Total games: 12970
2023-07-01 14:23:40,316 INFO:Total games: 12980
2023-07-01 14:25:29,036 INFO:Total games: 12990
2023-07-01 14:27:25,232 INFO:Total games: 13000
2023-07-01 14:29:24,756 INFO:Total games: 13010
2023-07-01 14:31:23,346 INFO:Total games: 13020
2023-07-01 14:33:21,607 INFO:Total games: 13030
2023-07-01 14:35:19,974 INFO:Total games: 13040
2023-07-01 14:37:18,364 INFO:Total games: 13050
2023-07-01 14:39:15,354 INFO:Total games: 13060
2023-07-01 14:41:14,943 INFO:Total games: 13070
2023-07-01 14:43:07,903 INFO:Total games: 13080
2023-07-01 14:45:05,167 INFO:Total games: 13090
2023-07-01 14:47:03,933 INFO:Total games: 13100
2023-07-01 14:49:02,243 INFO:Total games: 13110
2023-07-01 14:50:57,476 INFO:Total games: 13120
2023-07-01 14:52:56,775 INFO:Total games: 13130
2023-07-01 14:54:55,459 INFO:Total games: 13140
2023-07-01 14:56:54,244 INFO:Total games: 13150
2023-07-01 14:58:51,916 INFO:Total games: 13160
2023-07-01 15:00:49,180 INFO:Total games: 13170
2023-07-01 15:02:46,331 INFO:Total games: 13180
2023-07-01 15:04:37,216 INFO:Total games: 13190
2023-07-01 15:07:20,323 INFO:Total games: 13200
2023-07-01 15:09:18,535 INFO:Total games: 13210
2023-07-01 15:11:17,575 INFO:Total games: 13220
2023-07-01 15:13:16,667 INFO:Total games: 13230
2023-07-01 15:15:14,837 INFO:Total games: 13240
2023-07-01 15:17:12,898 INFO:Total games: 13250
2023-07-01 15:19:09,060 INFO:Total games: 13260
2023-07-01 15:21:01,025 INFO:Total games: 13270
2023-07-01 15:22:59,430 INFO:Total games: 13280
2023-07-01 15:24:49,659 INFO:Total games: 13290
2023-07-01 15:26:46,441 INFO:Total games: 13300
2023-07-01 15:28:45,212 INFO:Total games: 13310
2023-07-01 15:30:43,033 INFO:Total games: 13320
2023-07-01 15:32:41,300 INFO:Total games: 13330
2023-07-01 15:34:34,288 INFO:Total games: 13340
2023-07-01 15:36:31,778 INFO:Total games: 13350
2023-07-01 15:38:27,884 INFO:Total games: 13360
2023-07-01 15:40:24,811 INFO:Total games: 13370
2023-07-01 15:42:18,583 INFO:Total games: 13380
2023-07-01 15:44:16,195 INFO:Total games: 13390
2023-07-01 15:46:05,245 INFO:Total games: 13400
2023-07-01 15:47:55,794 INFO:Total games: 13410
2023-07-01 15:49:53,972 INFO:Total games: 13420
2023-07-01 15:51:49,976 INFO:Total games: 13430
2023-07-01 15:54:35,333 INFO:Total games: 13440
2023-07-01 15:56:34,216 INFO:Total games: 13450
2023-07-01 15:58:26,945 INFO:Total games: 13460
2023-07-01 16:00:15,640 INFO:Total games: 13470
2023-07-01 16:02:14,397 INFO:Total games: 13480
2023-07-01 16:04:11,758 INFO:Total games: 13490
2023-07-01 16:06:05,549 INFO:Total games: 13500
2023-07-01 16:07:56,849 INFO:Total games: 13510
2023-07-01 16:09:55,945 INFO:Total games: 13520
2023-07-01 16:11:56,571 INFO:Total games: 13530
2023-07-01 16:13:56,232 INFO:Total games: 13540
2023-07-01 16:15:52,083 INFO:Total games: 13550
2023-07-01 16:17:52,066 INFO:Total games: 13560
2023-07-01 16:19:50,119 INFO:Total games: 13570
2023-07-01 16:21:45,088 INFO:Total games: 13580
2023-07-01 16:23:40,855 INFO:Total games: 13590
2023-07-01 16:25:39,936 INFO:Total games: 13600
2023-07-01 16:27:31,879 INFO:Total games: 13610
2023-07-01 16:29:23,135 INFO:Total games: 13620
2023-07-01 16:31:18,370 INFO:Total games: 13630
2023-07-01 16:33:16,688 INFO:Total games: 13640
2023-07-01 16:35:09,288 INFO:Total games: 13650
2023-07-01 16:37:08,013 INFO:Total games: 13660
2023-07-01 16:39:04,800 INFO:Total games: 13670
2023-07-01 16:41:02,739 INFO:Total games: 13680
2023-07-01 16:43:51,916 INFO:Total games: 13690
2023-07-01 16:45:49,242 INFO:Total games: 13700
2023-07-01 16:47:47,592 INFO:Total games: 13710
2023-07-01 16:49:39,686 INFO:Total games: 13720
2023-07-01 16:51:31,234 INFO:Total games: 13730
2023-07-01 16:53:26,863 INFO:Total games: 13740
2023-07-01 16:55:23,575 INFO:Total games: 13750
2023-07-01 16:57:22,826 INFO:Total games: 13760
2023-07-01 16:59:19,689 INFO:Total games: 13770
2023-07-01 17:01:15,442 INFO:Total games: 13780
2023-07-01 17:03:07,472 INFO:Total games: 13790
2023-07-01 17:05:04,961 INFO:Total games: 13800
2023-07-01 17:07:03,808 INFO:Total games: 13810
2023-07-01 17:08:59,585 INFO:Total games: 13820
2023-07-01 17:10:48,773 INFO:Total games: 13830
2023-07-01 17:12:48,149 INFO:Total games: 13840
2023-07-01 17:14:48,186 INFO:Total games: 13850
2023-07-01 17:16:43,568 INFO:Total games: 13860
2023-07-01 17:16:43,570 INFO:Ending
2023-07-01 17:16:43,570 INFO:Duration: 19 hours, 9 minutes, 19 seconds
2023-08-17 15:59:11,074 INFO:Starting
2023-08-17 16:00:23,868 INFO:Total games: 10
2023-08-17 16:07:20,370 INFO:Starting
2023-08-17 16:08:29,823 INFO:Total games: 10
2023-08-17 16:23:11,370 INFO:Starting
2023-08-17 16:24:13,387 INFO:Total games: 10
2023-08-17 16:28:54,694 INFO:Starting
2023-08-17 16:30:08,513 INFO:Total games: 10
2023-08-17 16:32:00,185 INFO:Starting
2023-08-17 16:32:55,936 INFO:Total games: 10
2023-08-17 16:41:20,517 INFO:Starting
2023-08-17 16:42:32,640 INFO:Total games: 10
2023-08-17 16:43:10,145 INFO:Starting
2023-08-17 16:44:23,239 INFO:Total games: 10
2023-08-17 16:45:24,710 INFO:Starting
2023-08-17 16:46:40,326 INFO:Total games: 10
2023-08-17 16:47:41,681 INFO:Starting
2023-08-17 16:49:01,681 INFO:Total games: 10
2023-08-17 16:49:29,957 INFO:Starting
2023-08-17 16:50:59,929 INFO:Total games: 10
2023-08-17 16:51:14,103 INFO:Starting
2023-08-17 16:52:24,128 INFO:Total games: 10
2023-08-20 17:49:44,462 INFO:Starting
2023-08-20 17:51:45,618 INFO:Total games: 10
2023-08-20 17:53:31,066 INFO:Total games: 20
2023-08-20 17:55:21,476 INFO:Total games: 30
2023-08-20 17:57:01,815 INFO:Total games: 40
2023-08-20 17:57:30,162 INFO:Ending
2023-08-20 17:57:30,162 INFO:Duration: 0 hours, 7 minutes, 45 seconds
2023-08-20 17:58:49,717 INFO:Starting
2023-08-20 17:59:14,467 INFO:Ending
2023-08-20 17:59:14,467 INFO:Duration: 0 hours, 0 minutes, 24 seconds
2023-08-20 17:59:40,450 INFO:Starting
2023-08-20 18:01:33,844 INFO:Total games: 10
2023-08-20 18:03:05,558 INFO:Total games: 20
2023-08-20 18:03:46,227 INFO:Ending
2023-08-20 18:03:46,227 INFO:Duration: 0 hours, 4 minutes, 5 seconds
2023-08-20 18:05:28,714 INFO:Starting
2023-08-20 18:05:41,307 INFO:Ending
2023-08-20 18:05:41,307 INFO:Duration: 0 hours, 0 minutes, 12 seconds
2023-08-22 03:39:45,364 INFO:Starting
2023-08-22 03:39:57,979 INFO:Total games: 10
2023-08-22 03:40:11,095 INFO:Total games: 20
2023-08-22 03:40:24,708 INFO:Total games: 30
2023-08-22 03:40:42,574 INFO:Total games: 40
2023-08-22 03:40:54,297 INFO:Total games: 50
2023-08-22 03:41:05,962 INFO:Total games: 60
2023-08-22 03:41:18,768 INFO:Total games: 70
2023-08-22 03:41:27,691 INFO:Total games: 80
2023-08-22 03:41:40,250 INFO:Total games: 90
2023-08-22 03:41:55,154 INFO:Total games: 100
2023-08-22 03:42:06,436 INFO:Total games: 110
2023-08-22 03:42:18,295 INFO:Total games: 120
2023-08-22 03:42:29,178 INFO:Total games: 130
2023-08-22 03:42:41,780 INFO:Total games: 140
2023-08-22 03:42:53,965 INFO:Total games: 150
2023-08-22 03:43:04,894 INFO:Total games: 160
2023-08-22 03:43:14,959 INFO:Total games: 170
2023-08-22 03:43:27,524 INFO:Total games: 180
2023-08-22 03:43:38,857 INFO:Total games: 190
2023-08-22 03:43:50,111 INFO:Total games: 200
2023-08-22 03:44:01,070 INFO:Total games: 210
2023-08-22 03:44:16,261 INFO:Total games: 220
2023-08-22 03:44:29,449 INFO:Total games: 230
2023-08-22 03:44:43,934 INFO:Total games: 240
2023-08-22 03:44:56,638 INFO:Total games: 250
2023-08-22 03:45:09,217 INFO:Total games: 260
2023-08-22 03:45:22,705 INFO:Total games: 270
2023-08-22 03:45:31,306 INFO:Total games: 280
2023-08-22 03:45:40,540 INFO:Total games: 290
2023-08-22 03:45:52,952 INFO:Total games: 300
2023-08-22 03:46:06,779 INFO:Total games: 310
2023-08-22 03:46:19,213 INFO:Total games: 320
2023-08-22 03:46:28,952 INFO:Total games: 330
2023-08-22 03:46:37,641 INFO:Total games: 340
2023-08-22 03:46:50,519 INFO:Total games: 350
2023-08-22 03:47:02,411 INFO:Total games: 360
2023-08-22 03:47:15,480 INFO:Total games: 370
2023-08-22 03:47:28,039 INFO:Total games: 380
2023-08-22 03:47:40,791 INFO:Total games: 390
2023-08-22 03:47:49,674 INFO:Total games: 400
2023-08-22 03:48:00,786 INFO:Total games: 410
2023-08-22 03:48:13,442 INFO:Total games: 420
2023-08-22 03:48:26,882 INFO:Total games: 430
2023-08-22 03:48:39,615 INFO:Total games: 440
2023-08-22 03:48:49,268 INFO:Total games: 450
2023-08-22 03:48:59,857 INFO:Total games: 460
2023-08-22 03:49:11,601 INFO:Total games: 470
2023-08-22 03:49:24,595 INFO:Total games: 480
2023-08-22 03:49:35,229 INFO:Total games: 490
2023-08-22 03:49:47,520 INFO:Total games: 500
2023-08-22 03:50:00,442 INFO:Total games: 510
2023-08-22 03:50:13,121 INFO:Total games: 520
2023-08-22 03:50:24,666 INFO:Total games: 530
2023-08-22 03:50:34,759 INFO:Total games: 540
2023-08-22 03:50:46,978 INFO:Total games: 550
2023-08-22 03:51:01,136 INFO:Total games: 560
2023-08-22 03:51:16,295 INFO:Total games: 570
2023-08-22 03:51:27,593 INFO:Total games: 580
2023-08-22 03:51:38,829 INFO:Total games: 590
2023-08-22 03:51:51,303 INFO:Total games: 600
2023-08-22 03:52:03,492 INFO:Total games: 610
2023-08-22 03:52:14,211 INFO:Total games: 620
2023-08-22 03:52:25,209 INFO:Total games: 630
2023-08-22 03:52:37,408 INFO:Total games: 640
2023-08-22 03:52:51,106 INFO:Total games: 650
2023-08-22 03:53:00,739 INFO:Total games: 660
2023-08-22 03:53:12,260 INFO:Total games: 670
2023-08-22 03:53:21,584 INFO:Total games: 680
2023-08-22 03:53:31,845 INFO:Total games: 690
2023-08-22 03:53:45,139 INFO:Total games: 700
2023-08-22 03:53:58,724 INFO:Total games: 710
2023-08-22 03:54:11,785 INFO:Total games: 720
2023-08-22 03:54:24,343 INFO:Total games: 730
2023-08-22 03:54:37,686 INFO:Total games: 740
2023-08-22 03:54:49,715 INFO:Total games: 750
2023-08-22 03:55:02,502 INFO:Total games: 760
2023-08-22 03:55:16,058 INFO:Total games: 770
2023-08-22 03:55:28,146 INFO:Total games: 780
2023-08-22 03:55:35,964 INFO:Total games: 790
2023-08-22 03:55:47,447 INFO:Total games: 800
2023-08-22 03:56:00,329 INFO:Total games: 810
2023-08-22 03:56:10,168 INFO:Total games: 820
2023-08-22 03:56:21,816 INFO:Total games: 830
2023-08-22 03:56:35,830 INFO:Total games: 840
2023-08-22 03:56:48,392 INFO:Total games: 850
2023-08-22 03:57:02,936 INFO:Total games: 860
2023-08-22 03:57:14,494 INFO:Total games: 870
2023-08-22 03:57:28,082 INFO:Total games: 880
2023-08-22 03:57:42,966 INFO:Total games: 890
2023-08-22 03:57:57,919 INFO:Total games: 900
2023-08-22 03:58:09,480 INFO:Total games: 910
2023-08-22 03:58:23,914 INFO:Total games: 920
2023-08-22 03:58:36,718 INFO:Total games: 930
2023-08-22 03:58:48,854 INFO:Total games: 940
2023-08-22 03:59:02,988 INFO:Total games: 950
2023-08-22 03:59:14,535 INFO:Total games: 960
2023-08-22 03:59:25,333 INFO:Total games: 970
2023-08-22 03:59:35,507 INFO:Total games: 980
2023-08-22 03:59:46,703 INFO:Total games: 990
2023-08-22 03:59:56,964 INFO:Total games: 1000
2023-08-22 04:00:09,283 INFO:Total games: 1010
2023-08-22 04:00:20,301 INFO:Total games: 1020
2023-08-22 04:00:34,762 INFO:Total games: 1030
2023-08-22 04:00:46,767 INFO:Total games: 1040
2023-08-22 04:00:59,724 INFO:Total games: 1050
2023-08-22 04:01:12,008 INFO:Total games: 1060
2023-08-22 04:01:24,166 INFO:Total games: 1070
2023-08-22 04:01:35,382 INFO:Total games: 1080
2023-08-22 04:01:47,576 INFO:Total games: 1090
2023-08-22 04:02:00,410 INFO:Total games: 1100
2023-08-22 04:02:13,234 INFO:Total games: 1110
2023-08-22 04:02:25,462 INFO:Total games: 1120
2023-08-22 04:02:38,612 INFO:Total games: 1130
2023-08-22 04:02:48,414 INFO:Total games: 1140
2023-08-22 04:03:02,629 INFO:Total games: 1150
2023-08-22 04:03:14,874 INFO:Total games: 1160
2023-08-22 04:03:24,352 INFO:Total games: 1170
2023-08-22 04:03:37,699 INFO:Total games: 1180
2023-08-22 04:03:50,046 INFO:Total games: 1190
2023-08-22 04:04:02,266 INFO:Total games: 1200
2023-08-22 04:04:15,630 INFO:Total games: 1210
2023-08-22 04:04:30,529 INFO:Total games: 1220
2023-08-22 04:04:43,373 INFO:Total games: 1230
2023-08-22 04:04:55,823 INFO:Total games: 1240
2023-08-22 04:05:08,928 INFO:Total games: 1250
2023-08-22 04:05:19,859 INFO:Total games: 1260
2023-08-22 04:05:31,152 INFO:Total games: 1270
2023-08-22 04:05:43,002 INFO:Total games: 1280
2023-08-22 04:05:56,560 INFO:Total games: 1290
2023-08-22 04:06:08,037 INFO:Total games: 1300
2023-08-22 04:06:22,370 INFO:Total games: 1310
2023-08-22 04:06:35,370 INFO:Total games: 1320
2023-08-22 04:06:49,097 INFO:Total games: 1330
2023-08-22 04:07:02,015 INFO:Total games: 1340
2023-08-22 04:07:14,074 INFO:Total games: 1350
2023-08-22 04:07:25,528 INFO:Total games: 1360
2023-08-22 04:07:37,180 INFO:Total games: 1370
2023-08-22 04:07:48,151 INFO:Total games: 1380
2023-08-22 04:07:59,635 INFO:Total games: 1390
2023-08-22 04:08:12,552 INFO:Total games: 1400
2023-08-22 04:08:24,110 INFO:Total games: 1410
2023-08-22 04:08:36,361 INFO:Total games: 1420
2023-08-22 04:08:46,832 INFO:Total games: 1430
2023-08-22 04:08:59,168 INFO:Total games: 1440
2023-08-22 04:09:11,943 INFO:Total games: 1450
2023-08-22 04:09:22,664 INFO:Total games: 1460
2023-08-22 04:09:35,831 INFO:Total games: 1470
2023-08-22 04:09:46,801 INFO:Total games: 1480
2023-08-22 04:09:59,737 INFO:Total games: 1490
2023-08-22 04:10:14,402 INFO:Total games: 1500
2023-08-22 04:10:25,595 INFO:Total games: 1510
2023-08-22 04:10:37,818 INFO:Total games: 1520
2023-08-22 04:10:48,984 INFO:Total games: 1530
2023-08-22 04:11:02,502 INFO:Total games: 1540
2023-08-22 04:11:17,930 INFO:Total games: 1550
2023-08-22 04:11:28,719 INFO:Total games: 1560
2023-08-22 04:11:40,425 INFO:Total games: 1570
2023-08-22 04:11:53,111 INFO:Total games: 1580
2023-08-22 04:12:03,672 INFO:Total games: 1590
2023-08-22 04:12:15,006 INFO:Total games: 1600
2023-08-22 04:12:26,661 INFO:Total games: 1610
2023-08-22 04:12:39,404 INFO:Total games: 1620
2023-08-22 04:12:51,874 INFO:Total games: 1630
2023-08-22 04:13:05,259 INFO:Total games: 1640
2023-08-22 04:13:16,356 INFO:Total games: 1650
2023-08-22 04:13:28,942 INFO:Total games: 1660
2023-08-22 04:13:37,772 INFO:Total games: 1670
2023-08-22 04:13:50,422 INFO:Total games: 1680
2023-08-22 04:14:03,363 INFO:Total games: 1690
2023-08-22 04:14:14,601 INFO:Total games: 1700
2023-08-22 04:14:26,850 INFO:Total games: 1710
2023-08-22 04:14:36,292 INFO:Total games: 1720
2023-08-22 04:14:47,750 INFO:Total games: 1730
2023-08-22 04:14:59,355 INFO:Total games: 1740
2023-08-22 04:15:10,270 INFO:Total games: 1750
2023-08-22 04:15:19,558 INFO:Total games: 1760
2023-08-22 04:15:31,716 INFO:Total games: 1770
2023-08-22 04:15:43,992 INFO:Total games: 1780
2023-08-22 04:23:34,775 INFO:Starting
2023-08-22 04:23:47,670 INFO:Total games: 10
2023-08-22 04:23:58,516 INFO:Total games: 20
2023-08-22 04:24:11,847 INFO:Total games: 30
2023-08-22 04:24:23,276 INFO:Total games: 40
2023-08-22 04:24:35,561 INFO:Total games: 50
2023-08-22 04:24:48,651 INFO:Total games: 60
2023-08-22 04:25:02,374 INFO:Total games: 70
2023-08-22 04:25:16,331 INFO:Total games: 80
2023-08-22 04:25:26,922 INFO:Total games: 90
2023-08-22 04:25:37,916 INFO:Total games: 100
2023-08-22 04:25:49,716 INFO:Total games: 110
2023-08-22 04:26:01,382 INFO:Total games: 120
2023-08-22 04:26:12,713 INFO:Total games: 130
2023-08-22 04:26:23,856 INFO:Total games: 140
2023-08-22 04:26:33,782 INFO:Total games: 150
2023-08-22 04:26:45,306 INFO:Total games: 160
2023-08-22 04:26:56,260 INFO:Total games: 170
2023-08-22 04:27:08,138 INFO:Total games: 180
2023-08-22 04:27:17,557 INFO:Total games: 190
2023-08-22 04:27:31,119 INFO:Total games: 200
2023-08-22 04:27:42,700 INFO:Total games: 210
2023-08-22 04:27:53,855 INFO:Total games: 220
2023-08-22 04:28:07,472 INFO:Total games: 230
2023-08-22 04:28:20,007 INFO:Total games: 240
2023-08-22 04:28:30,204 INFO:Total games: 250
2023-08-22 04:28:40,742 INFO:Total games: 260
2023-08-22 04:28:51,857 INFO:Total games: 270
2023-08-22 04:29:05,536 INFO:Total games: 280
2023-08-22 04:29:17,606 INFO:Total games: 290
2023-08-22 04:29:28,319 INFO:Total games: 300
2023-08-22 04:29:40,630 INFO:Total games: 310
2023-08-22 04:29:50,318 INFO:Total games: 320
2023-08-22 04:30:00,301 INFO:Total games: 330
2023-08-22 04:30:11,034 INFO:Total games: 340
2023-08-22 04:30:23,436 INFO:Total games: 350
2023-08-22 04:30:36,890 INFO:Total games: 360
2023-08-22 04:30:48,874 INFO:Total games: 370
2023-08-22 04:30:59,949 INFO:Total games: 380
2023-08-22 04:31:09,972 INFO:Total games: 390
2023-08-22 04:31:22,163 INFO:Total games: 400
2023-08-22 04:31:31,646 INFO:Total games: 410
2023-08-22 04:31:44,389 INFO:Total games: 420
2023-08-22 04:32:00,131 INFO:Total games: 430
2023-08-22 04:32:12,038 INFO:Total games: 440
2023-08-22 04:32:21,454 INFO:Total games: 450
2023-08-22 04:32:34,013 INFO:Total games: 460
2023-08-22 04:32:46,346 INFO:Total games: 470
2023-08-22 04:32:57,743 INFO:Total games: 480
2023-08-22 04:33:10,916 INFO:Total games: 490
2023-08-22 04:33:22,911 INFO:Total games: 500
2023-08-22 04:33:33,716 INFO:Total games: 510
2023-08-22 04:33:47,515 INFO:Total games: 520
2023-08-22 04:34:02,286 INFO:Total games: 530
2023-08-22 04:34:16,094 INFO:Total games: 540
2023-08-22 04:34:29,826 INFO:Total games: 550
2023-08-22 04:34:42,961 INFO:Total games: 560
2023-08-22 04:34:53,739 INFO:Total games: 570
2023-08-22 04:35:08,285 INFO:Total games: 580
2023-08-22 04:35:23,398 INFO:Total games: 590
2023-08-22 04:35:35,757 INFO:Total games: 600
2023-08-22 04:35:48,203 INFO:Total games: 610
2023-08-22 04:35:59,925 INFO:Total games: 620
2023-08-22 04:36:15,023 INFO:Total games: 630
2023-08-22 04:36:27,573 INFO:Total games: 640
2023-08-22 04:36:40,332 INFO:Total games: 650
2023-08-22 04:36:51,322 INFO:Total games: 660
2023-08-22 04:37:03,797 INFO:Total games: 670
2023-08-22 04:37:15,946 INFO:Total games: 680
2023-08-22 04:37:30,562 INFO:Total games: 690
2023-08-22 04:37:42,587 INFO:Total games: 700
2023-08-22 04:37:53,141 INFO:Total games: 710
2023-08-22 04:38:04,162 INFO:Total games: 720
2023-08-22 04:38:18,186 INFO:Total games: 730
2023-08-22 04:38:27,657 INFO:Total games: 740
2023-08-22 04:38:39,523 INFO:Total games: 750
2023-08-22 04:38:51,121 INFO:Total games: 760
2023-08-22 04:39:01,522 INFO:Total games: 770
2023-08-22 04:39:11,319 INFO:Total games: 780
2023-08-22 04:39:24,149 INFO:Total games: 790
2023-08-22 04:39:36,186 INFO:Total games: 800
2023-08-22 04:39:48,954 INFO:Total games: 810
2023-08-22 04:40:03,133 INFO:Total games: 820
2023-08-22 04:40:16,900 INFO:Total games: 830
2023-08-22 04:40:26,932 INFO:Total games: 840
2023-08-22 04:40:36,255 INFO:Total games: 850
2023-08-22 04:40:48,232 INFO:Total games: 860
2023-08-22 04:41:02,247 INFO:Total games: 870
2023-08-22 04:41:15,579 INFO:Total games: 880
2023-08-22 04:41:25,970 INFO:Total games: 890
2023-08-22 04:41:38,834 INFO:Total games: 900
2023-08-22 04:41:48,017 INFO:Total games: 910
2023-08-22 04:41:59,420 INFO:Total games: 920
2023-08-22 04:42:13,318 INFO:Total games: 930
2023-08-22 04:42:26,219 INFO:Total games: 940
2023-08-22 04:42:36,661 INFO:Total games: 950
2023-08-22 04:42:49,222 INFO:Total games: 960
2023-08-22 04:43:02,345 INFO:Total games: 970
2023-08-22 04:43:12,480 INFO:Total games: 980
2023-08-22 04:43:25,377 INFO:Total games: 990
2023-08-22 04:43:36,835 INFO:Total games: 1000
2023-08-22 04:43:48,657 INFO:Total games: 1010
2023-08-22 04:44:03,012 INFO:Total games: 1020
2023-08-22 04:44:15,178 INFO:Total games: 1030
2023-08-22 04:44:26,508 INFO:Total games: 1040
2023-08-22 04:44:40,156 INFO:Total games: 1050
2023-08-22 04:44:55,526 INFO:Total games: 1060
2023-08-22 04:45:06,303 INFO:Total games: 1070
2023-08-22 04:45:19,232 INFO:Total games: 1080
2023-08-22 04:45:30,860 INFO:Total games: 1090
2023-08-22 04:45:44,459 INFO:Total games: 1100
2023-08-22 04:45:55,390 INFO:Total games: 1110
2023-08-22 04:46:07,811 INFO:Total games: 1120
2023-08-22 04:46:18,859 INFO:Total games: 1130
2023-08-22 04:46:29,362 INFO:Total games: 1140
2023-08-22 04:46:40,043 INFO:Total games: 1150
2023-08-22 04:46:53,349 INFO:Total games: 1160
2023-08-22 04:47:04,996 INFO:Total games: 1170
2023-08-22 04:47:16,879 INFO:Total games: 1180
2023-08-22 04:47:27,667 INFO:Total games: 1190
2023-08-22 04:47:41,316 INFO:Total games: 1200
2023-08-22 04:47:53,182 INFO:Total games: 1210
2023-08-22 04:48:02,929 INFO:Total games: 1220
2023-08-22 04:48:13,233 INFO:Total games: 1230
2023-08-22 04:48:25,223 INFO:Total games: 1240
2023-08-22 04:48:36,524 INFO:Total games: 1250
2023-08-22 04:48:47,245 INFO:Total games: 1260
2023-08-22 04:49:01,418 INFO:Total games: 1270
2023-08-22 04:49:13,315 INFO:Total games: 1280
2023-08-22 04:49:23,378 INFO:Total games: 1290
2023-08-22 04:49:33,371 INFO:Total games: 1300
2023-08-22 04:49:47,428 INFO:Total games: 1310
2023-08-22 04:50:00,353 INFO:Total games: 1320
2023-08-22 04:50:11,284 INFO:Total games: 1330
2023-08-22 04:50:23,039 INFO:Total games: 1340
2023-08-22 04:50:34,643 INFO:Total games: 1350
2023-08-22 04:50:45,626 INFO:Total games: 1360
2023-08-22 04:50:57,212 INFO:Total games: 1370
2023-08-22 04:51:07,583 INFO:Total games: 1380
2023-08-22 04:51:19,964 INFO:Total games: 1390
2023-08-22 04:51:30,045 INFO:Total games: 1400
2023-08-22 04:51:40,898 INFO:Total games: 1410
2023-08-22 04:51:54,544 INFO:Total games: 1420
2023-08-22 04:52:08,321 INFO:Total games: 1430
2023-08-22 04:52:20,198 INFO:Total games: 1440
2023-08-22 04:52:35,184 INFO:Total games: 1450
2023-08-22 04:52:45,639 INFO:Total games: 1460
2023-08-22 04:52:56,517 INFO:Total games: 1470
2023-08-22 04:53:06,611 INFO:Total games: 1480
2023-08-22 04:53:16,762 INFO:Total games: 1490
2023-08-22 04:53:30,383 INFO:Total games: 1500
2023-08-22 04:53:42,898 INFO:Total games: 1510
2023-08-22 04:53:55,693 INFO:Total games: 1520
2023-08-22 04:54:07,267 INFO:Total games: 1530
2023-08-22 04:54:21,064 INFO:Total games: 1540
2023-08-22 04:54:32,780 INFO:Total games: 1550
2023-08-22 04:54:46,944 INFO:Total games: 1560
2023-08-22 04:55:00,376 INFO:Total games: 1570
2023-08-22 04:55:12,336 INFO:Total games: 1580
2023-08-22 04:55:22,177 INFO:Total games: 1590
2023-08-22 04:55:34,194 INFO:Total games: 1600
2023-08-22 04:55:44,786 INFO:Total games: 1610
2023-08-22 04:55:56,063 INFO:Total games: 1620
2023-08-22 04:56:09,187 INFO:Total games: 1630
2023-08-22 04:56:21,954 INFO:Total games: 1640
2023-08-22 04:56:34,321 INFO:Total games: 1650
2023-08-22 04:56:46,596 INFO:Total games: 1660
2023-08-22 04:56:57,617 INFO:Total games: 1670
2023-08-22 04:57:07,879 INFO:Total games: 1680
2023-08-22 04:57:19,956 INFO:Total games: 1690
2023-08-22 04:57:34,410 INFO:Total games: 1700
2023-08-22 04:57:44,493 INFO:Total games: 1710
2023-08-22 04:57:54,640 INFO:Total games: 1720
2023-08-22 04:58:02,312 INFO:Total games: 1730
2023-08-22 04:58:17,947 INFO:Total games: 1740
2023-08-22 04:58:30,431 INFO:Total games: 1750
2023-08-22 04:58:40,083 INFO:Total games: 1760
2023-08-22 04:58:55,519 INFO:Total games: 1770
2023-08-22 04:59:06,091 INFO:Total games: 1780
2023-08-22 04:59:17,995 INFO:Total games: 1790
2023-08-22 04:59:29,671 INFO:Total games: 1800
2023-08-22 04:59:45,314 INFO:Total games: 1810
2023-08-22 05:00:00,045 INFO:Total games: 1820
2023-08-22 05:00:15,458 INFO:Total games: 1830
2023-08-22 05:00:31,616 INFO:Total games: 1840
2023-08-22 05:00:46,070 INFO:Total games: 1850
2023-08-22 05:00:59,021 INFO:Total games: 1860
2023-08-22 05:01:12,492 INFO:Total games: 1870
2023-08-22 05:01:29,893 INFO:Total games: 1880
2023-08-22 05:01:48,776 INFO:Total games: 1890
2023-08-22 05:02:04,926 INFO:Total games: 1900
2023-08-22 05:02:19,943 INFO:Total games: 1910
2023-08-22 05:02:35,466 INFO:Total games: 1920
2023-08-22 05:02:50,401 INFO:Total games: 1930
2023-08-22 05:03:07,128 INFO:Total games: 1940
2023-08-22 05:03:20,704 INFO:Total games: 1950
2023-08-22 05:03:36,612 INFO:Total games: 1960
2023-08-22 05:03:51,902 INFO:Total games: 1970
2023-08-22 05:04:04,398 INFO:Total games: 1980
2023-08-22 05:04:19,208 INFO:Total games: 1990
2023-08-22 05:04:34,569 INFO:Total games: 2000
2023-08-22 05:04:45,991 INFO:Total games: 2010
2023-08-22 05:04:59,388 INFO:Total games: 2020
2023-08-22 05:05:12,100 INFO:Total games: 2030
2023-08-22 05:05:27,549 INFO:Total games: 2040
2023-08-22 05:05:45,763 INFO:Total games: 2050
2023-08-22 05:06:02,170 INFO:Total games: 2060
2023-08-22 05:06:16,556 INFO:Total games: 2070
2023-08-22 05:06:31,020 INFO:Total games: 2080
2023-08-22 05:06:45,480 INFO:Total games: 2090
2023-08-22 05:06:59,130 INFO:Total games: 2100
2023-08-22 05:07:18,889 INFO:Total games: 2110
2023-08-22 05:07:31,253 INFO:Total games: 2120
2023-08-22 05:07:40,059 INFO:Total games: 2130
2023-08-22 05:07:56,193 INFO:Total games: 2140
2023-08-22 05:08:16,752 INFO:Total games: 2150
2023-08-22 05:08:36,658 INFO:Total games: 2160
2023-08-22 05:08:57,861 INFO:Total games: 2170
2023-08-22 05:09:10,967 INFO:Total games: 2180
2023-08-22 05:09:26,095 INFO:Total games: 2190
2023-08-22 05:09:42,272 INFO:Total games: 2200
2023-08-22 05:09:58,873 INFO:Total games: 2210
2023-08-22 05:10:16,974 INFO:Total games: 2220
2023-08-22 05:10:30,362 INFO:Total games: 2230
2023-08-22 05:10:44,066 INFO:Total games: 2240
2023-08-22 05:10:59,062 INFO:Total games: 2250
2023-08-22 05:11:13,688 INFO:Total games: 2260
2023-08-22 05:11:27,087 INFO:Total games: 2270
2023-08-22 05:11:40,738 INFO:Total games: 2280
2023-08-22 05:11:56,325 INFO:Total games: 2290
2023-08-22 05:12:10,793 INFO:Total games: 2300
2023-08-22 05:12:21,581 INFO:Total games: 2310
2023-08-22 05:12:38,100 INFO:Total games: 2320
2023-08-22 05:12:52,925 INFO:Total games: 2330
2023-08-22 05:13:08,017 INFO:Total games: 2340
2023-08-22 05:13:21,991 INFO:Total games: 2350
2023-08-22 05:13:36,456 INFO:Total games: 2360
2023-08-22 05:13:49,530 INFO:Total games: 2370
2023-08-22 05:14:07,116 INFO:Total games: 2380
2023-08-22 05:14:19,771 INFO:Total games: 2390
2023-08-22 05:14:35,485 INFO:Total games: 2400
2023-08-22 05:14:49,987 INFO:Total games: 2410
2023-08-22 05:15:02,669 INFO:Total games: 2420
2023-08-22 05:15:17,368 INFO:Total games: 2430
2023-08-22 05:15:31,516 INFO:Total games: 2440
2023-08-22 05:15:46,890 INFO:Total games: 2450
2023-08-22 05:16:01,671 INFO:Total games: 2460
2023-08-22 05:16:15,663 INFO:Total games: 2470
2023-08-22 05:16:28,324 INFO:Total games: 2480
2023-08-22 05:16:43,669 INFO:Total games: 2490
2023-08-22 05:16:59,723 INFO:Total games: 2500
2023-08-22 05:17:13,983 INFO:Total games: 2510
2023-08-22 05:17:32,833 INFO:Total games: 2520
2023-08-22 05:17:46,794 INFO:Total games: 2530
2023-08-22 05:18:01,563 INFO:Total games: 2540
2023-08-22 05:18:16,281 INFO:Total games: 2550
2023-08-22 05:18:30,507 INFO:Total games: 2560
2023-08-22 05:18:45,242 INFO:Total games: 2570
2023-08-22 05:19:00,196 INFO:Total games: 2580
2023-08-22 05:19:17,004 INFO:Total games: 2590
2023-08-22 05:19:34,668 INFO:Total games: 2600
2023-08-22 05:19:48,917 INFO:Total games: 2610
2023-08-22 05:20:04,657 INFO:Total games: 2620
2023-08-22 05:20:21,193 INFO:Total games: 2630
2023-08-22 05:20:34,517 INFO:Total games: 2640
2023-08-22 05:20:48,522 INFO:Total games: 2650
2023-08-22 05:21:04,927 INFO:Total games: 2660
2023-08-22 05:21:19,579 INFO:Total games: 2670
2023-08-22 05:21:35,515 INFO:Total games: 2680
2023-08-22 05:21:48,539 INFO:Total games: 2690
2023-08-22 05:22:03,222 INFO:Total games: 2700
2023-08-22 05:22:13,731 INFO:Total games: 2710
2023-08-22 05:22:33,471 INFO:Total games: 2720
2023-08-22 05:22:45,916 INFO:Total games: 2730
2023-08-22 05:22:57,748 INFO:Total games: 2740
2023-08-22 05:23:15,204 INFO:Total games: 2750
2023-08-22 05:23:31,230 INFO:Total games: 2760
2023-08-22 05:23:47,878 INFO:Total games: 2770
2023-08-22 05:24:04,927 INFO:Total games: 2780
2023-08-22 05:24:19,828 INFO:Total games: 2790
2023-08-22 05:24:36,398 INFO:Total games: 2800
2023-08-22 05:24:53,639 INFO:Total games: 2810
2023-08-22 05:25:06,548 INFO:Total games: 2820
2023-08-22 05:25:20,948 INFO:Total games: 2830
2023-08-22 05:25:37,013 INFO:Total games: 2840
2023-08-22 05:25:51,377 INFO:Total games: 2850
2023-08-22 05:26:06,871 INFO:Total games: 2860
2023-08-22 05:26:21,446 INFO:Total games: 2870
2023-08-22 05:26:35,715 INFO:Total games: 2880
2023-08-22 05:26:49,183 INFO:Total games: 2890
2023-08-22 05:27:05,310 INFO:Total games: 2900
2023-08-22 05:27:20,307 INFO:Total games: 2910
2023-08-22 05:27:35,955 INFO:Total games: 2920
2023-08-22 05:27:51,492 INFO:Total games: 2930
2023-08-22 05:28:06,342 INFO:Total games: 2940
2023-08-22 05:28:22,789 INFO:Total games: 2950
2023-08-22 05:28:33,435 INFO:Total games: 2960
2023-08-22 05:28:43,498 INFO:Total games: 2970
2023-08-22 05:28:56,058 INFO:Total games: 2980
2023-08-22 05:29:11,892 INFO:Total games: 2990
2023-08-22 05:29:25,764 INFO:Total games: 3000
2023-08-22 05:29:38,671 INFO:Total games: 3010
2023-08-22 05:29:53,079 INFO:Total games: 3020
2023-08-22 05:30:05,233 INFO:Total games: 3030
2023-08-22 05:30:19,179 INFO:Total games: 3040
2023-08-22 05:30:32,917 INFO:Total games: 3050
2023-08-22 05:30:46,346 INFO:Total games: 3060
2023-08-22 05:30:59,170 INFO:Total games: 3070
2023-08-22 05:31:14,663 INFO:Total games: 3080
2023-08-22 05:31:30,567 INFO:Total games: 3090
2023-08-22 05:31:44,087 INFO:Total games: 3100
2023-08-22 05:31:58,757 INFO:Total games: 3110
2023-08-22 05:32:13,050 INFO:Total games: 3120
2023-08-22 05:32:29,292 INFO:Total games: 3130
2023-08-22 05:32:42,223 INFO:Total games: 3140
2023-08-22 05:32:58,842 INFO:Total games: 3150
2023-08-22 05:33:13,934 INFO:Total games: 3160
2023-08-22 05:33:29,178 INFO:Total games: 3170
2023-08-22 05:33:45,417 INFO:Total games: 3180
2023-08-22 05:33:58,193 INFO:Total games: 3190
2023-08-22 05:34:12,942 INFO:Total games: 3200
2023-08-22 05:34:29,859 INFO:Total games: 3210
2023-08-22 05:34:42,519 INFO:Total games: 3220
2023-08-22 05:34:54,574 INFO:Total games: 3230
2023-08-22 05:35:09,085 INFO:Total games: 3240
2023-08-22 05:35:21,210 INFO:Total games: 3250
2023-08-22 05:35:37,924 INFO:Total games: 3260
2023-08-22 05:35:52,593 INFO:Total games: 3270
2023-08-22 05:36:09,241 INFO:Total games: 3280
2023-08-22 05:36:25,363 INFO:Total games: 3290
2023-08-22 05:36:39,807 INFO:Total games: 3300
2023-08-22 05:36:57,571 INFO:Total games: 3310
2023-08-22 05:37:09,435 INFO:Total games: 3320
2023-08-22 05:37:22,728 INFO:Total games: 3330
2023-08-22 05:37:37,159 INFO:Total games: 3340
2023-08-22 05:37:50,909 INFO:Total games: 3350
2023-08-22 05:38:02,508 INFO:Total games: 3360
2023-08-22 05:38:18,810 INFO:Total games: 3370
2023-08-22 05:38:32,148 INFO:Total games: 3380
2023-08-22 05:38:45,457 INFO:Total games: 3390
2023-08-22 05:39:00,422 INFO:Total games: 3400
2023-08-22 05:39:15,338 INFO:Total games: 3410
2023-08-22 05:39:29,607 INFO:Total games: 3420
2023-08-22 05:39:45,971 INFO:Total games: 3430
2023-08-22 05:39:58,747 INFO:Total games: 3440
2023-08-22 05:40:09,306 INFO:Total games: 3450
2023-08-22 05:40:25,850 INFO:Total games: 3460
2023-08-22 05:40:41,555 INFO:Total games: 3470
2023-08-22 05:40:59,684 INFO:Total games: 3480
2023-08-22 05:41:14,672 INFO:Total games: 3490
2023-08-22 05:41:28,584 INFO:Total games: 3500
2023-08-22 05:41:41,830 INFO:Total games: 3510
2023-08-22 05:41:56,607 INFO:Total games: 3520
2023-08-22 05:42:11,164 INFO:Total games: 3530
2023-08-22 05:42:24,305 INFO:Total games: 3540
2023-08-22 05:42:40,273 INFO:Total games: 3550
2023-08-22 05:42:51,156 INFO:Total games: 3560
2023-08-22 05:43:03,426 INFO:Total games: 3570
2023-08-22 05:43:19,315 INFO:Total games: 3580
2023-08-22 05:43:34,309 INFO:Total games: 3590
2023-08-22 05:43:51,625 INFO:Total games: 3600
2023-08-22 05:44:05,527 INFO:Total games: 3610
2023-08-22 05:44:18,488 INFO:Total games: 3620
2023-08-22 05:44:33,867 INFO:Total games: 3630
2023-08-22 05:44:49,130 INFO:Total games: 3640
2023-08-22 05:45:04,674 INFO:Total games: 3650
2023-08-22 05:45:20,223 INFO:Total games: 3660
2023-08-22 05:45:35,000 INFO:Total games: 3670
2023-08-22 05:45:48,315 INFO:Total games: 3680
2023-08-22 05:46:07,655 INFO:Total games: 3690
2023-08-22 05:46:22,251 INFO:Total games: 3700
2023-08-22 05:46:37,807 INFO:Total games: 3710
2023-08-22 05:46:51,255 INFO:Total games: 3720
2023-08-22 05:47:06,738 INFO:Total games: 3730
2023-08-22 05:47:20,938 INFO:Total games: 3740
2023-08-22 05:47:37,301 INFO:Total games: 3750
2023-08-22 05:47:52,761 INFO:Total games: 3760
