2023-06-29 22:01:51,776 INFO:Starting
2023-06-29 22:02:56,649 INFO:Total games: 10
2023-06-29 22:04:20,467 INFO:Total games: 20
2023-06-29 22:05:34,320 INFO:Total games: 30
2023-06-29 22:05:43,965 INFO:Ending
2023-06-29 22:05:43,965 INFO:Duration: 0 hours, 3 minutes, 52 seconds
2023-06-29 22:07:21,563 INFO:Starting
2023-06-29 22:08:37,430 INFO:Total games: 10
2023-06-29 22:09:56,167 INFO:Total games: 20
2023-06-29 22:11:05,038 INFO:Total games: 30
2023-06-29 22:12:23,392 INFO:Total games: 40
2023-06-29 22:13:35,652 INFO:Total games: 50
2023-06-29 22:14:45,196 INFO:Total games: 60
2023-06-29 22:16:08,011 INFO:Total games: 70
2023-06-29 22:17:18,047 INFO:Total games: 80
2023-06-29 22:18:33,291 INFO:Total games: 90
2023-06-29 22:19:54,695 INFO:Total games: 100
2023-06-29 22:21:04,050 INFO:Total games: 110
2023-06-29 22:22:16,035 INFO:Total games: 120
2023-06-29 22:23:34,094 INFO:Total games: 130
2023-06-29 22:24:58,159 INFO:Total games: 140
2023-06-29 22:26:09,139 INFO:Total games: 150
2023-06-29 22:27:22,335 INFO:Total games: 160
2023-06-29 22:28:45,236 INFO:Total games: 170
2023-06-29 22:30:06,992 INFO:Total games: 180
2023-06-29 22:31:35,707 INFO:Total games: 190
2023-06-29 22:32:48,055 INFO:Total games: 200
2023-06-29 22:34:12,159 INFO:Total games: 210
2023-06-29 22:35:42,579 INFO:Total games: 220
2023-06-29 22:36:50,128 INFO:Total games: 230
2023-06-29 22:38:29,243 INFO:Total games: 240
2023-06-29 22:39:45,247 INFO:Total games: 250
2023-06-29 22:40:59,481 INFO:Total games: 260
2023-06-29 22:42:29,149 INFO:Total games: 270
2023-06-29 22:42:48,343 INFO:Loaded new best model
2023-06-29 22:43:44,738 INFO:Total games: 280
2023-06-29 22:45:11,739 INFO:Total games: 290
2023-06-29 22:46:22,237 INFO:Total games: 300
2023-06-29 22:47:32,642 INFO:Total games: 310
2023-06-29 22:48:46,236 INFO:Total games: 320
2023-06-29 22:50:15,948 INFO:Total games: 330
2023-06-29 22:51:49,498 INFO:Total games: 340
2023-06-29 22:53:23,658 INFO:Total games: 350
2023-06-29 22:54:52,600 INFO:Total games: 360
2023-06-29 22:56:22,137 INFO:Total games: 370
2023-06-29 22:57:39,636 INFO:Total games: 380
2023-06-29 22:59:02,095 INFO:Total games: 390
2023-06-29 23:00:19,440 INFO:Total games: 400
2023-06-29 23:01:33,349 INFO:Total games: 410
2023-06-29 23:02:47,497 INFO:Total games: 420
2023-06-29 23:04:10,800 INFO:Total games: 430
2023-06-29 23:05:38,259 INFO:Total games: 440
2023-06-29 23:06:47,915 INFO:Total games: 450
2023-06-29 23:08:09,796 INFO:Total games: 460
2023-06-29 23:09:41,380 INFO:Total games: 470
2023-06-29 23:10:51,409 INFO:Total games: 480
2023-06-29 23:12:20,662 INFO:Total games: 490
2023-06-29 23:13:52,503 INFO:Total games: 500
2023-06-29 23:15:16,634 INFO:Total games: 510
2023-06-29 23:16:48,234 INFO:Total games: 520
2023-06-29 23:18:14,273 INFO:Total games: 530
2023-06-29 23:19:46,076 INFO:Total games: 540
2023-06-29 23:21:10,576 INFO:Total games: 550
2023-06-29 23:22:05,956 INFO:Loaded new best model
2023-06-29 23:22:36,732 INFO:Total games: 560
2023-06-29 23:24:01,302 INFO:Total games: 570
2023-06-29 23:25:17,838 INFO:Total games: 580
2023-06-29 23:26:40,908 INFO:Total games: 590
2023-06-29 23:28:22,385 INFO:Total games: 600
2023-06-29 23:29:39,796 INFO:Total games: 610
2023-06-29 23:31:07,956 INFO:Total games: 620
2023-06-29 23:32:36,674 INFO:Total games: 630
2023-06-29 23:34:18,837 INFO:Total games: 640
2023-06-29 23:35:46,338 INFO:Total games: 650
2023-06-29 23:37:03,199 INFO:Total games: 660
2023-06-29 23:38:24,374 INFO:Total games: 670
2023-06-29 23:40:02,236 INFO:Total games: 680
2023-06-29 23:41:23,293 INFO:Total games: 690
2023-06-29 23:41:28,655 INFO:Loaded new best model
2023-06-29 23:42:47,066 INFO:Total games: 700
2023-06-29 23:44:14,886 INFO:Total games: 710
2023-06-29 23:45:56,829 INFO:Total games: 720
2023-06-29 23:47:22,788 INFO:Total games: 730
2023-06-29 23:49:02,219 INFO:Total games: 740
2023-06-29 23:50:38,519 INFO:Total games: 750
2023-06-29 23:52:10,437 INFO:Total games: 760
2023-06-29 23:53:45,656 INFO:Total games: 770
2023-06-29 23:55:20,352 INFO:Total games: 780
2023-06-29 23:57:05,396 INFO:Total games: 790
2023-06-29 23:58:50,437 INFO:Total games: 800
2023-06-30 00:00:30,495 INFO:Total games: 810
2023-06-30 00:02:09,700 INFO:Total games: 820
2023-06-30 00:03:48,403 INFO:Total games: 830
2023-06-30 00:05:27,553 INFO:Total games: 840
2023-06-30 00:07:03,712 INFO:Total games: 850
2023-06-30 00:08:32,093 INFO:Total games: 860
2023-06-30 00:10:14,031 INFO:Total games: 870
2023-06-30 00:11:45,842 INFO:Total games: 880
2023-06-30 00:13:26,311 INFO:Total games: 890
2023-06-30 00:15:10,537 INFO:Total games: 900
2023-06-30 00:16:47,079 INFO:Total games: 910
2023-06-30 00:18:22,067 INFO:Total games: 920
2023-06-30 00:19:52,805 INFO:Total games: 930
2023-06-30 00:21:32,950 INFO:Total games: 940
2023-06-30 00:22:56,274 INFO:Loaded new best model
2023-06-30 00:23:03,353 INFO:Total games: 950
2023-06-30 00:24:28,752 INFO:Total games: 960
2023-06-30 00:25:49,431 INFO:Total games: 970
2023-06-30 00:27:19,717 INFO:Total games: 980
2023-06-30 00:28:55,463 INFO:Total games: 990
2023-06-30 00:30:39,014 INFO:Total games: 1000
2023-06-30 00:32:10,005 INFO:Total games: 1010
2023-06-30 00:33:40,629 INFO:Total games: 1020
2023-06-30 00:35:09,813 INFO:Total games: 1030
2023-06-30 00:36:41,736 INFO:Total games: 1040
2023-06-30 00:38:16,936 INFO:Total games: 1050
2023-06-30 00:39:45,643 INFO:Total games: 1060
2023-06-30 00:41:17,939 INFO:Total games: 1070
2023-06-30 00:42:45,651 INFO:Total games: 1080
2023-06-30 00:44:11,033 INFO:Total games: 1090
2023-06-30 00:45:39,499 INFO:Total games: 1100
2023-06-30 00:47:14,670 INFO:Total games: 1110
2023-06-30 00:48:47,872 INFO:Total games: 1120
2023-06-30 00:50:29,249 INFO:Total games: 1130
2023-06-30 00:52:05,020 INFO:Total games: 1140
2023-06-30 00:53:40,557 INFO:Total games: 1150
2023-06-30 00:55:09,418 INFO:Total games: 1160
2023-06-30 00:56:48,534 INFO:Total games: 1170
2023-06-30 00:58:13,083 INFO:Total games: 1180
2023-06-30 00:59:52,180 INFO:Total games: 1190
2023-06-30 01:01:14,391 INFO:Total games: 1200
2023-06-30 01:02:44,658 INFO:Total games: 1210
2023-06-30 01:04:22,260 INFO:Total games: 1220
2023-06-30 01:05:46,735 INFO:Total games: 1230
2023-06-30 01:07:07,930 INFO:Total games: 1240
2023-06-30 01:08:45,311 INFO:Total games: 1250
2023-06-30 01:10:04,490 INFO:Total games: 1260
2023-06-30 01:11:33,905 INFO:Total games: 1270
2023-06-30 01:13:00,919 INFO:Total games: 1280
2023-06-30 01:14:38,668 INFO:Total games: 1290
2023-06-30 01:16:11,520 INFO:Total games: 1300
2023-06-30 01:17:36,798 INFO:Total games: 1310
2023-06-30 01:19:16,785 INFO:Total games: 1320
2023-06-30 01:20:57,652 INFO:Total games: 1330
2023-06-30 01:22:29,062 INFO:Total games: 1340
2023-06-30 01:23:47,370 INFO:Total games: 1350
2023-06-30 01:24:13,013 INFO:Loaded new best model
2023-06-30 01:25:32,711 INFO:Total games: 1360
2023-06-30 01:27:08,307 INFO:Total games: 1370
2023-06-30 01:28:53,908 INFO:Total games: 1380
2023-06-30 01:30:34,550 INFO:Total games: 1390
2023-06-30 01:32:15,569 INFO:Total games: 1400
2023-06-30 01:33:50,076 INFO:Total games: 1410
2023-06-30 01:35:31,561 INFO:Total games: 1420
2023-06-30 01:37:08,939 INFO:Total games: 1430
2023-06-30 01:38:45,956 INFO:Total games: 1440
2023-06-30 01:40:33,327 INFO:Total games: 1450
2023-06-30 01:42:14,714 INFO:Total games: 1460
2023-06-30 01:43:54,829 INFO:Total games: 1470
2023-06-30 01:45:34,831 INFO:Total games: 1480
2023-06-30 01:47:09,835 INFO:Total games: 1490
2023-06-30 01:48:43,864 INFO:Total games: 1500
2023-06-30 01:50:20,206 INFO:Total games: 1510
2023-06-30 01:52:10,076 INFO:Total games: 1520
2023-06-30 01:53:47,208 INFO:Total games: 1530
2023-06-30 01:55:32,123 INFO:Total games: 1540
2023-06-30 01:57:10,308 INFO:Total games: 1550
2023-06-30 01:58:47,655 INFO:Total games: 1560
2023-06-30 02:00:26,646 INFO:Total games: 1570
2023-06-30 02:02:09,111 INFO:Total games: 1580
2023-06-30 02:03:27,863 INFO:Loaded new best model
2023-06-30 02:03:56,865 INFO:Total games: 1590
2023-06-30 02:05:44,381 INFO:Total games: 1600
2023-06-30 02:07:26,946 INFO:Total games: 1610
2023-06-30 02:09:10,807 INFO:Total games: 1620
2023-06-30 02:11:07,937 INFO:Total games: 1630
2023-06-30 02:12:57,108 INFO:Total games: 1640
2023-06-30 02:14:49,141 INFO:Total games: 1650
2023-06-30 02:16:38,825 INFO:Total games: 1660
2023-06-30 02:18:22,906 INFO:Total games: 1670
2023-06-30 02:20:14,884 INFO:Total games: 1680
2023-06-30 02:22:05,135 INFO:Total games: 1690
2023-06-30 02:23:59,025 INFO:Total games: 1700
2023-06-30 02:25:55,065 INFO:Total games: 1710
2023-06-30 02:27:38,485 INFO:Total games: 1720
2023-06-30 02:29:32,098 INFO:Total games: 1730
2023-06-30 02:31:24,745 INFO:Total games: 1740
2023-06-30 02:33:12,396 INFO:Total games: 1750
2023-06-30 02:35:03,988 INFO:Total games: 1760
2023-06-30 02:36:59,913 INFO:Total games: 1770
2023-06-30 02:38:47,443 INFO:Total games: 1780
2023-06-30 02:40:41,083 INFO:Total games: 1790
2023-06-30 02:42:38,730 INFO:Total games: 1800
2023-06-30 02:44:29,327 INFO:Total games: 1810
2023-06-30 02:46:20,667 INFO:Total games: 1820
2023-06-30 02:48:07,064 INFO:Total games: 1830
2023-06-30 02:49:45,308 INFO:Total games: 1840
2023-06-30 02:51:37,407 INFO:Total games: 1850
2023-06-30 02:53:34,450 INFO:Total games: 1860
2023-06-30 02:55:28,533 INFO:Total games: 1870
2023-06-30 02:57:08,425 INFO:Total games: 1880
2023-06-30 02:58:59,298 INFO:Total games: 1890
2023-06-30 03:00:51,499 INFO:Total games: 1900
2023-06-30 03:02:41,173 INFO:Total games: 1910
2023-06-30 03:04:34,555 INFO:Total games: 1920
2023-06-30 03:06:28,438 INFO:Total games: 1930
2023-06-30 03:08:21,073 INFO:Total games: 1940
2023-06-30 03:10:02,333 INFO:Total games: 1950
2023-06-30 03:11:53,318 INFO:Total games: 1960
2023-06-30 03:13:39,186 INFO:Total games: 1970
2023-06-30 03:15:31,850 INFO:Total games: 1980
2023-06-30 03:17:30,118 INFO:Total games: 1990
2023-06-30 03:19:17,157 INFO:Total games: 2000
2023-06-30 03:21:07,389 INFO:Total games: 2010
2023-06-30 03:22:58,571 INFO:Total games: 2020
2023-06-30 03:24:53,298 INFO:Total games: 2030
2023-06-30 03:26:43,429 INFO:Total games: 2040
2023-06-30 03:28:33,724 INFO:Total games: 2050
2023-06-30 03:30:24,096 INFO:Total games: 2060
2023-06-30 03:32:13,745 INFO:Total games: 2070
2023-06-30 03:34:06,310 INFO:Total games: 2080
2023-06-30 03:35:53,445 INFO:Total games: 2090
2023-06-30 03:37:45,356 INFO:Total games: 2100
2023-06-30 03:39:38,570 INFO:Total games: 2110
2023-06-30 03:41:27,227 INFO:Total games: 2120
2023-06-30 03:43:24,224 INFO:Total games: 2130
2023-06-30 03:45:14,869 INFO:Total games: 2140
2023-06-30 03:47:07,877 INFO:Total games: 2150
2023-06-30 03:49:00,501 INFO:Total games: 2160
2023-06-30 03:50:49,192 INFO:Total games: 2170
2023-06-30 03:52:39,184 INFO:Total games: 2180
2023-06-30 03:54:28,929 INFO:Total games: 2190
2023-06-30 03:56:21,536 INFO:Total games: 2200
2023-06-30 03:58:20,984 INFO:Total games: 2210
2023-06-30 04:00:15,418 INFO:Total games: 2220
2023-06-30 04:02:03,111 INFO:Total games: 2230
2023-06-30 04:04:00,938 INFO:Total games: 2240
2023-06-30 04:05:53,673 INFO:Total games: 2250
2023-06-30 04:07:44,038 INFO:Total games: 2260
2023-06-30 04:09:38,206 INFO:Total games: 2270
2023-06-30 04:11:26,981 INFO:Total games: 2280
2023-06-30 04:13:04,023 INFO:Total games: 2290
2023-06-30 04:14:53,185 INFO:Total games: 2300
2023-06-30 04:16:41,676 INFO:Total games: 2310
2023-06-30 04:18:38,122 INFO:Total games: 2320
2023-06-30 04:20:22,738 INFO:Total games: 2330
2023-06-30 04:22:12,282 INFO:Total games: 2340
2023-06-30 04:24:00,042 INFO:Total games: 2350
2023-06-30 04:25:57,393 INFO:Total games: 2360
2023-06-30 04:27:45,442 INFO:Total games: 2370
2023-06-30 04:29:37,692 INFO:Total games: 2380
2023-06-30 04:31:28,167 INFO:Total games: 2390
2023-06-30 04:33:17,290 INFO:Total games: 2400
2023-06-30 04:35:08,821 INFO:Total games: 2410
2023-06-30 04:36:54,890 INFO:Total games: 2420
2023-06-30 04:38:44,572 INFO:Total games: 2430
2023-06-30 04:40:40,727 INFO:Total games: 2440
2023-06-30 04:42:33,042 INFO:Total games: 2450
2023-06-30 04:44:25,329 INFO:Total games: 2460
2023-06-30 04:46:15,538 INFO:Total games: 2470
2023-06-30 04:48:02,608 INFO:Total games: 2480
2023-06-30 04:50:01,111 INFO:Total games: 2490
2023-06-30 04:51:52,629 INFO:Total games: 2500
2023-06-30 04:53:33,988 INFO:Total games: 2510
2023-06-30 04:55:20,831 INFO:Total games: 2520
2023-06-30 04:57:17,563 INFO:Total games: 2530
2023-06-30 04:59:11,073 INFO:Total games: 2540
2023-06-30 05:01:03,330 INFO:Total games: 2550
2023-06-30 05:02:54,358 INFO:Total games: 2560
2023-06-30 05:04:50,653 INFO:Total games: 2570
2023-06-30 05:06:42,729 INFO:Total games: 2580
2023-06-30 05:08:33,965 INFO:Total games: 2590
2023-06-30 05:10:23,135 INFO:Total games: 2600
2023-06-30 05:12:07,038 INFO:Total games: 2610
2023-06-30 05:13:55,543 INFO:Total games: 2620
2023-06-30 05:15:46,786 INFO:Total games: 2630
2023-06-30 05:17:40,235 INFO:Total games: 2640
2023-06-30 05:19:30,937 INFO:Total games: 2650
2023-06-30 05:21:25,058 INFO:Total games: 2660
2023-06-30 05:23:19,656 INFO:Total games: 2670
2023-06-30 05:25:10,078 INFO:Total games: 2680
2023-06-30 05:27:02,456 INFO:Total games: 2690
2023-06-30 05:28:49,846 INFO:Total games: 2700
2023-06-30 05:30:44,258 INFO:Total games: 2710
2023-06-30 05:32:35,245 INFO:Total games: 2720
2023-06-30 05:34:19,946 INFO:Total games: 2730
2023-06-30 05:36:05,933 INFO:Total games: 2740
2023-06-30 05:37:57,362 INFO:Total games: 2750
2023-06-30 05:39:42,657 INFO:Total games: 2760
2023-06-30 05:41:32,812 INFO:Total games: 2770
2023-06-30 05:43:17,583 INFO:Total games: 2780
2023-06-30 05:45:05,681 INFO:Total games: 2790
2023-06-30 05:47:05,012 INFO:Total games: 2800
2023-06-30 05:48:55,130 INFO:Total games: 2810
2023-06-30 05:50:49,199 INFO:Total games: 2820
2023-06-30 05:52:39,910 INFO:Total games: 2830
2023-06-30 05:54:31,778 INFO:Total games: 2840
2023-06-30 05:56:22,945 INFO:Total games: 2850
2023-06-30 05:58:12,792 INFO:Total games: 2860
2023-06-30 06:00:03,276 INFO:Total games: 2870
2023-06-30 06:01:52,089 INFO:Total games: 2880
2023-06-30 06:03:44,685 INFO:Total games: 2890
2023-06-30 06:05:40,204 INFO:Total games: 2900
2023-06-30 06:07:29,616 INFO:Total games: 2910
2023-06-30 06:09:21,063 INFO:Total games: 2920
2023-06-30 06:11:12,326 INFO:Total games: 2930
2023-06-30 06:13:03,117 INFO:Total games: 2940
2023-06-30 06:14:56,243 INFO:Total games: 2950
2023-06-30 06:16:39,722 INFO:Total games: 2960
2023-06-30 06:18:22,265 INFO:Total games: 2970
2023-06-30 06:20:13,818 INFO:Total games: 2980
2023-06-30 06:22:06,070 INFO:Total games: 2990
2023-06-30 06:24:06,155 INFO:Total games: 3000
2023-06-30 06:25:59,095 INFO:Total games: 3010
2023-06-30 06:27:51,809 INFO:Total games: 3020
2023-06-30 06:29:47,220 INFO:Total games: 3030
2023-06-30 06:31:35,529 INFO:Total games: 3040
2023-06-30 06:33:32,035 INFO:Total games: 3050
2023-06-30 06:35:19,310 INFO:Total games: 3060
2023-06-30 06:37:05,447 INFO:Total games: 3070
2023-06-30 06:38:56,608 INFO:Total games: 3080
2023-06-30 06:40:50,210 INFO:Total games: 3090
2023-06-30 06:42:38,982 INFO:Total games: 3100
2023-06-30 06:44:33,195 INFO:Total games: 3110
2023-06-30 06:46:25,703 INFO:Total games: 3120
2023-06-30 06:48:10,226 INFO:Total games: 3130
2023-06-30 06:50:04,182 INFO:Total games: 3140
2023-06-30 06:51:53,256 INFO:Total games: 3150
2023-06-30 06:53:51,664 INFO:Total games: 3160
2023-06-30 06:55:39,590 INFO:Total games: 3170
2023-06-30 06:57:23,172 INFO:Total games: 3180
2023-06-30 06:59:16,361 INFO:Total games: 3190
2023-06-30 07:01:08,753 INFO:Total games: 3200
2023-06-30 07:02:53,300 INFO:Total games: 3210
2023-06-30 07:04:51,030 INFO:Total games: 3220
2023-06-30 07:06:38,534 INFO:Total games: 3230
2023-06-30 07:08:34,260 INFO:Total games: 3240
2023-06-30 07:10:24,301 INFO:Total games: 3250
2023-06-30 07:12:14,135 INFO:Total games: 3260
2023-06-30 07:14:10,897 INFO:Total games: 3270
2023-06-30 07:16:01,846 INFO:Total games: 3280
2023-06-30 07:17:47,880 INFO:Total games: 3290
2023-06-30 07:19:34,909 INFO:Total games: 3300
2023-06-30 07:21:21,746 INFO:Total games: 3310
2023-06-30 07:23:08,689 INFO:Total games: 3320
2023-06-30 07:25:06,368 INFO:Total games: 3330
2023-06-30 07:26:58,626 INFO:Total games: 3340
2023-06-30 07:28:48,745 INFO:Total games: 3350
2023-06-30 07:30:39,157 INFO:Total games: 3360
2023-06-30 07:32:29,800 INFO:Total games: 3370
2023-06-30 07:34:20,317 INFO:Total games: 3380
2023-06-30 07:36:15,039 INFO:Total games: 3390
2023-06-30 07:37:59,912 INFO:Total games: 3400
2023-06-30 07:39:46,320 INFO:Total games: 3410
2023-06-30 07:41:39,842 INFO:Total games: 3420
2023-06-30 07:43:30,898 INFO:Total games: 3430
2023-06-30 07:45:15,528 INFO:Total games: 3440
2023-06-30 07:47:15,458 INFO:Total games: 3450
2023-06-30 07:48:57,536 INFO:Total games: 3460
2023-06-30 07:50:48,086 INFO:Total games: 3470
2023-06-30 07:52:37,129 INFO:Total games: 3480
2023-06-30 07:54:25,036 INFO:Total games: 3490
2023-06-30 07:56:18,977 INFO:Total games: 3500
2023-06-30 07:58:17,105 INFO:Total games: 3510
2023-06-30 08:00:05,842 INFO:Total games: 3520
2023-06-30 08:01:53,575 INFO:Total games: 3530
2023-06-30 08:03:42,667 INFO:Total games: 3540
2023-06-30 08:05:29,716 INFO:Total games: 3550
2023-06-30 08:07:22,229 INFO:Total games: 3560
2023-06-30 08:09:20,119 INFO:Total games: 3570
2023-06-30 08:11:11,301 INFO:Total games: 3580
2023-06-30 08:13:02,883 INFO:Total games: 3590
2023-06-30 08:14:53,826 INFO:Total games: 3600
2023-06-30 08:16:44,414 INFO:Total games: 3610
2023-06-30 08:18:29,611 INFO:Total games: 3620
2023-06-30 08:20:23,700 INFO:Total games: 3630
2023-06-30 08:22:11,356 INFO:Total games: 3640
2023-06-30 08:24:04,455 INFO:Total games: 3650
2023-06-30 08:25:58,249 INFO:Total games: 3660
2023-06-30 08:27:52,064 INFO:Total games: 3670
2023-06-30 08:29:43,918 INFO:Total games: 3680
2023-06-30 08:31:37,289 INFO:Total games: 3690
2023-06-30 08:33:36,503 INFO:Total games: 3700
2023-06-30 08:35:24,491 INFO:Total games: 3710
2023-06-30 08:37:16,910 INFO:Total games: 3720
2023-06-30 08:39:09,140 INFO:Total games: 3730
2023-06-30 08:40:46,262 INFO:Total games: 3740
2023-06-30 08:42:35,400 INFO:Total games: 3750
2023-06-30 08:44:28,776 INFO:Total games: 3760
2023-06-30 08:46:22,764 INFO:Total games: 3770
2023-06-30 08:48:15,557 INFO:Total games: 3780
2023-06-30 08:50:06,678 INFO:Total games: 3790
2023-06-30 08:51:58,444 INFO:Total games: 3800
2023-06-30 08:53:47,075 INFO:Total games: 3810
2023-06-30 08:55:40,747 INFO:Total games: 3820
2023-06-30 08:57:38,599 INFO:Total games: 3830
2023-06-30 08:59:22,875 INFO:Total games: 3840
2023-06-30 09:01:08,105 INFO:Total games: 3850
2023-06-30 09:02:52,817 INFO:Total games: 3860
2023-06-30 09:04:36,538 INFO:Total games: 3870
2023-06-30 09:06:28,116 INFO:Total games: 3880
2023-06-30 09:08:26,447 INFO:Total games: 3890
2023-06-30 09:10:17,713 INFO:Total games: 3900
2023-06-30 09:12:01,597 INFO:Total games: 3910
2023-06-30 09:13:52,727 INFO:Total games: 3920
2023-06-30 09:15:45,648 INFO:Total games: 3930
2023-06-30 09:17:36,613 INFO:Total games: 3940
2023-06-30 09:19:18,904 INFO:Total games: 3950
2023-06-30 09:21:14,051 INFO:Total games: 3960
2023-06-30 09:23:02,376 INFO:Total games: 3970
2023-06-30 09:24:43,109 INFO:Total games: 3980
2023-06-30 09:26:36,613 INFO:Total games: 3990
2023-06-30 09:28:26,854 INFO:Total games: 4000
2023-06-30 09:30:17,157 INFO:Total games: 4010
2023-06-30 09:32:09,643 INFO:Total games: 4020
2023-06-30 09:34:10,537 INFO:Total games: 4030
2023-06-30 09:35:54,986 INFO:Total games: 4040
2023-06-30 09:37:42,334 INFO:Total games: 4050
2023-06-30 09:39:31,143 INFO:Total games: 4060
2023-06-30 09:41:16,846 INFO:Total games: 4070
2023-06-30 09:43:07,593 INFO:Total games: 4080
2023-06-30 09:44:58,474 INFO:Total games: 4090
2023-06-30 09:46:57,178 INFO:Total games: 4100
2023-06-30 09:48:50,590 INFO:Total games: 4110
2023-06-30 09:50:44,897 INFO:Total games: 4120
2023-06-30 09:52:36,892 INFO:Total games: 4130
2023-06-30 09:54:27,141 INFO:Total games: 4140
2023-06-30 09:56:17,428 INFO:Total games: 4150
2023-06-30 09:58:09,003 INFO:Total games: 4160
2023-06-30 09:59:54,598 INFO:Total games: 4170
2023-06-30 10:01:47,784 INFO:Total games: 4180
2023-06-30 10:03:32,566 INFO:Total games: 4190
2023-06-30 10:05:27,505 INFO:Total games: 4200
2023-06-30 10:07:13,490 INFO:Total games: 4210
2023-06-30 10:09:02,934 INFO:Total games: 4220
2023-06-30 10:10:49,256 INFO:Total games: 4230
2023-06-30 10:12:39,379 INFO:Total games: 4240
2023-06-30 10:14:41,605 INFO:Total games: 4250
2023-06-30 10:16:32,639 INFO:Total games: 4260
2023-06-30 10:18:18,227 INFO:Total games: 4270
2023-06-30 10:20:03,849 INFO:Total games: 4280
2023-06-30 10:21:49,734 INFO:Total games: 4290
2023-06-30 10:23:36,676 INFO:Total games: 4300
2023-06-30 10:25:29,196 INFO:Total games: 4310
2023-06-30 10:27:17,878 INFO:Total games: 4320
2023-06-30 10:29:10,291 INFO:Total games: 4330
2023-06-30 10:31:01,432 INFO:Total games: 4340
2023-06-30 10:32:53,617 INFO:Total games: 4350
2023-06-30 10:34:46,218 INFO:Total games: 4360
2023-06-30 10:36:37,520 INFO:Total games: 4370
2023-06-30 10:38:29,891 INFO:Total games: 4380
2023-06-30 10:40:22,740 INFO:Total games: 4390
2023-06-30 10:42:18,797 INFO:Total games: 4400
2023-06-30 10:44:03,782 INFO:Total games: 4410
2023-06-30 10:45:57,269 INFO:Total games: 4420
2023-06-30 10:47:49,135 INFO:Total games: 4430
2023-06-30 10:49:38,483 INFO:Total games: 4440
2023-06-30 10:51:30,510 INFO:Total games: 4450
2023-06-30 10:53:20,016 INFO:Total games: 4460
2023-06-30 10:55:10,775 INFO:Total games: 4470
2023-06-30 10:57:03,949 INFO:Total games: 4480
2023-06-30 10:58:56,169 INFO:Total games: 4490
2023-06-30 11:00:44,973 INFO:Total games: 4500
2023-06-30 11:02:31,750 INFO:Total games: 4510
2023-06-30 11:04:16,050 INFO:Total games: 4520
2023-06-30 11:06:08,509 INFO:Total games: 4530
2023-06-30 11:07:58,413 INFO:Total games: 4540
2023-06-30 11:10:02,094 INFO:Total games: 4550
2023-06-30 11:11:48,537 INFO:Total games: 4560
2023-06-30 11:13:33,765 INFO:Total games: 4570
2023-06-30 11:15:22,164 INFO:Total games: 4580
2023-06-30 11:17:11,535 INFO:Total games: 4590
2023-06-30 11:19:00,454 INFO:Total games: 4600
2023-06-30 11:20:52,784 INFO:Total games: 4610
2023-06-30 11:22:43,518 INFO:Total games: 4620
2023-06-30 11:24:40,689 INFO:Total games: 4630
2023-06-30 11:26:31,084 INFO:Total games: 4640
2023-06-30 11:28:24,217 INFO:Total games: 4650
2023-06-30 11:30:12,818 INFO:Total games: 4660
2023-06-30 11:32:06,839 INFO:Total games: 4670
2023-06-30 11:34:00,495 INFO:Total games: 4680
2023-06-30 11:35:52,141 INFO:Total games: 4690
2023-06-30 11:37:46,703 INFO:Total games: 4700
2023-06-30 11:39:37,702 INFO:Total games: 4710
2023-06-30 11:41:42,126 INFO:Total games: 4720
2023-06-30 11:42:27,558 INFO:Loaded new best model
2023-06-30 11:43:22,576 INFO:Total games: 4730
2023-06-30 11:44:49,035 INFO:Total games: 4740
2023-06-30 11:46:20,645 INFO:Total games: 4750
2023-06-30 11:47:55,295 INFO:Total games: 4760
2023-06-30 11:49:34,375 INFO:Total games: 4770
2023-06-30 11:51:07,612 INFO:Total games: 4780
2023-06-30 11:52:42,724 INFO:Total games: 4790
2023-06-30 11:54:16,146 INFO:Total games: 4800
2023-06-30 11:55:54,282 INFO:Total games: 4810
2023-06-30 11:57:35,982 INFO:Total games: 4820
2023-06-30 11:59:06,958 INFO:Total games: 4830
2023-06-30 12:00:41,512 INFO:Total games: 4840
2023-06-30 12:02:15,358 INFO:Total games: 4850
2023-06-30 12:03:49,761 INFO:Total games: 4860
2023-06-30 12:05:20,024 INFO:Total games: 4870
2023-06-30 12:06:58,320 INFO:Total games: 4880
2023-06-30 12:08:29,118 INFO:Total games: 4890
2023-06-30 12:10:07,860 INFO:Total games: 4900
2023-06-30 12:11:43,212 INFO:Total games: 4910
2023-06-30 12:13:33,021 INFO:Total games: 4920
2023-06-30 12:15:08,575 INFO:Total games: 4930
2023-06-30 12:16:48,219 INFO:Total games: 4940
2023-06-30 12:18:27,301 INFO:Total games: 4950
2023-06-30 12:20:05,503 INFO:Total games: 4960
2023-06-30 12:21:40,726 INFO:Total games: 4970
2023-06-30 12:23:22,627 INFO:Total games: 4980
2023-06-30 12:24:55,323 INFO:Total games: 4990
2023-06-30 12:26:25,573 INFO:Total games: 5000
2023-06-30 12:27:51,399 INFO:Total games: 5010
2023-06-30 12:29:32,613 INFO:Total games: 5020
2023-06-30 12:31:23,790 INFO:Total games: 5030
2023-06-30 12:33:04,932 INFO:Total games: 5040
2023-06-30 12:34:38,150 INFO:Total games: 5050
2023-06-30 12:36:15,390 INFO:Total games: 5060
2023-06-30 12:37:56,906 INFO:Total games: 5070
2023-06-30 12:39:57,373 INFO:Total games: 5080
2023-06-30 12:41:44,410 INFO:Total games: 5090
2023-06-30 12:43:16,280 INFO:Total games: 5100
2023-06-30 12:44:56,172 INFO:Total games: 5110
2023-06-30 12:46:39,617 INFO:Total games: 5120
2023-06-30 12:48:27,826 INFO:Total games: 5130
2023-06-30 12:50:16,397 INFO:Total games: 5140
2023-06-30 12:51:51,202 INFO:Total games: 5150
2023-06-30 12:53:34,933 INFO:Total games: 5160
2023-06-30 12:55:10,345 INFO:Total games: 5170
2023-06-30 12:56:45,702 INFO:Total games: 5180
2023-06-30 12:58:17,968 INFO:Total games: 5190
2023-06-30 12:59:53,067 INFO:Total games: 5200
2023-06-30 13:01:24,574 INFO:Total games: 5210
2023-06-30 13:02:54,020 INFO:Total games: 5220
2023-06-30 13:04:26,893 INFO:Total games: 5230
2023-06-30 13:06:00,431 INFO:Total games: 5240
2023-06-30 13:07:47,192 INFO:Total games: 5250
2023-06-30 13:09:21,744 INFO:Total games: 5260
2023-06-30 13:09:31,478 INFO:Loaded new best model
2023-06-30 13:11:11,858 INFO:Total games: 5270
2023-06-30 13:13:03,279 INFO:Total games: 5280
2023-06-30 13:14:59,524 INFO:Total games: 5290
2023-06-30 13:16:57,047 INFO:Total games: 5300
2023-06-30 13:18:53,084 INFO:Total games: 5310
2023-06-30 13:20:51,342 INFO:Total games: 5320
2023-06-30 13:22:47,512 INFO:Total games: 5330
2023-06-30 13:24:48,895 INFO:Total games: 5340
2023-06-30 13:27:07,451 INFO:Total games: 5350
2023-06-30 13:29:14,623 INFO:Total games: 5360
2023-06-30 13:31:32,124 INFO:Total games: 5370
2023-06-30 13:33:38,047 INFO:Total games: 5380
2023-06-30 13:35:35,473 INFO:Total games: 5390
2023-06-30 13:37:30,114 INFO:Total games: 5400
2023-06-30 13:39:32,983 INFO:Total games: 5410
2023-06-30 13:41:30,822 INFO:Total games: 5420
2023-06-30 13:43:29,973 INFO:Total games: 5430
2023-06-30 13:45:41,845 INFO:Total games: 5440
2023-06-30 13:47:34,000 INFO:Total games: 5450
2023-06-30 13:49:33,311 INFO:Total games: 5460
2023-06-30 13:51:33,614 INFO:Total games: 5470
2023-06-30 13:53:33,236 INFO:Total games: 5480
2023-06-30 13:55:34,059 INFO:Total games: 5490
2023-06-30 13:57:37,773 INFO:Total games: 5500
2023-06-30 13:59:31,632 INFO:Total games: 5510
2023-06-30 14:01:25,351 INFO:Total games: 5520
2023-06-30 14:03:19,552 INFO:Total games: 5530
2023-06-30 14:05:35,725 INFO:Total games: 5540
2023-06-30 14:07:32,278 INFO:Total games: 5550
2023-06-30 14:09:31,859 INFO:Total games: 5560
2023-06-30 14:11:29,911 INFO:Total games: 5570
2023-06-30 14:13:31,904 INFO:Total games: 5580
2023-06-30 14:15:32,645 INFO:Total games: 5590
2023-06-30 14:17:32,181 INFO:Total games: 5600
2023-06-30 14:19:28,385 INFO:Total games: 5610
2023-06-30 14:21:25,990 INFO:Total games: 5620
2023-06-30 14:23:29,216 INFO:Total games: 5630
2023-06-30 14:25:20,603 INFO:Total games: 5640
2023-06-30 14:27:16,332 INFO:Total games: 5650
2023-06-30 14:29:14,830 INFO:Total games: 5660
2023-06-30 14:31:10,100 INFO:Total games: 5670
2023-06-30 14:33:07,479 INFO:Total games: 5680
2023-06-30 14:35:03,982 INFO:Total games: 5690
2023-06-30 14:37:00,967 INFO:Total games: 5700
2023-06-30 14:38:59,010 INFO:Total games: 5710
2023-06-30 14:40:56,017 INFO:Total games: 5720
2023-06-30 14:43:01,052 INFO:Total games: 5730
2023-06-30 14:44:55,794 INFO:Total games: 5740
2023-06-30 14:46:45,326 INFO:Total games: 5750
2023-06-30 14:48:41,407 INFO:Total games: 5760
2023-06-30 14:50:35,006 INFO:Total games: 5770
2023-06-30 14:52:32,894 INFO:Total games: 5780
2023-06-30 14:54:32,014 INFO:Total games: 5790
2023-06-30 14:56:30,011 INFO:Total games: 5800
2023-06-30 14:58:25,332 INFO:Total games: 5810
2023-06-30 15:00:22,741 INFO:Total games: 5820
2023-06-30 15:02:33,340 INFO:Total games: 5830
2023-06-30 15:04:28,325 INFO:Total games: 5840
2023-06-30 15:06:18,816 INFO:Total games: 5850
2023-06-30 15:08:13,758 INFO:Total games: 5860
2023-06-30 15:10:11,913 INFO:Total games: 5870
2023-06-30 15:12:10,882 INFO:Total games: 5880
2023-06-30 15:14:06,375 INFO:Total games: 5890
2023-06-30 15:15:57,577 INFO:Total games: 5900
2023-06-30 15:17:54,390 INFO:Total games: 5910
2023-06-30 15:19:51,619 INFO:Total games: 5920
2023-06-30 15:22:00,305 INFO:Total games: 5930
2023-06-30 15:23:56,335 INFO:Total games: 5940
2023-06-30 15:25:53,030 INFO:Total games: 5950
2023-06-30 15:27:41,113 INFO:Total games: 5960
2023-06-30 15:29:36,370 INFO:Total games: 5970
2023-06-30 15:31:34,935 INFO:Total games: 5980
2023-06-30 15:33:26,294 INFO:Total games: 5990
2023-06-30 15:35:23,692 INFO:Total games: 6000
2023-06-30 15:37:21,497 INFO:Total games: 6010
2023-06-30 15:39:18,847 INFO:Total games: 6020
2023-06-30 15:41:15,963 INFO:Total games: 6030
2023-06-30 15:43:29,769 INFO:Total games: 6040
2023-06-30 15:45:27,406 INFO:Total games: 6050
2023-06-30 15:47:22,657 INFO:Total games: 6060
2023-06-30 15:49:09,371 INFO:Total games: 6070
2023-06-30 15:51:00,328 INFO:Total games: 6080
2023-06-30 15:52:56,433 INFO:Total games: 6090
2023-06-30 15:54:54,407 INFO:Total games: 6100
2023-06-30 15:56:52,418 INFO:Total games: 6110
2023-06-30 15:58:49,433 INFO:Total games: 6120
2023-06-30 16:00:45,260 INFO:Total games: 6130
2023-06-30 16:02:58,384 INFO:Total games: 6140
2023-06-30 16:04:54,627 INFO:Total games: 6150
2023-06-30 16:06:52,080 INFO:Total games: 6160
2023-06-30 16:08:49,769 INFO:Total games: 6170
2023-06-30 16:10:54,523 INFO:Total games: 6180
2023-06-30 16:12:52,878 INFO:Total games: 6190
2023-06-30 16:14:59,350 INFO:Total games: 6200
2023-06-30 16:17:06,091 INFO:Total games: 6210
2023-06-30 16:19:08,111 INFO:Total games: 6220
2023-06-30 16:21:09,223 INFO:Total games: 6230
2023-06-30 16:23:05,045 INFO:Total games: 6240
2023-06-30 16:25:21,489 INFO:Total games: 6250
2023-06-30 16:27:19,470 INFO:Total games: 6260
2023-06-30 16:29:18,157 INFO:Total games: 6270
2023-06-30 16:31:17,023 INFO:Total games: 6280
2023-06-30 16:33:12,553 INFO:Total games: 6290
2023-06-30 16:35:07,405 INFO:Total games: 6300
2023-06-30 16:37:01,456 INFO:Total games: 6310
2023-06-30 16:39:01,653 INFO:Total games: 6320
2023-06-30 16:40:59,985 INFO:Total games: 6330
2023-06-30 16:42:58,382 INFO:Total games: 6340
2023-06-30 16:44:55,614 INFO:Total games: 6350
2023-06-30 16:47:06,396 INFO:Total games: 6360
2023-06-30 16:49:00,822 INFO:Total games: 6370
2023-06-30 16:50:55,714 INFO:Total games: 6380
2023-06-30 16:52:52,495 INFO:Total games: 6390
2023-06-30 16:54:52,299 INFO:Total games: 6400
2023-06-30 16:56:44,535 INFO:Total games: 6410
2023-06-30 16:58:33,993 INFO:Total games: 6420
2023-06-30 17:00:30,197 INFO:Total games: 6430
2023-06-30 17:02:27,557 INFO:Total games: 6440
2023-06-30 17:04:24,427 INFO:Total games: 6450
2023-06-30 17:06:21,762 INFO:Total games: 6460
2023-06-30 17:08:30,686 INFO:Total games: 6470
2023-06-30 17:10:27,964 INFO:Total games: 6480
2023-06-30 17:12:21,304 INFO:Total games: 6490
2023-06-30 17:14:20,511 INFO:Total games: 6500
2023-06-30 17:16:14,124 INFO:Total games: 6510
2023-06-30 17:18:10,891 INFO:Total games: 6520
2023-06-30 17:20:00,475 INFO:Total games: 6530
2023-06-30 17:21:54,727 INFO:Total games: 6540
2023-06-30 17:23:53,348 INFO:Total games: 6550
2023-06-30 17:25:50,557 INFO:Total games: 6560
2023-06-30 17:27:45,131 INFO:Total games: 6570
2023-06-30 17:29:41,783 INFO:Total games: 6580
2023-06-30 17:31:52,344 INFO:Total games: 6590
2023-06-30 17:33:48,093 INFO:Total games: 6600
2023-06-30 17:35:44,792 INFO:Total games: 6610
2023-06-30 17:37:42,608 INFO:Total games: 6620
2023-06-30 17:39:38,273 INFO:Total games: 6630
2023-06-30 17:41:31,832 INFO:Total games: 6640
2023-06-30 17:43:27,413 INFO:Total games: 6650
2023-06-30 17:45:22,882 INFO:Total games: 6660
2023-06-30 17:47:19,954 INFO:Total games: 6670
2023-06-30 17:49:17,109 INFO:Total games: 6680
2023-06-30 17:51:15,508 INFO:Total games: 6690
2023-06-30 17:53:26,588 INFO:Total games: 6700
2023-06-30 17:55:22,979 INFO:Total games: 6710
2023-06-30 17:57:21,114 INFO:Total games: 6720
2023-06-30 17:59:21,241 INFO:Total games: 6730
2023-06-30 18:01:12,905 INFO:Total games: 6740
2023-06-30 18:03:11,500 INFO:Total games: 6750
2023-06-30 18:05:08,558 INFO:Total games: 6760
2023-06-30 18:07:04,746 INFO:Total games: 6770
2023-06-30 18:09:02,847 INFO:Total games: 6780
2023-06-30 18:11:00,106 INFO:Total games: 6790
2023-06-30 18:12:58,492 INFO:Total games: 6800
2023-06-30 18:14:56,288 INFO:Total games: 6810
2023-06-30 18:17:08,524 INFO:Total games: 6820
2023-06-30 18:19:07,938 INFO:Total games: 6830
2023-06-30 18:21:00,848 INFO:Total games: 6840
2023-06-30 18:22:56,875 INFO:Total games: 6850
2023-06-30 18:24:52,054 INFO:Total games: 6860
2023-06-30 18:26:47,271 INFO:Total games: 6870
2023-06-30 18:28:46,868 INFO:Total games: 6880
2023-06-30 18:30:46,299 INFO:Total games: 6890
2023-06-30 18:32:41,543 INFO:Total games: 6900
2023-06-30 18:34:36,163 INFO:Total games: 6910
2023-06-30 18:36:35,187 INFO:Total games: 6920
2023-06-30 18:38:29,386 INFO:Total games: 6930
2023-06-30 18:40:43,846 INFO:Total games: 6940
2023-06-30 18:42:34,503 INFO:Total games: 6950
2023-06-30 18:44:28,390 INFO:Total games: 6960
2023-06-30 18:46:24,936 INFO:Total games: 6970
2023-06-30 18:48:23,097 INFO:Total games: 6980
2023-06-30 18:50:22,177 INFO:Total games: 6990
2023-06-30 18:52:18,633 INFO:Total games: 7000
2023-06-30 18:54:14,441 INFO:Total games: 7010
2023-06-30 18:56:12,052 INFO:Total games: 7020
2023-06-30 18:58:10,773 INFO:Total games: 7030
2023-06-30 19:00:06,973 INFO:Total games: 7040
2023-06-30 19:02:01,020 INFO:Total games: 7050
2023-06-30 19:04:07,216 INFO:Total games: 7060
2023-06-30 19:06:00,943 INFO:Total games: 7070
2023-06-30 19:07:57,705 INFO:Total games: 7080
2023-06-30 19:09:57,438 INFO:Total games: 7090
2023-06-30 19:11:53,634 INFO:Total games: 7100
2023-06-30 19:13:43,148 INFO:Total games: 7110
2023-06-30 19:15:41,622 INFO:Total games: 7120
2023-06-30 19:17:39,822 INFO:Total games: 7130
2023-06-30 19:19:34,818 INFO:Total games: 7140
2023-06-30 19:21:34,166 INFO:Total games: 7150
2023-06-30 19:23:32,517 INFO:Total games: 7160
2023-06-30 19:25:24,160 INFO:Total games: 7170
2023-06-30 19:27:18,931 INFO:Total games: 7180
2023-06-30 19:29:36,194 INFO:Total games: 7190
2023-06-30 19:31:34,085 INFO:Total games: 7200
2023-06-30 19:33:28,111 INFO:Total games: 7210
2023-06-30 19:35:27,155 INFO:Total games: 7220
2023-06-30 19:37:21,769 INFO:Total games: 7230
2023-06-30 19:39:21,546 INFO:Total games: 7240
2023-06-30 19:41:19,116 INFO:Total games: 7250
2023-06-30 19:43:15,652 INFO:Total games: 7260
2023-06-30 19:45:08,466 INFO:Total games: 7270
2023-06-30 19:46:58,439 INFO:Total games: 7280
2023-06-30 19:48:56,544 INFO:Total games: 7290
2023-06-30 19:50:53,746 INFO:Total games: 7300
2023-06-30 19:53:10,151 INFO:Total games: 7310
2023-06-30 19:55:06,954 INFO:Total games: 7320
2023-06-30 19:57:02,932 INFO:Total games: 7330
2023-06-30 19:59:01,445 INFO:Total games: 7340
2023-06-30 20:00:58,902 INFO:Total games: 7350
2023-06-30 20:02:57,181 INFO:Total games: 7360
2023-06-30 20:04:52,625 INFO:Total games: 7370
2023-06-30 20:06:42,143 INFO:Total games: 7380
2023-06-30 20:08:36,472 INFO:Total games: 7390
2023-06-30 20:10:24,305 INFO:Total games: 7400
2023-06-30 20:12:16,368 INFO:Total games: 7410
2023-06-30 20:14:15,361 INFO:Total games: 7420
2023-06-30 20:16:06,960 INFO:Total games: 7430
2023-06-30 20:18:25,566 INFO:Total games: 7440
2023-06-30 20:20:21,602 INFO:Total games: 7450
2023-06-30 20:22:19,042 INFO:Total games: 7460
2023-06-30 20:24:17,925 INFO:Total games: 7470
2023-06-30 20:26:13,403 INFO:Total games: 7480
2023-06-30 20:28:05,397 INFO:Total games: 7490
2023-06-30 20:30:03,906 INFO:Total games: 7500
2023-06-30 20:32:03,075 INFO:Total games: 7510
2023-06-30 20:33:58,310 INFO:Total games: 7520
2023-06-30 20:35:56,944 INFO:Total games: 7530
2023-06-30 20:37:54,484 INFO:Total games: 7540
2023-06-30 20:39:52,624 INFO:Total games: 7550
2023-06-30 20:41:48,193 INFO:Total games: 7560
2023-06-30 20:44:05,777 INFO:Total games: 7570
2023-06-30 20:46:03,635 INFO:Total games: 7580
2023-06-30 20:47:57,158 INFO:Total games: 7590
2023-06-30 20:49:49,381 INFO:Total games: 7600
2023-06-30 20:51:41,887 INFO:Total games: 7610
2023-06-30 20:53:41,495 INFO:Total games: 7620
2023-06-30 20:55:37,377 INFO:Total games: 7630
2023-06-30 20:57:34,306 INFO:Total games: 7640
2023-06-30 20:59:31,911 INFO:Total games: 7650
2023-06-30 21:01:27,627 INFO:Total games: 7660
2023-06-30 21:03:24,362 INFO:Total games: 7670
2023-06-30 21:05:21,821 INFO:Total games: 7680
2023-06-30 21:07:19,461 INFO:Total games: 7690
2023-06-30 21:09:15,226 INFO:Total games: 7700
2023-06-30 21:11:20,433 INFO:Total games: 7710
2023-06-30 21:13:15,526 INFO:Total games: 7720
2023-06-30 21:15:13,948 INFO:Total games: 7730
2023-06-30 21:17:11,977 INFO:Total games: 7740
2023-06-30 21:19:10,716 INFO:Total games: 7750
2023-06-30 21:21:05,672 INFO:Total games: 7760
2023-06-30 21:23:04,360 INFO:Total games: 7770
2023-06-30 21:25:03,956 INFO:Total games: 7780
2023-06-30 21:26:52,734 INFO:Total games: 7790
2023-06-30 21:28:49,793 INFO:Total games: 7800
2023-06-30 21:30:44,190 INFO:Total games: 7810
2023-06-30 21:32:36,687 INFO:Total games: 7820
2023-06-30 21:34:33,527 INFO:Total games: 7830
2023-06-30 21:36:28,101 INFO:Total games: 7840
2023-06-30 21:38:47,154 INFO:Total games: 7850
2023-06-30 21:40:44,790 INFO:Total games: 7860
2023-06-30 21:42:45,184 INFO:Total games: 7870
2023-06-30 21:44:44,052 INFO:Total games: 7880
2023-06-30 21:46:37,104 INFO:Total games: 7890
2023-06-30 21:48:36,734 INFO:Total games: 7900
2023-06-30 21:50:34,670 INFO:Total games: 7910
2023-06-30 21:52:28,044 INFO:Total games: 7920
2023-06-30 21:54:26,043 INFO:Total games: 7930
2023-06-30 21:56:24,583 INFO:Total games: 7940
2023-06-30 21:58:23,483 INFO:Total games: 7950
2023-06-30 22:00:21,316 INFO:Total games: 7960
2023-06-30 22:02:16,994 INFO:Total games: 7970
2023-06-30 22:04:15,129 INFO:Total games: 7980
2023-06-30 22:06:35,185 INFO:Total games: 7990
2023-06-30 22:08:31,579 INFO:Total games: 8000
2023-06-30 22:10:29,276 INFO:Total games: 8010
2023-06-30 22:12:16,799 INFO:Total games: 8020
2023-06-30 22:14:07,355 INFO:Total games: 8030
2023-06-30 22:16:05,246 INFO:Total games: 8040
2023-06-30 22:18:05,121 INFO:Total games: 8050
2023-06-30 22:20:03,926 INFO:Total games: 8060
2023-06-30 22:21:59,724 INFO:Total games: 8070
2023-06-30 22:23:57,538 INFO:Total games: 8080
2023-06-30 22:25:53,966 INFO:Total games: 8090
2023-06-30 22:27:52,057 INFO:Total games: 8100
2023-06-30 22:29:48,599 INFO:Total games: 8110
2023-06-30 22:31:44,645 INFO:Total games: 8120
2023-06-30 22:33:53,959 INFO:Total games: 8130
2023-06-30 22:35:47,409 INFO:Total games: 8140
2023-06-30 22:37:46,719 INFO:Total games: 8150
2023-06-30 22:39:42,399 INFO:Total games: 8160
2023-06-30 22:41:40,151 INFO:Total games: 8170
2023-06-30 22:43:39,286 INFO:Total games: 8180
2023-06-30 22:45:39,631 INFO:Total games: 8190
2023-06-30 22:47:36,910 INFO:Total games: 8200
2023-06-30 22:49:35,782 INFO:Total games: 8210
2023-06-30 22:51:34,185 INFO:Total games: 8220
2023-06-30 22:53:31,411 INFO:Total games: 8230
2023-06-30 22:55:25,193 INFO:Total games: 8240
2023-06-30 22:57:20,853 INFO:Total games: 8250
2023-06-30 22:59:12,947 INFO:Total games: 8260
2023-06-30 23:01:32,601 INFO:Total games: 8270
2023-06-30 23:03:28,425 INFO:Total games: 8280
2023-06-30 23:05:25,681 INFO:Total games: 8290
2023-06-30 23:07:23,470 INFO:Total games: 8300
2023-06-30 23:09:22,616 INFO:Total games: 8310
2023-06-30 23:11:21,609 INFO:Total games: 8320
2023-06-30 23:13:20,985 INFO:Total games: 8330
2023-06-30 23:15:14,636 INFO:Total games: 8340
2023-06-30 23:17:07,054 INFO:Total games: 8350
2023-06-30 23:19:01,362 INFO:Total games: 8360
2023-06-30 23:21:00,678 INFO:Total games: 8370
2023-06-30 23:22:59,115 INFO:Total games: 8380
2023-06-30 23:24:56,583 INFO:Total games: 8390
2023-06-30 23:26:48,748 INFO:Total games: 8400
2023-06-30 23:28:46,513 INFO:Total games: 8410
2023-06-30 23:31:07,428 INFO:Total games: 8420
2023-06-30 23:33:05,774 INFO:Total games: 8430
2023-06-30 23:35:04,551 INFO:Total games: 8440
2023-06-30 23:36:56,201 INFO:Total games: 8450
2023-06-30 23:38:54,150 INFO:Total games: 8460
2023-06-30 23:40:42,168 INFO:Total games: 8470
2023-06-30 23:42:41,316 INFO:Total games: 8480
2023-06-30 23:44:37,574 INFO:Total games: 8490
2023-06-30 23:46:37,330 INFO:Total games: 8500
2023-06-30 23:48:36,739 INFO:Total games: 8510
2023-06-30 23:50:36,056 INFO:Total games: 8520
2023-06-30 23:52:35,268 INFO:Total games: 8530
2023-06-30 23:54:34,449 INFO:Total games: 8540
2023-06-30 23:56:29,013 INFO:Total games: 8550
2023-06-30 23:58:20,168 INFO:Total games: 8560
2023-07-01 00:00:36,739 INFO:Total games: 8570
2023-07-01 00:02:36,197 INFO:Total games: 8580
2023-07-01 00:04:34,988 INFO:Total games: 8590
2023-07-01 00:06:33,798 INFO:Total games: 8600
2023-07-01 00:08:32,932 INFO:Total games: 8610
2023-07-01 00:10:31,660 INFO:Total games: 8620
2023-07-01 00:12:28,023 INFO:Total games: 8630
2023-07-01 00:14:28,208 INFO:Total games: 8640
2023-07-01 00:16:27,933 INFO:Total games: 8650
2023-07-01 00:18:17,375 INFO:Total games: 8660
2023-07-01 00:20:07,499 INFO:Total games: 8670
2023-07-01 00:22:03,735 INFO:Total games: 8680
2023-07-01 00:24:02,195 INFO:Total games: 8690
2023-07-01 00:26:00,603 INFO:Total games: 8700
2023-07-01 00:27:55,872 INFO:Total games: 8710
2023-07-01 00:30:18,683 INFO:Total games: 8720
2023-07-01 00:32:15,982 INFO:Total games: 8730
2023-07-01 00:34:15,595 INFO:Total games: 8740
2023-07-01 00:36:04,894 INFO:Total games: 8750
2023-07-01 00:37:54,767 INFO:Total games: 8760
2023-07-01 00:39:46,705 INFO:Total games: 8770
2023-07-01 00:41:43,967 INFO:Total games: 8780
2023-07-01 00:43:40,772 INFO:Total games: 8790
2023-07-01 00:45:37,527 INFO:Total games: 8800
2023-07-01 00:47:34,177 INFO:Total games: 8810
2023-07-01 00:49:32,574 INFO:Total games: 8820
2023-07-01 00:51:28,769 INFO:Total games: 8830
2023-07-01 00:53:23,695 INFO:Total games: 8840
2023-07-01 00:55:20,951 INFO:Total games: 8850
2023-07-01 00:57:16,313 INFO:Total games: 8860
2023-07-01 00:59:05,650 INFO:Total games: 8870
2023-07-01 01:01:17,791 INFO:Total games: 8880
2023-07-01 01:03:11,437 INFO:Total games: 8890
2023-07-01 01:05:09,377 INFO:Total games: 8900
2023-07-01 01:07:08,907 INFO:Total games: 8910
2023-07-01 01:09:02,377 INFO:Total games: 8920
2023-07-01 01:11:02,398 INFO:Total games: 8930
2023-07-01 01:12:58,192 INFO:Total games: 8940
2023-07-01 01:14:51,504 INFO:Total games: 8950
2023-07-01 01:16:46,932 INFO:Total games: 8960
2023-07-01 01:18:45,963 INFO:Total games: 8970
2023-07-01 01:20:42,240 INFO:Total games: 8980
2023-07-01 01:22:33,830 INFO:Total games: 8990
2023-07-01 01:24:30,963 INFO:Total games: 9000
2023-07-01 01:26:30,096 INFO:Total games: 9010
2023-07-01 01:28:26,598 INFO:Total games: 9020
2023-07-01 01:30:25,633 INFO:Total games: 9030
2023-07-01 01:32:47,180 INFO:Total games: 9040
2023-07-01 01:34:45,694 INFO:Total games: 9050
2023-07-01 01:36:41,362 INFO:Total games: 9060
2023-07-01 01:38:34,258 INFO:Total games: 9070
2023-07-01 01:40:27,881 INFO:Total games: 9080
2023-07-01 01:42:23,770 INFO:Total games: 9090
2023-07-01 01:44:17,122 INFO:Total games: 9100
2023-07-01 01:46:13,401 INFO:Total games: 9110
2023-07-01 01:48:11,880 INFO:Total games: 9120
2023-07-01 01:50:10,786 INFO:Total games: 9130
2023-07-01 01:52:10,433 INFO:Total games: 9140
2023-07-01 01:54:09,241 INFO:Total games: 9150
2023-07-01 01:56:03,704 INFO:Total games: 9160
2023-07-01 01:58:00,568 INFO:Total games: 9170
2023-07-01 01:59:57,851 INFO:Total games: 9180
2023-07-01 02:01:52,640 INFO:Total games: 9190
2023-07-01 02:04:05,757 INFO:Total games: 9200
2023-07-01 02:05:57,466 INFO:Total games: 9210
2023-07-01 02:07:54,791 INFO:Total games: 9220
2023-07-01 02:09:50,336 INFO:Total games: 9230
2023-07-01 02:11:49,626 INFO:Total games: 9240
2023-07-01 02:13:49,194 INFO:Total games: 9250
2023-07-01 02:15:45,994 INFO:Total games: 9260
2023-07-01 02:17:44,615 INFO:Total games: 9270
2023-07-01 02:19:43,462 INFO:Total games: 9280
2023-07-01 02:21:39,877 INFO:Total games: 9290
2023-07-01 02:23:37,086 INFO:Total games: 9300
2023-07-01 02:25:23,549 INFO:Total games: 9310
2023-07-01 02:27:16,690 INFO:Total games: 9320
2023-07-01 02:29:11,653 INFO:Total games: 9330
2023-07-01 02:31:08,760 INFO:Total games: 9340
2023-07-01 02:33:06,421 INFO:Total games: 9350
2023-07-01 02:34:59,707 INFO:Total games: 9360
2023-07-01 02:37:15,525 INFO:Total games: 9370
2023-07-01 02:39:08,979 INFO:Total games: 9380
2023-07-01 02:41:06,771 INFO:Total games: 9390
2023-07-01 02:43:04,924 INFO:Total games: 9400
2023-07-01 02:45:00,302 INFO:Total games: 9410
2023-07-01 02:46:48,793 INFO:Total games: 9420
2023-07-01 02:48:42,444 INFO:Total games: 9430
2023-07-01 02:50:42,674 INFO:Total games: 9440
2023-07-01 02:52:39,433 INFO:Total games: 9450
2023-07-01 02:54:35,962 INFO:Total games: 9460
2023-07-01 02:56:30,052 INFO:Total games: 9470
2023-07-01 02:58:24,904 INFO:Total games: 9480
2023-07-01 03:00:21,737 INFO:Total games: 9490
2023-07-01 03:02:19,635 INFO:Total games: 9500
2023-07-01 03:04:16,368 INFO:Total games: 9510
2023-07-01 03:06:14,676 INFO:Total games: 9520
2023-07-01 03:08:30,983 INFO:Total games: 9530
2023-07-01 03:10:31,618 INFO:Total games: 9540
2023-07-01 03:12:28,903 INFO:Total games: 9550
2023-07-01 03:14:29,084 INFO:Total games: 9560
2023-07-01 03:16:27,271 INFO:Total games: 9570
2023-07-01 03:18:25,788 INFO:Total games: 9580
2023-07-01 03:20:18,752 INFO:Total games: 9590
2023-07-01 03:22:14,838 INFO:Total games: 9600
2023-07-01 03:24:14,304 INFO:Total games: 9610
2023-07-01 03:26:10,824 INFO:Total games: 9620
2023-07-01 03:28:03,879 INFO:Total games: 9630
2023-07-01 03:29:57,334 INFO:Total games: 9640
2023-07-01 03:31:55,203 INFO:Total games: 9650
2023-07-01 03:33:49,736 INFO:Total games: 9660
2023-07-01 03:35:45,592 INFO:Total games: 9670
2023-07-01 03:37:40,464 INFO:Total games: 9680
2023-07-01 03:39:35,276 INFO:Total games: 9690
2023-07-01 03:41:27,830 INFO:Total games: 9700
2023-07-01 03:43:52,048 INFO:Total games: 9710
2023-07-01 03:45:50,464 INFO:Total games: 9720
2023-07-01 03:47:50,083 INFO:Total games: 9730
2023-07-01 03:49:41,869 INFO:Total games: 9740
2023-07-01 03:51:42,019 INFO:Total games: 9750
2023-07-01 03:53:41,104 INFO:Total games: 9760
2023-07-01 03:55:39,668 INFO:Total games: 9770
2023-07-01 03:57:40,467 INFO:Total games: 9780
2023-07-01 03:59:41,365 INFO:Total games: 9790
2023-07-01 04:01:40,676 INFO:Total games: 9800
2023-07-01 04:03:39,438 INFO:Total games: 9810
2023-07-01 04:05:31,910 INFO:Total games: 9820
2023-07-01 04:07:30,533 INFO:Total games: 9830
2023-07-01 04:09:25,083 INFO:Total games: 9840
2023-07-01 04:11:14,152 INFO:Total games: 9850
2023-07-01 04:13:07,732 INFO:Total games: 9860
2023-07-01 04:15:05,167 INFO:Total games: 9870
2023-07-01 04:17:28,423 INFO:Total games: 9880
2023-07-01 04:19:25,763 INFO:Total games: 9890
2023-07-01 04:21:24,972 INFO:Total games: 9900
2023-07-01 04:23:23,058 INFO:Total games: 9910
2023-07-01 04:25:16,896 INFO:Total games: 9920
2023-07-01 04:27:16,279 INFO:Total games: 9930
2023-07-01 04:29:16,226 INFO:Total games: 9940
2023-07-01 04:31:13,792 INFO:Total games: 9950
2023-07-01 04:33:05,540 INFO:Total games: 9960
2023-07-01 04:35:03,988 INFO:Total games: 9970
2023-07-01 04:37:01,286 INFO:Total games: 9980
2023-07-01 04:38:58,888 INFO:Total games: 9990
2023-07-01 04:40:54,034 INFO:Total games: 10000
2023-07-01 04:42:52,160 INFO:Total games: 10010
2023-07-01 04:44:51,162 INFO:Total games: 10020
2023-07-01 04:46:47,825 INFO:Total games: 10030
2023-07-01 04:48:45,707 INFO:Total games: 10040
2023-07-01 04:50:43,578 INFO:Total games: 10050
2023-07-01 04:52:56,941 INFO:Total games: 10060
2023-07-01 04:54:50,099 INFO:Total games: 10070
2023-07-01 04:56:49,059 INFO:Total games: 10080
2023-07-01 04:58:48,246 INFO:Total games: 10090
2023-07-01 05:00:47,203 INFO:Total games: 10100
2023-07-01 05:02:43,339 INFO:Total games: 10110
2023-07-01 05:04:42,707 INFO:Total games: 10120
2023-07-01 05:06:42,704 INFO:Total games: 10130
2023-07-01 05:08:40,426 INFO:Total games: 10140
2023-07-01 05:10:38,143 INFO:Total games: 10150
2023-07-01 05:12:34,026 INFO:Total games: 10160
2023-07-01 05:14:25,475 INFO:Total games: 10170
2023-07-01 05:16:13,994 INFO:Total games: 10180
2023-07-01 05:18:12,644 INFO:Total games: 10190
2023-07-01 05:20:10,091 INFO:Total games: 10200
2023-07-01 05:22:08,185 INFO:Total games: 10210
2023-07-01 05:24:05,331 INFO:Total games: 10220
2023-07-01 05:26:00,398 INFO:Total games: 10230
2023-07-01 05:28:18,322 INFO:Total games: 10240
2023-07-01 05:30:13,967 INFO:Total games: 10250
2023-07-01 05:32:10,859 INFO:Total games: 10260
2023-07-01 05:34:10,240 INFO:Total games: 10270
2023-07-01 05:36:03,603 INFO:Total games: 10280
2023-07-01 05:37:59,496 INFO:Total games: 10290
2023-07-01 05:39:56,524 INFO:Total games: 10300
2023-07-01 05:41:55,789 INFO:Total games: 10310
2023-07-01 05:43:53,490 INFO:Total games: 10320
2023-07-01 05:45:54,137 INFO:Total games: 10330
2023-07-01 05:47:53,517 INFO:Total games: 10340
2023-07-01 05:49:51,329 INFO:Total games: 10350
2023-07-01 05:51:48,713 INFO:Total games: 10360
2023-07-01 05:53:42,650 INFO:Total games: 10370
2023-07-01 05:55:35,153 INFO:Total games: 10380
2023-07-01 05:57:25,970 INFO:Total games: 10390
2023-07-01 05:59:24,080 INFO:Total games: 10400
2023-07-01 06:01:21,699 INFO:Total games: 10410
2023-07-01 06:03:48,440 INFO:Total games: 10420
2023-07-01 06:05:42,860 INFO:Total games: 10430
2023-07-01 06:07:40,826 INFO:Total games: 10440
2023-07-01 06:09:39,111 INFO:Total games: 10450
2023-07-01 06:11:36,776 INFO:Total games: 10460
2023-07-01 06:13:34,864 INFO:Total games: 10470
2023-07-01 06:15:30,063 INFO:Total games: 10480
2023-07-01 06:17:22,855 INFO:Total games: 10490
2023-07-01 06:19:20,824 INFO:Total games: 10500
2023-07-01 06:21:19,713 INFO:Total games: 10510
2023-07-01 06:23:17,899 INFO:Total games: 10520
2023-07-01 06:25:13,847 INFO:Total games: 10530
2023-07-01 06:27:12,378 INFO:Total games: 10540
2023-07-01 06:29:09,701 INFO:Total games: 10550
2023-07-01 06:31:09,745 INFO:Total games: 10560
2023-07-01 06:33:06,258 INFO:Total games: 10570
2023-07-01 06:35:02,598 INFO:Total games: 10580
2023-07-01 06:36:50,544 INFO:Total games: 10590
2023-07-01 06:38:40,388 INFO:Total games: 10600
2023-07-01 06:41:05,375 INFO:Total games: 10610
2023-07-01 06:43:03,101 INFO:Total games: 10620
2023-07-01 06:45:03,033 INFO:Total games: 10630
2023-07-01 06:46:56,774 INFO:Total games: 10640
2023-07-01 06:48:54,364 INFO:Total games: 10650
2023-07-01 06:50:51,370 INFO:Total games: 10660
2023-07-01 06:52:44,637 INFO:Total games: 10670
2023-07-01 06:54:42,136 INFO:Total games: 10680
2023-07-01 06:56:38,275 INFO:Total games: 10690
2023-07-01 06:58:32,744 INFO:Total games: 10700
2023-07-01 07:00:26,894 INFO:Total games: 10710
2023-07-01 07:02:24,535 INFO:Total games: 10720
2023-07-01 07:04:23,136 INFO:Total games: 10730
2023-07-01 07:06:17,487 INFO:Total games: 10740
2023-07-01 07:08:11,643 INFO:Total games: 10750
2023-07-01 07:10:08,135 INFO:Total games: 10760
2023-07-01 07:12:03,653 INFO:Total games: 10770
2023-07-01 07:14:01,409 INFO:Total games: 10780
2023-07-01 07:15:59,019 INFO:Total games: 10790
2023-07-01 07:18:23,214 INFO:Total games: 10800
2023-07-01 07:20:14,208 INFO:Total games: 10810
2023-07-01 07:22:07,510 INFO:Total games: 10820
2023-07-01 07:24:07,666 INFO:Total games: 10830
2023-07-01 07:26:03,774 INFO:Total games: 10840
2023-07-01 07:28:01,099 INFO:Total games: 10850
2023-07-01 07:29:59,556 INFO:Total games: 10860
2023-07-01 07:31:59,603 INFO:Total games: 10870
2023-07-01 07:33:57,430 INFO:Total games: 10880
2023-07-01 07:35:57,197 INFO:Total games: 10890
2023-07-01 07:37:57,310 INFO:Total games: 10900
2023-07-01 07:39:56,132 INFO:Total games: 10910
2023-07-01 07:41:47,559 INFO:Total games: 10920
2023-07-01 07:43:42,241 INFO:Total games: 10930
2023-07-01 07:45:38,517 INFO:Total games: 10940
2023-07-01 07:47:33,719 INFO:Total games: 10950
2023-07-01 07:49:32,187 INFO:Total games: 10960
2023-07-01 07:51:27,340 INFO:Total games: 10970
2023-07-01 07:53:23,234 INFO:Total games: 10980
2023-07-01 07:55:21,489 INFO:Total games: 10990
2023-07-01 07:57:49,630 INFO:Total games: 11000
2023-07-01 07:59:46,232 INFO:Total games: 11010
2023-07-01 08:01:38,627 INFO:Total games: 11020
2023-07-01 08:03:33,944 INFO:Total games: 11030
2023-07-01 08:05:29,314 INFO:Total games: 11040
2023-07-01 08:07:27,626 INFO:Total games: 11050
2023-07-01 08:09:26,771 INFO:Total games: 11060
2023-07-01 08:11:19,556 INFO:Total games: 11070
2023-07-01 08:13:16,069 INFO:Total games: 11080
2023-07-01 08:15:15,121 INFO:Total games: 11090
2023-07-01 08:17:14,412 INFO:Total games: 11100
2023-07-01 08:19:11,042 INFO:Total games: 11110
2023-07-01 08:21:06,045 INFO:Total games: 11120
2023-07-01 08:22:58,224 INFO:Total games: 11130
2023-07-01 08:24:54,359 INFO:Total games: 11140
2023-07-01 08:26:50,893 INFO:Total games: 11150
2023-07-01 08:28:44,461 INFO:Total games: 11160
2023-07-01 08:30:42,559 INFO:Total games: 11170
2023-07-01 08:32:40,984 INFO:Total games: 11180
2023-07-01 08:34:39,181 INFO:Total games: 11190
2023-07-01 08:37:11,758 INFO:Total games: 11200
2023-07-01 08:39:09,883 INFO:Total games: 11210
2023-07-01 08:41:08,881 INFO:Total games: 11220
2023-07-01 08:43:03,907 INFO:Total games: 11230
2023-07-01 08:44:53,554 INFO:Total games: 11240
2023-07-01 08:46:48,187 INFO:Total games: 11250
2023-07-01 08:48:43,805 INFO:Total games: 11260
2023-07-01 08:50:40,914 INFO:Total games: 11270
2023-07-01 08:52:40,511 INFO:Total games: 11280
2023-07-01 08:54:35,765 INFO:Total games: 11290
2023-07-01 08:56:35,334 INFO:Total games: 11300
2023-07-01 08:58:34,160 INFO:Total games: 11310
2023-07-01 09:00:32,742 INFO:Total games: 11320
2023-07-01 09:02:31,198 INFO:Total games: 11330
2023-07-01 09:04:28,334 INFO:Total games: 11340
2023-07-01 09:06:19,277 INFO:Total games: 11350
2023-07-01 09:08:14,990 INFO:Total games: 11360
2023-07-01 09:10:10,107 INFO:Total games: 11370
2023-07-01 09:12:06,636 INFO:Total games: 11380
2023-07-01 09:14:02,814 INFO:Total games: 11390
2023-07-01 09:16:32,433 INFO:Total games: 11400
2023-07-01 09:18:30,157 INFO:Total games: 11410
2023-07-01 09:20:23,478 INFO:Total games: 11420
2023-07-01 09:22:20,258 INFO:Total games: 11430
2023-07-01 09:24:18,452 INFO:Total games: 11440
2023-07-01 09:26:10,213 INFO:Total games: 11450
2023-07-01 09:28:03,011 INFO:Total games: 11460
2023-07-01 09:29:56,932 INFO:Total games: 11470
2023-07-01 09:31:54,359 INFO:Total games: 11480
2023-07-01 09:33:51,816 INFO:Total games: 11490
2023-07-01 09:35:50,873 INFO:Total games: 11500
2023-07-01 09:37:49,306 INFO:Total games: 11510
2023-07-01 09:39:47,379 INFO:Total games: 11520
2023-07-01 09:41:44,334 INFO:Total games: 11530
2023-07-01 09:43:41,921 INFO:Total games: 11540
2023-07-01 09:45:40,598 INFO:Total games: 11550
2023-07-01 09:47:31,593 INFO:Total games: 11560
2023-07-01 09:49:22,643 INFO:Total games: 11570
2023-07-01 09:51:19,631 INFO:Total games: 11580
2023-07-01 09:53:15,503 INFO:Total games: 11590
2023-07-01 09:55:07,564 INFO:Total games: 11600
2023-07-01 09:57:35,397 INFO:Total games: 11610
2023-07-01 09:59:34,130 INFO:Total games: 11620
2023-07-01 10:01:33,151 INFO:Total games: 11630
2023-07-01 10:03:32,796 INFO:Total games: 11640
2023-07-01 10:05:27,137 INFO:Total games: 11650
2023-07-01 10:07:23,793 INFO:Total games: 11660
2023-07-01 10:09:13,641 INFO:Total games: 11670
2023-07-01 10:11:07,380 INFO:Total games: 11680
2023-07-01 10:13:05,916 INFO:Total games: 11690
2023-07-01 10:15:04,496 INFO:Total games: 11700
2023-07-01 10:17:01,537 INFO:Total games: 11710
2023-07-01 10:18:59,432 INFO:Total games: 11720
2023-07-01 10:20:55,681 INFO:Total games: 11730
2023-07-01 10:22:54,316 INFO:Total games: 11740
2023-07-01 10:24:49,975 INFO:Total games: 11750
2023-07-01 10:26:49,390 INFO:Total games: 11760
2023-07-01 10:28:41,754 INFO:Total games: 11770
2023-07-01 10:30:35,764 INFO:Total games: 11780
2023-07-01 10:32:29,319 INFO:Total games: 11790
2023-07-01 10:34:27,181 INFO:Total games: 11800
2023-07-01 10:36:25,045 INFO:Total games: 11810
2023-07-01 10:38:51,810 INFO:Total games: 11820
2023-07-01 10:40:44,426 INFO:Total games: 11830
2023-07-01 10:42:43,798 INFO:Total games: 11840
2023-07-01 10:44:38,635 INFO:Total games: 11850
2023-07-01 10:46:35,013 INFO:Total games: 11860
2023-07-01 10:48:32,314 INFO:Total games: 11870
2023-07-01 10:50:19,815 INFO:Total games: 11880
2023-07-01 10:52:10,105 INFO:Total games: 11890
2023-07-01 10:54:07,428 INFO:Total games: 11900
2023-07-01 10:56:05,491 INFO:Total games: 11910
2023-07-01 10:58:05,456 INFO:Total games: 11920
2023-07-01 11:00:00,567 INFO:Total games: 11930
2023-07-01 11:01:56,752 INFO:Total games: 11940
2023-07-01 11:03:56,593 INFO:Total games: 11950
2023-07-01 11:05:54,682 INFO:Total games: 11960
2023-07-01 11:07:53,367 INFO:Total games: 11970
2023-07-01 11:09:51,332 INFO:Total games: 11980
2023-07-01 11:11:45,891 INFO:Total games: 11990
2023-07-01 11:13:42,181 INFO:Total games: 12000
2023-07-01 11:15:40,606 INFO:Total games: 12010
2023-07-01 11:17:38,980 INFO:Total games: 12020
2023-07-01 11:19:37,733 INFO:Total games: 12030
2023-07-01 11:22:08,483 INFO:Total games: 12040
2023-07-01 11:24:07,723 INFO:Total games: 12050
2023-07-01 11:26:07,146 INFO:Total games: 12060
2023-07-01 11:28:06,643 INFO:Total games: 12070
2023-07-01 11:30:00,192 INFO:Total games: 12080
2023-07-01 11:31:53,419 INFO:Total games: 12090
2023-07-01 11:33:45,442 INFO:Total games: 12100
2023-07-01 11:35:42,397 INFO:Total games: 12110
2023-07-01 11:37:40,837 INFO:Total games: 12120
2023-07-01 11:39:40,408 INFO:Total games: 12130
2023-07-01 11:41:37,663 INFO:Total games: 12140
2023-07-01 11:43:34,871 INFO:Total games: 12150
2023-07-01 11:45:28,976 INFO:Total games: 12160
2023-07-01 11:47:28,177 INFO:Total games: 12170
2023-07-01 11:49:27,709 INFO:Total games: 12180
2023-07-01 11:51:21,596 INFO:Total games: 12190
2023-07-01 11:53:13,360 INFO:Total games: 12200
2023-07-01 11:55:04,948 INFO:Total games: 12210
2023-07-01 11:57:05,494 INFO:Total games: 12220
2023-07-01 11:59:03,390 INFO:Total games: 12230
2023-07-01 12:01:01,088 INFO:Total games: 12240
2023-07-01 12:03:31,085 INFO:Total games: 12250
2023-07-01 12:05:25,840 INFO:Total games: 12260
2023-07-01 12:07:21,930 INFO:Total games: 12270
2023-07-01 12:09:22,074 INFO:Total games: 12280
2023-07-01 12:11:19,694 INFO:Total games: 12290
2023-07-01 12:13:18,786 INFO:Total games: 12300
2023-07-01 12:15:13,020 INFO:Total games: 12310
2023-07-01 12:17:08,904 INFO:Total games: 12320
2023-07-01 12:19:06,908 INFO:Total games: 12330
2023-07-01 12:21:05,455 INFO:Total games: 12340
2023-07-01 12:23:06,200 INFO:Total games: 12350
2023-07-01 12:25:04,093 INFO:Total games: 12360
2023-07-01 12:27:01,805 INFO:Total games: 12370
2023-07-01 12:29:00,671 INFO:Total games: 12380
2023-07-01 12:31:00,048 INFO:Total games: 12390
2023-07-01 12:32:55,728 INFO:Total games: 12400
2023-07-01 12:34:54,576 INFO:Total games: 12410
2023-07-01 12:36:47,305 INFO:Total games: 12420
2023-07-01 12:38:40,723 INFO:Total games: 12430
2023-07-01 12:40:36,781 INFO:Total games: 12440
2023-07-01 12:42:35,107 INFO:Total games: 12450
2023-07-01 12:44:31,668 INFO:Total games: 12460
2023-07-01 12:46:30,803 INFO:Total games: 12470
2023-07-01 12:49:04,088 INFO:Total games: 12480
2023-07-01 12:51:01,880 INFO:Total games: 12490
2023-07-01 12:52:56,499 INFO:Total games: 12500
2023-07-01 12:54:51,346 INFO:Total games: 12510
2023-07-01 12:56:44,521 INFO:Total games: 12520
2023-07-01 12:58:41,637 INFO:Total games: 12530
2023-07-01 13:00:41,664 INFO:Total games: 12540
2023-07-01 13:02:38,133 INFO:Total games: 12550
2023-07-01 13:04:35,964 INFO:Total games: 12560
2023-07-01 13:06:36,132 INFO:Total games: 12570
2023-07-01 13:08:35,585 INFO:Total games: 12580
2023-07-01 13:10:35,535 INFO:Total games: 12590
2023-07-01 13:12:35,496 INFO:Total games: 12600
2023-07-01 13:14:33,375 INFO:Total games: 12610
2023-07-01 13:16:29,779 INFO:Total games: 12620
2023-07-01 13:18:23,404 INFO:Total games: 12630
2023-07-01 13:20:13,939 INFO:Total games: 12640
2023-07-01 13:22:02,072 INFO:Total games: 12650
2023-07-01 13:24:00,464 INFO:Total games: 12660
2023-07-01 13:25:53,152 INFO:Total games: 12670
2023-07-01 13:27:47,447 INFO:Total games: 12680
2023-07-01 13:29:39,370 INFO:Total games: 12690
2023-07-01 13:32:14,205 INFO:Total games: 12700
2023-07-01 13:34:12,081 INFO:Total games: 12710
2023-07-01 13:36:08,389 INFO:Total games: 12720
2023-07-01 13:38:02,394 INFO:Total games: 12730
2023-07-01 13:39:55,658 INFO:Total games: 12740
2023-07-01 13:41:45,616 INFO:Total games: 12750
2023-07-01 13:43:45,309 INFO:Total games: 12760
2023-07-01 13:45:40,722 INFO:Total games: 12770
2023-07-01 13:47:39,740 INFO:Total games: 12780
2023-07-01 13:49:36,143 INFO:Total games: 12790
2023-07-01 13:51:34,852 INFO:Total games: 12800
2023-07-01 13:53:34,654 INFO:Total games: 12810
2023-07-01 13:55:27,954 INFO:Total games: 12820
2023-07-01 13:57:20,031 INFO:Total games: 12830
2023-07-01 13:59:16,973 INFO:Total games: 12840
2023-07-01 14:01:06,644 INFO:Total games: 12850
2023-07-01 14:03:04,294 INFO:Total games: 12860
2023-07-01 14:05:03,166 INFO:Total games: 12870
2023-07-01 14:07:01,989 INFO:Total games: 12880
2023-07-01 14:09:01,613 INFO:Total games: 12890
2023-07-01 14:10:57,193 INFO:Total games: 12900
2023-07-01 14:12:53,652 INFO:Total games: 12910
2023-07-01 14:14:53,021 INFO:Total games: 12920
2023-07-01 14:16:51,803 INFO:Total games: 12930
2023-07-01 14:19:27,402 INFO:Total games: 12940
2023-07-01 14:21:19,459 INFO:Total games: 12950
2023-07-01 14:23:10,475 INFO:Total games: 12960
2023-07-01 14:25:02,696 INFO:Total games: 12970
2023-07-01 14:27:01,433 INFO:Total games: 12980
2023-07-01 14:28:58,333 INFO:Total games: 12990
2023-07-01 14:30:55,375 INFO:Total games: 13000
2023-07-01 14:32:50,410 INFO:Total games: 13010
2023-07-01 14:34:50,101 INFO:Total games: 13020
2023-07-01 14:36:49,622 INFO:Total games: 13030
2023-07-01 14:38:49,445 INFO:Total games: 13040
2023-07-01 14:40:49,497 INFO:Total games: 13050
2023-07-01 14:42:39,179 INFO:Total games: 13060
2023-07-01 14:44:34,863 INFO:Total games: 13070
2023-07-01 14:46:32,781 INFO:Total games: 13080
2023-07-01 14:48:31,943 INFO:Total games: 13090
2023-07-01 14:50:32,142 INFO:Total games: 13100
2023-07-01 14:52:30,534 INFO:Total games: 13110
2023-07-01 14:54:27,622 INFO:Total games: 13120
2023-07-01 14:56:25,479 INFO:Total games: 13130
2023-07-01 14:58:22,318 INFO:Total games: 13140
2023-07-01 15:00:18,399 INFO:Total games: 13150
2023-07-01 15:02:14,579 INFO:Total games: 13160
2023-07-01 15:04:39,559 INFO:Total games: 13170
2023-07-01 15:06:36,123 INFO:Total games: 13180
2023-07-01 15:08:33,534 INFO:Total games: 13190
2023-07-01 15:10:31,264 INFO:Total games: 13200
2023-07-01 15:12:27,612 INFO:Total games: 13210
2023-07-01 15:14:24,991 INFO:Total games: 13220
2023-07-01 15:16:23,863 INFO:Total games: 13230
2023-07-01 15:18:23,312 INFO:Total games: 13240
2023-07-01 15:20:23,165 INFO:Total games: 13250
2023-07-01 15:22:22,632 INFO:Total games: 13260
2023-07-01 15:24:17,377 INFO:Total games: 13270
2023-07-01 15:26:14,925 INFO:Total games: 13280
2023-07-01 15:28:12,906 INFO:Total games: 13290
2023-07-01 15:30:12,246 INFO:Total games: 13300
2023-07-01 15:32:09,771 INFO:Total games: 13310
2023-07-01 15:34:08,599 INFO:Total games: 13320
2023-07-01 15:36:08,534 INFO:Total games: 13330
2023-07-01 15:38:07,927 INFO:Total games: 13340
2023-07-01 15:40:01,655 INFO:Total games: 13350
2023-07-01 15:42:00,058 INFO:Total games: 13360
2023-07-01 15:43:55,955 INFO:Total games: 13370
2023-07-01 15:45:44,739 INFO:Total games: 13380
2023-07-01 15:47:35,580 INFO:Total games: 13390
2023-07-01 15:49:30,150 INFO:Total games: 13400
2023-07-01 15:52:05,951 INFO:Total games: 13410
2023-07-01 15:54:04,137 INFO:Total games: 13420
2023-07-01 15:56:04,287 INFO:Total games: 13430
2023-07-01 15:58:04,950 INFO:Total games: 13440
2023-07-01 16:00:01,557 INFO:Total games: 13450
2023-07-01 16:01:57,147 INFO:Total games: 13460
2023-07-01 16:03:57,168 INFO:Total games: 13470
2023-07-01 16:05:56,829 INFO:Total games: 13480
2023-07-01 16:07:49,500 INFO:Total games: 13490
2023-07-01 16:09:48,354 INFO:Total games: 13500
2023-07-01 16:11:47,875 INFO:Total games: 13510
2023-07-01 16:13:47,619 INFO:Total games: 13520
2023-07-01 16:15:44,703 INFO:Total games: 13530
2023-07-01 16:17:43,030 INFO:Total games: 13540
2023-07-01 16:19:40,471 INFO:Total games: 13550
2023-07-01 16:21:40,122 INFO:Total games: 13560
2023-07-01 16:23:38,138 INFO:Total games: 13570
2023-07-01 16:25:36,865 INFO:Total games: 13580
2023-07-01 16:27:26,770 INFO:Total games: 13590
2023-07-01 16:29:19,053 INFO:Total games: 13600
2023-07-01 16:31:14,795 INFO:Total games: 13610
2023-07-01 16:33:14,072 INFO:Total games: 13620
2023-07-01 16:35:12,369 INFO:Total games: 13630
2023-07-01 16:37:10,491 INFO:Total games: 13640
2023-07-01 16:39:03,429 INFO:Total games: 13650
2023-07-01 16:41:40,295 INFO:Total games: 13660
2023-07-01 16:43:38,999 INFO:Total games: 13670
2023-07-01 16:45:36,902 INFO:Total games: 13680
2023-07-01 16:47:33,779 INFO:Total games: 13690
2023-07-01 16:49:27,476 INFO:Total games: 13700
2023-07-01 16:51:21,921 INFO:Total games: 13710
2023-07-01 16:53:20,270 INFO:Total games: 13720
2023-07-01 16:55:18,244 INFO:Total games: 13730
2023-07-01 16:57:12,506 INFO:Total games: 13740
2023-07-01 16:59:12,075 INFO:Total games: 13750
2023-07-01 17:01:09,909 INFO:Total games: 13760
2023-07-01 17:03:09,034 INFO:Total games: 13770
2023-07-01 17:05:08,914 INFO:Total games: 13780
2023-07-01 17:07:08,332 INFO:Total games: 13790
2023-07-01 17:09:07,127 INFO:Total games: 13800
2023-07-01 17:10:59,676 INFO:Total games: 13810
2023-07-01 17:13:00,224 INFO:Total games: 13820
2023-07-01 17:15:00,177 INFO:Total games: 13830
2023-07-01 17:16:47,358 INFO:Ending
2023-07-01 17:16:47,359 INFO:Duration: 19 hours, 9 minutes, 25 seconds
2023-08-17 02:17:52,097 INFO:Starting
2023-08-17 02:47:09,188 INFO:Starting
2023-08-17 02:47:09,194 WARNING:SavedModel saved prior to TF 2.5 detected when loading Keras model. Please ensure that you are saving the model with model.save() or tf.keras.models.save_model(), *NOT* tf.saved_model.save(). To confirm, there should be a file named "keras_metadata.pb" in the SavedModel directory.
2023-08-17 02:50:12,368 INFO:Starting
2023-08-17 02:50:12,374 WARNING:SavedModel saved prior to TF 2.5 detected when loading Keras model. Please ensure that you are saving the model with model.save() or tf.keras.models.save_model(), *NOT* tf.saved_model.save(). To confirm, there should be a file named "keras_metadata.pb" in the SavedModel directory.
2023-08-17 15:59:08,583 INFO:Starting
2023-08-17 16:00:02,456 INFO:Total games: 10
2023-08-17 16:07:17,901 INFO:Starting
2023-08-17 16:08:26,993 INFO:Total games: 10
2023-08-17 16:23:08,876 INFO:Starting
2023-08-17 16:24:23,802 INFO:Total games: 10
2023-08-17 16:27:32,435 INFO:Starting
2023-08-17 16:28:52,081 INFO:Starting
2023-08-17 16:30:04,570 INFO:Total games: 10
2023-08-17 16:31:57,608 INFO:Starting
2023-08-17 16:33:11,496 INFO:Total games: 10
2023-08-17 16:41:17,893 INFO:Starting
2023-08-17 16:42:20,611 INFO:Total games: 10
2023-08-17 16:43:07,675 INFO:Starting
2023-08-17 16:44:03,374 INFO:Total games: 10
2023-08-17 16:45:22,235 INFO:Starting
2023-08-17 16:46:48,242 INFO:Total games: 10
2023-08-17 16:47:39,153 INFO:Starting
2023-08-17 16:49:03,649 INFO:Total games: 10
2023-08-17 16:49:24,867 INFO:Starting
2023-08-17 16:50:46,890 INFO:Total games: 10
2023-08-17 16:51:11,818 INFO:Starting
2023-08-17 16:52:30,488 INFO:Total games: 10
2023-08-20 17:49:42,460 INFO:Starting
2023-08-20 17:51:34,419 INFO:Total games: 10
2023-08-20 17:53:22,325 INFO:Total games: 20
2023-08-20 17:55:18,667 INFO:Total games: 30
2023-08-20 17:57:05,306 INFO:Total games: 40
2023-08-20 17:57:30,289 INFO:Ending
2023-08-20 17:57:30,289 INFO:Duration: 0 hours, 7 minutes, 47 seconds
2023-08-20 17:58:47,715 INFO:Starting
2023-08-20 17:59:08,532 INFO:Ending
2023-08-20 17:59:08,532 INFO:Duration: 0 hours, 0 minutes, 20 seconds
2023-08-20 17:59:38,449 INFO:Starting
2023-08-20 18:01:21,061 INFO:Total games: 10
2023-08-20 18:03:26,944 INFO:Total games: 20
2023-08-20 18:03:43,632 INFO:Ending
2023-08-20 18:03:43,632 INFO:Duration: 0 hours, 4 minutes, 5 seconds
2023-08-20 18:05:26,712 INFO:Starting
2023-08-20 18:05:50,034 INFO:Ending
2023-08-20 18:05:50,034 INFO:Duration: 0 hours, 0 minutes, 23 seconds
2023-08-22 03:39:43,363 INFO:Starting
2023-08-22 03:39:54,563 INFO:Total games: 10
2023-08-22 03:40:06,457 INFO:Total games: 20
2023-08-22 03:40:19,520 INFO:Total games: 30
2023-08-22 03:40:39,640 INFO:Total games: 40
2023-08-22 03:40:52,948 INFO:Total games: 50
2023-08-22 03:41:03,540 INFO:Total games: 60
2023-08-22 03:41:21,007 INFO:Total games: 70
2023-08-22 03:41:32,450 INFO:Total games: 80
2023-08-22 03:41:44,376 INFO:Total games: 90
2023-08-22 03:41:54,877 INFO:Total games: 100
2023-08-22 03:42:07,089 INFO:Total games: 110
2023-08-22 03:42:15,978 INFO:Total games: 120
2023-08-22 03:42:30,104 INFO:Total games: 130
2023-08-22 03:42:41,268 INFO:Total games: 140
2023-08-22 03:42:52,118 INFO:Total games: 150
2023-08-22 03:43:03,556 INFO:Total games: 160
2023-08-22 03:43:13,690 INFO:Total games: 170
2023-08-22 03:43:24,733 INFO:Total games: 180
2023-08-22 03:43:36,359 INFO:Total games: 190
2023-08-22 03:43:48,432 INFO:Total games: 200
2023-08-22 03:44:00,803 INFO:Total games: 210
2023-08-22 03:44:11,306 INFO:Total games: 220
2023-08-22 03:44:22,786 INFO:Total games: 230
2023-08-22 03:44:34,310 INFO:Total games: 240
2023-08-22 03:44:44,624 INFO:Total games: 250
2023-08-22 03:44:55,567 INFO:Total games: 260
2023-08-22 03:45:03,047 INFO:Total games: 270
2023-08-22 03:45:14,476 INFO:Total games: 280
2023-08-22 03:45:29,137 INFO:Total games: 290
2023-08-22 03:45:37,506 INFO:Total games: 300
2023-08-22 03:45:45,968 INFO:Total games: 310
2023-08-22 03:45:59,916 INFO:Total games: 320
2023-08-22 03:46:10,013 INFO:Total games: 330
2023-08-22 03:46:23,062 INFO:Total games: 340
2023-08-22 03:46:33,466 INFO:Total games: 350
2023-08-22 03:46:45,474 INFO:Total games: 360
2023-08-22 03:46:55,822 INFO:Total games: 370
2023-08-22 03:47:06,308 INFO:Total games: 380
2023-08-22 03:47:18,372 INFO:Total games: 390
2023-08-22 03:47:31,433 INFO:Total games: 400
2023-08-22 03:47:43,131 INFO:Total games: 410
2023-08-22 03:47:57,500 INFO:Total games: 420
2023-08-22 03:48:08,537 INFO:Total games: 430
2023-08-22 03:48:19,729 INFO:Total games: 440
2023-08-22 03:48:30,435 INFO:Total games: 450
2023-08-22 03:48:42,633 INFO:Total games: 460
2023-08-22 03:48:57,239 INFO:Total games: 470
2023-08-22 03:49:09,598 INFO:Total games: 480
2023-08-22 03:49:19,617 INFO:Total games: 490
2023-08-22 03:49:32,796 INFO:Total games: 500
2023-08-22 03:49:45,441 INFO:Total games: 510
2023-08-22 03:50:00,075 INFO:Total games: 520
2023-08-22 03:50:12,558 INFO:Total games: 530
2023-08-22 03:50:24,480 INFO:Total games: 540
2023-08-22 03:50:36,113 INFO:Total games: 550
2023-08-22 03:50:48,804 INFO:Total games: 560
2023-08-22 03:51:02,858 INFO:Total games: 570
2023-08-22 03:51:15,649 INFO:Total games: 580
2023-08-22 03:51:25,557 INFO:Total games: 590
2023-08-22 03:51:36,134 INFO:Total games: 600
2023-08-22 03:51:52,195 INFO:Total games: 610
2023-08-22 03:52:05,477 INFO:Total games: 620
2023-08-22 03:52:16,551 INFO:Total games: 630
2023-08-22 03:52:30,283 INFO:Total games: 640
2023-08-22 03:52:44,493 INFO:Total games: 650
2023-08-22 03:52:57,822 INFO:Total games: 660
2023-08-22 03:53:11,500 INFO:Total games: 670
2023-08-22 03:53:25,775 INFO:Total games: 680
2023-08-22 03:53:38,413 INFO:Total games: 690
2023-08-22 03:53:52,145 INFO:Total games: 700
2023-08-22 03:54:02,681 INFO:Total games: 710
2023-08-22 03:54:12,771 INFO:Total games: 720
2023-08-22 03:54:26,675 INFO:Total games: 730
2023-08-22 03:54:37,244 INFO:Total games: 740
2023-08-22 03:54:50,713 INFO:Total games: 750
2023-08-22 03:55:03,790 INFO:Total games: 760
2023-08-22 03:55:14,326 INFO:Total games: 770
2023-08-22 03:55:23,086 INFO:Total games: 780
2023-08-22 03:55:32,041 INFO:Total games: 790
2023-08-22 03:55:45,712 INFO:Total games: 800
2023-08-22 03:55:57,352 INFO:Total games: 810
2023-08-22 03:56:08,087 INFO:Total games: 820
2023-08-22 03:56:20,117 INFO:Total games: 830
2023-08-22 03:56:32,873 INFO:Total games: 840
2023-08-22 03:56:45,362 INFO:Total games: 850
2023-08-22 03:56:57,243 INFO:Total games: 860
2023-08-22 03:57:09,175 INFO:Total games: 870
2023-08-22 03:57:18,746 INFO:Total games: 880
2023-08-22 03:57:31,586 INFO:Total games: 890
2023-08-22 03:57:41,504 INFO:Total games: 900
2023-08-22 03:57:54,484 INFO:Total games: 910
2023-08-22 03:58:06,783 INFO:Total games: 920
2023-08-22 03:58:19,704 INFO:Total games: 930
2023-08-22 03:58:28,923 INFO:Total games: 940
2023-08-22 03:58:40,749 INFO:Total games: 950
2023-08-22 03:58:51,597 INFO:Total games: 960
2023-08-22 03:59:04,103 INFO:Total games: 970
2023-08-22 03:59:13,383 INFO:Total games: 980
2023-08-22 03:59:24,941 INFO:Total games: 990
2023-08-22 03:59:37,477 INFO:Total games: 1000
2023-08-22 03:59:48,848 INFO:Total games: 1010
2023-08-22 04:00:00,039 INFO:Total games: 1020
2023-08-22 04:00:10,124 INFO:Total games: 1030
2023-08-22 04:00:23,894 INFO:Total games: 1040
2023-08-22 04:00:35,032 INFO:Total games: 1050
2023-08-22 04:00:47,762 INFO:Total games: 1060
2023-08-22 04:01:00,621 INFO:Total games: 1070
2023-08-22 04:01:12,489 INFO:Total games: 1080
2023-08-22 04:01:22,142 INFO:Total games: 1090
2023-08-22 04:01:35,315 INFO:Total games: 1100
2023-08-22 04:01:47,387 INFO:Total games: 1110
2023-08-22 04:01:58,461 INFO:Total games: 1120
2023-08-22 04:02:10,614 INFO:Total games: 1130
2023-08-22 04:02:22,546 INFO:Total games: 1140
2023-08-22 04:02:35,311 INFO:Total games: 1150
2023-08-22 04:02:47,111 INFO:Total games: 1160
2023-08-22 04:03:00,777 INFO:Total games: 1170
2023-08-22 04:03:12,015 INFO:Total games: 1180
2023-08-22 04:03:21,283 INFO:Total games: 1190
2023-08-22 04:03:32,918 INFO:Total games: 1200
2023-08-22 04:03:45,136 INFO:Total games: 1210
2023-08-22 04:03:57,956 INFO:Total games: 1220
2023-08-22 04:04:11,984 INFO:Total games: 1230
2023-08-22 04:04:22,897 INFO:Total games: 1240
2023-08-22 04:04:34,969 INFO:Total games: 1250
2023-08-22 04:04:46,941 INFO:Total games: 1260
2023-08-22 04:05:00,326 INFO:Total games: 1270
2023-08-22 04:05:11,647 INFO:Total games: 1280
2023-08-22 04:05:22,393 INFO:Total games: 1290
2023-08-22 04:05:34,059 INFO:Total games: 1300
2023-08-22 04:05:44,253 INFO:Total games: 1310
2023-08-22 04:05:57,816 INFO:Total games: 1320
2023-08-22 04:06:09,870 INFO:Total games: 1330
2023-08-22 04:06:20,687 INFO:Total games: 1340
2023-08-22 04:06:33,180 INFO:Total games: 1350
2023-08-22 04:06:44,796 INFO:Total games: 1360
2023-08-22 04:06:58,946 INFO:Total games: 1370
2023-08-22 04:07:10,285 INFO:Total games: 1380
2023-08-22 04:07:25,122 INFO:Total games: 1390
2023-08-22 04:07:40,563 INFO:Total games: 1400
2023-08-22 04:07:52,616 INFO:Total games: 1410
2023-08-22 04:08:03,458 INFO:Total games: 1420
2023-08-22 04:08:15,367 INFO:Total games: 1430
2023-08-22 04:08:27,508 INFO:Total games: 1440
2023-08-22 04:08:38,255 INFO:Total games: 1450
2023-08-22 04:08:48,171 INFO:Total games: 1460
2023-08-22 04:09:00,493 INFO:Total games: 1470
2023-08-22 04:09:13,479 INFO:Total games: 1480
2023-08-22 04:09:25,468 INFO:Total games: 1490
2023-08-22 04:09:35,910 INFO:Total games: 1500
2023-08-22 04:09:47,138 INFO:Total games: 1510
2023-08-22 04:09:58,830 INFO:Total games: 1520
2023-08-22 04:10:11,182 INFO:Total games: 1530
2023-08-22 04:10:22,641 INFO:Total games: 1540
2023-08-22 04:10:36,860 INFO:Total games: 1550
2023-08-22 04:10:49,535 INFO:Total games: 1560
2023-08-22 04:11:02,541 INFO:Total games: 1570
2023-08-22 04:11:15,317 INFO:Total games: 1580
2023-08-22 04:11:24,851 INFO:Total games: 1590
2023-08-22 04:11:37,575 INFO:Total games: 1600
2023-08-22 04:11:50,235 INFO:Total games: 1610
2023-08-22 04:12:03,097 INFO:Total games: 1620
2023-08-22 04:12:16,635 INFO:Total games: 1630
2023-08-22 04:12:28,173 INFO:Total games: 1640
2023-08-22 04:12:38,097 INFO:Total games: 1650
2023-08-22 04:12:47,902 INFO:Total games: 1660
2023-08-22 04:13:01,203 INFO:Total games: 1670
2023-08-22 04:13:10,495 INFO:Total games: 1680
2023-08-22 04:13:22,498 INFO:Total games: 1690
2023-08-22 04:13:34,548 INFO:Total games: 1700
2023-08-22 04:13:46,808 INFO:Total games: 1710
2023-08-22 04:14:00,232 INFO:Total games: 1720
2023-08-22 04:14:12,448 INFO:Total games: 1730
2023-08-22 04:14:26,889 INFO:Total games: 1740
2023-08-22 04:14:38,190 INFO:Total games: 1750
2023-08-22 04:14:50,823 INFO:Total games: 1760
2023-08-22 04:15:03,057 INFO:Total games: 1770
2023-08-22 04:15:16,208 INFO:Total games: 1780
2023-08-22 04:15:26,726 INFO:Total games: 1790
2023-08-22 04:15:38,523 INFO:Total games: 1800
2023-08-22 04:15:49,980 INFO:Total games: 1810
2023-08-22 04:23:32,774 INFO:Starting
2023-08-22 04:23:44,807 INFO:Total games: 10
2023-08-22 04:23:56,454 INFO:Total games: 20
2023-08-22 04:24:11,197 INFO:Total games: 30
2023-08-22 04:24:21,348 INFO:Total games: 40
2023-08-22 04:24:34,344 INFO:Total games: 50
2023-08-22 04:24:47,212 INFO:Total games: 60
2023-08-22 04:24:58,785 INFO:Total games: 70
2023-08-22 04:25:09,423 INFO:Total games: 80
2023-08-22 04:25:21,900 INFO:Total games: 90
2023-08-22 04:25:35,842 INFO:Total games: 100
2023-08-22 04:25:48,848 INFO:Total games: 110
2023-08-22 04:26:01,763 INFO:Total games: 120
2023-08-22 04:26:08,817 INFO:Total games: 130
2023-08-22 04:26:21,107 INFO:Total games: 140
2023-08-22 04:26:34,943 INFO:Total games: 150
2023-08-22 04:26:48,357 INFO:Total games: 160
2023-08-22 04:26:58,870 INFO:Total games: 170
2023-08-22 04:27:10,257 INFO:Total games: 180
2023-08-22 04:27:19,277 INFO:Total games: 190
2023-08-22 04:27:31,684 INFO:Total games: 200
2023-08-22 04:27:42,602 INFO:Total games: 210
2023-08-22 04:27:55,349 INFO:Total games: 220
2023-08-22 04:28:05,705 INFO:Total games: 230
2023-08-22 04:28:18,999 INFO:Total games: 240
2023-08-22 04:28:31,560 INFO:Total games: 250
2023-08-22 04:28:42,839 INFO:Total games: 260
2023-08-22 04:28:55,528 INFO:Total games: 270
2023-08-22 04:29:09,432 INFO:Total games: 280
2023-08-22 04:29:21,994 INFO:Total games: 290
2023-08-22 04:29:36,260 INFO:Total games: 300
2023-08-22 04:29:46,302 INFO:Total games: 310
2023-08-22 04:29:59,137 INFO:Total games: 320
2023-08-22 04:30:11,256 INFO:Total games: 330
2023-08-22 04:30:22,320 INFO:Total games: 340
2023-08-22 04:30:34,535 INFO:Total games: 350
2023-08-22 04:30:45,963 INFO:Total games: 360
2023-08-22 04:30:56,997 INFO:Total games: 370
2023-08-22 04:31:06,009 INFO:Total games: 380
2023-08-22 04:31:19,594 INFO:Total games: 390
2023-08-22 04:31:30,649 INFO:Total games: 400
2023-08-22 04:31:41,225 INFO:Total games: 410
2023-08-22 04:31:55,020 INFO:Total games: 420
2023-08-22 04:32:08,340 INFO:Total games: 430
2023-08-22 04:32:21,403 INFO:Total games: 440
2023-08-22 04:32:32,356 INFO:Total games: 450
2023-08-22 04:32:44,458 INFO:Total games: 460
2023-08-22 04:32:55,769 INFO:Total games: 470
2023-08-22 04:33:09,282 INFO:Total games: 480
2023-08-22 04:33:22,363 INFO:Total games: 490
2023-08-22 04:33:33,419 INFO:Total games: 500
2023-08-22 04:33:46,273 INFO:Total games: 510
2023-08-22 04:34:00,018 INFO:Total games: 520
2023-08-22 04:34:12,178 INFO:Total games: 530
2023-08-22 04:34:25,882 INFO:Total games: 540
2023-08-22 04:34:37,554 INFO:Total games: 550
2023-08-22 04:34:51,459 INFO:Total games: 560
2023-08-22 04:35:02,038 INFO:Total games: 570
2023-08-22 04:35:14,153 INFO:Total games: 580
2023-08-22 04:35:25,142 INFO:Total games: 590
2023-08-22 04:35:37,373 INFO:Total games: 600
2023-08-22 04:35:49,981 INFO:Total games: 610
2023-08-22 04:36:02,392 INFO:Total games: 620
2023-08-22 04:36:14,135 INFO:Total games: 630
2023-08-22 04:36:26,059 INFO:Total games: 640
2023-08-22 04:36:38,206 INFO:Total games: 650
2023-08-22 04:36:50,752 INFO:Total games: 660
2023-08-22 04:37:01,558 INFO:Total games: 670
2023-08-22 04:37:13,640 INFO:Total games: 680
2023-08-22 04:37:25,790 INFO:Total games: 690
2023-08-22 04:37:37,375 INFO:Total games: 700
2023-08-22 04:37:46,251 INFO:Total games: 710
2023-08-22 04:37:58,951 INFO:Total games: 720
2023-08-22 04:38:10,784 INFO:Total games: 730
2023-08-22 04:38:22,151 INFO:Total games: 740
2023-08-22 04:38:31,925 INFO:Total games: 750
2023-08-22 04:38:46,133 INFO:Total games: 760
2023-08-22 04:38:57,247 INFO:Total games: 770
2023-08-22 04:39:09,111 INFO:Total games: 780
2023-08-22 04:39:22,226 INFO:Total games: 790
2023-08-22 04:39:32,688 INFO:Total games: 800
2023-08-22 04:39:45,276 INFO:Total games: 810
2023-08-22 04:39:56,079 INFO:Total games: 820
2023-08-22 04:40:10,186 INFO:Total games: 830
2023-08-22 04:40:23,232 INFO:Total games: 840
2023-08-22 04:40:34,630 INFO:Total games: 850
2023-08-22 04:40:47,375 INFO:Total games: 860
2023-08-22 04:40:58,353 INFO:Total games: 870
2023-08-22 04:41:10,079 INFO:Total games: 880
2023-08-22 04:41:22,560 INFO:Total games: 890
2023-08-22 04:41:35,360 INFO:Total games: 900
2023-08-22 04:41:44,356 INFO:Total games: 910
2023-08-22 04:41:55,998 INFO:Total games: 920
2023-08-22 04:42:07,241 INFO:Total games: 930
2023-08-22 04:42:21,838 INFO:Total games: 940
2023-08-22 04:42:33,986 INFO:Total games: 950
2023-08-22 04:42:45,275 INFO:Total games: 960
2023-08-22 04:42:57,003 INFO:Total games: 970
2023-08-22 04:43:06,817 INFO:Total games: 980
2023-08-22 04:43:17,902 INFO:Total games: 990
2023-08-22 04:43:30,883 INFO:Total games: 1000
2023-08-22 04:43:43,902 INFO:Total games: 1010
2023-08-22 04:43:56,660 INFO:Total games: 1020
2023-08-22 04:44:07,016 INFO:Total games: 1030
2023-08-22 04:44:18,657 INFO:Total games: 1040
2023-08-22 04:44:28,099 INFO:Total games: 1050
2023-08-22 04:44:39,232 INFO:Total games: 1060
2023-08-22 04:44:49,185 INFO:Total games: 1070
2023-08-22 04:45:03,594 INFO:Total games: 1080
2023-08-22 04:45:14,307 INFO:Total games: 1090
2023-08-22 04:45:26,724 INFO:Total games: 1100
2023-08-22 04:45:40,429 INFO:Total games: 1110
2023-08-22 04:45:51,004 INFO:Total games: 1120
2023-08-22 04:46:02,032 INFO:Total games: 1130
2023-08-22 04:46:14,140 INFO:Total games: 1140
2023-08-22 04:46:24,170 INFO:Total games: 1150
2023-08-22 04:46:35,534 INFO:Total games: 1160
2023-08-22 04:46:47,283 INFO:Total games: 1170
2023-08-22 04:46:55,811 INFO:Total games: 1180
2023-08-22 04:47:08,688 INFO:Total games: 1190
2023-08-22 04:47:22,794 INFO:Total games: 1200
2023-08-22 04:47:33,498 INFO:Total games: 1210
2023-08-22 04:47:47,393 INFO:Total games: 1220
2023-08-22 04:48:00,230 INFO:Total games: 1230
2023-08-22 04:48:13,125 INFO:Total games: 1240
2023-08-22 04:48:24,118 INFO:Total games: 1250
2023-08-22 04:48:37,563 INFO:Total games: 1260
2023-08-22 04:48:51,246 INFO:Total games: 1270
2023-08-22 04:49:03,443 INFO:Total games: 1280
2023-08-22 04:49:14,103 INFO:Total games: 1290
2023-08-22 04:49:25,087 INFO:Total games: 1300
2023-08-22 04:49:36,993 INFO:Total games: 1310
2023-08-22 04:49:49,294 INFO:Total games: 1320
2023-08-22 04:49:59,993 INFO:Total games: 1330
2023-08-22 04:50:12,601 INFO:Total games: 1340
2023-08-22 04:50:24,110 INFO:Total games: 1350
2023-08-22 04:50:36,252 INFO:Total games: 1360
2023-08-22 04:50:49,040 INFO:Total games: 1370
2023-08-22 04:50:59,113 INFO:Total games: 1380
2023-08-22 04:51:10,014 INFO:Total games: 1390
2023-08-22 04:51:23,445 INFO:Total games: 1400
2023-08-22 04:51:34,602 INFO:Total games: 1410
2023-08-22 04:51:47,245 INFO:Total games: 1420
2023-08-22 04:51:58,476 INFO:Total games: 1430
2023-08-22 04:52:09,810 INFO:Total games: 1440
2023-08-22 04:52:21,157 INFO:Total games: 1450
2023-08-22 04:52:32,997 INFO:Total games: 1460
2023-08-22 04:52:44,039 INFO:Total games: 1470
2023-08-22 04:52:56,117 INFO:Total games: 1480
2023-08-22 04:53:05,836 INFO:Total games: 1490
2023-08-22 04:53:14,985 INFO:Total games: 1500
2023-08-22 04:53:27,210 INFO:Total games: 1510
2023-08-22 04:53:40,342 INFO:Total games: 1520
2023-08-22 04:53:50,642 INFO:Total games: 1530
2023-08-22 04:54:01,842 INFO:Total games: 1540
2023-08-22 04:54:15,024 INFO:Total games: 1550
2023-08-22 04:54:28,375 INFO:Total games: 1560
2023-08-22 04:54:39,085 INFO:Total games: 1570
2023-08-22 04:54:50,439 INFO:Total games: 1580
2023-08-22 04:55:04,929 INFO:Total games: 1590
2023-08-22 04:55:16,200 INFO:Total games: 1600
2023-08-22 04:55:26,421 INFO:Total games: 1610
2023-08-22 04:55:38,927 INFO:Total games: 1620
2023-08-22 04:55:51,140 INFO:Total games: 1630
2023-08-22 04:56:06,392 INFO:Total games: 1640
2023-08-22 04:56:20,142 INFO:Total games: 1650
2023-08-22 04:56:31,765 INFO:Total games: 1660
2023-08-22 04:56:45,320 INFO:Total games: 1670
2023-08-22 04:56:57,014 INFO:Total games: 1680
2023-08-22 04:57:12,374 INFO:Total games: 1690
2023-08-22 04:57:23,911 INFO:Total games: 1700
2023-08-22 04:57:33,339 INFO:Total games: 1710
2023-08-22 04:57:42,033 INFO:Total games: 1720
2023-08-22 04:57:50,976 INFO:Total games: 1730
2023-08-22 04:58:04,261 INFO:Total games: 1740
2023-08-22 04:58:16,257 INFO:Total games: 1750
2023-08-22 04:58:31,022 INFO:Total games: 1760
2023-08-22 04:58:42,457 INFO:Total games: 1770
2023-08-22 04:58:53,037 INFO:Total games: 1780
2023-08-22 04:59:06,855 INFO:Total games: 1790
2023-08-22 04:59:18,766 INFO:Total games: 1800
2023-08-22 04:59:32,493 INFO:Total games: 1810
2023-08-22 04:59:45,858 INFO:Total games: 1820
2023-08-22 05:00:01,703 INFO:Total games: 1830
2023-08-22 05:00:17,144 INFO:Total games: 1840
2023-08-22 05:00:29,832 INFO:Total games: 1850
2023-08-22 05:00:45,317 INFO:Total games: 1860
2023-08-22 05:01:00,811 INFO:Total games: 1870
2023-08-22 05:01:12,108 INFO:Total games: 1880
2023-08-22 05:01:27,591 INFO:Total games: 1890
2023-08-22 05:01:44,210 INFO:Total games: 1900
2023-08-22 05:01:58,937 INFO:Total games: 1910
2023-08-22 05:02:11,761 INFO:Total games: 1920
2023-08-22 05:02:25,388 INFO:Total games: 1930
2023-08-22 05:02:39,631 INFO:Total games: 1940
2023-08-22 05:02:52,198 INFO:Total games: 1950
2023-08-22 05:03:06,620 INFO:Total games: 1960
2023-08-22 05:03:19,593 INFO:Total games: 1970
2023-08-22 05:03:31,529 INFO:Total games: 1980
2023-08-22 05:03:49,186 INFO:Total games: 1990
2023-08-22 05:04:03,151 INFO:Total games: 2000
2023-08-22 05:04:17,186 INFO:Total games: 2010
2023-08-22 05:04:31,994 INFO:Total games: 2020
2023-08-22 05:04:45,109 INFO:Total games: 2030
2023-08-22 05:04:58,909 INFO:Total games: 2040
2023-08-22 05:05:09,487 INFO:Total games: 2050
2023-08-22 05:05:24,274 INFO:Total games: 2060
2023-08-22 05:05:39,050 INFO:Total games: 2070
2023-08-22 05:05:53,257 INFO:Total games: 2080
2023-08-22 05:06:07,978 INFO:Total games: 2090
2023-08-22 05:06:21,710 INFO:Total games: 2100
2023-08-22 05:06:36,567 INFO:Total games: 2110
2023-08-22 05:06:51,197 INFO:Total games: 2120
2023-08-22 05:07:07,359 INFO:Total games: 2130
2023-08-22 05:07:20,782 INFO:Total games: 2140
2023-08-22 05:07:40,224 INFO:Total games: 2150
2023-08-22 05:07:56,650 INFO:Total games: 2160
2023-08-22 05:08:13,107 INFO:Total games: 2170
2023-08-22 05:08:28,622 INFO:Total games: 2180
2023-08-22 05:08:46,131 INFO:Total games: 2190
2023-08-22 05:08:57,465 INFO:Total games: 2200
2023-08-22 05:09:14,159 INFO:Total games: 2210
2023-08-22 05:09:30,198 INFO:Total games: 2220
2023-08-22 05:09:46,169 INFO:Total games: 2230
2023-08-22 05:10:00,988 INFO:Total games: 2240
2023-08-22 05:10:16,530 INFO:Total games: 2250
2023-08-22 05:10:29,249 INFO:Total games: 2260
2023-08-22 05:10:46,086 INFO:Total games: 2270
2023-08-22 05:10:59,389 INFO:Total games: 2280
2023-08-22 05:11:13,691 INFO:Total games: 2290
2023-08-22 05:11:26,836 INFO:Total games: 2300
2023-08-22 05:11:39,967 INFO:Total games: 2310
2023-08-22 05:11:58,747 INFO:Total games: 2320
2023-08-22 05:12:14,032 INFO:Total games: 2330
2023-08-22 05:12:26,954 INFO:Total games: 2340
2023-08-22 05:12:38,940 INFO:Total games: 2350
2023-08-22 05:12:53,624 INFO:Total games: 2360
2023-08-22 05:13:08,565 INFO:Total games: 2370
2023-08-22 05:13:20,456 INFO:Total games: 2380
2023-08-22 05:13:37,528 INFO:Total games: 2390
2023-08-22 05:13:52,192 INFO:Total games: 2400
2023-08-22 05:14:04,919 INFO:Total games: 2410
2023-08-22 05:14:20,016 INFO:Total games: 2420
2023-08-22 05:14:32,688 INFO:Total games: 2430
2023-08-22 05:14:47,024 INFO:Total games: 2440
2023-08-22 05:14:58,901 INFO:Total games: 2450
2023-08-22 05:15:11,697 INFO:Total games: 2460
2023-08-22 05:15:26,415 INFO:Total games: 2470
2023-08-22 05:15:40,046 INFO:Total games: 2480
2023-08-22 05:15:52,636 INFO:Total games: 2490
2023-08-22 05:16:05,783 INFO:Total games: 2500
2023-08-22 05:16:18,477 INFO:Total games: 2510
2023-08-22 05:16:37,302 INFO:Total games: 2520
2023-08-22 05:16:55,273 INFO:Total games: 2530
2023-08-22 05:17:09,361 INFO:Total games: 2540
2023-08-22 05:17:24,925 INFO:Total games: 2550
2023-08-22 05:17:38,954 INFO:Total games: 2560
2023-08-22 05:17:53,109 INFO:Total games: 2570
2023-08-22 05:18:07,569 INFO:Total games: 2580
2023-08-22 05:18:21,254 INFO:Total games: 2590
2023-08-22 05:18:35,231 INFO:Total games: 2600
2023-08-22 05:18:50,084 INFO:Total games: 2610
2023-08-22 05:19:03,805 INFO:Total games: 2620
2023-08-22 05:19:18,246 INFO:Total games: 2630
2023-08-22 05:19:33,802 INFO:Total games: 2640
2023-08-22 05:19:47,224 INFO:Total games: 2650
2023-08-22 05:20:01,314 INFO:Total games: 2660
2023-08-22 05:20:15,795 INFO:Total games: 2670
2023-08-22 05:20:33,497 INFO:Total games: 2680
2023-08-22 05:20:45,907 INFO:Total games: 2690
2023-08-22 05:21:01,753 INFO:Total games: 2700
2023-08-22 05:21:15,534 INFO:Total games: 2710
2023-08-22 05:21:30,454 INFO:Total games: 2720
2023-08-22 05:21:46,869 INFO:Total games: 2730
2023-08-22 05:22:03,013 INFO:Total games: 2740
2023-08-22 05:22:18,607 INFO:Total games: 2750
2023-08-22 05:22:31,993 INFO:Total games: 2760
2023-08-22 05:22:48,734 INFO:Total games: 2770
2023-08-22 05:22:58,259 INFO:Total games: 2780
2023-08-22 05:23:11,448 INFO:Total games: 2790
2023-08-22 05:23:23,372 INFO:Total games: 2800
2023-08-22 05:23:38,446 INFO:Total games: 2810
2023-08-22 05:23:50,503 INFO:Total games: 2820
2023-08-22 05:24:03,070 INFO:Total games: 2830
2023-08-22 05:24:18,371 INFO:Total games: 2840
2023-08-22 05:24:33,801 INFO:Total games: 2850
2023-08-22 05:24:45,781 INFO:Total games: 2860
2023-08-22 05:24:58,831 INFO:Total games: 2870
2023-08-22 05:25:10,619 INFO:Total games: 2880
2023-08-22 05:25:25,023 INFO:Total games: 2890
2023-08-22 05:25:39,284 INFO:Total games: 2900
2023-08-22 05:25:54,804 INFO:Total games: 2910
2023-08-22 05:26:09,087 INFO:Total games: 2920
2023-08-22 05:26:23,473 INFO:Total games: 2930
2023-08-22 05:26:37,492 INFO:Total games: 2940
2023-08-22 05:26:51,827 INFO:Total games: 2950
2023-08-22 05:27:06,747 INFO:Total games: 2960
2023-08-22 05:27:23,634 INFO:Total games: 2970
2023-08-22 05:27:38,554 INFO:Total games: 2980
2023-08-22 05:27:52,812 INFO:Total games: 2990
2023-08-22 05:28:07,842 INFO:Total games: 3000
2023-08-22 05:28:23,841 INFO:Total games: 3010
2023-08-22 05:28:40,484 INFO:Total games: 3020
2023-08-22 05:28:56,556 INFO:Total games: 3030
2023-08-22 05:29:08,713 INFO:Total games: 3040
2023-08-22 05:29:22,900 INFO:Total games: 3050
2023-08-22 05:29:31,950 INFO:Total games: 3060
2023-08-22 05:29:48,437 INFO:Total games: 3070
2023-08-22 05:30:01,227 INFO:Total games: 3080
2023-08-22 05:30:16,070 INFO:Total games: 3090
2023-08-22 05:30:29,683 INFO:Total games: 3100
2023-08-22 05:30:44,351 INFO:Total games: 3110
2023-08-22 05:30:59,039 INFO:Total games: 3120
2023-08-22 05:31:13,802 INFO:Total games: 3130
2023-08-22 05:31:27,093 INFO:Total games: 3140
2023-08-22 05:31:41,125 INFO:Total games: 3150
2023-08-22 05:31:55,594 INFO:Total games: 3160
2023-08-22 05:32:07,675 INFO:Total games: 3170
2023-08-22 05:32:21,265 INFO:Total games: 3180
2023-08-22 05:32:34,337 INFO:Total games: 3190
2023-08-22 05:32:47,412 INFO:Total games: 3200
2023-08-22 05:33:02,076 INFO:Total games: 3210
2023-08-22 05:33:16,314 INFO:Total games: 3220
2023-08-22 05:33:30,648 INFO:Total games: 3230
2023-08-22 05:33:42,458 INFO:Total games: 3240
2023-08-22 05:33:57,302 INFO:Total games: 3250
2023-08-22 05:34:10,565 INFO:Total games: 3260
2023-08-22 05:34:24,813 INFO:Total games: 3270
2023-08-22 05:34:37,875 INFO:Total games: 3280
2023-08-22 05:34:52,596 INFO:Total games: 3290
2023-08-22 05:35:06,421 INFO:Total games: 3300
2023-08-22 05:35:18,844 INFO:Total games: 3310
2023-08-22 05:35:32,598 INFO:Total games: 3320
2023-08-22 05:35:47,748 INFO:Total games: 3330
2023-08-22 05:36:03,447 INFO:Total games: 3340
2023-08-22 05:36:18,396 INFO:Total games: 3350
2023-08-22 05:36:32,515 INFO:Total games: 3360
2023-08-22 05:36:47,983 INFO:Total games: 3370
2023-08-22 05:36:59,554 INFO:Total games: 3380
2023-08-22 05:37:13,424 INFO:Total games: 3390
2023-08-22 05:37:27,357 INFO:Total games: 3400
2023-08-22 05:37:40,058 INFO:Total games: 3410
2023-08-22 05:37:56,163 INFO:Total games: 3420
2023-08-22 05:38:10,540 INFO:Total games: 3430
2023-08-22 05:38:26,533 INFO:Total games: 3440
2023-08-22 05:38:42,206 INFO:Total games: 3450
2023-08-22 05:38:56,687 INFO:Total games: 3460
2023-08-22 05:39:12,142 INFO:Total games: 3470
2023-08-22 05:39:22,832 INFO:Total games: 3480
2023-08-22 05:39:35,131 INFO:Total games: 3490
2023-08-22 05:39:52,949 INFO:Total games: 3500
2023-08-22 05:40:04,098 INFO:Total games: 3510
2023-08-22 05:40:19,698 INFO:Total games: 3520
2023-08-22 05:40:34,870 INFO:Total games: 3530
2023-08-22 05:40:51,050 INFO:Total games: 3540
2023-08-22 05:41:07,971 INFO:Total games: 3550
2023-08-22 05:41:24,288 INFO:Total games: 3560
2023-08-22 05:41:36,802 INFO:Total games: 3570
2023-08-22 05:41:47,969 INFO:Total games: 3580
2023-08-22 05:42:01,899 INFO:Total games: 3590
2023-08-22 05:42:17,016 INFO:Total games: 3600
2023-08-22 05:42:29,649 INFO:Total games: 3610
2023-08-22 05:42:44,428 INFO:Total games: 3620
2023-08-22 05:43:00,306 INFO:Total games: 3630
2023-08-22 05:43:16,511 INFO:Total games: 3640
2023-08-22 05:43:30,864 INFO:Total games: 3650
2023-08-22 05:43:44,795 INFO:Total games: 3660
2023-08-22 05:44:00,948 INFO:Total games: 3670
2023-08-22 05:44:13,428 INFO:Total games: 3680
2023-08-22 05:44:30,012 INFO:Total games: 3690
2023-08-22 05:44:43,474 INFO:Total games: 3700
2023-08-22 05:45:02,427 INFO:Total games: 3710
2023-08-22 05:45:16,261 INFO:Total games: 3720
2023-08-22 05:45:30,044 INFO:Total games: 3730
2023-08-22 05:45:45,419 INFO:Total games: 3740
2023-08-22 05:45:59,210 INFO:Total games: 3750
2023-08-22 05:46:14,989 INFO:Total games: 3760
2023-08-22 05:46:27,396 INFO:Total games: 3770
2023-08-22 05:46:41,926 INFO:Total games: 3780
2023-08-22 05:46:58,746 INFO:Total games: 3790
2023-08-22 05:47:13,745 INFO:Total games: 3800
2023-08-22 05:47:31,705 INFO:Total games: 3810
2023-08-22 05:47:48,164 INFO:Total games: 3820
