2023-06-29 22:01:55,842 INFO:Starting
2023-06-29 22:03:24,934 INFO:Total games: 10
2023-06-29 22:04:43,445 INFO:Total games: 20
2023-06-29 22:05:42,174 INFO:Ending
2023-06-29 22:05:42,174 INFO:Duration: 0 hours, 3 minutes, 46 seconds
2023-06-29 22:07:25,303 INFO:Starting
2023-06-29 22:08:33,982 INFO:Total games: 10
2023-06-29 22:09:48,984 INFO:Total games: 20
2023-06-29 22:11:11,624 INFO:Total games: 30
2023-06-29 22:12:27,604 INFO:Total games: 40
2023-06-29 22:13:51,145 INFO:Total games: 50
2023-06-29 22:15:00,805 INFO:Total games: 60
2023-06-29 22:16:32,328 INFO:Total games: 70
2023-06-29 22:17:52,254 INFO:Total games: 80
2023-06-29 22:19:08,061 INFO:Total games: 90
2023-06-29 22:20:24,919 INFO:Total games: 100
2023-06-29 22:21:38,337 INFO:Total games: 110
2023-06-29 22:22:56,340 INFO:Total games: 120
2023-06-29 22:24:12,182 INFO:Total games: 130
2023-06-29 22:25:30,693 INFO:Total games: 140
2023-06-29 22:26:40,245 INFO:Total games: 150
2023-06-29 22:28:08,962 INFO:Total games: 160
2023-06-29 22:29:37,774 INFO:Total games: 170
2023-06-29 22:31:06,703 INFO:Total games: 180
2023-06-29 22:32:22,092 INFO:Total games: 190
2023-06-29 22:33:48,039 INFO:Total games: 200
2023-06-29 22:35:02,872 INFO:Total games: 210
2023-06-29 22:36:22,000 INFO:Total games: 220
2023-06-29 22:37:53,824 INFO:Total games: 230
2023-06-29 22:39:20,730 INFO:Total games: 240
2023-06-29 22:40:50,517 INFO:Total games: 250
2023-06-29 22:42:17,790 INFO:Total games: 260
2023-06-29 22:42:44,134 INFO:Loaded new best model
2023-06-29 22:43:31,430 INFO:Total games: 270
2023-06-29 22:44:50,826 INFO:Total games: 280
2023-06-29 22:46:11,657 INFO:Total games: 290
2023-06-29 22:47:30,939 INFO:Total games: 300
2023-06-29 22:48:42,575 INFO:Total games: 310
2023-06-29 22:49:57,021 INFO:Total games: 320
2023-06-29 22:51:26,424 INFO:Total games: 330
2023-06-29 22:53:02,582 INFO:Total games: 340
2023-06-29 22:54:15,403 INFO:Total games: 350
2023-06-29 22:55:41,623 INFO:Total games: 360
2023-06-29 22:57:04,188 INFO:Total games: 370
2023-06-29 22:58:22,855 INFO:Total games: 380
2023-06-29 22:59:48,588 INFO:Total games: 390
2023-06-29 23:00:56,208 INFO:Total games: 400
2023-06-29 23:02:24,172 INFO:Total games: 410
2023-06-29 23:03:54,058 INFO:Total games: 420
2023-06-29 23:05:20,732 INFO:Total games: 430
2023-06-29 23:06:38,703 INFO:Total games: 440
2023-06-29 23:07:48,831 INFO:Total games: 450
2023-06-29 23:09:06,897 INFO:Total games: 460
2023-06-29 23:10:37,253 INFO:Total games: 470
2023-06-29 23:12:16,917 INFO:Total games: 480
2023-06-29 23:13:42,059 INFO:Total games: 490
2023-06-29 23:15:16,711 INFO:Total games: 500
2023-06-29 23:17:00,586 INFO:Total games: 510
2023-06-29 23:18:05,268 INFO:Total games: 520
2023-06-29 23:19:46,692 INFO:Total games: 530
2023-06-29 23:21:06,521 INFO:Total games: 540
2023-06-29 23:22:06,356 INFO:Loaded new best model
2023-06-29 23:22:47,070 INFO:Total games: 550
2023-06-29 23:24:25,298 INFO:Total games: 560
2023-06-29 23:25:45,421 INFO:Total games: 570
2023-06-29 23:27:10,543 INFO:Total games: 580
2023-06-29 23:28:48,820 INFO:Total games: 590
2023-06-29 23:30:15,086 INFO:Total games: 600
2023-06-29 23:31:54,056 INFO:Total games: 610
2023-06-29 23:33:23,326 INFO:Total games: 620
2023-06-29 23:34:50,115 INFO:Total games: 630
2023-06-29 23:36:04,780 INFO:Total games: 640
2023-06-29 23:37:44,302 INFO:Total games: 650
2023-06-29 23:39:18,076 INFO:Total games: 660
2023-06-29 23:40:31,963 INFO:Total games: 670
2023-06-29 23:41:29,568 INFO:Loaded new best model
2023-06-29 23:41:50,194 INFO:Total games: 680
2023-06-29 23:43:09,470 INFO:Total games: 690
2023-06-29 23:44:45,681 INFO:Total games: 700
2023-06-29 23:46:14,844 INFO:Total games: 710
2023-06-29 23:47:51,454 INFO:Total games: 720
2023-06-29 23:49:34,515 INFO:Total games: 730
2023-06-29 23:51:14,012 INFO:Total games: 740
2023-06-29 23:53:00,298 INFO:Total games: 750
2023-06-29 23:54:32,234 INFO:Total games: 760
2023-06-29 23:56:03,333 INFO:Total games: 770
2023-06-29 23:57:28,120 INFO:Total games: 780
2023-06-29 23:59:09,713 INFO:Total games: 790
2023-06-30 00:00:51,687 INFO:Total games: 800
2023-06-30 00:02:22,628 INFO:Total games: 810
2023-06-30 00:03:55,579 INFO:Total games: 820
2023-06-30 00:05:20,347 INFO:Total games: 830
2023-06-30 00:06:58,965 INFO:Total games: 840
2023-06-30 00:08:30,722 INFO:Total games: 850
2023-06-30 00:10:05,218 INFO:Total games: 860
2023-06-30 00:11:43,661 INFO:Total games: 870
2023-06-30 00:13:24,121 INFO:Total games: 880
2023-06-30 00:15:00,651 INFO:Total games: 890
2023-06-30 00:16:41,726 INFO:Total games: 900
2023-06-30 00:18:28,851 INFO:Total games: 910
2023-06-30 00:20:06,051 INFO:Total games: 920
2023-06-30 00:21:53,760 INFO:Total games: 930
2023-06-30 00:22:56,673 INFO:Loaded new best model
2023-06-30 00:23:21,203 INFO:Total games: 940
2023-06-30 00:24:49,991 INFO:Total games: 950
2023-06-30 00:26:09,978 INFO:Total games: 960
2023-06-30 00:27:48,362 INFO:Total games: 970
2023-06-30 00:29:06,259 INFO:Total games: 980
2023-06-30 00:30:50,589 INFO:Total games: 990
2023-06-30 00:32:26,032 INFO:Total games: 1000
2023-06-30 00:34:15,117 INFO:Total games: 1010
2023-06-30 00:35:45,694 INFO:Total games: 1020
2023-06-30 00:37:18,764 INFO:Total games: 1030
2023-06-30 00:38:59,270 INFO:Total games: 1040
2023-06-30 00:40:46,957 INFO:Total games: 1050
2023-06-30 00:42:23,012 INFO:Total games: 1060
2023-06-30 00:43:55,592 INFO:Total games: 1070
2023-06-30 00:45:27,022 INFO:Total games: 1080
2023-06-30 00:47:01,261 INFO:Total games: 1090
2023-06-30 00:48:32,575 INFO:Total games: 1100
2023-06-30 00:50:01,438 INFO:Total games: 1110
2023-06-30 00:51:41,196 INFO:Total games: 1120
2023-06-30 00:53:07,163 INFO:Total games: 1130
2023-06-30 00:54:43,098 INFO:Total games: 1140
2023-06-30 00:56:30,707 INFO:Total games: 1150
2023-06-30 00:57:57,501 INFO:Total games: 1160
2023-06-30 00:59:32,163 INFO:Total games: 1170
2023-06-30 01:01:05,097 INFO:Total games: 1180
2023-06-30 01:02:33,243 INFO:Total games: 1190
2023-06-30 01:04:09,020 INFO:Total games: 1200
2023-06-30 01:05:44,094 INFO:Total games: 1210
2023-06-30 01:07:21,420 INFO:Total games: 1220
2023-06-30 01:08:58,570 INFO:Total games: 1230
2023-06-30 01:10:28,053 INFO:Total games: 1240
2023-06-30 01:12:07,247 INFO:Total games: 1250
2023-06-30 01:13:45,050 INFO:Total games: 1260
2023-06-30 01:15:26,003 INFO:Total games: 1270
2023-06-30 01:16:57,349 INFO:Total games: 1280
2023-06-30 01:18:31,285 INFO:Total games: 1290
2023-06-30 01:20:08,271 INFO:Total games: 1300
2023-06-30 01:21:53,172 INFO:Total games: 1310
2023-06-30 01:23:17,969 INFO:Total games: 1320
2023-06-30 01:24:16,579 INFO:Loaded new best model
2023-06-30 01:24:52,437 INFO:Total games: 1330
2023-06-30 01:26:23,881 INFO:Total games: 1340
2023-06-30 01:27:41,437 INFO:Total games: 1350
2023-06-30 01:29:26,606 INFO:Total games: 1360
2023-06-30 01:31:11,367 INFO:Total games: 1370
2023-06-30 01:32:54,479 INFO:Total games: 1380
2023-06-30 01:34:38,566 INFO:Total games: 1390
2023-06-30 01:36:23,640 INFO:Total games: 1400
2023-06-30 01:38:08,672 INFO:Total games: 1410
2023-06-30 01:39:56,413 INFO:Total games: 1420
2023-06-30 01:41:35,519 INFO:Total games: 1430
2023-06-30 01:43:16,252 INFO:Total games: 1440
2023-06-30 01:44:58,378 INFO:Total games: 1450
2023-06-30 01:46:43,919 INFO:Total games: 1460
2023-06-30 01:48:29,882 INFO:Total games: 1470
2023-06-30 01:50:11,879 INFO:Total games: 1480
2023-06-30 01:51:56,346 INFO:Total games: 1490
2023-06-30 01:53:39,883 INFO:Total games: 1500
2023-06-30 01:55:17,981 INFO:Total games: 1510
2023-06-30 01:57:04,302 INFO:Total games: 1520
2023-06-30 01:58:45,869 INFO:Total games: 1530
2023-06-30 02:00:30,279 INFO:Total games: 1540
2023-06-30 02:02:16,951 INFO:Total games: 1550
2023-06-30 02:03:28,675 INFO:Loaded new best model
2023-06-30 02:03:58,590 INFO:Total games: 1560
2023-06-30 02:05:42,655 INFO:Total games: 1570
2023-06-30 02:07:32,353 INFO:Total games: 1580
2023-06-30 02:09:25,213 INFO:Total games: 1590
2023-06-30 02:11:11,490 INFO:Total games: 1600
2023-06-30 02:13:06,938 INFO:Total games: 1610
2023-06-30 02:15:01,372 INFO:Total games: 1620
2023-06-30 02:16:51,543 INFO:Total games: 1630
2023-06-30 02:18:45,289 INFO:Total games: 1640
2023-06-30 02:20:38,812 INFO:Total games: 1650
2023-06-30 02:22:30,643 INFO:Total games: 1660
2023-06-30 02:24:21,432 INFO:Total games: 1670
2023-06-30 02:26:10,436 INFO:Total games: 1680
2023-06-30 02:27:57,075 INFO:Total games: 1690
2023-06-30 02:29:47,466 INFO:Total games: 1700
2023-06-30 02:31:37,867 INFO:Total games: 1710
2023-06-30 02:33:32,050 INFO:Total games: 1720
2023-06-30 02:35:23,949 INFO:Total games: 1730
2023-06-30 02:37:17,687 INFO:Total games: 1740
2023-06-30 02:39:15,804 INFO:Total games: 1750
2023-06-30 02:41:07,326 INFO:Total games: 1760
2023-06-30 02:42:58,268 INFO:Total games: 1770
2023-06-30 02:44:57,589 INFO:Total games: 1780
2023-06-30 02:46:42,427 INFO:Total games: 1790
2023-06-30 02:48:21,691 INFO:Total games: 1800
2023-06-30 02:50:09,014 INFO:Total games: 1810
2023-06-30 02:52:03,912 INFO:Total games: 1820
2023-06-30 02:53:53,835 INFO:Total games: 1830
2023-06-30 02:55:49,925 INFO:Total games: 1840
2023-06-30 02:57:41,291 INFO:Total games: 1850
2023-06-30 02:59:32,131 INFO:Total games: 1860
2023-06-30 03:01:26,344 INFO:Total games: 1870
2023-06-30 03:03:22,129 INFO:Total games: 1880
2023-06-30 03:05:12,388 INFO:Total games: 1890
2023-06-30 03:07:06,373 INFO:Total games: 1900
2023-06-30 03:08:59,891 INFO:Total games: 1910
2023-06-30 03:10:42,964 INFO:Total games: 1920
2023-06-30 03:12:34,980 INFO:Total games: 1930
2023-06-30 03:14:31,275 INFO:Total games: 1940
2023-06-30 03:16:18,472 INFO:Total games: 1950
2023-06-30 03:18:13,287 INFO:Total games: 1960
2023-06-30 03:20:09,749 INFO:Total games: 1970
2023-06-30 03:22:05,772 INFO:Total games: 1980
2023-06-30 03:23:54,898 INFO:Total games: 1990
2023-06-30 03:25:53,569 INFO:Total games: 2000
2023-06-30 03:27:44,383 INFO:Total games: 2010
2023-06-30 03:29:30,865 INFO:Total games: 2020
2023-06-30 03:31:19,332 INFO:Total games: 2030
2023-06-30 03:33:17,287 INFO:Total games: 2040
2023-06-30 03:35:09,941 INFO:Total games: 2050
2023-06-30 03:36:57,248 INFO:Total games: 2060
2023-06-30 03:38:49,584 INFO:Total games: 2070
2023-06-30 03:40:40,558 INFO:Total games: 2080
2023-06-30 03:42:30,129 INFO:Total games: 2090
2023-06-30 03:44:20,320 INFO:Total games: 2100
2023-06-30 03:46:18,350 INFO:Total games: 2110
2023-06-30 03:48:05,861 INFO:Total games: 2120
2023-06-30 03:49:52,245 INFO:Total games: 2130
2023-06-30 03:51:35,904 INFO:Total games: 2140
2023-06-30 03:53:31,496 INFO:Total games: 2150
2023-06-30 03:55:17,599 INFO:Total games: 2160
2023-06-30 03:57:08,564 INFO:Total games: 2170
2023-06-30 03:58:59,499 INFO:Total games: 2180
2023-06-30 04:00:48,913 INFO:Total games: 2190
2023-06-30 04:02:39,918 INFO:Total games: 2200
2023-06-30 04:04:26,665 INFO:Total games: 2210
2023-06-30 04:06:21,004 INFO:Total games: 2220
2023-06-30 04:08:15,234 INFO:Total games: 2230
2023-06-30 04:10:04,890 INFO:Total games: 2240
2023-06-30 04:11:49,519 INFO:Total games: 2250
2023-06-30 04:13:35,221 INFO:Total games: 2260
2023-06-30 04:15:26,364 INFO:Total games: 2270
2023-06-30 04:17:17,216 INFO:Total games: 2280
2023-06-30 04:19:06,237 INFO:Total games: 2290
2023-06-30 04:20:59,831 INFO:Total games: 2300
2023-06-30 04:22:53,895 INFO:Total games: 2310
2023-06-30 04:24:47,742 INFO:Total games: 2320
2023-06-30 04:26:36,410 INFO:Total games: 2330
2023-06-30 04:28:35,557 INFO:Total games: 2340
2023-06-30 04:30:24,487 INFO:Total games: 2350
2023-06-30 04:32:11,627 INFO:Total games: 2360
2023-06-30 04:33:58,051 INFO:Total games: 2370
2023-06-30 04:35:56,429 INFO:Total games: 2380
2023-06-30 04:37:50,186 INFO:Total games: 2390
2023-06-30 04:39:41,981 INFO:Total games: 2400
2023-06-30 04:41:31,991 INFO:Total games: 2410
2023-06-30 04:43:29,795 INFO:Total games: 2420
2023-06-30 04:45:22,573 INFO:Total games: 2430
2023-06-30 04:47:16,169 INFO:Total games: 2440
2023-06-30 04:49:08,180 INFO:Total games: 2450
2023-06-30 04:50:55,877 INFO:Total games: 2460
2023-06-30 04:52:48,292 INFO:Total games: 2470
2023-06-30 04:54:30,562 INFO:Total games: 2480
2023-06-30 04:56:17,686 INFO:Total games: 2490
2023-06-30 04:58:08,267 INFO:Total games: 2500
2023-06-30 05:00:03,374 INFO:Total games: 2510
2023-06-30 05:01:56,194 INFO:Total games: 2520
2023-06-30 05:03:50,735 INFO:Total games: 2530
2023-06-30 05:05:39,166 INFO:Total games: 2540
2023-06-30 05:07:35,901 INFO:Total games: 2550
2023-06-30 05:09:26,946 INFO:Total games: 2560
2023-06-30 05:11:20,287 INFO:Total games: 2570
2023-06-30 05:13:07,162 INFO:Total games: 2580
2023-06-30 05:14:52,750 INFO:Total games: 2590
2023-06-30 05:16:52,199 INFO:Total games: 2600
2023-06-30 05:18:43,353 INFO:Total games: 2610
2023-06-30 05:20:33,280 INFO:Total games: 2620
2023-06-30 05:22:22,187 INFO:Total games: 2630
2023-06-30 05:24:15,559 INFO:Total games: 2640
2023-06-30 05:26:07,531 INFO:Total games: 2650
2023-06-30 05:27:58,641 INFO:Total games: 2660
2023-06-30 05:29:47,476 INFO:Total games: 2670
2023-06-30 05:31:37,557 INFO:Total games: 2680
2023-06-30 05:33:30,860 INFO:Total games: 2690
2023-06-30 05:35:11,082 INFO:Total games: 2700
2023-06-30 05:36:58,553 INFO:Total games: 2710
2023-06-30 05:38:40,262 INFO:Total games: 2720
2023-06-30 05:40:32,588 INFO:Total games: 2730
2023-06-30 05:42:27,704 INFO:Total games: 2740
2023-06-30 05:44:20,876 INFO:Total games: 2750
2023-06-30 05:46:09,430 INFO:Total games: 2760
2023-06-30 05:47:54,687 INFO:Total games: 2770
2023-06-30 05:49:53,629 INFO:Total games: 2780
2023-06-30 05:51:44,777 INFO:Total games: 2790
2023-06-30 05:53:34,220 INFO:Total games: 2800
2023-06-30 05:55:22,029 INFO:Total games: 2810
2023-06-30 05:57:10,881 INFO:Total games: 2820
2023-06-30 05:59:11,646 INFO:Total games: 2830
2023-06-30 06:01:03,634 INFO:Total games: 2840
2023-06-30 06:02:59,133 INFO:Total games: 2850
2023-06-30 06:04:53,264 INFO:Total games: 2860
2023-06-30 06:06:38,626 INFO:Total games: 2870
2023-06-30 06:08:34,563 INFO:Total games: 2880
2023-06-30 06:10:23,647 INFO:Total games: 2890
2023-06-30 06:12:12,853 INFO:Total games: 2900
2023-06-30 06:14:02,213 INFO:Total games: 2910
2023-06-30 06:15:42,104 INFO:Total games: 2920
2023-06-30 06:17:34,466 INFO:Total games: 2930
2023-06-30 06:19:23,128 INFO:Total games: 2940
2023-06-30 06:21:15,908 INFO:Total games: 2950
2023-06-30 06:23:09,205 INFO:Total games: 2960
2023-06-30 06:24:58,445 INFO:Total games: 2970
2023-06-30 06:26:56,392 INFO:Total games: 2980
2023-06-30 06:28:37,145 INFO:Total games: 2990
2023-06-30 06:30:29,245 INFO:Total games: 3000
2023-06-30 06:32:19,666 INFO:Total games: 3010
2023-06-30 06:34:07,284 INFO:Total games: 3020
2023-06-30 06:35:59,484 INFO:Total games: 3030
2023-06-30 06:37:42,725 INFO:Total games: 3040
2023-06-30 06:39:36,624 INFO:Total games: 3050
2023-06-30 06:41:28,441 INFO:Total games: 3060
2023-06-30 06:43:14,658 INFO:Total games: 3070
2023-06-30 06:45:07,381 INFO:Total games: 3080
2023-06-30 06:47:01,227 INFO:Total games: 3090
2023-06-30 06:48:55,307 INFO:Total games: 3100
2023-06-30 06:50:48,756 INFO:Total games: 3110
2023-06-30 06:52:41,441 INFO:Total games: 3120
2023-06-30 06:54:30,273 INFO:Total games: 3130
2023-06-30 06:56:24,496 INFO:Total games: 3140
2023-06-30 06:58:06,772 INFO:Total games: 3150
2023-06-30 06:59:58,091 INFO:Total games: 3160
2023-06-30 07:01:49,013 INFO:Total games: 3170
2023-06-30 07:03:41,588 INFO:Total games: 3180
2023-06-30 07:05:35,295 INFO:Total games: 3190
2023-06-30 07:07:35,500 INFO:Total games: 3200
2023-06-30 07:09:28,365 INFO:Total games: 3210
2023-06-30 07:11:18,914 INFO:Total games: 3220
2023-06-30 07:13:06,787 INFO:Total games: 3230
2023-06-30 07:14:54,227 INFO:Total games: 3240
2023-06-30 07:16:49,100 INFO:Total games: 3250
2023-06-30 07:18:39,278 INFO:Total games: 3260
2023-06-30 07:20:29,766 INFO:Total games: 3270
2023-06-30 07:22:19,717 INFO:Total games: 3280
2023-06-30 07:24:13,019 INFO:Total games: 3290
2023-06-30 07:26:02,798 INFO:Total games: 3300
2023-06-30 07:28:02,128 INFO:Total games: 3310
2023-06-30 07:29:56,763 INFO:Total games: 3320
2023-06-30 07:31:44,852 INFO:Total games: 3330
2023-06-30 07:33:37,803 INFO:Total games: 3340
2023-06-30 07:35:32,064 INFO:Total games: 3350
2023-06-30 07:37:07,308 INFO:Total games: 3360
2023-06-30 07:38:57,060 INFO:Total games: 3370
2023-06-30 07:40:38,799 INFO:Total games: 3380
2023-06-30 07:42:33,850 INFO:Total games: 3390
2023-06-30 07:44:19,671 INFO:Total games: 3400
2023-06-30 07:46:10,266 INFO:Total games: 3410
2023-06-30 07:47:59,378 INFO:Total games: 3420
2023-06-30 07:50:01,331 INFO:Total games: 3430
2023-06-30 07:51:55,242 INFO:Total games: 3440
2023-06-30 07:53:46,799 INFO:Total games: 3450
2023-06-30 07:55:39,829 INFO:Total games: 3460
2023-06-30 07:57:30,985 INFO:Total games: 3470
2023-06-30 07:59:15,952 INFO:Total games: 3480
2023-06-30 08:01:06,642 INFO:Total games: 3490
2023-06-30 08:03:01,310 INFO:Total games: 3500
2023-06-30 08:04:54,767 INFO:Total games: 3510
2023-06-30 08:06:46,995 INFO:Total games: 3520
2023-06-30 08:08:42,334 INFO:Total games: 3530
2023-06-30 08:10:33,550 INFO:Total games: 3540
2023-06-30 08:12:34,720 INFO:Total games: 3550
2023-06-30 08:14:29,763 INFO:Total games: 3560
2023-06-30 08:16:22,809 INFO:Total games: 3570
2023-06-30 08:18:13,005 INFO:Total games: 3580
2023-06-30 08:19:57,614 INFO:Total games: 3590
2023-06-30 08:21:47,447 INFO:Total games: 3600
2023-06-30 08:23:49,904 INFO:Total games: 3610
2023-06-30 08:25:43,102 INFO:Total games: 3620
2023-06-30 08:27:31,958 INFO:Total games: 3630
2023-06-30 08:29:27,041 INFO:Total games: 3640
2023-06-30 08:31:16,216 INFO:Total games: 3650
2023-06-30 08:33:00,372 INFO:Total games: 3660
2023-06-30 08:34:56,737 INFO:Total games: 3670
2023-06-30 08:36:49,637 INFO:Total games: 3680
2023-06-30 08:38:39,565 INFO:Total games: 3690
2023-06-30 08:40:27,682 INFO:Total games: 3700
2023-06-30 08:42:21,993 INFO:Total games: 3710
2023-06-30 08:44:05,588 INFO:Total games: 3720
2023-06-30 08:45:52,445 INFO:Total games: 3730
2023-06-30 08:47:51,371 INFO:Total games: 3740
2023-06-30 08:49:44,829 INFO:Total games: 3750
2023-06-30 08:51:40,978 INFO:Total games: 3760
2023-06-30 08:53:31,192 INFO:Total games: 3770
2023-06-30 08:55:25,195 INFO:Total games: 3780
2023-06-30 08:57:18,795 INFO:Total games: 3790
2023-06-30 08:59:13,413 INFO:Total games: 3800
2023-06-30 09:00:54,082 INFO:Total games: 3810
2023-06-30 09:02:44,693 INFO:Total games: 3820
2023-06-30 09:04:32,000 INFO:Total games: 3830
2023-06-30 09:06:23,277 INFO:Total games: 3840
2023-06-30 09:08:16,387 INFO:Total games: 3850
2023-06-30 09:10:10,514 INFO:Total games: 3860
2023-06-30 09:12:05,765 INFO:Total games: 3870
2023-06-30 09:13:59,372 INFO:Total games: 3880
2023-06-30 09:15:54,469 INFO:Total games: 3890
2023-06-30 09:17:47,850 INFO:Total games: 3900
2023-06-30 09:19:33,663 INFO:Total games: 3910
2023-06-30 09:21:18,465 INFO:Total games: 3920
2023-06-30 09:23:06,136 INFO:Total games: 3930
2023-06-30 09:25:04,486 INFO:Total games: 3940
2023-06-30 09:26:59,791 INFO:Total games: 3950
2023-06-30 09:28:47,388 INFO:Total games: 3960
2023-06-30 09:30:42,505 INFO:Total games: 3970
2023-06-30 09:32:32,319 INFO:Total games: 3980
2023-06-30 09:34:19,408 INFO:Total games: 3990
2023-06-30 09:36:09,249 INFO:Total games: 4000
2023-06-30 09:38:10,321 INFO:Total games: 4010
2023-06-30 09:39:58,698 INFO:Total games: 4020
2023-06-30 09:41:45,025 INFO:Total games: 4030
2023-06-30 09:43:34,128 INFO:Total games: 4040
2023-06-30 09:45:23,985 INFO:Total games: 4050
2023-06-30 09:47:09,000 INFO:Total games: 4060
2023-06-30 09:48:59,921 INFO:Total games: 4070
2023-06-30 09:51:01,104 INFO:Total games: 4080
2023-06-30 09:52:53,892 INFO:Total games: 4090
2023-06-30 09:54:45,630 INFO:Total games: 4100
2023-06-30 09:56:35,721 INFO:Total games: 4110
2023-06-30 09:58:25,565 INFO:Total games: 4120
2023-06-30 10:00:13,120 INFO:Total games: 4130
2023-06-30 10:01:58,605 INFO:Total games: 4140
2023-06-30 10:03:52,418 INFO:Total games: 4150
2023-06-30 10:05:46,287 INFO:Total games: 4160
2023-06-30 10:07:31,792 INFO:Total games: 4170
2023-06-30 10:09:23,047 INFO:Total games: 4180
2023-06-30 10:11:08,971 INFO:Total games: 4190
2023-06-30 10:13:00,501 INFO:Total games: 4200
2023-06-30 10:14:51,336 INFO:Total games: 4210
2023-06-30 10:16:45,950 INFO:Total games: 4220
2023-06-30 10:18:48,989 INFO:Total games: 4230
2023-06-30 10:20:40,665 INFO:Total games: 4240
2023-06-30 10:22:28,764 INFO:Total games: 4250
2023-06-30 10:24:11,977 INFO:Total games: 4260
2023-06-30 10:25:55,908 INFO:Total games: 4270
2023-06-30 10:27:47,273 INFO:Total games: 4280
2023-06-30 10:29:34,264 INFO:Total games: 4290
2023-06-30 10:31:37,805 INFO:Total games: 4300
2023-06-30 10:33:26,950 INFO:Total games: 4310
2023-06-30 10:35:22,501 INFO:Total games: 4320
2023-06-30 10:37:12,998 INFO:Total games: 4330
2023-06-30 10:39:05,009 INFO:Total games: 4340
2023-06-30 10:40:55,965 INFO:Total games: 4350
2023-06-30 10:42:38,440 INFO:Total games: 4360
2023-06-30 10:44:30,695 INFO:Total games: 4370
2023-06-30 10:46:33,260 INFO:Total games: 4380
2023-06-30 10:48:23,538 INFO:Total games: 4390
2023-06-30 10:50:13,489 INFO:Total games: 4400
2023-06-30 10:52:08,196 INFO:Total games: 4410
2023-06-30 10:53:58,513 INFO:Total games: 4420
2023-06-30 10:55:52,758 INFO:Total games: 4430
2023-06-30 10:57:46,347 INFO:Total games: 4440
2023-06-30 10:59:49,797 INFO:Total games: 4450
2023-06-30 11:01:35,178 INFO:Total games: 4460
2023-06-30 11:03:18,499 INFO:Total games: 4470
2023-06-30 11:05:03,602 INFO:Total games: 4480
2023-06-30 11:06:50,104 INFO:Total games: 4490
2023-06-30 11:08:36,361 INFO:Total games: 4500
2023-06-30 11:10:30,629 INFO:Total games: 4510
2023-06-30 11:12:22,997 INFO:Total games: 4520
2023-06-30 11:14:22,540 INFO:Total games: 4530
2023-06-30 11:16:18,385 INFO:Total games: 4540
2023-06-30 11:18:09,757 INFO:Total games: 4550
2023-06-30 11:20:04,548 INFO:Total games: 4560
2023-06-30 11:21:54,749 INFO:Total games: 4570
2023-06-30 11:23:35,978 INFO:Total games: 4580
2023-06-30 11:25:18,231 INFO:Total games: 4590
2023-06-30 11:27:11,539 INFO:Total games: 4600
2023-06-30 11:29:13,027 INFO:Total games: 4610
2023-06-30 11:31:06,465 INFO:Total games: 4620
2023-06-30 11:33:01,228 INFO:Total games: 4630
2023-06-30 11:34:52,817 INFO:Total games: 4640
2023-06-30 11:36:42,898 INFO:Total games: 4650
2023-06-30 11:38:29,505 INFO:Total games: 4660
2023-06-30 11:40:23,896 INFO:Total games: 4670
2023-06-30 11:42:17,208 INFO:Total games: 4680
2023-06-30 11:42:28,567 INFO:Loaded new best model
2023-06-30 11:43:52,240 INFO:Total games: 4690
2023-06-30 11:45:18,605 INFO:Total games: 4700
2023-06-30 11:46:51,956 INFO:Total games: 4710
2023-06-30 11:48:28,525 INFO:Total games: 4720
2023-06-30 11:49:57,141 INFO:Total games: 4730
2023-06-30 11:51:36,503 INFO:Total games: 4740
2023-06-30 11:53:10,670 INFO:Total games: 4750
2023-06-30 11:54:45,823 INFO:Total games: 4760
2023-06-30 11:56:21,211 INFO:Total games: 4770
2023-06-30 11:57:58,597 INFO:Total games: 4780
2023-06-30 11:59:34,976 INFO:Total games: 4790
2023-06-30 12:01:23,500 INFO:Total games: 4800
2023-06-30 12:02:54,339 INFO:Total games: 4810
2023-06-30 12:04:26,901 INFO:Total games: 4820
2023-06-30 12:06:01,634 INFO:Total games: 4830
2023-06-30 12:07:40,153 INFO:Total games: 4840
2023-06-30 12:09:14,965 INFO:Total games: 4850
2023-06-30 12:10:57,773 INFO:Total games: 4860
2023-06-30 12:12:40,874 INFO:Total games: 4870
2023-06-30 12:14:23,959 INFO:Total games: 4880
2023-06-30 12:15:54,166 INFO:Total games: 4890
2023-06-30 12:17:29,590 INFO:Total games: 4900
2023-06-30 12:19:23,007 INFO:Total games: 4910
2023-06-30 12:21:03,115 INFO:Total games: 4920
2023-06-30 12:22:40,177 INFO:Total games: 4930
2023-06-30 12:24:13,244 INFO:Total games: 4940
2023-06-30 12:25:50,167 INFO:Total games: 4950
2023-06-30 12:27:32,289 INFO:Total games: 4960
2023-06-30 12:29:10,001 INFO:Total games: 4970
2023-06-30 12:30:49,066 INFO:Total games: 4980
2023-06-30 12:32:24,325 INFO:Total games: 4990
2023-06-30 12:34:01,117 INFO:Total games: 5000
2023-06-30 12:35:55,647 INFO:Total games: 5010
2023-06-30 12:37:36,239 INFO:Total games: 5020
2023-06-30 12:39:16,548 INFO:Total games: 5030
2023-06-30 12:41:10,760 INFO:Total games: 5040
2023-06-30 12:42:56,085 INFO:Total games: 5050
2023-06-30 12:44:38,042 INFO:Total games: 5060
2023-06-30 12:46:36,097 INFO:Total games: 5070
2023-06-30 12:48:12,471 INFO:Total games: 5080
2023-06-30 12:49:46,953 INFO:Total games: 5090
2023-06-30 12:51:15,634 INFO:Total games: 5100
2023-06-30 12:52:51,779 INFO:Total games: 5110
2023-06-30 12:54:44,081 INFO:Total games: 5120
2023-06-30 12:56:26,228 INFO:Total games: 5130
2023-06-30 12:58:05,450 INFO:Total games: 5140
2023-06-30 12:59:42,488 INFO:Total games: 5150
2023-06-30 13:01:20,914 INFO:Total games: 5160
2023-06-30 13:02:56,387 INFO:Total games: 5170
2023-06-30 13:04:36,564 INFO:Total games: 5180
2023-06-30 13:06:07,223 INFO:Total games: 5190
2023-06-30 13:07:48,911 INFO:Total games: 5200
2023-06-30 13:09:27,524 INFO:Total games: 5210
2023-06-30 13:09:27,828 INFO:Loaded new best model
2023-06-30 13:11:19,783 INFO:Total games: 5220
2023-06-30 13:13:23,016 INFO:Total games: 5230
2023-06-30 13:15:15,364 INFO:Total games: 5240
2023-06-30 13:17:13,463 INFO:Total games: 5250
2023-06-30 13:19:13,312 INFO:Total games: 5260
2023-06-30 13:21:13,955 INFO:Total games: 5270
2023-06-30 13:23:12,398 INFO:Total games: 5280
2023-06-30 13:25:15,503 INFO:Total games: 5290
2023-06-30 13:27:20,225 INFO:Total games: 5300
2023-06-30 13:29:25,050 INFO:Total games: 5310
2023-06-30 13:31:47,630 INFO:Total games: 5320
2023-06-30 13:33:48,434 INFO:Total games: 5330
2023-06-30 13:35:45,424 INFO:Total games: 5340
2023-06-30 13:37:42,616 INFO:Total games: 5350
2023-06-30 13:39:47,698 INFO:Total games: 5360
2023-06-30 13:41:58,637 INFO:Total games: 5370
2023-06-30 13:43:57,671 INFO:Total games: 5380
2023-06-30 13:45:55,698 INFO:Total games: 5390
2023-06-30 13:47:53,931 INFO:Total games: 5400
2023-06-30 13:50:03,778 INFO:Total games: 5410
2023-06-30 13:52:03,705 INFO:Total games: 5420
2023-06-30 13:54:01,012 INFO:Total games: 5430
2023-06-30 13:55:59,005 INFO:Total games: 5440
2023-06-30 13:58:04,583 INFO:Total games: 5450
2023-06-30 14:00:00,357 INFO:Total games: 5460
2023-06-30 14:01:55,614 INFO:Total games: 5470
2023-06-30 14:03:55,105 INFO:Total games: 5480
2023-06-30 14:05:58,188 INFO:Total games: 5490
2023-06-30 14:08:09,711 INFO:Total games: 5500
2023-06-30 14:10:08,596 INFO:Total games: 5510
2023-06-30 14:12:07,221 INFO:Total games: 5520
2023-06-30 14:14:10,117 INFO:Total games: 5530
2023-06-30 14:16:10,048 INFO:Total games: 5540
2023-06-30 14:18:08,664 INFO:Total games: 5550
2023-06-30 14:20:05,393 INFO:Total games: 5560
2023-06-30 14:22:02,350 INFO:Total games: 5570
2023-06-30 14:23:46,428 INFO:Total games: 5580
2023-06-30 14:25:34,186 INFO:Total games: 5590
2023-06-30 14:27:47,567 INFO:Total games: 5600
2023-06-30 14:29:42,489 INFO:Total games: 5610
2023-06-30 14:31:40,209 INFO:Total games: 5620
2023-06-30 14:33:34,703 INFO:Total games: 5630
2023-06-30 14:35:32,483 INFO:Total games: 5640
2023-06-30 14:37:30,894 INFO:Total games: 5650
2023-06-30 14:39:29,429 INFO:Total games: 5660
2023-06-30 14:41:27,885 INFO:Total games: 5670
2023-06-30 14:43:22,016 INFO:Total games: 5680
2023-06-30 14:45:17,006 INFO:Total games: 5690
2023-06-30 14:47:23,253 INFO:Total games: 5700
2023-06-30 14:49:22,173 INFO:Total games: 5710
2023-06-30 14:51:20,405 INFO:Total games: 5720
2023-06-30 14:53:17,082 INFO:Total games: 5730
2023-06-30 14:55:14,585 INFO:Total games: 5740
2023-06-30 14:57:10,737 INFO:Total games: 5750
2023-06-30 14:59:05,443 INFO:Total games: 5760
2023-06-30 15:01:03,882 INFO:Total games: 5770
2023-06-30 15:03:00,727 INFO:Total games: 5780
2023-06-30 15:04:59,594 INFO:Total games: 5790
2023-06-30 15:07:05,379 INFO:Total games: 5800
2023-06-30 15:08:55,812 INFO:Total games: 5810
2023-06-30 15:10:53,778 INFO:Total games: 5820
2023-06-30 15:12:52,698 INFO:Total games: 5830
2023-06-30 15:14:52,525 INFO:Total games: 5840
2023-06-30 15:16:49,879 INFO:Total games: 5850
2023-06-30 15:18:48,915 INFO:Total games: 5860
2023-06-30 15:20:46,413 INFO:Total games: 5870
2023-06-30 15:22:41,919 INFO:Total games: 5880
2023-06-30 15:24:33,558 INFO:Total games: 5890
2023-06-30 15:26:45,760 INFO:Total games: 5900
2023-06-30 15:28:32,912 INFO:Total games: 5910
2023-06-30 15:30:30,163 INFO:Total games: 5920
2023-06-30 15:32:27,427 INFO:Total games: 5930
2023-06-30 15:34:23,970 INFO:Total games: 5940
2023-06-30 15:36:22,114 INFO:Total games: 5950
2023-06-30 15:38:19,598 INFO:Total games: 5960
2023-06-30 15:40:14,812 INFO:Total games: 5970
2023-06-30 15:42:11,586 INFO:Total games: 5980
2023-06-30 15:44:08,481 INFO:Total games: 5990
2023-06-30 15:46:17,181 INFO:Total games: 6000
2023-06-30 15:48:12,054 INFO:Total games: 6010
2023-06-30 15:49:53,057 INFO:Total games: 6020
2023-06-30 15:51:43,777 INFO:Total games: 6030
2023-06-30 15:53:42,659 INFO:Total games: 6040
2023-06-30 15:55:41,648 INFO:Total games: 6050
2023-06-30 15:57:34,541 INFO:Total games: 6060
2023-06-30 15:59:33,037 INFO:Total games: 6070
2023-06-30 16:01:30,565 INFO:Total games: 6080
2023-06-30 16:03:28,457 INFO:Total games: 6090
2023-06-30 16:05:25,158 INFO:Total games: 6100
2023-06-30 16:07:35,965 INFO:Total games: 6110
2023-06-30 16:09:42,233 INFO:Total games: 6120
2023-06-30 16:11:47,716 INFO:Total games: 6130
2023-06-30 16:13:50,401 INFO:Total games: 6140
2023-06-30 16:15:58,095 INFO:Total games: 6150
2023-06-30 16:18:09,003 INFO:Total games: 6160
2023-06-30 16:20:16,393 INFO:Total games: 6170
2023-06-30 16:22:14,721 INFO:Total games: 6180
2023-06-30 16:24:13,175 INFO:Total games: 6190
2023-06-30 16:26:11,011 INFO:Total games: 6200
2023-06-30 16:28:07,378 INFO:Total games: 6210
2023-06-30 16:30:21,452 INFO:Total games: 6220
2023-06-30 16:32:20,148 INFO:Total games: 6230
2023-06-30 16:34:12,717 INFO:Total games: 6240
2023-06-30 16:36:05,788 INFO:Total games: 6250
2023-06-30 16:38:03,189 INFO:Total games: 6260
2023-06-30 16:39:58,152 INFO:Total games: 6270
2023-06-30 16:41:52,361 INFO:Total games: 6280
2023-06-30 16:43:50,547 INFO:Total games: 6290
2023-06-30 16:45:47,349 INFO:Total games: 6300
2023-06-30 16:47:45,224 INFO:Total games: 6310
2023-06-30 16:49:40,381 INFO:Total games: 6320
2023-06-30 16:51:50,947 INFO:Total games: 6330
2023-06-30 16:53:49,922 INFO:Total games: 6340
2023-06-30 16:55:47,671 INFO:Total games: 6350
2023-06-30 16:57:38,873 INFO:Total games: 6360
2023-06-30 16:59:30,639 INFO:Total games: 6370
2023-06-30 17:01:22,184 INFO:Total games: 6380
2023-06-30 17:03:19,996 INFO:Total games: 6390
2023-06-30 17:05:16,523 INFO:Total games: 6400
2023-06-30 17:07:12,299 INFO:Total games: 6410
2023-06-30 17:09:07,768 INFO:Total games: 6420
2023-06-30 17:11:02,589 INFO:Total games: 6430
2023-06-30 17:13:15,854 INFO:Total games: 6440
2023-06-30 17:15:13,579 INFO:Total games: 6450
2023-06-30 17:17:10,378 INFO:Total games: 6460
2023-06-30 17:19:04,738 INFO:Total games: 6470
2023-06-30 17:20:59,416 INFO:Total games: 6480
2023-06-30 17:22:59,189 INFO:Total games: 6490
2023-06-30 17:24:57,755 INFO:Total games: 6500
2023-06-30 17:26:56,203 INFO:Total games: 6510
2023-06-30 17:28:54,226 INFO:Total games: 6520
2023-06-30 17:30:51,413 INFO:Total games: 6530
2023-06-30 17:32:47,904 INFO:Total games: 6540
2023-06-30 17:35:01,428 INFO:Total games: 6550
2023-06-30 17:36:58,777 INFO:Total games: 6560
2023-06-30 17:38:57,430 INFO:Total games: 6570
2023-06-30 17:40:45,473 INFO:Total games: 6580
2023-06-30 17:42:44,529 INFO:Total games: 6590
2023-06-30 17:44:40,343 INFO:Total games: 6600
2023-06-30 17:46:39,312 INFO:Total games: 6610
2023-06-30 17:48:36,872 INFO:Total games: 6620
2023-06-30 17:50:35,408 INFO:Total games: 6630
2023-06-30 17:52:30,968 INFO:Total games: 6640
2023-06-30 17:54:28,413 INFO:Total games: 6650
2023-06-30 17:56:24,020 INFO:Total games: 6660
2023-06-30 17:58:39,295 INFO:Total games: 6670
2023-06-30 18:00:32,326 INFO:Total games: 6680
2023-06-30 18:02:29,050 INFO:Total games: 6690
2023-06-30 18:04:25,844 INFO:Total games: 6700
2023-06-30 18:06:24,470 INFO:Total games: 6710
2023-06-30 18:08:22,173 INFO:Total games: 6720
2023-06-30 18:10:20,255 INFO:Total games: 6730
2023-06-30 18:12:18,698 INFO:Total games: 6740
2023-06-30 18:14:15,823 INFO:Total games: 6750
2023-06-30 18:16:12,314 INFO:Total games: 6760
2023-06-30 18:18:09,703 INFO:Total games: 6770
2023-06-30 18:20:23,184 INFO:Total games: 6780
2023-06-30 18:22:11,421 INFO:Total games: 6790
2023-06-30 18:24:10,317 INFO:Total games: 6800
2023-06-30 18:26:09,166 INFO:Total games: 6810
2023-06-30 18:28:04,846 INFO:Total games: 6820
2023-06-30 18:30:04,082 INFO:Total games: 6830
2023-06-30 18:32:04,720 INFO:Total games: 6840
2023-06-30 18:34:03,349 INFO:Total games: 6850
2023-06-30 18:36:02,157 INFO:Total games: 6860
2023-06-30 18:38:00,199 INFO:Total games: 6870
2023-06-30 18:39:51,428 INFO:Total games: 6880
2023-06-30 18:41:44,290 INFO:Total games: 6890
2023-06-30 18:43:54,586 INFO:Total games: 6900
2023-06-30 18:45:53,528 INFO:Total games: 6910
2023-06-30 18:47:51,766 INFO:Total games: 6920
2023-06-30 18:49:50,324 INFO:Total games: 6930
2023-06-30 18:51:48,965 INFO:Total games: 6940
2023-06-30 18:53:48,381 INFO:Total games: 6950
2023-06-30 18:55:45,892 INFO:Total games: 6960
2023-06-30 18:57:41,297 INFO:Total games: 6970
2023-06-30 18:59:34,825 INFO:Total games: 6980
2023-06-30 19:01:28,834 INFO:Total games: 6990
2023-06-30 19:03:16,394 INFO:Total games: 7000
2023-06-30 19:05:04,729 INFO:Total games: 7010
2023-06-30 19:07:00,872 INFO:Total games: 7020
2023-06-30 19:09:15,917 INFO:Total games: 7030
2023-06-30 19:11:13,983 INFO:Total games: 7040
2023-06-30 19:13:10,077 INFO:Total games: 7050
2023-06-30 19:15:02,495 INFO:Total games: 7060
2023-06-30 19:16:58,747 INFO:Total games: 7070
2023-06-30 19:18:51,796 INFO:Total games: 7080
2023-06-30 19:20:43,519 INFO:Total games: 7090
2023-06-30 19:22:39,616 INFO:Total games: 7100
2023-06-30 19:24:33,752 INFO:Total games: 7110
2023-06-30 19:26:24,682 INFO:Total games: 7120
2023-06-30 19:28:21,633 INFO:Total games: 7130
2023-06-30 19:30:19,496 INFO:Total games: 7140
2023-06-30 19:32:35,210 INFO:Total games: 7150
2023-06-30 19:34:32,593 INFO:Total games: 7160
2023-06-30 19:36:30,340 INFO:Total games: 7170
2023-06-30 19:38:26,691 INFO:Total games: 7180
2023-06-30 19:40:24,908 INFO:Total games: 7190
2023-06-30 19:42:19,584 INFO:Total games: 7200
2023-06-30 19:44:15,296 INFO:Total games: 7210
2023-06-30 19:46:06,525 INFO:Total games: 7220
2023-06-30 19:48:03,733 INFO:Total games: 7230
2023-06-30 19:50:03,410 INFO:Total games: 7240
2023-06-30 19:51:58,896 INFO:Total games: 7250
2023-06-30 19:53:55,260 INFO:Total games: 7260
2023-06-30 19:55:52,757 INFO:Total games: 7270
2023-06-30 19:58:15,008 INFO:Total games: 7280
2023-06-30 20:00:11,881 INFO:Total games: 7290
2023-06-30 20:02:10,870 INFO:Total games: 7300
2023-06-30 20:04:09,223 INFO:Total games: 7310
2023-06-30 20:06:02,394 INFO:Total games: 7320
2023-06-30 20:07:57,168 INFO:Total games: 7330
2023-06-30 20:09:56,094 INFO:Total games: 7340
2023-06-30 20:11:52,918 INFO:Total games: 7350
2023-06-30 20:13:52,346 INFO:Total games: 7360
2023-06-30 20:15:50,339 INFO:Total games: 7370
2023-06-30 20:17:46,625 INFO:Total games: 7380
2023-06-30 20:19:45,929 INFO:Total games: 7390
2023-06-30 20:21:40,811 INFO:Total games: 7400
2023-06-30 20:23:56,059 INFO:Total games: 7410
2023-06-30 20:25:55,008 INFO:Total games: 7420
2023-06-30 20:27:47,320 INFO:Total games: 7430
2023-06-30 20:29:41,507 INFO:Total games: 7440
2023-06-30 20:31:40,046 INFO:Total games: 7450
2023-06-30 20:33:38,362 INFO:Total games: 7460
2023-06-30 20:35:39,818 INFO:Total games: 7470
2023-06-30 20:37:37,752 INFO:Total games: 7480
2023-06-30 20:39:33,482 INFO:Total games: 7490
2023-06-30 20:41:33,132 INFO:Total games: 7500
2023-06-30 20:43:28,697 INFO:Total games: 7510
2023-06-30 20:45:25,848 INFO:Total games: 7520
2023-06-30 20:47:21,859 INFO:Total games: 7530
2023-06-30 20:49:25,839 INFO:Total games: 7540
2023-06-30 20:51:16,185 INFO:Total games: 7550
2023-06-30 20:53:12,754 INFO:Total games: 7560
2023-06-30 20:55:08,919 INFO:Total games: 7570
2023-06-30 20:57:06,255 INFO:Total games: 7580
2023-06-30 20:59:04,466 INFO:Total games: 7590
2023-06-30 21:01:02,778 INFO:Total games: 7600
2023-06-30 21:03:03,156 INFO:Total games: 7610
2023-06-30 21:05:02,862 INFO:Total games: 7620
2023-06-30 21:06:59,067 INFO:Total games: 7630
2023-06-30 21:08:55,861 INFO:Total games: 7640
2023-06-30 21:10:46,829 INFO:Total games: 7650
2023-06-30 21:12:41,043 INFO:Total games: 7660
2023-06-30 21:14:37,432 INFO:Total games: 7670
2023-06-30 21:16:55,390 INFO:Total games: 7680
2023-06-30 21:18:53,591 INFO:Total games: 7690
2023-06-30 21:20:54,481 INFO:Total games: 7700
2023-06-30 21:22:53,840 INFO:Total games: 7710
2023-06-30 21:24:52,282 INFO:Total games: 7720
2023-06-30 21:26:51,380 INFO:Total games: 7730
2023-06-30 21:28:51,190 INFO:Total games: 7740
2023-06-30 21:30:46,425 INFO:Total games: 7750
2023-06-30 21:32:40,773 INFO:Total games: 7760
2023-06-30 21:34:40,162 INFO:Total games: 7770
2023-06-30 21:36:38,006 INFO:Total games: 7780
2023-06-30 21:38:36,066 INFO:Total games: 7790
2023-06-30 21:40:33,148 INFO:Total games: 7800
2023-06-30 21:42:31,776 INFO:Total games: 7810
2023-06-30 21:44:47,567 INFO:Total games: 7820
2023-06-30 21:46:47,184 INFO:Total games: 7830
2023-06-30 21:48:41,978 INFO:Total games: 7840
2023-06-30 21:50:38,136 INFO:Total games: 7850
2023-06-30 21:52:31,180 INFO:Total games: 7860
2023-06-30 21:54:28,971 INFO:Total games: 7870
2023-06-30 21:56:23,558 INFO:Total games: 7880
2023-06-30 21:58:22,561 INFO:Total games: 7890
2023-06-30 22:00:19,515 INFO:Total games: 7900
2023-06-30 22:02:16,640 INFO:Total games: 7910
2023-06-30 22:04:11,625 INFO:Total games: 7920
2023-06-30 22:06:09,699 INFO:Total games: 7930
2023-06-30 22:08:04,877 INFO:Total games: 7940
2023-06-30 22:10:02,018 INFO:Total games: 7950
2023-06-30 22:12:16,955 INFO:Total games: 7960
2023-06-30 22:14:14,252 INFO:Total games: 7970
2023-06-30 22:16:11,654 INFO:Total games: 7980
2023-06-30 22:18:06,982 INFO:Total games: 7990
2023-06-30 22:20:02,524 INFO:Total games: 8000
2023-06-30 22:21:59,145 INFO:Total games: 8010
2023-06-30 22:23:58,472 INFO:Total games: 8020
2023-06-30 22:25:55,378 INFO:Total games: 8030
2023-06-30 22:27:51,366 INFO:Total games: 8040
2023-06-30 22:29:44,555 INFO:Total games: 8050
2023-06-30 22:31:40,525 INFO:Total games: 8060
2023-06-30 22:33:32,174 INFO:Total games: 8070
2023-06-30 22:35:21,868 INFO:Total games: 8080
2023-06-30 22:37:17,114 INFO:Total games: 8090
2023-06-30 22:39:37,095 INFO:Total games: 8100
2023-06-30 22:41:29,582 INFO:Total games: 8110
2023-06-30 22:43:29,522 INFO:Total games: 8120
2023-06-30 22:45:29,023 INFO:Total games: 8130
2023-06-30 22:47:29,084 INFO:Total games: 8140
2023-06-30 22:49:24,237 INFO:Total games: 8150
2023-06-30 22:51:22,331 INFO:Total games: 8160
2023-06-30 22:53:18,082 INFO:Total games: 8170
2023-06-30 22:55:12,867 INFO:Total games: 8180
2023-06-30 22:57:05,411 INFO:Total games: 8190
2023-06-30 22:59:04,200 INFO:Total games: 8200
2023-06-30 23:00:59,373 INFO:Total games: 8210
2023-06-30 23:02:58,296 INFO:Total games: 8220
2023-06-30 23:04:55,809 INFO:Total games: 8230
2023-06-30 23:07:15,297 INFO:Total games: 8240
2023-06-30 23:09:11,870 INFO:Total games: 8250
2023-06-30 23:11:11,484 INFO:Total games: 8260
2023-06-30 23:13:11,031 INFO:Total games: 8270
2023-06-30 23:15:02,818 INFO:Total games: 8280
2023-06-30 23:16:58,428 INFO:Total games: 8290
2023-06-30 23:18:57,995 INFO:Total games: 8300
2023-06-30 23:20:58,405 INFO:Total games: 8310
2023-06-30 23:22:54,703 INFO:Total games: 8320
2023-06-30 23:24:53,625 INFO:Total games: 8330
2023-06-30 23:26:52,627 INFO:Total games: 8340
2023-06-30 23:28:50,623 INFO:Total games: 8350
2023-06-30 23:30:49,382 INFO:Total games: 8360
2023-06-30 23:32:48,454 INFO:Total games: 8370
2023-06-30 23:34:45,949 INFO:Total games: 8380
2023-06-30 23:36:57,873 INFO:Total games: 8390
2023-06-30 23:38:56,080 INFO:Total games: 8400
2023-06-30 23:40:55,192 INFO:Total games: 8410
2023-06-30 23:42:55,553 INFO:Total games: 8420
2023-06-30 23:44:55,095 INFO:Total games: 8430
2023-06-30 23:46:54,017 INFO:Total games: 8440
2023-06-30 23:48:49,113 INFO:Total games: 8450
2023-06-30 23:50:47,905 INFO:Total games: 8460
2023-06-30 23:52:47,610 INFO:Total games: 8470
2023-06-30 23:54:46,101 INFO:Total games: 8480
2023-06-30 23:56:37,617 INFO:Total games: 8490
2023-06-30 23:58:25,517 INFO:Total games: 8500
2023-07-01 00:00:19,503 INFO:Total games: 8510
2023-07-01 00:02:17,215 INFO:Total games: 8520
2023-07-01 00:04:10,576 INFO:Total games: 8530
2023-07-01 00:06:32,749 INFO:Total games: 8540
2023-07-01 00:08:31,497 INFO:Total games: 8550
2023-07-01 00:10:25,022 INFO:Total games: 8560
2023-07-01 00:12:24,872 INFO:Total games: 8570
2023-07-01 00:14:23,685 INFO:Total games: 8580
2023-07-01 00:16:23,106 INFO:Total games: 8590
2023-07-01 00:18:22,011 INFO:Total games: 8600
2023-07-01 00:20:14,454 INFO:Total games: 8610
2023-07-01 00:22:12,904 INFO:Total games: 8620
2023-07-01 00:24:09,636 INFO:Total games: 8630
2023-07-01 00:26:07,456 INFO:Total games: 8640
2023-07-01 00:28:03,703 INFO:Total games: 8650
2023-07-01 00:29:59,719 INFO:Total games: 8660
2023-07-01 00:31:57,243 INFO:Total games: 8670
2023-07-01 00:33:53,307 INFO:Total games: 8680
2023-07-01 00:35:51,546 INFO:Total games: 8690
2023-07-01 00:38:14,168 INFO:Total games: 8700
2023-07-01 00:40:06,608 INFO:Total games: 8710
2023-07-01 00:42:06,043 INFO:Total games: 8720
2023-07-01 00:44:04,964 INFO:Total games: 8730
2023-07-01 00:46:05,877 INFO:Total games: 8740
2023-07-01 00:48:05,127 INFO:Total games: 8750
2023-07-01 00:50:01,879 INFO:Total games: 8760
2023-07-01 00:51:59,088 INFO:Total games: 8770
2023-07-01 00:53:55,746 INFO:Total games: 8780
2023-07-01 00:55:54,088 INFO:Total games: 8790
2023-07-01 00:57:48,832 INFO:Total games: 8800
2023-07-01 00:59:38,176 INFO:Total games: 8810
2023-07-01 01:01:28,149 INFO:Total games: 8820
2023-07-01 01:03:20,818 INFO:Total games: 8830
2023-07-01 01:05:20,052 INFO:Total games: 8840
2023-07-01 01:07:41,133 INFO:Total games: 8850
2023-07-01 01:09:39,798 INFO:Total games: 8860
2023-07-01 01:11:39,906 INFO:Total games: 8870
2023-07-01 01:13:37,565 INFO:Total games: 8880
2023-07-01 01:15:37,313 INFO:Total games: 8890
2023-07-01 01:17:36,682 INFO:Total games: 8900
2023-07-01 01:19:36,002 INFO:Total games: 8910
2023-07-01 01:21:32,612 INFO:Total games: 8920
2023-07-01 01:23:18,409 INFO:Total games: 8930
2023-07-01 01:25:17,292 INFO:Total games: 8940
2023-07-01 01:27:15,063 INFO:Total games: 8950
2023-07-01 01:29:13,837 INFO:Total games: 8960
2023-07-01 01:31:08,374 INFO:Total games: 8970
2023-07-01 01:33:05,500 INFO:Total games: 8980
2023-07-01 01:35:02,627 INFO:Total games: 8990
2023-07-01 01:36:59,512 INFO:Total games: 9000
2023-07-01 01:39:22,525 INFO:Total games: 9010
2023-07-01 01:41:21,107 INFO:Total games: 9020
2023-07-01 01:43:11,848 INFO:Total games: 9030
2023-07-01 01:45:10,772 INFO:Total games: 9040
2023-07-01 01:47:09,222 INFO:Total games: 9050
2023-07-01 01:49:06,891 INFO:Total games: 9060
2023-07-01 01:51:06,321 INFO:Total games: 9070
2023-07-01 01:53:05,441 INFO:Total games: 9080
2023-07-01 01:55:03,323 INFO:Total games: 9090
2023-07-01 01:57:00,845 INFO:Total games: 9100
2023-07-01 01:58:55,831 INFO:Total games: 9110
2023-07-01 02:00:48,545 INFO:Total games: 9120
2023-07-01 02:02:38,557 INFO:Total games: 9130
2023-07-01 02:04:26,048 INFO:Total games: 9140
2023-07-01 02:06:15,026 INFO:Total games: 9150
2023-07-01 02:08:11,788 INFO:Total games: 9160
2023-07-01 02:10:34,902 INFO:Total games: 9170
2023-07-01 02:12:33,305 INFO:Total games: 9180
2023-07-01 02:14:31,920 INFO:Total games: 9190
2023-07-01 02:16:31,363 INFO:Total games: 9200
2023-07-01 02:18:29,387 INFO:Total games: 9210
2023-07-01 02:20:26,941 INFO:Total games: 9220
2023-07-01 02:22:23,692 INFO:Total games: 9230
2023-07-01 02:24:22,906 INFO:Total games: 9240
2023-07-01 02:26:08,509 INFO:Total games: 9250
2023-07-01 02:28:03,896 INFO:Total games: 9260
2023-07-01 02:30:01,760 INFO:Total games: 9270
2023-07-01 02:31:56,407 INFO:Total games: 9280
2023-07-01 02:33:54,663 INFO:Total games: 9290
2023-07-01 02:35:51,392 INFO:Total games: 9300
2023-07-01 02:37:49,264 INFO:Total games: 9310
2023-07-01 02:39:40,561 INFO:Total games: 9320
2023-07-01 02:41:37,821 INFO:Total games: 9330
2023-07-01 02:44:01,828 INFO:Total games: 9340
2023-07-01 02:45:52,983 INFO:Total games: 9350
2023-07-01 02:47:44,820 INFO:Total games: 9360
2023-07-01 02:49:42,738 INFO:Total games: 9370
2023-07-01 02:51:43,666 INFO:Total games: 9380
2023-07-01 02:53:40,608 INFO:Total games: 9390
2023-07-01 02:55:36,386 INFO:Total games: 9400
2023-07-01 02:57:34,862 INFO:Total games: 9410
2023-07-01 02:59:34,125 INFO:Total games: 9420
2023-07-01 03:01:33,331 INFO:Total games: 9430
2023-07-01 03:03:32,881 INFO:Total games: 9440
2023-07-01 03:05:30,067 INFO:Total games: 9450
2023-07-01 03:07:25,426 INFO:Total games: 9460
2023-07-01 03:09:21,056 INFO:Total games: 9470
2023-07-01 03:11:16,301 INFO:Total games: 9480
2023-07-01 03:13:08,633 INFO:Total games: 9490
2023-07-01 03:15:04,025 INFO:Total games: 9500
2023-07-01 03:17:29,031 INFO:Total games: 9510
2023-07-01 03:19:27,673 INFO:Total games: 9520
2023-07-01 03:21:23,349 INFO:Total games: 9530
2023-07-01 03:23:22,642 INFO:Total games: 9540
2023-07-01 03:25:20,670 INFO:Total games: 9550
2023-07-01 03:27:14,944 INFO:Total games: 9560
2023-07-01 03:29:07,561 INFO:Total games: 9570
2023-07-01 03:31:06,795 INFO:Total games: 9580
2023-07-01 03:33:02,228 INFO:Total games: 9590
2023-07-01 03:35:01,538 INFO:Total games: 9600
2023-07-01 03:36:59,321 INFO:Total games: 9610
2023-07-01 03:38:58,765 INFO:Total games: 9620
2023-07-01 03:40:58,031 INFO:Total games: 9630
2023-07-01 03:42:50,322 INFO:Total games: 9640
2023-07-01 03:44:47,494 INFO:Total games: 9650
2023-07-01 03:46:46,097 INFO:Total games: 9660
2023-07-01 03:48:39,100 INFO:Total games: 9670
2023-07-01 03:50:59,851 INFO:Total games: 9680
2023-07-01 03:52:50,863 INFO:Total games: 9690
2023-07-01 03:54:48,683 INFO:Total games: 9700
2023-07-01 03:56:49,424 INFO:Total games: 9710
2023-07-01 03:58:52,378 INFO:Total games: 9720
2023-07-01 04:00:51,730 INFO:Total games: 9730
2023-07-01 04:02:51,317 INFO:Total games: 9740
2023-07-01 04:04:47,604 INFO:Total games: 9750
2023-07-01 04:06:40,394 INFO:Total games: 9760
2023-07-01 04:08:38,259 INFO:Total games: 9770
2023-07-01 04:10:30,939 INFO:Total games: 9780
2023-07-01 04:12:22,769 INFO:Total games: 9790
2023-07-01 04:14:21,667 INFO:Total games: 9800
2023-07-01 04:16:17,751 INFO:Total games: 9810
2023-07-01 04:18:15,414 INFO:Total games: 9820
2023-07-01 04:20:09,597 INFO:Total games: 9830
2023-07-01 04:22:06,682 INFO:Total games: 9840
2023-07-01 04:24:32,459 INFO:Total games: 9850
2023-07-01 04:26:31,628 INFO:Total games: 9860
2023-07-01 04:28:29,744 INFO:Total games: 9870
2023-07-01 04:30:29,492 INFO:Total games: 9880
2023-07-01 04:32:22,384 INFO:Total games: 9890
2023-07-01 04:34:19,255 INFO:Total games: 9900
2023-07-01 04:36:18,173 INFO:Total games: 9910
2023-07-01 04:38:16,022 INFO:Total games: 9920
2023-07-01 04:40:15,716 INFO:Total games: 9930
2023-07-01 04:42:15,051 INFO:Total games: 9940
2023-07-01 04:44:13,433 INFO:Total games: 9950
2023-07-01 04:46:11,945 INFO:Total games: 9960
2023-07-01 04:48:12,196 INFO:Total games: 9970
2023-07-01 04:50:08,893 INFO:Total games: 9980
2023-07-01 04:52:06,585 INFO:Total games: 9990
2023-07-01 04:53:57,213 INFO:Total games: 10000
2023-07-01 04:55:56,758 INFO:Total games: 10010
2023-07-01 04:57:52,697 INFO:Total games: 10020
2023-07-01 05:00:20,776 INFO:Total games: 10030
2023-07-01 05:02:19,290 INFO:Total games: 10040
2023-07-01 05:04:14,480 INFO:Total games: 10050
2023-07-01 05:06:14,211 INFO:Total games: 10060
2023-07-01 05:08:13,768 INFO:Total games: 10070
2023-07-01 05:10:06,718 INFO:Total games: 10080
2023-07-01 05:12:03,319 INFO:Total games: 10090
2023-07-01 05:13:52,905 INFO:Total games: 10100
2023-07-01 05:15:45,117 INFO:Total games: 10110
2023-07-01 05:17:43,322 INFO:Total games: 10120
2023-07-01 05:19:37,208 INFO:Total games: 10130
2023-07-01 05:21:32,295 INFO:Total games: 10140
2023-07-01 05:23:31,141 INFO:Total games: 10150
2023-07-01 05:25:29,599 INFO:Total games: 10160
2023-07-01 05:27:24,944 INFO:Total games: 10170
2023-07-01 05:29:21,183 INFO:Total games: 10180
2023-07-01 05:31:15,813 INFO:Total games: 10190
2023-07-01 05:33:13,148 INFO:Total games: 10200
2023-07-01 05:35:33,805 INFO:Total games: 10210
2023-07-01 05:37:28,353 INFO:Total games: 10220
2023-07-01 05:39:28,483 INFO:Total games: 10230
2023-07-01 05:41:28,768 INFO:Total games: 10240
2023-07-01 05:43:25,707 INFO:Total games: 10250
2023-07-01 05:45:25,801 INFO:Total games: 10260
2023-07-01 05:47:22,984 INFO:Total games: 10270
2023-07-01 05:49:21,398 INFO:Total games: 10280
2023-07-01 05:51:18,274 INFO:Total games: 10290
2023-07-01 05:53:15,015 INFO:Total games: 10300
2023-07-01 05:55:12,610 INFO:Total games: 10310
2023-07-01 05:57:02,801 INFO:Total games: 10320
2023-07-01 05:59:00,465 INFO:Total games: 10330
2023-07-01 06:00:58,694 INFO:Total games: 10340
2023-07-01 06:02:53,238 INFO:Total games: 10350
2023-07-01 06:04:48,166 INFO:Total games: 10360
2023-07-01 06:06:47,891 INFO:Total games: 10370
2023-07-01 06:08:44,858 INFO:Total games: 10380
2023-07-01 06:10:42,409 INFO:Total games: 10390
2023-07-01 06:13:05,019 INFO:Total games: 10400
2023-07-01 06:15:02,229 INFO:Total games: 10410
2023-07-01 06:16:56,014 INFO:Total games: 10420
2023-07-01 06:18:53,844 INFO:Total games: 10430
2023-07-01 06:20:52,975 INFO:Total games: 10440
2023-07-01 06:22:50,437 INFO:Total games: 10450
2023-07-01 06:24:47,710 INFO:Total games: 10460
2023-07-01 06:26:44,163 INFO:Total games: 10470
2023-07-01 06:28:44,536 INFO:Total games: 10480
2023-07-01 06:30:45,127 INFO:Total games: 10490
2023-07-01 06:32:39,596 INFO:Total games: 10500
2023-07-01 06:34:35,962 INFO:Total games: 10510
2023-07-01 06:36:28,586 INFO:Total games: 10520
2023-07-01 06:38:19,281 INFO:Total games: 10530
2023-07-01 06:40:13,093 INFO:Total games: 10540
2023-07-01 06:42:12,032 INFO:Total games: 10550
2023-07-01 06:44:08,493 INFO:Total games: 10560
2023-07-01 06:46:06,913 INFO:Total games: 10570
2023-07-01 06:48:02,779 INFO:Total games: 10580
2023-07-01 06:50:28,696 INFO:Total games: 10590
2023-07-01 06:52:27,749 INFO:Total games: 10600
2023-07-01 06:54:23,768 INFO:Total games: 10610
2023-07-01 06:56:20,908 INFO:Total games: 10620
2023-07-01 06:58:15,838 INFO:Total games: 10630
2023-07-01 07:00:08,504 INFO:Total games: 10640
2023-07-01 07:02:03,381 INFO:Total games: 10650
2023-07-01 07:03:56,488 INFO:Total games: 10660
2023-07-01 07:05:51,856 INFO:Total games: 10670
2023-07-01 07:07:45,792 INFO:Total games: 10680
2023-07-01 07:09:40,538 INFO:Total games: 10690
2023-07-01 07:11:38,131 INFO:Total games: 10700
2023-07-01 07:13:34,461 INFO:Total games: 10710
2023-07-01 07:15:28,574 INFO:Total games: 10720
2023-07-01 07:17:26,872 INFO:Total games: 10730
2023-07-01 07:19:18,320 INFO:Total games: 10740
2023-07-01 07:21:09,534 INFO:Total games: 10750
2023-07-01 07:23:01,031 INFO:Total games: 10760
2023-07-01 07:24:59,935 INFO:Total games: 10770
2023-07-01 07:27:28,814 INFO:Total games: 10780
2023-07-01 07:29:26,998 INFO:Total games: 10790
2023-07-01 07:31:24,045 INFO:Total games: 10800
2023-07-01 07:33:19,048 INFO:Total games: 10810
2023-07-01 07:35:18,549 INFO:Total games: 10820
2023-07-01 07:37:18,014 INFO:Total games: 10830
2023-07-01 07:39:16,724 INFO:Total games: 10840
2023-07-01 07:41:12,072 INFO:Total games: 10850
2023-07-01 07:43:08,451 INFO:Total games: 10860
2023-07-01 07:45:05,830 INFO:Total games: 10870
2023-07-01 07:47:05,500 INFO:Total games: 10880
2023-07-01 07:49:05,245 INFO:Total games: 10890
2023-07-01 07:51:04,577 INFO:Total games: 10900
2023-07-01 07:53:03,418 INFO:Total games: 10910
2023-07-01 07:55:02,332 INFO:Total games: 10920
2023-07-01 07:57:00,593 INFO:Total games: 10930
2023-07-01 07:58:54,726 INFO:Total games: 10940
2023-07-01 08:00:51,050 INFO:Total games: 10950
2023-07-01 08:02:42,662 INFO:Total games: 10960
2023-07-01 08:05:06,879 INFO:Total games: 10970
2023-07-01 08:07:03,881 INFO:Total games: 10980
2023-07-01 08:09:03,646 INFO:Total games: 10990
2023-07-01 08:11:04,341 INFO:Total games: 11000
2023-07-01 08:13:02,198 INFO:Total games: 11010
2023-07-01 08:14:59,902 INFO:Total games: 11020
2023-07-01 08:16:59,529 INFO:Total games: 11030
2023-07-01 08:18:53,984 INFO:Total games: 11040
2023-07-01 08:20:53,603 INFO:Total games: 11050
2023-07-01 08:22:46,899 INFO:Total games: 11060
2023-07-01 08:24:43,831 INFO:Total games: 11070
2023-07-01 08:26:45,123 INFO:Total games: 11080
2023-07-01 08:28:43,433 INFO:Total games: 11090
2023-07-01 08:30:39,685 INFO:Total games: 11100
2023-07-01 08:32:36,299 INFO:Total games: 11110
2023-07-01 08:34:35,655 INFO:Total games: 11120
2023-07-01 08:36:28,734 INFO:Total games: 11130
2023-07-01 08:38:28,315 INFO:Total games: 11140
2023-07-01 08:40:24,640 INFO:Total games: 11150
2023-07-01 08:42:21,208 INFO:Total games: 11160
2023-07-01 08:44:36,422 INFO:Total games: 11170
2023-07-01 08:46:30,290 INFO:Total games: 11180
2023-07-01 08:48:29,555 INFO:Total games: 11190
2023-07-01 08:50:29,845 INFO:Total games: 11200
2023-07-01 08:52:29,334 INFO:Total games: 11210
2023-07-01 08:54:29,571 INFO:Total games: 11220
2023-07-01 08:56:26,074 INFO:Total games: 11230
2023-07-01 08:58:15,214 INFO:Total games: 11240
2023-07-01 09:00:14,938 INFO:Total games: 11250
2023-07-01 09:02:11,227 INFO:Total games: 11260
2023-07-01 09:04:11,983 INFO:Total games: 11270
2023-07-01 09:06:06,154 INFO:Total games: 11280
2023-07-01 09:08:01,496 INFO:Total games: 11290
2023-07-01 09:10:00,350 INFO:Total games: 11300
2023-07-01 09:11:58,124 INFO:Total games: 11310
2023-07-01 09:13:55,957 INFO:Total games: 11320
2023-07-01 09:15:55,053 INFO:Total games: 11330
2023-07-01 09:17:54,004 INFO:Total games: 11340
2023-07-01 09:19:50,229 INFO:Total games: 11350
2023-07-01 09:21:47,198 INFO:Total games: 11360
2023-07-01 09:23:44,456 INFO:Total games: 11370
2023-07-01 09:26:07,862 INFO:Total games: 11380
2023-07-01 09:28:00,608 INFO:Total games: 11390
2023-07-01 09:29:59,276 INFO:Total games: 11400
2023-07-01 09:31:55,802 INFO:Total games: 11410
2023-07-01 09:33:53,726 INFO:Total games: 11420
2023-07-01 09:35:49,000 INFO:Total games: 11430
2023-07-01 09:37:46,983 INFO:Total games: 11440
2023-07-01 09:39:46,263 INFO:Total games: 11450
2023-07-01 09:41:46,683 INFO:Total games: 11460
2023-07-01 09:43:47,454 INFO:Total games: 11470
2023-07-01 09:45:45,746 INFO:Total games: 11480
2023-07-01 09:47:36,955 INFO:Total games: 11490
2023-07-01 09:49:27,352 INFO:Total games: 11500
2023-07-01 09:51:25,922 INFO:Total games: 11510
2023-07-01 09:53:23,732 INFO:Total games: 11520
2023-07-01 09:55:21,679 INFO:Total games: 11530
2023-07-01 09:57:20,026 INFO:Total games: 11540
2023-07-01 09:59:16,844 INFO:Total games: 11550
2023-07-01 10:01:09,087 INFO:Total games: 11560
2023-07-01 10:03:07,694 INFO:Total games: 11570
2023-07-01 10:05:39,511 INFO:Total games: 11580
2023-07-01 10:07:37,400 INFO:Total games: 11590
2023-07-01 10:09:31,276 INFO:Total games: 11600
2023-07-01 10:11:26,433 INFO:Total games: 11610
2023-07-01 10:13:25,399 INFO:Total games: 11620
2023-07-01 10:15:22,551 INFO:Total games: 11630
2023-07-01 10:17:17,604 INFO:Total games: 11640
2023-07-01 10:19:15,584 INFO:Total games: 11650
2023-07-01 10:21:10,993 INFO:Total games: 11660
2023-07-01 10:23:10,690 INFO:Total games: 11670
2023-07-01 10:25:11,025 INFO:Total games: 11680
2023-07-01 10:27:10,781 INFO:Total games: 11690
2023-07-01 10:29:05,982 INFO:Total games: 11700
2023-07-01 10:30:53,564 INFO:Total games: 11710
2023-07-01 10:32:52,704 INFO:Total games: 11720
2023-07-01 10:34:49,279 INFO:Total games: 11730
2023-07-01 10:36:48,236 INFO:Total games: 11740
2023-07-01 10:38:44,649 INFO:Total games: 11750
2023-07-01 10:40:41,467 INFO:Total games: 11760
2023-07-01 10:42:37,840 INFO:Total games: 11770
2023-07-01 10:44:36,641 INFO:Total games: 11780
2023-07-01 10:46:26,844 INFO:Total games: 11790
2023-07-01 10:48:54,530 INFO:Total games: 11800
2023-07-01 10:50:44,653 INFO:Total games: 11810
2023-07-01 10:52:38,069 INFO:Total games: 11820
2023-07-01 10:54:35,806 INFO:Total games: 11830
2023-07-01 10:56:35,544 INFO:Total games: 11840
2023-07-01 10:58:33,064 INFO:Total games: 11850
2023-07-01 11:00:29,683 INFO:Total games: 11860
2023-07-01 11:02:28,651 INFO:Total games: 11870
2023-07-01 11:04:28,343 INFO:Total games: 11880
2023-07-01 11:06:27,924 INFO:Total games: 11890
2023-07-01 11:08:24,056 INFO:Total games: 11900
2023-07-01 11:10:21,812 INFO:Total games: 11910
2023-07-01 11:12:14,319 INFO:Total games: 11920
2023-07-01 11:14:10,951 INFO:Total games: 11930
2023-07-01 11:16:08,273 INFO:Total games: 11940
2023-07-01 11:18:05,869 INFO:Total games: 11950
2023-07-01 11:20:05,086 INFO:Total games: 11960
2023-07-01 11:22:03,131 INFO:Total games: 11970
2023-07-01 11:24:01,846 INFO:Total games: 11980
2023-07-01 11:25:59,121 INFO:Total games: 11990
2023-07-01 11:27:57,891 INFO:Total games: 12000
2023-07-01 11:30:32,121 INFO:Total games: 12010
2023-07-01 11:32:22,935 INFO:Total games: 12020
2023-07-01 11:34:17,771 INFO:Total games: 12030
2023-07-01 11:36:16,378 INFO:Total games: 12040
2023-07-01 11:38:13,677 INFO:Total games: 12050
2023-07-01 11:40:13,956 INFO:Total games: 12060
2023-07-01 11:42:11,305 INFO:Total games: 12070
2023-07-01 11:44:10,958 INFO:Total games: 12080
2023-07-01 11:46:11,578 INFO:Total games: 12090
2023-07-01 11:48:07,577 INFO:Total games: 12100
2023-07-01 11:50:04,234 INFO:Total games: 12110
2023-07-01 11:51:57,888 INFO:Total games: 12120
2023-07-01 11:53:48,545 INFO:Total games: 12130
2023-07-01 11:55:37,069 INFO:Total games: 12140
2023-07-01 11:57:34,063 INFO:Total games: 12150
2023-07-01 11:59:33,068 INFO:Total games: 12160
2023-07-01 12:01:31,181 INFO:Total games: 12170
2023-07-01 12:03:29,848 INFO:Total games: 12180
2023-07-01 12:05:26,111 INFO:Total games: 12190
2023-07-01 12:07:25,355 INFO:Total games: 12200
2023-07-01 12:09:23,529 INFO:Total games: 12210
2023-07-01 12:11:21,597 INFO:Total games: 12220
2023-07-01 12:13:56,491 INFO:Total games: 12230
2023-07-01 12:15:46,456 INFO:Total games: 12240
2023-07-01 12:17:41,097 INFO:Total games: 12250
2023-07-01 12:19:38,774 INFO:Total games: 12260
2023-07-01 12:21:38,011 INFO:Total games: 12270
2023-07-01 12:23:36,119 INFO:Total games: 12280
2023-07-01 12:25:35,123 INFO:Total games: 12290
2023-07-01 12:27:34,822 INFO:Total games: 12300
2023-07-01 12:29:35,011 INFO:Total games: 12310
2023-07-01 12:31:31,036 INFO:Total games: 12320
2023-07-01 12:33:31,095 INFO:Total games: 12330
2023-07-01 12:35:25,582 INFO:Total games: 12340
2023-07-01 12:37:14,101 INFO:Total games: 12350
2023-07-01 12:39:14,401 INFO:Total games: 12360
2023-07-01 12:41:14,785 INFO:Total games: 12370
2023-07-01 12:43:14,042 INFO:Total games: 12380
2023-07-01 12:45:11,772 INFO:Total games: 12390
2023-07-01 12:47:07,573 INFO:Total games: 12400
2023-07-01 12:49:05,440 INFO:Total games: 12410
2023-07-01 12:51:04,850 INFO:Total games: 12420
2023-07-01 12:52:59,598 INFO:Total games: 12430
2023-07-01 12:54:57,753 INFO:Total games: 12440
2023-07-01 12:56:50,421 INFO:Total games: 12450
2023-07-01 12:59:19,928 INFO:Total games: 12460
2023-07-01 13:01:17,104 INFO:Total games: 12470
2023-07-01 13:03:14,918 INFO:Total games: 12480
2023-07-01 13:05:15,331 INFO:Total games: 12490
2023-07-01 13:07:15,880 INFO:Total games: 12500
2023-07-01 13:09:16,416 INFO:Total games: 12510
2023-07-01 13:11:17,824 INFO:Total games: 12520
2023-07-01 13:13:18,883 INFO:Total games: 12530
2023-07-01 13:15:15,058 INFO:Total games: 12540
2023-07-01 13:17:08,391 INFO:Total games: 12550
2023-07-01 13:19:01,060 INFO:Total games: 12560
2023-07-01 13:20:55,423 INFO:Total games: 12570
2023-07-01 13:22:55,185 INFO:Total games: 12580
2023-07-01 13:24:54,894 INFO:Total games: 12590
2023-07-01 13:26:48,101 INFO:Total games: 12600
2023-07-01 13:28:42,441 INFO:Total games: 12610
2023-07-01 13:30:38,980 INFO:Total games: 12620
2023-07-01 13:32:32,654 INFO:Total games: 12630
2023-07-01 13:34:29,938 INFO:Total games: 12640
2023-07-01 13:36:29,217 INFO:Total games: 12650
2023-07-01 13:38:26,678 INFO:Total games: 12660
2023-07-01 13:40:17,467 INFO:Total games: 12670
2023-07-01 13:42:51,115 INFO:Total games: 12680
2023-07-01 13:44:49,222 INFO:Total games: 12690
2023-07-01 13:46:45,436 INFO:Total games: 12700
2023-07-01 13:48:41,080 INFO:Total games: 12710
2023-07-01 13:50:38,632 INFO:Total games: 12720
2023-07-01 13:52:25,314 INFO:Total games: 12730
2023-07-01 13:54:24,650 INFO:Total games: 12740
2023-07-01 13:56:23,308 INFO:Total games: 12750
2023-07-01 13:58:22,316 INFO:Total games: 12760
2023-07-01 14:00:15,227 INFO:Total games: 12770
2023-07-01 14:02:10,248 INFO:Total games: 12780
2023-07-01 14:04:09,102 INFO:Total games: 12790
2023-07-01 14:06:09,095 INFO:Total games: 12800
2023-07-01 14:08:08,033 INFO:Total games: 12810
2023-07-01 14:10:02,560 INFO:Total games: 12820
2023-07-01 14:12:02,514 INFO:Total games: 12830
2023-07-01 14:13:59,697 INFO:Total games: 12840
2023-07-01 14:15:56,984 INFO:Total games: 12850
2023-07-01 14:17:51,689 INFO:Total games: 12860
2023-07-01 14:19:48,682 INFO:Total games: 12870
2023-07-01 14:21:39,541 INFO:Total games: 12880
2023-07-01 14:23:32,615 INFO:Total games: 12890
2023-07-01 14:25:30,380 INFO:Total games: 12900
2023-07-01 14:28:02,198 INFO:Total games: 12910
2023-07-01 14:29:59,676 INFO:Total games: 12920
2023-07-01 14:31:59,214 INFO:Total games: 12930
2023-07-01 14:33:56,384 INFO:Total games: 12940
2023-07-01 14:35:56,915 INFO:Total games: 12950
2023-07-01 14:37:55,514 INFO:Total games: 12960
2023-07-01 14:39:55,305 INFO:Total games: 12970
2023-07-01 14:41:55,030 INFO:Total games: 12980
2023-07-01 14:43:48,587 INFO:Total games: 12990
2023-07-01 14:45:48,493 INFO:Total games: 13000
2023-07-01 14:47:48,452 INFO:Total games: 13010
2023-07-01 14:49:50,496 INFO:Total games: 13020
2023-07-01 14:51:49,694 INFO:Total games: 13030
2023-07-01 14:53:48,421 INFO:Total games: 13040
2023-07-01 14:55:47,964 INFO:Total games: 13050
2023-07-01 14:57:47,549 INFO:Total games: 13060
2023-07-01 14:59:44,068 INFO:Total games: 13070
2023-07-01 15:01:39,323 INFO:Total games: 13080
2023-07-01 15:03:26,691 INFO:Total games: 13090
2023-07-01 15:05:21,160 INFO:Total games: 13100
2023-07-01 15:07:19,228 INFO:Total games: 13110
2023-07-01 15:09:18,204 INFO:Total games: 13120
2023-07-01 15:11:16,861 INFO:Total games: 13130
2023-07-01 15:13:15,501 INFO:Total games: 13140
2023-07-01 15:15:50,605 INFO:Total games: 13150
2023-07-01 15:17:50,462 INFO:Total games: 13160
2023-07-01 15:19:51,388 INFO:Total games: 13170
2023-07-01 15:21:49,036 INFO:Total games: 13180
2023-07-01 15:23:46,934 INFO:Total games: 13190
2023-07-01 15:25:38,529 INFO:Total games: 13200
2023-07-01 15:27:38,893 INFO:Total games: 13210
2023-07-01 15:29:39,989 INFO:Total games: 13220
2023-07-01 15:31:38,713 INFO:Total games: 13230
2023-07-01 15:33:35,817 INFO:Total games: 13240
2023-07-01 15:35:32,978 INFO:Total games: 13250
2023-07-01 15:37:31,476 INFO:Total games: 13260
2023-07-01 15:39:31,901 INFO:Total games: 13270
2023-07-01 15:41:32,082 INFO:Total games: 13280
2023-07-01 15:43:29,965 INFO:Total games: 13290
2023-07-01 15:45:20,821 INFO:Total games: 13300
2023-07-01 15:47:12,673 INFO:Total games: 13310
2023-07-01 15:49:09,277 INFO:Total games: 13320
2023-07-01 15:51:07,404 INFO:Total games: 13330
2023-07-01 15:53:05,551 INFO:Total games: 13340
2023-07-01 15:55:04,485 INFO:Total games: 13350
2023-07-01 15:57:03,391 INFO:Total games: 13360
2023-07-01 15:59:01,678 INFO:Total games: 13370
2023-07-01 16:00:59,476 INFO:Total games: 13380
2023-07-01 16:03:32,864 INFO:Total games: 13390
2023-07-01 16:05:29,617 INFO:Total games: 13400
2023-07-01 16:07:23,910 INFO:Total games: 13410
2023-07-01 16:09:20,373 INFO:Total games: 13420
2023-07-01 16:11:16,562 INFO:Total games: 13430
2023-07-01 16:13:13,818 INFO:Total games: 13440
2023-07-01 16:15:14,469 INFO:Total games: 13450
2023-07-01 16:17:14,408 INFO:Total games: 13460
2023-07-01 16:19:11,745 INFO:Total games: 13470
2023-07-01 16:21:10,367 INFO:Total games: 13480
2023-07-01 16:23:09,751 INFO:Total games: 13490
2023-07-01 16:25:10,267 INFO:Total games: 13500
2023-07-01 16:27:00,836 INFO:Total games: 13510
2023-07-01 16:28:52,406 INFO:Total games: 13520
2023-07-01 16:30:47,806 INFO:Total games: 13530
2023-07-01 16:32:48,278 INFO:Total games: 13540
2023-07-01 16:34:43,934 INFO:Total games: 13550
2023-07-01 16:36:43,252 INFO:Total games: 13560
2023-07-01 16:38:40,887 INFO:Total games: 13570
2023-07-01 16:40:38,261 INFO:Total games: 13580
2023-07-01 16:42:38,242 INFO:Total games: 13590
2023-07-01 16:44:37,079 INFO:Total games: 13600
2023-07-01 16:46:36,315 INFO:Total games: 13610
2023-07-01 16:48:34,593 INFO:Total games: 13620
2023-07-01 16:51:01,306 INFO:Total games: 13630
2023-07-01 16:53:00,407 INFO:Total games: 13640
2023-07-01 16:54:59,432 INFO:Total games: 13650
2023-07-01 16:56:58,454 INFO:Total games: 13660
2023-07-01 16:58:58,769 INFO:Total games: 13670
2023-07-01 17:00:59,178 INFO:Total games: 13680
2023-07-01 17:02:56,873 INFO:Total games: 13690
2023-07-01 17:04:57,194 INFO:Total games: 13700
2023-07-01 17:06:57,084 INFO:Total games: 13710
2023-07-01 17:08:55,995 INFO:Total games: 13720
2023-07-01 17:10:46,292 INFO:Total games: 13730
2023-07-01 17:12:46,360 INFO:Total games: 13740
2023-07-01 17:14:44,433 INFO:Total games: 13750
2023-07-01 17:16:43,689 INFO:Total games: 13760
2023-07-01 17:16:43,693 INFO:Ending
2023-07-01 17:16:43,693 INFO:Duration: 19 hours, 9 minutes, 18 seconds
2023-08-17 15:59:12,414 INFO:Starting
2023-08-17 16:00:17,307 INFO:Total games: 10
2023-08-17 16:07:21,906 INFO:Starting
2023-08-17 16:08:29,690 INFO:Total games: 10
2023-08-17 16:23:12,666 INFO:Starting
2023-08-17 16:24:28,590 INFO:Total games: 10
2023-08-17 16:28:56,039 INFO:Starting
2023-08-17 16:30:13,242 INFO:Total games: 10
2023-08-17 16:32:01,502 INFO:Starting
2023-08-17 16:33:09,716 INFO:Total games: 10
2023-08-17 16:41:21,833 INFO:Starting
2023-08-17 16:42:38,540 INFO:Total games: 10
2023-08-17 16:43:11,567 INFO:Starting
2023-08-17 16:44:07,027 INFO:Total games: 10
2023-08-17 16:45:26,215 INFO:Starting
2023-08-17 16:46:41,810 INFO:Total games: 10
2023-08-17 16:47:43,116 INFO:Starting
2023-08-17 16:49:05,545 INFO:Total games: 10
2023-08-17 16:49:31,389 INFO:Starting
2023-08-17 16:51:02,463 INFO:Total games: 10
2023-08-17 16:51:15,669 INFO:Starting
2023-08-17 16:52:26,010 INFO:Total games: 10
2023-08-20 17:49:45,462 INFO:Starting
2023-08-20 17:51:31,285 INFO:Total games: 10
2023-08-20 17:53:16,187 INFO:Total games: 20
2023-08-20 17:55:12,837 INFO:Total games: 30
2023-08-20 17:56:57,384 INFO:Total games: 40
2023-08-20 17:57:34,907 INFO:Ending
2023-08-20 17:57:34,907 INFO:Duration: 0 hours, 7 minutes, 49 seconds
2023-08-20 17:58:50,718 INFO:Starting
2023-08-20 17:59:15,589 INFO:Ending
2023-08-20 17:59:15,589 INFO:Duration: 0 hours, 0 minutes, 24 seconds
2023-08-20 17:59:41,452 INFO:Starting
2023-08-20 18:01:35,747 INFO:Total games: 10
2023-08-20 18:03:42,494 INFO:Total games: 20
2023-08-20 18:03:42,494 INFO:Ending
2023-08-20 18:03:42,494 INFO:Duration: 0 hours, 4 minutes, 1 seconds
2023-08-20 18:05:29,715 INFO:Starting
2023-08-20 18:05:42,431 INFO:Ending
2023-08-20 18:05:42,431 INFO:Duration: 0 hours, 0 minutes, 12 seconds
2023-08-22 03:39:46,364 INFO:Starting
2023-08-22 03:39:57,659 INFO:Total games: 10
2023-08-22 03:40:10,785 INFO:Total games: 20
2023-08-22 03:40:19,873 INFO:Total games: 30
2023-08-22 03:40:30,111 INFO:Total games: 40
2023-08-22 03:40:48,741 INFO:Total games: 50
2023-08-22 03:41:01,815 INFO:Total games: 60
2023-08-22 03:41:09,978 INFO:Total games: 70
2023-08-22 03:41:23,573 INFO:Total games: 80
2023-08-22 03:41:38,852 INFO:Total games: 90
2023-08-22 03:41:51,239 INFO:Total games: 100
2023-08-22 03:42:03,522 INFO:Total games: 110
2023-08-22 03:42:14,451 INFO:Total games: 120
2023-08-22 03:42:27,908 INFO:Total games: 130
2023-08-22 03:42:41,395 INFO:Total games: 140
2023-08-22 03:42:54,086 INFO:Total games: 150
2023-08-22 03:43:03,665 INFO:Total games: 160
2023-08-22 03:43:17,100 INFO:Total games: 170
2023-08-22 03:43:28,249 INFO:Total games: 180
2023-08-22 03:43:41,015 INFO:Total games: 190
2023-08-22 03:43:51,517 INFO:Total games: 200
2023-08-22 03:44:02,925 INFO:Total games: 210
2023-08-22 03:44:14,352 INFO:Total games: 220
2023-08-22 03:44:28,909 INFO:Total games: 230
2023-08-22 03:44:41,027 INFO:Total games: 240
2023-08-22 03:44:53,295 INFO:Total games: 250
2023-08-22 03:45:04,555 INFO:Total games: 260
2023-08-22 03:45:15,096 INFO:Total games: 270
2023-08-22 03:45:27,992 INFO:Total games: 280
2023-08-22 03:45:40,005 INFO:Total games: 290
2023-08-22 03:45:54,552 INFO:Total games: 300
2023-08-22 03:46:09,006 INFO:Total games: 310
2023-08-22 03:46:23,024 INFO:Total games: 320
2023-08-22 03:46:35,133 INFO:Total games: 330
2023-08-22 03:46:48,754 INFO:Total games: 340
2023-08-22 03:47:00,569 INFO:Total games: 350
2023-08-22 03:47:11,538 INFO:Total games: 360
2023-08-22 03:47:24,404 INFO:Total games: 370
2023-08-22 03:47:35,734 INFO:Total games: 380
2023-08-22 03:47:46,571 INFO:Total games: 390
2023-08-22 03:47:57,989 INFO:Total games: 400
2023-08-22 03:48:09,642 INFO:Total games: 410
2023-08-22 03:48:24,010 INFO:Total games: 420
2023-08-22 03:48:37,656 INFO:Total games: 430
2023-08-22 03:48:49,245 INFO:Total games: 440
2023-08-22 03:49:02,499 INFO:Total games: 450
2023-08-22 03:49:17,262 INFO:Total games: 460
2023-08-22 03:49:29,768 INFO:Total games: 470
2023-08-22 03:49:43,933 INFO:Total games: 480
2023-08-22 03:49:55,072 INFO:Total games: 490
2023-08-22 03:50:08,711 INFO:Total games: 500
2023-08-22 03:50:21,956 INFO:Total games: 510
2023-08-22 03:50:35,635 INFO:Total games: 520
2023-08-22 03:50:49,018 INFO:Total games: 530
2023-08-22 03:51:00,557 INFO:Total games: 540
2023-08-22 03:51:13,838 INFO:Total games: 550
2023-08-22 03:51:25,128 INFO:Total games: 560
2023-08-22 03:51:37,246 INFO:Total games: 570
2023-08-22 03:51:47,823 INFO:Total games: 580
2023-08-22 03:52:01,378 INFO:Total games: 590
2023-08-22 03:52:12,519 INFO:Total games: 600
2023-08-22 03:52:27,323 INFO:Total games: 610
2023-08-22 03:52:38,147 INFO:Total games: 620
2023-08-22 03:52:51,046 INFO:Total games: 630
2023-08-22 03:53:04,681 INFO:Total games: 640
2023-08-22 03:53:20,741 INFO:Total games: 650
2023-08-22 03:53:29,647 INFO:Total games: 660
2023-08-22 03:53:41,303 INFO:Total games: 670
2023-08-22 03:53:52,993 INFO:Total games: 680
2023-08-22 03:54:05,949 INFO:Total games: 690
2023-08-22 03:54:16,818 INFO:Total games: 700
2023-08-22 03:54:29,179 INFO:Total games: 710
2023-08-22 03:54:43,143 INFO:Total games: 720
2023-08-22 03:54:54,093 INFO:Total games: 730
2023-08-22 03:55:07,365 INFO:Total games: 740
2023-08-22 03:55:20,233 INFO:Total games: 750
2023-08-22 03:55:30,082 INFO:Total games: 760
2023-08-22 03:55:39,812 INFO:Total games: 770
2023-08-22 03:55:52,284 INFO:Total games: 780
2023-08-22 03:56:06,095 INFO:Total games: 790
2023-08-22 03:56:17,507 INFO:Total games: 800
2023-08-22 03:56:30,643 INFO:Total games: 810
2023-08-22 03:56:41,997 INFO:Total games: 820
2023-08-22 03:56:53,764 INFO:Total games: 830
2023-08-22 03:57:06,609 INFO:Total games: 840
2023-08-22 03:57:17,513 INFO:Total games: 850
2023-08-22 03:57:28,601 INFO:Total games: 860
2023-08-22 03:57:40,537 INFO:Total games: 870
2023-08-22 03:57:52,604 INFO:Total games: 880
2023-08-22 03:58:05,055 INFO:Total games: 890
2023-08-22 03:58:19,337 INFO:Total games: 900
2023-08-22 03:58:32,101 INFO:Total games: 910
2023-08-22 03:58:44,044 INFO:Total games: 920
2023-08-22 03:58:55,310 INFO:Total games: 930
2023-08-22 03:59:07,850 INFO:Total games: 940
2023-08-22 03:59:21,148 INFO:Total games: 950
2023-08-22 03:59:34,429 INFO:Total games: 960
2023-08-22 03:59:45,792 INFO:Total games: 970
2023-08-22 03:59:58,572 INFO:Total games: 980
2023-08-22 04:00:09,548 INFO:Total games: 990
2023-08-22 04:00:21,299 INFO:Total games: 1000
2023-08-22 04:00:32,299 INFO:Total games: 1010
2023-08-22 04:00:46,742 INFO:Total games: 1020
2023-08-22 04:00:57,478 INFO:Total games: 1030
2023-08-22 04:01:07,225 INFO:Total games: 1040
2023-08-22 04:01:19,697 INFO:Total games: 1050
2023-08-22 04:01:30,478 INFO:Total games: 1060
2023-08-22 04:01:43,623 INFO:Total games: 1070
2023-08-22 04:01:55,464 INFO:Total games: 1080
2023-08-22 04:02:06,455 INFO:Total games: 1090
2023-08-22 04:02:21,018 INFO:Total games: 1100
2023-08-22 04:02:35,999 INFO:Total games: 1110
2023-08-22 04:02:48,189 INFO:Total games: 1120
2023-08-22 04:03:00,709 INFO:Total games: 1130
2023-08-22 04:03:14,252 INFO:Total games: 1140
2023-08-22 04:03:24,946 INFO:Total games: 1150
2023-08-22 04:03:37,218 INFO:Total games: 1160
2023-08-22 04:03:48,175 INFO:Total games: 1170
2023-08-22 04:03:57,503 INFO:Total games: 1180
2023-08-22 04:04:07,599 INFO:Total games: 1190
2023-08-22 04:04:19,473 INFO:Total games: 1200
2023-08-22 04:04:32,721 INFO:Total games: 1210
2023-08-22 04:04:43,551 INFO:Total games: 1220
2023-08-22 04:04:57,908 INFO:Total games: 1230
2023-08-22 04:05:09,979 INFO:Total games: 1240
2023-08-22 04:05:21,459 INFO:Total games: 1250
2023-08-22 04:05:33,957 INFO:Total games: 1260
2023-08-22 04:05:45,899 INFO:Total games: 1270
2023-08-22 04:05:59,313 INFO:Total games: 1280
2023-08-22 04:06:12,427 INFO:Total games: 1290
2023-08-22 04:06:22,106 INFO:Total games: 1300
2023-08-22 04:06:34,414 INFO:Total games: 1310
2023-08-22 04:06:46,434 INFO:Total games: 1320
2023-08-22 04:06:57,064 INFO:Total games: 1330
2023-08-22 04:07:09,685 INFO:Total games: 1340
2023-08-22 04:07:22,123 INFO:Total games: 1350
2023-08-22 04:07:33,705 INFO:Total games: 1360
2023-08-22 04:07:43,409 INFO:Total games: 1370
2023-08-22 04:07:55,335 INFO:Total games: 1380
2023-08-22 04:08:07,737 INFO:Total games: 1390
2023-08-22 04:08:20,021 INFO:Total games: 1400
2023-08-22 04:08:32,547 INFO:Total games: 1410
2023-08-22 04:08:46,552 INFO:Total games: 1420
2023-08-22 04:08:59,438 INFO:Total games: 1430
2023-08-22 04:09:11,379 INFO:Total games: 1440
2023-08-22 04:09:23,560 INFO:Total games: 1450
2023-08-22 04:09:36,509 INFO:Total games: 1460
2023-08-22 04:09:46,618 INFO:Total games: 1470
2023-08-22 04:09:58,847 INFO:Total games: 1480
2023-08-22 04:10:12,985 INFO:Total games: 1490
2023-08-22 04:10:25,234 INFO:Total games: 1500
2023-08-22 04:10:35,057 INFO:Total games: 1510
2023-08-22 04:10:46,177 INFO:Total games: 1520
2023-08-22 04:10:58,805 INFO:Total games: 1530
2023-08-22 04:11:11,343 INFO:Total games: 1540
2023-08-22 04:11:22,850 INFO:Total games: 1550
2023-08-22 04:11:35,015 INFO:Total games: 1560
2023-08-22 04:11:46,354 INFO:Total games: 1570
2023-08-22 04:11:54,755 INFO:Total games: 1580
2023-08-22 04:12:06,038 INFO:Total games: 1590
2023-08-22 04:12:17,548 INFO:Total games: 1600
2023-08-22 04:12:29,480 INFO:Total games: 1610
2023-08-22 04:12:41,352 INFO:Total games: 1620
2023-08-22 04:12:54,715 INFO:Total games: 1630
2023-08-22 04:13:05,458 INFO:Total games: 1640
2023-08-22 04:13:18,453 INFO:Total games: 1650
2023-08-22 04:13:29,523 INFO:Total games: 1660
2023-08-22 04:13:41,739 INFO:Total games: 1670
2023-08-22 04:13:55,400 INFO:Total games: 1680
2023-08-22 04:14:09,454 INFO:Total games: 1690
2023-08-22 04:14:23,016 INFO:Total games: 1700
2023-08-22 04:14:34,556 INFO:Total games: 1710
2023-08-22 04:14:48,544 INFO:Total games: 1720
2023-08-22 04:15:01,196 INFO:Total games: 1730
2023-08-22 04:15:12,941 INFO:Total games: 1740
2023-08-22 04:15:26,479 INFO:Total games: 1750
2023-08-22 04:15:40,315 INFO:Total games: 1760
2023-08-22 04:15:52,105 INFO:Total games: 1770
2023-08-22 04:23:35,775 INFO:Starting
2023-08-22 04:23:45,982 INFO:Total games: 10
2023-08-22 04:23:58,212 INFO:Total games: 20
2023-08-22 04:24:10,398 INFO:Total games: 30
2023-08-22 04:24:21,250 INFO:Total games: 40
2023-08-22 04:24:33,230 INFO:Total games: 50
2023-08-22 04:24:47,368 INFO:Total games: 60
2023-08-22 04:24:58,055 INFO:Total games: 70
2023-08-22 04:25:09,138 INFO:Total games: 80
2023-08-22 04:25:22,589 INFO:Total games: 90
2023-08-22 04:25:35,854 INFO:Total games: 100
2023-08-22 04:25:46,960 INFO:Total games: 110
2023-08-22 04:25:58,997 INFO:Total games: 120
2023-08-22 04:26:11,651 INFO:Total games: 130
2023-08-22 04:26:24,076 INFO:Total games: 140
2023-08-22 04:26:35,689 INFO:Total games: 150
2023-08-22 04:26:48,949 INFO:Total games: 160
2023-08-22 04:27:01,026 INFO:Total games: 170
2023-08-22 04:27:12,257 INFO:Total games: 180
2023-08-22 04:27:23,755 INFO:Total games: 190
2023-08-22 04:27:37,526 INFO:Total games: 200
2023-08-22 04:27:49,011 INFO:Total games: 210
2023-08-22 04:28:03,838 INFO:Total games: 220
2023-08-22 04:28:15,204 INFO:Total games: 230
2023-08-22 04:28:27,415 INFO:Total games: 240
2023-08-22 04:28:41,200 INFO:Total games: 250
2023-08-22 04:28:52,673 INFO:Total games: 260
2023-08-22 04:29:06,269 INFO:Total games: 270
2023-08-22 04:29:18,531 INFO:Total games: 280
2023-08-22 04:29:31,412 INFO:Total games: 290
2023-08-22 04:29:43,772 INFO:Total games: 300
2023-08-22 04:29:55,890 INFO:Total games: 310
2023-08-22 04:30:05,970 INFO:Total games: 320
2023-08-22 04:30:18,546 INFO:Total games: 330
2023-08-22 04:30:32,415 INFO:Total games: 340
2023-08-22 04:30:45,020 INFO:Total games: 350
2023-08-22 04:30:56,449 INFO:Total games: 360
2023-08-22 04:31:06,333 INFO:Total games: 370
2023-08-22 04:31:19,048 INFO:Total games: 380
2023-08-22 04:31:29,990 INFO:Total games: 390
2023-08-22 04:31:42,140 INFO:Total games: 400
2023-08-22 04:31:55,797 INFO:Total games: 410
2023-08-22 04:32:07,580 INFO:Total games: 420
2023-08-22 04:32:19,135 INFO:Total games: 430
2023-08-22 04:32:32,083 INFO:Total games: 440
2023-08-22 04:32:43,694 INFO:Total games: 450
2023-08-22 04:32:56,472 INFO:Total games: 460
2023-08-22 04:33:08,691 INFO:Total games: 470
2023-08-22 04:33:21,799 INFO:Total games: 480
2023-08-22 04:33:32,342 INFO:Total games: 490
2023-08-22 04:33:42,598 INFO:Total games: 500
2023-08-22 04:33:56,569 INFO:Total games: 510
2023-08-22 04:34:08,514 INFO:Total games: 520
2023-08-22 04:34:20,533 INFO:Total games: 530
2023-08-22 04:34:33,046 INFO:Total games: 540
2023-08-22 04:34:47,218 INFO:Total games: 550
2023-08-22 04:35:00,028 INFO:Total games: 560
2023-08-22 04:35:13,700 INFO:Total games: 570
2023-08-22 04:35:24,701 INFO:Total games: 580
2023-08-22 04:35:35,189 INFO:Total games: 590
2023-08-22 04:35:47,925 INFO:Total games: 600
2023-08-22 04:35:59,562 INFO:Total games: 610
2023-08-22 04:36:11,718 INFO:Total games: 620
2023-08-22 04:36:22,191 INFO:Total games: 630
2023-08-22 04:36:36,327 INFO:Total games: 640
2023-08-22 04:36:47,318 INFO:Total games: 650
2023-08-22 04:36:59,122 INFO:Total games: 660
2023-08-22 04:37:10,595 INFO:Total games: 670
2023-08-22 04:37:23,086 INFO:Total games: 680
2023-08-22 04:37:35,880 INFO:Total games: 690
2023-08-22 04:37:48,134 INFO:Total games: 700
2023-08-22 04:38:01,471 INFO:Total games: 710
2023-08-22 04:38:14,913 INFO:Total games: 720
2023-08-22 04:38:28,255 INFO:Total games: 730
2023-08-22 04:38:38,463 INFO:Total games: 740
2023-08-22 04:38:52,367 INFO:Total games: 750
2023-08-22 04:39:04,511 INFO:Total games: 760
2023-08-22 04:39:15,128 INFO:Total games: 770
2023-08-22 04:39:26,949 INFO:Total games: 780
2023-08-22 04:39:38,786 INFO:Total games: 790
2023-08-22 04:39:52,351 INFO:Total games: 800
2023-08-22 04:40:04,822 INFO:Total games: 810
2023-08-22 04:40:16,017 INFO:Total games: 820
2023-08-22 04:40:28,325 INFO:Total games: 830
2023-08-22 04:40:38,109 INFO:Total games: 840
2023-08-22 04:40:49,190 INFO:Total games: 850
2023-08-22 04:41:04,472 INFO:Total games: 860
2023-08-22 04:41:17,562 INFO:Total games: 870
2023-08-22 04:41:31,409 INFO:Total games: 880
2023-08-22 04:41:42,165 INFO:Total games: 890
2023-08-22 04:41:57,728 INFO:Total games: 900
2023-08-22 04:42:07,667 INFO:Total games: 910
2023-08-22 04:42:18,976 INFO:Total games: 920
2023-08-22 04:42:28,642 INFO:Total games: 930
2023-08-22 04:42:44,154 INFO:Total games: 940
2023-08-22 04:42:56,844 INFO:Total games: 950
2023-08-22 04:43:10,998 INFO:Total games: 960
2023-08-22 04:43:23,601 INFO:Total games: 970
2023-08-22 04:43:31,065 INFO:Total games: 980
2023-08-22 04:43:41,541 INFO:Total games: 990
2023-08-22 04:43:53,529 INFO:Total games: 1000
2023-08-22 04:44:04,771 INFO:Total games: 1010
2023-08-22 04:44:19,843 INFO:Total games: 1020
2023-08-22 04:44:33,422 INFO:Total games: 1030
2023-08-22 04:44:47,020 INFO:Total games: 1040
2023-08-22 04:45:00,397 INFO:Total games: 1050
2023-08-22 04:45:12,922 INFO:Total games: 1060
2023-08-22 04:45:22,146 INFO:Total games: 1070
2023-08-22 04:45:34,527 INFO:Total games: 1080
2023-08-22 04:45:44,630 INFO:Total games: 1090
2023-08-22 04:45:59,117 INFO:Total games: 1100
2023-08-22 04:46:13,683 INFO:Total games: 1110
2023-08-22 04:46:25,288 INFO:Total games: 1120
2023-08-22 04:46:37,330 INFO:Total games: 1130
2023-08-22 04:46:49,108 INFO:Total games: 1140
2023-08-22 04:46:59,593 INFO:Total games: 1150
2023-08-22 04:47:12,251 INFO:Total games: 1160
2023-08-22 04:47:23,486 INFO:Total games: 1170
2023-08-22 04:47:35,793 INFO:Total games: 1180
2023-08-22 04:47:47,972 INFO:Total games: 1190
2023-08-22 04:47:59,806 INFO:Total games: 1200
2023-08-22 04:48:11,945 INFO:Total games: 1210
2023-08-22 04:48:24,744 INFO:Total games: 1220
2023-08-22 04:48:36,692 INFO:Total games: 1230
2023-08-22 04:48:49,863 INFO:Total games: 1240
2023-08-22 04:49:05,538 INFO:Total games: 1250
2023-08-22 04:49:17,408 INFO:Total games: 1260
2023-08-22 04:49:28,165 INFO:Total games: 1270
2023-08-22 04:49:41,806 INFO:Total games: 1280
2023-08-22 04:49:52,996 INFO:Total games: 1290
2023-08-22 04:50:05,882 INFO:Total games: 1300
2023-08-22 04:50:18,560 INFO:Total games: 1310
2023-08-22 04:50:31,107 INFO:Total games: 1320
2023-08-22 04:50:42,654 INFO:Total games: 1330
2023-08-22 04:50:55,343 INFO:Total games: 1340
2023-08-22 04:51:06,950 INFO:Total games: 1350
2023-08-22 04:51:18,051 INFO:Total games: 1360
2023-08-22 04:51:30,948 INFO:Total games: 1370
2023-08-22 04:51:42,066 INFO:Total games: 1380
2023-08-22 04:51:52,112 INFO:Total games: 1390
2023-08-22 04:52:04,542 INFO:Total games: 1400
2023-08-22 04:52:16,135 INFO:Total games: 1410
2023-08-22 04:52:29,602 INFO:Total games: 1420
2023-08-22 04:52:42,693 INFO:Total games: 1430
2023-08-22 04:52:55,212 INFO:Total games: 1440
2023-08-22 04:53:10,297 INFO:Total games: 1450
2023-08-22 04:53:22,789 INFO:Total games: 1460
2023-08-22 04:53:35,036 INFO:Total games: 1470
2023-08-22 04:53:47,742 INFO:Total games: 1480
2023-08-22 04:53:59,539 INFO:Total games: 1490
2023-08-22 04:54:08,417 INFO:Total games: 1500
2023-08-22 04:54:21,034 INFO:Total games: 1510
2023-08-22 04:54:32,420 INFO:Total games: 1520
2023-08-22 04:54:44,174 INFO:Total games: 1530
2023-08-22 04:54:55,319 INFO:Total games: 1540
2023-08-22 04:55:06,637 INFO:Total games: 1550
2023-08-22 04:55:18,075 INFO:Total games: 1560
2023-08-22 04:55:29,885 INFO:Total games: 1570
2023-08-22 04:55:40,090 INFO:Total games: 1580
2023-08-22 04:55:53,378 INFO:Total games: 1590
2023-08-22 04:56:04,443 INFO:Total games: 1600
2023-08-22 04:56:16,516 INFO:Total games: 1610
2023-08-22 04:56:27,663 INFO:Total games: 1620
2023-08-22 04:56:38,819 INFO:Total games: 1630
2023-08-22 04:56:50,009 INFO:Total games: 1640
2023-08-22 04:57:00,669 INFO:Total games: 1650
2023-08-22 04:57:14,706 INFO:Total games: 1660
2023-08-22 04:57:25,177 INFO:Total games: 1670
2023-08-22 04:57:36,805 INFO:Total games: 1680
2023-08-22 04:57:47,645 INFO:Total games: 1690
2023-08-22 04:57:58,941 INFO:Total games: 1700
2023-08-22 04:58:10,895 INFO:Total games: 1710
2023-08-22 04:58:25,201 INFO:Total games: 1720
2023-08-22 04:58:37,013 INFO:Total games: 1730
2023-08-22 04:58:49,642 INFO:Total games: 1740
2023-08-22 04:58:59,263 INFO:Total games: 1750
2023-08-22 04:59:10,227 INFO:Total games: 1760
2023-08-22 04:59:21,487 INFO:Total games: 1770
2023-08-22 04:59:34,754 INFO:Total games: 1780
2023-08-22 04:59:51,058 INFO:Total games: 1790
2023-08-22 05:00:02,304 INFO:Total games: 1800
2023-08-22 05:00:19,448 INFO:Total games: 1810
2023-08-22 05:00:34,075 INFO:Total games: 1820
2023-08-22 05:00:49,269 INFO:Total games: 1830
2023-08-22 05:01:04,468 INFO:Total games: 1840
2023-08-22 05:01:20,911 INFO:Total games: 1850
2023-08-22 05:01:34,370 INFO:Total games: 1860
2023-08-22 05:01:49,794 INFO:Total games: 1870
2023-08-22 05:02:05,818 INFO:Total games: 1880
2023-08-22 05:02:19,430 INFO:Total games: 1890
2023-08-22 05:02:35,396 INFO:Total games: 1900
2023-08-22 05:02:50,661 INFO:Total games: 1910
2023-08-22 05:03:06,195 INFO:Total games: 1920
2023-08-22 05:03:19,840 INFO:Total games: 1930
2023-08-22 05:03:33,246 INFO:Total games: 1940
2023-08-22 05:03:46,199 INFO:Total games: 1950
2023-08-22 05:04:01,243 INFO:Total games: 1960
2023-08-22 05:04:15,910 INFO:Total games: 1970
2023-08-22 05:04:29,334 INFO:Total games: 1980
2023-08-22 05:04:46,180 INFO:Total games: 1990
2023-08-22 05:05:02,188 INFO:Total games: 2000
2023-08-22 05:05:15,874 INFO:Total games: 2010
2023-08-22 05:05:34,670 INFO:Total games: 2020
2023-08-22 05:05:50,767 INFO:Total games: 2030
2023-08-22 05:06:04,550 INFO:Total games: 2040
2023-08-22 05:06:18,013 INFO:Total games: 2050
2023-08-22 05:06:35,266 INFO:Total games: 2060
2023-08-22 05:06:48,883 INFO:Total games: 2070
2023-08-22 05:07:04,835 INFO:Total games: 2080
2023-08-22 05:07:20,069 INFO:Total games: 2090
2023-08-22 05:07:34,566 INFO:Total games: 2100
2023-08-22 05:07:50,654 INFO:Total games: 2110
2023-08-22 05:08:08,876 INFO:Total games: 2120
2023-08-22 05:08:27,263 INFO:Total games: 2130
2023-08-22 05:08:45,250 INFO:Total games: 2140
2023-08-22 05:09:01,320 INFO:Total games: 2150
2023-08-22 05:09:17,044 INFO:Total games: 2160
2023-08-22 05:09:30,219 INFO:Total games: 2170
2023-08-22 05:09:47,397 INFO:Total games: 2180
2023-08-22 05:10:00,951 INFO:Total games: 2190
2023-08-22 05:10:17,398 INFO:Total games: 2200
2023-08-22 05:10:30,074 INFO:Total games: 2210
2023-08-22 05:10:47,045 INFO:Total games: 2220
2023-08-22 05:11:02,843 INFO:Total games: 2230
2023-08-22 05:11:16,883 INFO:Total games: 2240
2023-08-22 05:11:30,261 INFO:Total games: 2250
2023-08-22 05:11:41,748 INFO:Total games: 2260
2023-08-22 05:11:54,672 INFO:Total games: 2270
2023-08-22 05:12:09,845 INFO:Total games: 2280
2023-08-22 05:12:25,325 INFO:Total games: 2290
2023-08-22 05:12:41,914 INFO:Total games: 2300
2023-08-22 05:12:53,909 INFO:Total games: 2310
2023-08-22 05:13:05,417 INFO:Total games: 2320
2023-08-22 05:13:17,804 INFO:Total games: 2330
2023-08-22 05:13:31,195 INFO:Total games: 2340
2023-08-22 05:13:46,181 INFO:Total games: 2350
2023-08-22 05:14:03,326 INFO:Total games: 2360
2023-08-22 05:14:19,676 INFO:Total games: 2370
2023-08-22 05:14:31,894 INFO:Total games: 2380
2023-08-22 05:14:50,305 INFO:Total games: 2390
2023-08-22 05:15:03,194 INFO:Total games: 2400
2023-08-22 05:15:19,152 INFO:Total games: 2410
2023-08-22 05:15:34,765 INFO:Total games: 2420
2023-08-22 05:15:48,433 INFO:Total games: 2430
2023-08-22 05:16:02,967 INFO:Total games: 2440
2023-08-22 05:16:17,641 INFO:Total games: 2450
2023-08-22 05:16:32,428 INFO:Total games: 2460
2023-08-22 05:16:46,305 INFO:Total games: 2470
2023-08-22 05:17:01,865 INFO:Total games: 2480
2023-08-22 05:17:15,012 INFO:Total games: 2490
2023-08-22 05:17:30,582 INFO:Total games: 2500
2023-08-22 05:17:45,790 INFO:Total games: 2510
2023-08-22 05:18:01,557 INFO:Total games: 2520
2023-08-22 05:18:14,954 INFO:Total games: 2530
2023-08-22 05:18:28,165 INFO:Total games: 2540
2023-08-22 05:18:40,164 INFO:Total games: 2550
2023-08-22 05:18:52,748 INFO:Total games: 2560
2023-08-22 05:19:05,984 INFO:Total games: 2570
2023-08-22 05:19:21,747 INFO:Total games: 2580
2023-08-22 05:19:36,654 INFO:Total games: 2590
2023-08-22 05:19:47,520 INFO:Total games: 2600
2023-08-22 05:20:03,925 INFO:Total games: 2610
2023-08-22 05:20:18,454 INFO:Total games: 2620
2023-08-22 05:20:34,266 INFO:Total games: 2630
2023-08-22 05:20:49,829 INFO:Total games: 2640
2023-08-22 05:21:03,325 INFO:Total games: 2650
2023-08-22 05:21:19,815 INFO:Total games: 2660
2023-08-22 05:21:33,744 INFO:Total games: 2670
2023-08-22 05:21:46,655 INFO:Total games: 2680
2023-08-22 05:22:00,142 INFO:Total games: 2690
2023-08-22 05:22:12,149 INFO:Total games: 2700
2023-08-22 05:22:26,456 INFO:Total games: 2710
2023-08-22 05:22:38,319 INFO:Total games: 2720
2023-08-22 05:22:55,336 INFO:Total games: 2730
2023-08-22 05:23:11,090 INFO:Total games: 2740
2023-08-22 05:23:27,138 INFO:Total games: 2750
2023-08-22 05:23:43,459 INFO:Total games: 2760
2023-08-22 05:23:56,873 INFO:Total games: 2770
2023-08-22 05:24:12,203 INFO:Total games: 2780
2023-08-22 05:24:28,558 INFO:Total games: 2790
2023-08-22 05:24:41,357 INFO:Total games: 2800
2023-08-22 05:24:59,315 INFO:Total games: 2810
2023-08-22 05:25:10,881 INFO:Total games: 2820
2023-08-22 05:25:26,301 INFO:Total games: 2830
2023-08-22 05:25:43,164 INFO:Total games: 2840
2023-08-22 05:26:01,206 INFO:Total games: 2850
2023-08-22 05:26:13,460 INFO:Total games: 2860
2023-08-22 05:26:27,310 INFO:Total games: 2870
2023-08-22 05:26:44,088 INFO:Total games: 2880
2023-08-22 05:26:59,727 INFO:Total games: 2890
2023-08-22 05:27:13,713 INFO:Total games: 2900
2023-08-22 05:27:25,971 INFO:Total games: 2910
2023-08-22 05:27:44,017 INFO:Total games: 2920
2023-08-22 05:27:56,838 INFO:Total games: 2930
2023-08-22 05:28:13,401 INFO:Total games: 2940
2023-08-22 05:28:25,515 INFO:Total games: 2950
2023-08-22 05:28:40,219 INFO:Total games: 2960
2023-08-22 05:28:54,848 INFO:Total games: 2970
2023-08-22 05:29:10,738 INFO:Total games: 2980
2023-08-22 05:29:28,026 INFO:Total games: 2990
2023-08-22 05:29:44,212 INFO:Total games: 3000
2023-08-22 05:30:00,557 INFO:Total games: 3010
2023-08-22 05:30:12,533 INFO:Total games: 3020
2023-08-22 05:30:26,791 INFO:Total games: 3030
2023-08-22 05:30:42,182 INFO:Total games: 3040
2023-08-22 05:30:54,764 INFO:Total games: 3050
2023-08-22 05:31:07,595 INFO:Total games: 3060
2023-08-22 05:31:23,139 INFO:Total games: 3070
2023-08-22 05:31:35,924 INFO:Total games: 3080
2023-08-22 05:31:51,495 INFO:Total games: 3090
2023-08-22 05:32:08,382 INFO:Total games: 3100
2023-08-22 05:32:25,505 INFO:Total games: 3110
2023-08-22 05:32:41,098 INFO:Total games: 3120
2023-08-22 05:32:54,435 INFO:Total games: 3130
2023-08-22 05:33:09,553 INFO:Total games: 3140
2023-08-22 05:33:21,085 INFO:Total games: 3150
2023-08-22 05:33:36,620 INFO:Total games: 3160
2023-08-22 05:33:49,543 INFO:Total games: 3170
2023-08-22 05:34:05,224 INFO:Total games: 3180
2023-08-22 05:34:21,749 INFO:Total games: 3190
2023-08-22 05:34:37,488 INFO:Total games: 3200
2023-08-22 05:34:54,530 INFO:Total games: 3210
2023-08-22 05:35:11,301 INFO:Total games: 3220
2023-08-22 05:35:26,931 INFO:Total games: 3230
2023-08-22 05:35:42,084 INFO:Total games: 3240
2023-08-22 05:35:55,735 INFO:Total games: 3250
2023-08-22 05:36:06,702 INFO:Total games: 3260
2023-08-22 05:36:21,451 INFO:Total games: 3270
2023-08-22 05:36:40,419 INFO:Total games: 3280
2023-08-22 05:36:56,878 INFO:Total games: 3290
2023-08-22 05:37:14,414 INFO:Total games: 3300
2023-08-22 05:37:30,597 INFO:Total games: 3310
2023-08-22 05:37:46,971 INFO:Total games: 3320
2023-08-22 05:38:01,714 INFO:Total games: 3330
2023-08-22 05:38:17,428 INFO:Total games: 3340
2023-08-22 05:38:33,860 INFO:Total games: 3350
2023-08-22 05:38:49,785 INFO:Total games: 3360
2023-08-22 05:39:05,565 INFO:Total games: 3370
2023-08-22 05:39:20,732 INFO:Total games: 3380
2023-08-22 05:39:38,566 INFO:Total games: 3390
2023-08-22 05:39:53,575 INFO:Total games: 3400
2023-08-22 05:40:09,194 INFO:Total games: 3410
2023-08-22 05:40:24,422 INFO:Total games: 3420
2023-08-22 05:40:40,613 INFO:Total games: 3430
2023-08-22 05:40:56,000 INFO:Total games: 3440
2023-08-22 05:41:10,254 INFO:Total games: 3450
2023-08-22 05:41:27,238 INFO:Total games: 3460
2023-08-22 05:41:40,526 INFO:Total games: 3470
2023-08-22 05:41:52,544 INFO:Total games: 3480
2023-08-22 05:42:07,240 INFO:Total games: 3490
2023-08-22 05:42:23,158 INFO:Total games: 3500
2023-08-22 05:42:38,808 INFO:Total games: 3510
2023-08-22 05:42:54,774 INFO:Total games: 3520
2023-08-22 05:43:06,808 INFO:Total games: 3530
2023-08-22 05:43:23,768 INFO:Total games: 3540
2023-08-22 05:43:38,065 INFO:Total games: 3550
2023-08-22 05:43:53,150 INFO:Total games: 3560
2023-08-22 05:44:08,670 INFO:Total games: 3570
2023-08-22 05:44:20,834 INFO:Total games: 3580
2023-08-22 05:44:34,888 INFO:Total games: 3590
2023-08-22 05:44:48,031 INFO:Total games: 3600
2023-08-22 05:45:03,774 INFO:Total games: 3610
2023-08-22 05:45:17,598 INFO:Total games: 3620
2023-08-22 05:45:33,486 INFO:Total games: 3630
2023-08-22 05:45:45,955 INFO:Total games: 3640
2023-08-22 05:46:01,155 INFO:Total games: 3650
2023-08-22 05:46:17,162 INFO:Total games: 3660
2023-08-22 05:46:32,012 INFO:Total games: 3670
2023-08-22 05:46:43,356 INFO:Total games: 3680
2023-08-22 05:46:56,632 INFO:Total games: 3690
2023-08-22 05:47:13,363 INFO:Total games: 3700
2023-08-22 05:47:26,079 INFO:Total games: 3710
2023-08-22 05:47:41,492 INFO:Total games: 3720
2023-08-22 05:47:57,219 INFO:Total games: 3730
