2023-06-29 22:01:49,586 INFO:Starting
2023-06-29 22:03:02,849 INFO:Total games: 10
2023-06-29 22:04:07,812 INFO:Total games: 20
2023-06-29 22:05:13,227 INFO:Total games: 30
2023-06-29 22:05:45,389 INFO:Ending
2023-06-29 22:05:45,389 INFO:Duration: 0 hours, 3 minutes, 55 seconds
2023-06-29 22:07:19,282 INFO:Starting
2023-06-29 22:08:25,810 INFO:Total games: 10
2023-06-29 22:09:42,123 INFO:Total games: 20
2023-06-29 22:11:05,448 INFO:Total games: 30
2023-06-29 22:12:18,551 INFO:Total games: 40
2023-06-29 22:13:51,442 INFO:Total games: 50
2023-06-29 22:15:08,653 INFO:Total games: 60
2023-06-29 22:16:18,917 INFO:Total games: 70
2023-06-29 22:17:40,896 INFO:Total games: 80
2023-06-29 22:19:09,537 INFO:Total games: 90
2023-06-29 22:20:24,032 INFO:Total games: 100
2023-06-29 22:21:43,181 INFO:Total games: 110
2023-06-29 22:22:46,573 INFO:Total games: 120
2023-06-29 22:23:56,799 INFO:Total games: 130
2023-06-29 22:25:00,706 INFO:Total games: 140
2023-06-29 22:26:03,470 INFO:Total games: 150
2023-06-29 22:27:12,815 INFO:Total games: 160
2023-06-29 22:28:20,808 INFO:Total games: 170
2023-06-29 22:29:49,973 INFO:Total games: 180
2023-06-29 22:31:17,367 INFO:Total games: 190
2023-06-29 22:32:31,851 INFO:Total games: 200
2023-06-29 22:33:55,975 INFO:Total games: 210
2023-06-29 22:35:05,687 INFO:Total games: 220
2023-06-29 22:36:33,958 INFO:Total games: 230
2023-06-29 22:37:41,523 INFO:Total games: 240
2023-06-29 22:38:54,630 INFO:Total games: 250
2023-06-29 22:40:07,108 INFO:Total games: 260
2023-06-29 22:41:36,534 INFO:Total games: 270
2023-06-29 22:42:38,517 INFO:Total games: 280
2023-06-29 22:42:44,406 INFO:Loaded new best model
2023-06-29 22:43:53,281 INFO:Total games: 290
2023-06-29 22:45:19,180 INFO:Total games: 300
2023-06-29 22:46:41,452 INFO:Total games: 310
2023-06-29 22:48:06,321 INFO:Total games: 320
2023-06-29 22:49:26,985 INFO:Total games: 330
2023-06-29 22:50:46,343 INFO:Total games: 340
2023-06-29 22:51:53,944 INFO:Total games: 350
2023-06-29 22:53:16,101 INFO:Total games: 360
2023-06-29 22:54:38,686 INFO:Total games: 370
2023-06-29 22:56:01,926 INFO:Total games: 380
2023-06-29 22:57:31,926 INFO:Total games: 390
2023-06-29 22:58:59,732 INFO:Total games: 400
2023-06-29 23:00:20,390 INFO:Total games: 410
2023-06-29 23:01:39,177 INFO:Total games: 420
2023-06-29 23:03:09,506 INFO:Total games: 430
2023-06-29 23:04:32,530 INFO:Total games: 440
2023-06-29 23:05:57,018 INFO:Total games: 450
2023-06-29 23:07:24,687 INFO:Total games: 460
2023-06-29 23:08:49,362 INFO:Total games: 470
2023-06-29 23:10:19,084 INFO:Total games: 480
2023-06-29 23:11:32,631 INFO:Total games: 490
2023-06-29 23:13:11,476 INFO:Total games: 500
2023-06-29 23:14:33,285 INFO:Total games: 510
2023-06-29 23:15:57,008 INFO:Total games: 520
2023-06-29 23:17:34,569 INFO:Total games: 530
2023-06-29 23:18:55,341 INFO:Total games: 540
2023-06-29 23:20:20,130 INFO:Total games: 550
2023-06-29 23:21:47,124 INFO:Total games: 560
2023-06-29 23:22:04,005 INFO:Loaded new best model
2023-06-29 23:22:57,350 INFO:Total games: 570
2023-06-29 23:24:23,784 INFO:Total games: 580
2023-06-29 23:25:49,129 INFO:Total games: 590
2023-06-29 23:27:19,690 INFO:Total games: 600
2023-06-29 23:28:41,194 INFO:Total games: 610
2023-06-29 23:30:16,622 INFO:Total games: 620
2023-06-29 23:31:38,081 INFO:Total games: 630
2023-06-29 23:33:12,715 INFO:Total games: 640
2023-06-29 23:34:57,210 INFO:Total games: 650
2023-06-29 23:36:24,597 INFO:Total games: 660
2023-06-29 23:37:44,131 INFO:Total games: 670
2023-06-29 23:39:02,715 INFO:Total games: 680
2023-06-29 23:40:38,696 INFO:Total games: 690
2023-06-29 23:41:28,708 INFO:Loaded new best model
2023-06-29 23:42:05,319 INFO:Total games: 700
2023-06-29 23:43:32,600 INFO:Total games: 710
2023-06-29 23:45:12,521 INFO:Total games: 720
2023-06-29 23:46:42,419 INFO:Total games: 730
2023-06-29 23:48:13,182 INFO:Total games: 740
2023-06-29 23:49:46,986 INFO:Total games: 750
2023-06-29 23:51:26,224 INFO:Total games: 760
2023-06-29 23:53:01,027 INFO:Total games: 770
2023-06-29 23:54:46,988 INFO:Total games: 780
2023-06-29 23:56:25,827 INFO:Total games: 790
2023-06-29 23:58:03,489 INFO:Total games: 800
2023-06-29 23:59:41,190 INFO:Total games: 810
2023-06-30 00:01:21,377 INFO:Total games: 820
2023-06-30 00:02:47,284 INFO:Total games: 830
2023-06-30 00:04:16,918 INFO:Total games: 840
2023-06-30 00:05:48,270 INFO:Total games: 850
2023-06-30 00:07:15,286 INFO:Total games: 860
2023-06-30 00:08:52,167 INFO:Total games: 870
2023-06-30 00:10:26,592 INFO:Total games: 880
2023-06-30 00:12:08,158 INFO:Total games: 890
2023-06-30 00:13:39,712 INFO:Total games: 900
2023-06-30 00:15:19,456 INFO:Total games: 910
2023-06-30 00:17:07,889 INFO:Total games: 920
2023-06-30 00:18:43,895 INFO:Total games: 930
2023-06-30 00:20:30,231 INFO:Total games: 940
2023-06-30 00:22:06,447 INFO:Total games: 950
2023-06-30 00:23:00,258 INFO:Loaded new best model
2023-06-30 00:23:43,105 INFO:Total games: 960
2023-06-30 00:25:15,246 INFO:Total games: 970
2023-06-30 00:26:39,991 INFO:Total games: 980
2023-06-30 00:28:26,185 INFO:Total games: 990
2023-06-30 00:29:48,081 INFO:Total games: 1000
2023-06-30 00:31:08,371 INFO:Total games: 1010
2023-06-30 00:32:46,745 INFO:Total games: 1020
2023-06-30 00:34:23,236 INFO:Total games: 1030
2023-06-30 00:35:44,402 INFO:Total games: 1040
2023-06-30 00:37:02,348 INFO:Total games: 1050
2023-06-30 00:38:46,150 INFO:Total games: 1060
2023-06-30 00:40:21,627 INFO:Total games: 1070
2023-06-30 00:41:58,534 INFO:Total games: 1080
2023-06-30 00:43:24,476 INFO:Total games: 1090
2023-06-30 00:44:58,677 INFO:Total games: 1100
2023-06-30 00:46:32,607 INFO:Total games: 1110
2023-06-30 00:47:51,498 INFO:Total games: 1120
2023-06-30 00:49:19,096 INFO:Total games: 1130
2023-06-30 00:50:44,614 INFO:Total games: 1140
2023-06-30 00:52:20,446 INFO:Total games: 1150
2023-06-30 00:54:03,105 INFO:Total games: 1160
2023-06-30 00:55:43,528 INFO:Total games: 1170
2023-06-30 00:57:22,889 INFO:Total games: 1180
2023-06-30 00:58:58,205 INFO:Total games: 1190
2023-06-30 01:00:29,462 INFO:Total games: 1200
2023-06-30 01:02:13,094 INFO:Total games: 1210
2023-06-30 01:03:45,260 INFO:Total games: 1220
2023-06-30 01:04:57,914 INFO:Total games: 1230
2023-06-30 01:06:11,321 INFO:Total games: 1240
2023-06-30 01:07:49,991 INFO:Total games: 1250
2023-06-30 01:09:09,533 INFO:Total games: 1260
2023-06-30 01:10:42,663 INFO:Total games: 1270
2023-06-30 01:12:12,948 INFO:Total games: 1280
2023-06-30 01:13:49,754 INFO:Total games: 1290
2023-06-30 01:15:20,355 INFO:Total games: 1300
2023-06-30 01:16:53,535 INFO:Total games: 1310
2023-06-30 01:18:20,521 INFO:Total games: 1320
2023-06-30 01:19:47,551 INFO:Total games: 1330
2023-06-30 01:21:24,537 INFO:Total games: 1340
2023-06-30 01:22:48,949 INFO:Total games: 1350
2023-06-30 01:24:09,885 INFO:Loaded new best model
2023-06-30 01:24:31,050 INFO:Total games: 1360
2023-06-30 01:26:04,837 INFO:Total games: 1370
2023-06-30 01:27:38,956 INFO:Total games: 1380
2023-06-30 01:29:19,565 INFO:Total games: 1390
2023-06-30 01:31:04,388 INFO:Total games: 1400
2023-06-30 01:32:51,660 INFO:Total games: 1410
2023-06-30 01:34:35,573 INFO:Total games: 1420
2023-06-30 01:36:15,620 INFO:Total games: 1430
2023-06-30 01:38:01,112 INFO:Total games: 1440
2023-06-30 01:39:34,706 INFO:Total games: 1450
2023-06-30 01:41:21,368 INFO:Total games: 1460
2023-06-30 01:42:59,329 INFO:Total games: 1470
2023-06-30 01:44:42,491 INFO:Total games: 1480
2023-06-30 01:46:21,540 INFO:Total games: 1490
2023-06-30 01:47:47,593 INFO:Total games: 1500
2023-06-30 01:49:25,860 INFO:Total games: 1510
2023-06-30 01:51:19,772 INFO:Total games: 1520
2023-06-30 01:53:02,000 INFO:Total games: 1530
2023-06-30 01:54:40,166 INFO:Total games: 1540
2023-06-30 01:56:25,351 INFO:Total games: 1550
2023-06-30 01:58:06,802 INFO:Total games: 1560
2023-06-30 01:59:50,257 INFO:Total games: 1570
2023-06-30 02:01:30,268 INFO:Total games: 1580
2023-06-30 02:03:17,599 INFO:Total games: 1590
2023-06-30 02:03:24,194 INFO:Loaded new best model
2023-06-30 02:04:54,580 INFO:Total games: 1600
2023-06-30 02:06:36,644 INFO:Total games: 1610
2023-06-30 02:08:26,801 INFO:Total games: 1620
2023-06-30 02:10:16,472 INFO:Total games: 1630
2023-06-30 02:12:11,308 INFO:Total games: 1640
2023-06-30 02:14:01,649 INFO:Total games: 1650
2023-06-30 02:15:55,338 INFO:Total games: 1660
2023-06-30 02:17:41,153 INFO:Total games: 1670
2023-06-30 02:19:28,253 INFO:Total games: 1680
2023-06-30 02:21:20,529 INFO:Total games: 1690
2023-06-30 02:23:11,846 INFO:Total games: 1700
2023-06-30 02:25:00,959 INFO:Total games: 1710
2023-06-30 02:26:49,694 INFO:Total games: 1720
2023-06-30 02:28:34,498 INFO:Total games: 1730
2023-06-30 02:30:22,134 INFO:Total games: 1740
2023-06-30 02:32:12,575 INFO:Total games: 1750
2023-06-30 02:33:57,897 INFO:Total games: 1760
2023-06-30 02:35:49,760 INFO:Total games: 1770
2023-06-30 02:37:46,313 INFO:Total games: 1780
2023-06-30 02:39:34,967 INFO:Total games: 1790
2023-06-30 02:41:24,793 INFO:Total games: 1800
2023-06-30 02:43:17,227 INFO:Total games: 1810
2023-06-30 02:45:08,985 INFO:Total games: 1820
2023-06-30 02:46:56,484 INFO:Total games: 1830
2023-06-30 02:48:42,392 INFO:Total games: 1840
2023-06-30 02:50:25,367 INFO:Total games: 1850
2023-06-30 02:52:16,235 INFO:Total games: 1860
2023-06-30 02:54:10,732 INFO:Total games: 1870
2023-06-30 02:56:01,562 INFO:Total games: 1880
2023-06-30 02:57:52,655 INFO:Total games: 1890
2023-06-30 02:59:49,338 INFO:Total games: 1900
2023-06-30 03:01:40,955 INFO:Total games: 1910
2023-06-30 03:03:29,825 INFO:Total games: 1920
2023-06-30 03:05:21,117 INFO:Total games: 1930
2023-06-30 03:07:19,497 INFO:Total games: 1940
2023-06-30 03:09:05,484 INFO:Total games: 1950
2023-06-30 03:10:51,589 INFO:Total games: 1960
2023-06-30 03:12:48,863 INFO:Total games: 1970
2023-06-30 03:14:41,612 INFO:Total games: 1980
2023-06-30 03:16:30,463 INFO:Total games: 1990
2023-06-30 03:18:26,261 INFO:Total games: 2000
2023-06-30 03:20:11,380 INFO:Total games: 2010
2023-06-30 03:22:05,054 INFO:Total games: 2020
2023-06-30 03:23:58,659 INFO:Total games: 2030
2023-06-30 03:25:45,591 INFO:Total games: 2040
2023-06-30 03:27:29,824 INFO:Total games: 2050
2023-06-30 03:29:20,559 INFO:Total games: 2060
2023-06-30 03:31:12,300 INFO:Total games: 2070
2023-06-30 03:32:58,261 INFO:Total games: 2080
2023-06-30 03:34:43,229 INFO:Total games: 2090
2023-06-30 03:36:35,569 INFO:Total games: 2100
2023-06-30 03:38:32,389 INFO:Total games: 2110
2023-06-30 03:40:22,475 INFO:Total games: 2120
2023-06-30 03:42:11,752 INFO:Total games: 2130
2023-06-30 03:44:05,457 INFO:Total games: 2140
2023-06-30 03:45:52,997 INFO:Total games: 2150
2023-06-30 03:47:39,495 INFO:Total games: 2160
2023-06-30 03:49:23,063 INFO:Total games: 2170
2023-06-30 03:51:10,342 INFO:Total games: 2180
2023-06-30 03:53:03,300 INFO:Total games: 2190
2023-06-30 03:54:53,153 INFO:Total games: 2200
2023-06-30 03:56:44,774 INFO:Total games: 2210
2023-06-30 03:58:43,919 INFO:Total games: 2220
2023-06-30 04:00:38,314 INFO:Total games: 2230
2023-06-30 04:02:27,657 INFO:Total games: 2240
2023-06-30 04:04:15,226 INFO:Total games: 2250
2023-06-30 04:06:07,665 INFO:Total games: 2260
2023-06-30 04:07:56,326 INFO:Total games: 2270
2023-06-30 04:09:46,994 INFO:Total games: 2280
2023-06-30 04:11:31,187 INFO:Total games: 2290
2023-06-30 04:13:17,834 INFO:Total games: 2300
2023-06-30 04:15:05,160 INFO:Total games: 2310
2023-06-30 04:16:55,054 INFO:Total games: 2320
2023-06-30 04:18:53,466 INFO:Total games: 2330
2023-06-30 04:20:46,381 INFO:Total games: 2340
2023-06-30 04:22:38,032 INFO:Total games: 2350
2023-06-30 04:24:28,766 INFO:Total games: 2360
2023-06-30 04:26:27,504 INFO:Total games: 2370
2023-06-30 04:28:15,332 INFO:Total games: 2380
2023-06-30 04:30:07,288 INFO:Total games: 2390
2023-06-30 04:31:58,619 INFO:Total games: 2400
2023-06-30 04:33:43,043 INFO:Total games: 2410
2023-06-30 04:35:30,115 INFO:Total games: 2420
2023-06-30 04:37:19,385 INFO:Total games: 2430
2023-06-30 04:39:11,662 INFO:Total games: 2440
2023-06-30 04:41:02,014 INFO:Total games: 2450
2023-06-30 04:42:53,371 INFO:Total games: 2460
2023-06-30 04:44:45,071 INFO:Total games: 2470
2023-06-30 04:46:35,041 INFO:Total games: 2480
2023-06-30 04:48:24,903 INFO:Total games: 2490
2023-06-30 04:50:17,425 INFO:Total games: 2500
2023-06-30 04:52:09,116 INFO:Total games: 2510
2023-06-30 04:53:49,614 INFO:Total games: 2520
2023-06-30 04:55:41,182 INFO:Total games: 2530
2023-06-30 04:57:27,688 INFO:Total games: 2540
2023-06-30 04:59:13,375 INFO:Total games: 2550
2023-06-30 05:01:07,562 INFO:Total games: 2560
2023-06-30 05:02:57,268 INFO:Total games: 2570
2023-06-30 05:04:45,974 INFO:Total games: 2580
2023-06-30 05:06:42,813 INFO:Total games: 2590
2023-06-30 05:08:35,255 INFO:Total games: 2600
2023-06-30 05:10:24,243 INFO:Total games: 2610
2023-06-30 05:12:12,987 INFO:Total games: 2620
2023-06-30 05:13:55,972 INFO:Total games: 2630
2023-06-30 05:15:48,140 INFO:Total games: 2640
2023-06-30 05:17:33,965 INFO:Total games: 2650
2023-06-30 05:19:24,589 INFO:Total games: 2660
2023-06-30 05:21:10,794 INFO:Total games: 2670
2023-06-30 05:23:09,590 INFO:Total games: 2680
2023-06-30 05:25:00,549 INFO:Total games: 2690
2023-06-30 05:26:54,528 INFO:Total games: 2700
2023-06-30 05:28:48,144 INFO:Total games: 2710
2023-06-30 05:30:46,293 INFO:Total games: 2720
2023-06-30 05:32:32,340 INFO:Total games: 2730
2023-06-30 05:34:16,235 INFO:Total games: 2740
2023-06-30 05:35:57,531 INFO:Total games: 2750
2023-06-30 05:37:50,309 INFO:Total games: 2760
2023-06-30 05:39:45,702 INFO:Total games: 2770
2023-06-30 05:41:38,463 INFO:Total games: 2780
2023-06-30 05:43:31,720 INFO:Total games: 2790
2023-06-30 05:45:19,886 INFO:Total games: 2800
2023-06-30 05:47:06,141 INFO:Total games: 2810
2023-06-30 05:49:00,858 INFO:Total games: 2820
2023-06-30 05:50:52,604 INFO:Total games: 2830
2023-06-30 05:52:46,838 INFO:Total games: 2840
2023-06-30 05:54:35,118 INFO:Total games: 2850
2023-06-30 05:56:19,285 INFO:Total games: 2860
2023-06-30 05:58:11,017 INFO:Total games: 2870
2023-06-30 06:00:01,086 INFO:Total games: 2880
2023-06-30 06:01:45,925 INFO:Total games: 2890
2023-06-30 06:03:32,402 INFO:Total games: 2900
2023-06-30 06:05:24,250 INFO:Total games: 2910
2023-06-30 06:07:12,693 INFO:Total games: 2920
2023-06-30 06:09:01,844 INFO:Total games: 2930
2023-06-30 06:10:48,896 INFO:Total games: 2940
2023-06-30 06:12:42,388 INFO:Total games: 2950
2023-06-30 06:14:26,932 INFO:Total games: 2960
2023-06-30 06:16:17,949 INFO:Total games: 2970
2023-06-30 06:18:02,260 INFO:Total games: 2980
2023-06-30 06:19:47,653 INFO:Total games: 2990
2023-06-30 06:21:38,376 INFO:Total games: 3000
2023-06-30 06:23:23,046 INFO:Total games: 3010
2023-06-30 06:25:21,393 INFO:Total games: 3020
2023-06-30 06:27:12,267 INFO:Total games: 3030
2023-06-30 06:29:00,255 INFO:Total games: 3040
2023-06-30 06:30:40,518 INFO:Total games: 3050
2023-06-30 06:32:26,913 INFO:Total games: 3060
2023-06-30 06:34:21,291 INFO:Total games: 3070
2023-06-30 06:36:08,405 INFO:Total games: 3080
2023-06-30 06:37:55,031 INFO:Total games: 3090
2023-06-30 06:39:46,092 INFO:Total games: 3100
2023-06-30 06:41:36,952 INFO:Total games: 3110
2023-06-30 06:43:26,911 INFO:Total games: 3120
2023-06-30 06:45:22,841 INFO:Total games: 3130
2023-06-30 06:47:08,753 INFO:Total games: 3140
2023-06-30 06:48:58,776 INFO:Total games: 3150
2023-06-30 06:50:51,122 INFO:Total games: 3160
2023-06-30 06:52:42,426 INFO:Total games: 3170
2023-06-30 06:54:37,266 INFO:Total games: 3180
2023-06-30 06:56:27,505 INFO:Total games: 3190
2023-06-30 06:58:17,399 INFO:Total games: 3200
2023-06-30 07:00:11,113 INFO:Total games: 3210
2023-06-30 07:02:03,329 INFO:Total games: 3220
2023-06-30 07:03:54,294 INFO:Total games: 3230
2023-06-30 07:05:50,610 INFO:Total games: 3240
2023-06-30 07:07:44,079 INFO:Total games: 3250
2023-06-30 07:09:38,221 INFO:Total games: 3260
2023-06-30 07:11:25,374 INFO:Total games: 3270
2023-06-30 07:13:11,141 INFO:Total games: 3280
2023-06-30 07:15:04,618 INFO:Total games: 3290
2023-06-30 07:16:40,762 INFO:Total games: 3300
2023-06-30 07:18:29,966 INFO:Total games: 3310
2023-06-30 07:20:18,594 INFO:Total games: 3320
2023-06-30 07:22:08,211 INFO:Total games: 3330
2023-06-30 07:23:55,026 INFO:Total games: 3340
2023-06-30 07:25:54,118 INFO:Total games: 3350
2023-06-30 07:27:44,778 INFO:Total games: 3360
2023-06-30 07:29:38,883 INFO:Total games: 3370
2023-06-30 07:31:24,866 INFO:Total games: 3380
2023-06-30 07:33:16,507 INFO:Total games: 3390
2023-06-30 07:35:04,828 INFO:Total games: 3400
2023-06-30 07:36:55,990 INFO:Total games: 3410
2023-06-30 07:38:35,832 INFO:Total games: 3420
2023-06-30 07:40:18,806 INFO:Total games: 3430
2023-06-30 07:42:07,594 INFO:Total games: 3440
2023-06-30 07:43:56,332 INFO:Total games: 3450
2023-06-30 07:45:50,323 INFO:Total games: 3460
2023-06-30 07:47:43,848 INFO:Total games: 3470
2023-06-30 07:49:28,977 INFO:Total games: 3480
2023-06-30 07:51:21,790 INFO:Total games: 3490
2023-06-30 07:53:12,104 INFO:Total games: 3500
2023-06-30 07:55:01,497 INFO:Total games: 3510
2023-06-30 07:56:53,854 INFO:Total games: 3520
2023-06-30 07:58:49,700 INFO:Total games: 3530
2023-06-30 08:00:27,236 INFO:Total games: 3540
2023-06-30 08:02:19,941 INFO:Total games: 3550
2023-06-30 08:04:13,319 INFO:Total games: 3560
2023-06-30 08:06:03,714 INFO:Total games: 3570
2023-06-30 08:07:51,611 INFO:Total games: 3580
2023-06-30 08:09:41,040 INFO:Total games: 3590
2023-06-30 08:11:34,841 INFO:Total games: 3600
2023-06-30 08:13:25,606 INFO:Total games: 3610
2023-06-30 08:15:19,964 INFO:Total games: 3620
2023-06-30 08:17:09,947 INFO:Total games: 3630
2023-06-30 08:18:54,847 INFO:Total games: 3640
2023-06-30 08:20:37,276 INFO:Total games: 3650
2023-06-30 08:22:23,737 INFO:Total games: 3660
2023-06-30 08:24:03,480 INFO:Total games: 3670
2023-06-30 08:25:54,459 INFO:Total games: 3680
2023-06-30 08:27:45,764 INFO:Total games: 3690
2023-06-30 08:29:35,099 INFO:Total games: 3700
2023-06-30 08:31:26,145 INFO:Total games: 3710
2023-06-30 08:33:27,337 INFO:Total games: 3720
2023-06-30 08:35:15,406 INFO:Total games: 3730
2023-06-30 08:37:09,852 INFO:Total games: 3740
2023-06-30 08:38:57,668 INFO:Total games: 3750
2023-06-30 08:40:40,438 INFO:Total games: 3760
2023-06-30 08:42:33,143 INFO:Total games: 3770
2023-06-30 08:44:28,186 INFO:Total games: 3780
2023-06-30 08:46:18,255 INFO:Total games: 3790
2023-06-30 08:48:10,875 INFO:Total games: 3800
2023-06-30 08:50:00,808 INFO:Total games: 3810
2023-06-30 08:51:51,073 INFO:Total games: 3820
2023-06-30 08:53:42,651 INFO:Total games: 3830
2023-06-30 08:55:34,924 INFO:Total games: 3840
2023-06-30 08:57:35,205 INFO:Total games: 3850
2023-06-30 08:59:21,247 INFO:Total games: 3860
2023-06-30 09:01:06,220 INFO:Total games: 3870
2023-06-30 09:02:56,513 INFO:Total games: 3880
2023-06-30 09:04:45,819 INFO:Total games: 3890
2023-06-30 09:06:36,929 INFO:Total games: 3900
2023-06-30 09:08:24,955 INFO:Total games: 3910
2023-06-30 09:10:23,050 INFO:Total games: 3920
2023-06-30 09:12:14,798 INFO:Total games: 3930
2023-06-30 09:14:04,621 INFO:Total games: 3940
2023-06-30 09:15:57,435 INFO:Total games: 3950
2023-06-30 09:17:48,982 INFO:Total games: 3960
2023-06-30 09:19:37,271 INFO:Total games: 3970
2023-06-30 09:21:22,954 INFO:Total games: 3980
2023-06-30 09:23:18,693 INFO:Total games: 3990
2023-06-30 09:25:02,957 INFO:Total games: 4000
2023-06-30 09:26:44,627 INFO:Total games: 4010
2023-06-30 09:28:34,126 INFO:Total games: 4020
2023-06-30 09:30:17,384 INFO:Total games: 4030
2023-06-30 09:32:07,578 INFO:Total games: 4040
2023-06-30 09:33:58,034 INFO:Total games: 4050
2023-06-30 09:35:57,672 INFO:Total games: 4060
2023-06-30 09:37:48,102 INFO:Total games: 4070
2023-06-30 09:39:34,446 INFO:Total games: 4080
2023-06-30 09:41:19,543 INFO:Total games: 4090
2023-06-30 09:43:11,160 INFO:Total games: 4100
2023-06-30 09:45:04,912 INFO:Total games: 4110
2023-06-30 09:46:57,512 INFO:Total games: 4120
2023-06-30 09:48:49,324 INFO:Total games: 4130
2023-06-30 09:50:38,642 INFO:Total games: 4140
2023-06-30 09:52:33,869 INFO:Total games: 4150
2023-06-30 09:54:23,509 INFO:Total games: 4160
2023-06-30 09:56:16,864 INFO:Total games: 4170
2023-06-30 09:58:00,562 INFO:Total games: 4180
2023-06-30 09:59:44,662 INFO:Total games: 4190
2023-06-30 10:01:35,513 INFO:Total games: 4200
2023-06-30 10:03:16,373 INFO:Total games: 4210
2023-06-30 10:05:06,012 INFO:Total games: 4220
2023-06-30 10:07:00,014 INFO:Total games: 4230
2023-06-30 10:08:49,331 INFO:Total games: 4240
2023-06-30 10:10:42,672 INFO:Total games: 4250
2023-06-30 10:12:33,260 INFO:Total games: 4260
2023-06-30 10:14:32,560 INFO:Total games: 4270
2023-06-30 10:16:19,519 INFO:Total games: 4280
2023-06-30 10:18:12,261 INFO:Total games: 4290
2023-06-30 10:20:00,544 INFO:Total games: 4300
2023-06-30 10:21:43,670 INFO:Total games: 4310
2023-06-30 10:23:24,993 INFO:Total games: 4320
2023-06-30 10:25:10,926 INFO:Total games: 4330
2023-06-30 10:27:02,895 INFO:Total games: 4340
2023-06-30 10:29:05,017 INFO:Total games: 4350
2023-06-30 10:30:55,707 INFO:Total games: 4360
2023-06-30 10:32:46,442 INFO:Total games: 4370
2023-06-30 10:34:34,103 INFO:Total games: 4380
2023-06-30 10:36:20,935 INFO:Total games: 4390
2023-06-30 10:38:11,346 INFO:Total games: 4400
2023-06-30 10:40:02,262 INFO:Total games: 4410
2023-06-30 10:41:58,963 INFO:Total games: 4420
2023-06-30 10:43:46,742 INFO:Total games: 4430
2023-06-30 10:45:34,403 INFO:Total games: 4440
2023-06-30 10:47:26,786 INFO:Total games: 4450
2023-06-30 10:49:15,952 INFO:Total games: 4460
2023-06-30 10:51:04,529 INFO:Total games: 4470
2023-06-30 10:52:51,410 INFO:Total games: 4480
2023-06-30 10:54:43,063 INFO:Total games: 4490
2023-06-30 10:56:45,095 INFO:Total games: 4500
2023-06-30 10:58:31,267 INFO:Total games: 4510
2023-06-30 11:00:20,025 INFO:Total games: 4520
2023-06-30 11:02:07,520 INFO:Total games: 4530
2023-06-30 11:03:52,794 INFO:Total games: 4540
2023-06-30 11:05:42,422 INFO:Total games: 4550
2023-06-30 11:07:33,644 INFO:Total games: 4560
2023-06-30 11:09:20,380 INFO:Total games: 4570
2023-06-30 11:11:24,764 INFO:Total games: 4580
2023-06-30 11:13:18,627 INFO:Total games: 4590
2023-06-30 11:15:08,522 INFO:Total games: 4600
2023-06-30 11:17:01,245 INFO:Total games: 4610
2023-06-30 11:18:55,307 INFO:Total games: 4620
2023-06-30 11:20:45,967 INFO:Total games: 4630
2023-06-30 11:22:34,449 INFO:Total games: 4640
2023-06-30 11:24:21,834 INFO:Total games: 4650
2023-06-30 11:26:11,099 INFO:Total games: 4660
2023-06-30 11:27:59,564 INFO:Total games: 4670
2023-06-30 11:29:49,563 INFO:Total games: 4680
2023-06-30 11:31:41,024 INFO:Total games: 4690
2023-06-30 11:33:31,965 INFO:Total games: 4700
2023-06-30 11:35:26,310 INFO:Total games: 4710
2023-06-30 11:37:18,844 INFO:Total games: 4720
2023-06-30 11:39:09,084 INFO:Total games: 4730
2023-06-30 11:41:11,849 INFO:Total games: 4740
2023-06-30 11:42:28,925 INFO:Loaded new best model
2023-06-30 11:42:58,972 INFO:Total games: 4750
2023-06-30 11:44:24,233 INFO:Total games: 4760
2023-06-30 11:45:56,367 INFO:Total games: 4770
2023-06-30 11:47:30,293 INFO:Total games: 4780
2023-06-30 11:49:06,433 INFO:Total games: 4790
2023-06-30 11:50:38,020 INFO:Total games: 4800
2023-06-30 11:52:12,359 INFO:Total games: 4810
2023-06-30 11:53:45,817 INFO:Total games: 4820
2023-06-30 11:55:22,925 INFO:Total games: 4830
2023-06-30 11:57:04,798 INFO:Total games: 4840
2023-06-30 11:58:39,116 INFO:Total games: 4850
2023-06-30 12:00:17,183 INFO:Total games: 4860
2023-06-30 12:01:54,165 INFO:Total games: 4870
2023-06-30 12:03:27,377 INFO:Total games: 4880
2023-06-30 12:04:55,388 INFO:Total games: 4890
2023-06-30 12:06:33,050 INFO:Total games: 4900
2023-06-30 12:08:07,895 INFO:Total games: 4910
2023-06-30 12:09:50,141 INFO:Total games: 4920
2023-06-30 12:11:27,632 INFO:Total games: 4930
2023-06-30 12:12:59,574 INFO:Total games: 4940
2023-06-30 12:14:50,838 INFO:Total games: 4950
2023-06-30 12:16:28,715 INFO:Total games: 4960
2023-06-30 12:18:04,071 INFO:Total games: 4970
2023-06-30 12:19:43,388 INFO:Total games: 4980
2023-06-30 12:21:22,561 INFO:Total games: 4990
2023-06-30 12:23:01,538 INFO:Total games: 5000
2023-06-30 12:24:35,348 INFO:Total games: 5010
2023-06-30 12:26:03,605 INFO:Total games: 5020
2023-06-30 12:27:36,304 INFO:Total games: 5030
2023-06-30 12:29:10,322 INFO:Total games: 5040
2023-06-30 12:30:41,597 INFO:Total games: 5050
2023-06-30 12:32:39,046 INFO:Total games: 5060
2023-06-30 12:34:15,000 INFO:Total games: 5070
2023-06-30 12:35:56,140 INFO:Total games: 5080
2023-06-30 12:37:36,507 INFO:Total games: 5090
2023-06-30 12:39:18,241 INFO:Total games: 5100
2023-06-30 12:41:02,010 INFO:Total games: 5110
2023-06-30 12:42:47,588 INFO:Total games: 5120
2023-06-30 12:44:34,786 INFO:Total games: 5130
2023-06-30 12:46:05,094 INFO:Total games: 5140
2023-06-30 12:47:42,522 INFO:Total games: 5150
2023-06-30 12:49:14,647 INFO:Total games: 5160
2023-06-30 12:51:01,053 INFO:Total games: 5170
2023-06-30 12:52:38,035 INFO:Total games: 5180
2023-06-30 12:54:21,155 INFO:Total games: 5190
2023-06-30 12:56:00,857 INFO:Total games: 5200
2023-06-30 12:57:36,133 INFO:Total games: 5210
2023-06-30 12:59:10,956 INFO:Total games: 5220
2023-06-30 13:00:45,464 INFO:Total games: 5230
2023-06-30 13:02:15,346 INFO:Total games: 5240
2023-06-30 13:03:47,646 INFO:Total games: 5250
2023-06-30 13:05:21,842 INFO:Total games: 5260
2023-06-30 13:07:01,811 INFO:Total games: 5270
2023-06-30 13:08:51,710 INFO:Total games: 5280
2023-06-30 13:09:29,117 INFO:Loaded new best model
2023-06-30 13:10:36,380 INFO:Total games: 5290
2023-06-30 13:12:27,377 INFO:Total games: 5300
2023-06-30 13:14:19,451 INFO:Total games: 5310
2023-06-30 13:16:17,097 INFO:Total games: 5320
2023-06-30 13:18:15,844 INFO:Total games: 5330
2023-06-30 13:20:13,001 INFO:Total games: 5340
2023-06-30 13:22:10,040 INFO:Total games: 5350
2023-06-30 13:24:08,672 INFO:Total games: 5360
2023-06-30 13:26:10,169 INFO:Total games: 5370
2023-06-30 13:28:34,444 INFO:Total games: 5380
2023-06-30 13:30:41,258 INFO:Total games: 5390
2023-06-30 13:32:45,361 INFO:Total games: 5400
2023-06-30 13:34:48,006 INFO:Total games: 5410
2023-06-30 13:36:46,686 INFO:Total games: 5420
2023-06-30 13:38:41,847 INFO:Total games: 5430
2023-06-30 13:40:43,288 INFO:Total games: 5440
2023-06-30 13:42:49,987 INFO:Total games: 5450
2023-06-30 13:44:46,312 INFO:Total games: 5460
2023-06-30 13:46:54,592 INFO:Total games: 5470
2023-06-30 13:48:53,477 INFO:Total games: 5480
2023-06-30 13:50:47,803 INFO:Total games: 5490
2023-06-30 13:52:45,285 INFO:Total games: 5500
2023-06-30 13:54:42,924 INFO:Total games: 5510
2023-06-30 13:56:45,530 INFO:Total games: 5520
2023-06-30 13:58:45,873 INFO:Total games: 5530
2023-06-30 14:00:40,376 INFO:Total games: 5540
2023-06-30 14:02:34,140 INFO:Total games: 5550
2023-06-30 14:04:49,978 INFO:Total games: 5560
2023-06-30 14:06:46,526 INFO:Total games: 5570
2023-06-30 14:08:41,310 INFO:Total games: 5580
2023-06-30 14:10:38,138 INFO:Total games: 5590
2023-06-30 14:12:29,820 INFO:Total games: 5600
2023-06-30 14:14:22,932 INFO:Total games: 5610
2023-06-30 14:16:21,601 INFO:Total games: 5620
2023-06-30 14:18:20,435 INFO:Total games: 5630
2023-06-30 14:20:12,615 INFO:Total games: 5640
2023-06-30 14:22:04,926 INFO:Total games: 5650
2023-06-30 14:24:02,204 INFO:Total games: 5660
2023-06-30 14:25:52,614 INFO:Total games: 5670
2023-06-30 14:27:47,724 INFO:Total games: 5680
2023-06-30 14:29:44,790 INFO:Total games: 5690
2023-06-30 14:31:43,961 INFO:Total games: 5700
2023-06-30 14:33:40,591 INFO:Total games: 5710
2023-06-30 14:35:34,588 INFO:Total games: 5720
2023-06-30 14:37:29,207 INFO:Total games: 5730
2023-06-30 14:39:27,216 INFO:Total games: 5740
2023-06-30 14:41:23,989 INFO:Total games: 5750
2023-06-30 14:43:34,290 INFO:Total games: 5760
2023-06-30 14:45:26,684 INFO:Total games: 5770
2023-06-30 14:47:20,670 INFO:Total games: 5780
2023-06-30 14:49:14,398 INFO:Total games: 5790
2023-06-30 14:51:10,094 INFO:Total games: 5800
2023-06-30 14:53:07,830 INFO:Total games: 5810
2023-06-30 14:55:01,021 INFO:Total games: 5820
2023-06-30 14:56:58,007 INFO:Total games: 5830
2023-06-30 14:58:55,191 INFO:Total games: 5840
2023-06-30 15:00:51,071 INFO:Total games: 5850
2023-06-30 15:02:59,347 INFO:Total games: 5860
2023-06-30 15:04:55,870 INFO:Total games: 5870
2023-06-30 15:06:42,898 INFO:Total games: 5880
2023-06-30 15:08:30,923 INFO:Total games: 5890
2023-06-30 15:10:24,887 INFO:Total games: 5900
2023-06-30 15:12:24,009 INFO:Total games: 5910
2023-06-30 15:14:21,260 INFO:Total games: 5920
2023-06-30 15:16:17,528 INFO:Total games: 5930
2023-06-30 15:18:08,853 INFO:Total games: 5940
2023-06-30 15:19:59,789 INFO:Total games: 5950
2023-06-30 15:22:04,531 INFO:Total games: 5960
2023-06-30 15:24:01,673 INFO:Total games: 5970
2023-06-30 15:25:57,874 INFO:Total games: 5980
2023-06-30 15:27:49,870 INFO:Total games: 5990
2023-06-30 15:29:44,644 INFO:Total games: 6000
2023-06-30 15:31:40,074 INFO:Total games: 6010
2023-06-30 15:33:36,216 INFO:Total games: 6020
2023-06-30 15:35:30,078 INFO:Total games: 6030
2023-06-30 15:37:23,706 INFO:Total games: 6040
2023-06-30 15:39:18,110 INFO:Total games: 6050
2023-06-30 15:41:14,081 INFO:Total games: 6060
2023-06-30 15:43:25,590 INFO:Total games: 6070
2023-06-30 15:45:20,139 INFO:Total games: 6080
2023-06-30 15:47:18,095 INFO:Total games: 6090
2023-06-30 15:49:02,367 INFO:Total games: 6100
2023-06-30 15:50:53,831 INFO:Total games: 6110
2023-06-30 15:52:50,872 INFO:Total games: 6120
2023-06-30 15:54:48,031 INFO:Total games: 6130
2023-06-30 15:56:44,798 INFO:Total games: 6140
2023-06-30 15:58:42,344 INFO:Total games: 6150
2023-06-30 16:00:30,668 INFO:Total games: 6160
2023-06-30 16:02:25,322 INFO:Total games: 6170
2023-06-30 16:04:35,351 INFO:Total games: 6180
2023-06-30 16:06:31,921 INFO:Total games: 6190
2023-06-30 16:08:30,632 INFO:Total games: 6200
2023-06-30 16:10:34,723 INFO:Total games: 6210
2023-06-30 16:12:33,457 INFO:Total games: 6220
2023-06-30 16:14:40,211 INFO:Total games: 6230
2023-06-30 16:16:45,899 INFO:Total games: 6240
2023-06-30 16:18:50,991 INFO:Total games: 6250
2023-06-30 16:20:50,079 INFO:Total games: 6260
2023-06-30 16:22:46,870 INFO:Total games: 6270
2023-06-30 16:24:42,172 INFO:Total games: 6280
2023-06-30 16:26:55,149 INFO:Total games: 6290
2023-06-30 16:28:52,099 INFO:Total games: 6300
2023-06-30 16:30:44,432 INFO:Total games: 6310
2023-06-30 16:32:41,359 INFO:Total games: 6320
2023-06-30 16:34:35,267 INFO:Total games: 6330
2023-06-30 16:36:27,979 INFO:Total games: 6340
2023-06-30 16:38:27,668 INFO:Total games: 6350
2023-06-30 16:40:24,559 INFO:Total games: 6360
2023-06-30 16:42:23,002 INFO:Total games: 6370
2023-06-30 16:44:16,258 INFO:Total games: 6380
2023-06-30 16:46:11,427 INFO:Total games: 6390
2023-06-30 16:48:25,043 INFO:Total games: 6400
2023-06-30 16:50:19,455 INFO:Total games: 6410
2023-06-30 16:52:18,394 INFO:Total games: 6420
2023-06-30 16:54:16,919 INFO:Total games: 6430
2023-06-30 16:56:11,299 INFO:Total games: 6440
2023-06-30 16:58:00,289 INFO:Total games: 6450
2023-06-30 16:59:49,580 INFO:Total games: 6460
2023-06-30 17:01:40,447 INFO:Total games: 6470
2023-06-30 17:03:34,858 INFO:Total games: 6480
2023-06-30 17:05:29,683 INFO:Total games: 6490
2023-06-30 17:07:25,823 INFO:Total games: 6500
2023-06-30 17:09:39,325 INFO:Total games: 6510
2023-06-30 17:11:32,375 INFO:Total games: 6520
2023-06-30 17:13:29,339 INFO:Total games: 6530
2023-06-30 17:15:24,596 INFO:Total games: 6540
2023-06-30 17:17:21,477 INFO:Total games: 6550
2023-06-30 17:19:13,280 INFO:Total games: 6560
2023-06-30 17:21:08,369 INFO:Total games: 6570
2023-06-30 17:23:04,820 INFO:Total games: 6580
2023-06-30 17:24:56,799 INFO:Total games: 6590
2023-06-30 17:26:54,138 INFO:Total games: 6600
2023-06-30 17:28:50,341 INFO:Total games: 6610
2023-06-30 17:31:02,927 INFO:Total games: 6620
2023-06-30 17:32:55,751 INFO:Total games: 6630
2023-06-30 17:34:52,939 INFO:Total games: 6640
2023-06-30 17:36:50,303 INFO:Total games: 6650
2023-06-30 17:38:41,654 INFO:Total games: 6660
2023-06-30 17:40:32,942 INFO:Total games: 6670
2023-06-30 17:42:29,294 INFO:Total games: 6680
2023-06-30 17:44:21,435 INFO:Total games: 6690
2023-06-30 17:46:19,192 INFO:Total games: 6700
2023-06-30 17:48:15,112 INFO:Total games: 6710
2023-06-30 17:50:09,814 INFO:Total games: 6720
2023-06-30 17:52:07,447 INFO:Total games: 6730
2023-06-30 17:54:20,935 INFO:Total games: 6740
2023-06-30 17:56:14,966 INFO:Total games: 6750
2023-06-30 17:58:12,372 INFO:Total games: 6760
2023-06-30 18:00:07,370 INFO:Total games: 6770
2023-06-30 18:02:00,781 INFO:Total games: 6780
2023-06-30 18:03:57,462 INFO:Total games: 6790
2023-06-30 18:05:56,533 INFO:Total games: 6800
2023-06-30 18:07:54,425 INFO:Total games: 6810
2023-06-30 18:09:52,988 INFO:Total games: 6820
2023-06-30 18:11:50,151 INFO:Total games: 6830
2023-06-30 18:13:45,007 INFO:Total games: 6840
2023-06-30 18:15:40,046 INFO:Total games: 6850
2023-06-30 18:17:55,665 INFO:Total games: 6860
2023-06-30 18:19:50,621 INFO:Total games: 6870
2023-06-30 18:21:41,390 INFO:Total games: 6880
2023-06-30 18:23:38,278 INFO:Total games: 6890
2023-06-30 18:25:34,296 INFO:Total games: 6900
2023-06-30 18:27:32,422 INFO:Total games: 6910
2023-06-30 18:29:30,746 INFO:Total games: 6920
2023-06-30 18:31:26,013 INFO:Total games: 6930
2023-06-30 18:33:21,708 INFO:Total games: 6940
2023-06-30 18:35:15,744 INFO:Total games: 6950
2023-06-30 18:37:11,792 INFO:Total games: 6960
2023-06-30 18:39:01,800 INFO:Total games: 6970
2023-06-30 18:41:13,801 INFO:Total games: 6980
2023-06-30 18:43:05,606 INFO:Total games: 6990
2023-06-30 18:45:04,778 INFO:Total games: 7000
2023-06-30 18:47:01,404 INFO:Total games: 7010
2023-06-30 18:48:59,969 INFO:Total games: 7020
2023-06-30 18:50:58,829 INFO:Total games: 7030
2023-06-30 18:52:56,934 INFO:Total games: 7040
2023-06-30 18:54:54,480 INFO:Total games: 7050
2023-06-30 18:56:50,730 INFO:Total games: 7060
2023-06-30 18:58:48,074 INFO:Total games: 7070
2023-06-30 19:00:44,107 INFO:Total games: 7080
2023-06-30 19:02:32,686 INFO:Total games: 7090
2023-06-30 19:04:37,850 INFO:Total games: 7100
2023-06-30 19:06:26,736 INFO:Total games: 7110
2023-06-30 19:08:24,445 INFO:Total games: 7120
2023-06-30 19:10:22,851 INFO:Total games: 7130
2023-06-30 19:12:20,080 INFO:Total games: 7140
2023-06-30 19:14:13,723 INFO:Total games: 7150
2023-06-30 19:16:13,121 INFO:Total games: 7160
2023-06-30 19:18:07,658 INFO:Total games: 7170
2023-06-30 19:20:04,982 INFO:Total games: 7180
2023-06-30 19:22:00,125 INFO:Total games: 7190
2023-06-30 19:23:57,557 INFO:Total games: 7200
2023-06-30 19:25:45,888 INFO:Total games: 7210
2023-06-30 19:27:42,939 INFO:Total games: 7220
2023-06-30 19:29:58,569 INFO:Total games: 7230
2023-06-30 19:31:54,188 INFO:Total games: 7240
2023-06-30 19:33:53,360 INFO:Total games: 7250
2023-06-30 19:35:49,605 INFO:Total games: 7260
2023-06-30 19:37:42,545 INFO:Total games: 7270
2023-06-30 19:39:35,964 INFO:Total games: 7280
2023-06-30 19:41:34,993 INFO:Total games: 7290
2023-06-30 19:43:30,961 INFO:Total games: 7300
2023-06-30 19:45:26,003 INFO:Total games: 7310
2023-06-30 19:47:19,290 INFO:Total games: 7320
2023-06-30 19:49:13,497 INFO:Total games: 7330
2023-06-30 19:51:11,437 INFO:Total games: 7340
2023-06-30 19:53:07,527 INFO:Total games: 7350
2023-06-30 19:55:24,524 INFO:Total games: 7360
2023-06-30 19:57:23,191 INFO:Total games: 7370
2023-06-30 19:59:22,235 INFO:Total games: 7380
2023-06-30 20:01:17,917 INFO:Total games: 7390
2023-06-30 20:03:09,755 INFO:Total games: 7400
2023-06-30 20:05:04,707 INFO:Total games: 7410
2023-06-30 20:06:56,794 INFO:Total games: 7420
2023-06-30 20:08:53,424 INFO:Total games: 7430
2023-06-30 20:10:51,545 INFO:Total games: 7440
2023-06-30 20:12:49,766 INFO:Total games: 7450
2023-06-30 20:14:48,281 INFO:Total games: 7460
2023-06-30 20:16:44,340 INFO:Total games: 7470
2023-06-30 20:18:40,950 INFO:Total games: 7480
2023-06-30 20:20:57,733 INFO:Total games: 7490
2023-06-30 20:22:55,241 INFO:Total games: 7500
2023-06-30 20:24:54,088 INFO:Total games: 7510
2023-06-30 20:26:44,765 INFO:Total games: 7520
2023-06-30 20:28:35,005 INFO:Total games: 7530
2023-06-30 20:30:29,611 INFO:Total games: 7540
2023-06-30 20:32:23,523 INFO:Total games: 7550
2023-06-30 20:34:20,125 INFO:Total games: 7560
2023-06-30 20:36:18,076 INFO:Total games: 7570
2023-06-30 20:38:14,972 INFO:Total games: 7580
2023-06-30 20:40:07,842 INFO:Total games: 7590
2023-06-30 20:42:03,537 INFO:Total games: 7600
2023-06-30 20:44:00,243 INFO:Total games: 7610
2023-06-30 20:46:17,728 INFO:Total games: 7620
2023-06-30 20:48:07,097 INFO:Total games: 7630
2023-06-30 20:49:55,875 INFO:Total games: 7640
2023-06-30 20:51:50,536 INFO:Total games: 7650
2023-06-30 20:53:48,646 INFO:Total games: 7660
2023-06-30 20:55:45,956 INFO:Total games: 7670
2023-06-30 20:57:39,702 INFO:Total games: 7680
2023-06-30 20:59:35,403 INFO:Total games: 7690
2023-06-30 21:01:33,443 INFO:Total games: 7700
2023-06-30 21:03:30,169 INFO:Total games: 7710
2023-06-30 21:05:28,207 INFO:Total games: 7720
2023-06-30 21:07:24,813 INFO:Total games: 7730
2023-06-30 21:09:21,818 INFO:Total games: 7740
2023-06-30 21:11:09,327 INFO:Total games: 7750
2023-06-30 21:13:28,692 INFO:Total games: 7760
2023-06-30 21:15:23,491 INFO:Total games: 7770
2023-06-30 21:17:20,350 INFO:Total games: 7780
2023-06-30 21:19:15,447 INFO:Total games: 7790
2023-06-30 21:21:12,321 INFO:Total games: 7800
2023-06-30 21:23:09,146 INFO:Total games: 7810
2023-06-30 21:25:02,460 INFO:Total games: 7820
2023-06-30 21:27:00,236 INFO:Total games: 7830
2023-06-30 21:28:56,009 INFO:Total games: 7840
2023-06-30 21:30:49,958 INFO:Total games: 7850
2023-06-30 21:32:37,515 INFO:Total games: 7860
2023-06-30 21:34:35,348 INFO:Total games: 7870
2023-06-30 21:36:31,931 INFO:Total games: 7880
2023-06-30 21:38:47,820 INFO:Total games: 7890
2023-06-30 21:40:45,321 INFO:Total games: 7900
2023-06-30 21:42:40,952 INFO:Total games: 7910
2023-06-30 21:44:39,739 INFO:Total games: 7920
2023-06-30 21:46:37,005 INFO:Total games: 7930
2023-06-30 21:48:35,237 INFO:Total games: 7940
2023-06-30 21:50:27,346 INFO:Total games: 7950
2023-06-30 21:52:11,763 INFO:Total games: 7960
2023-06-30 21:54:08,988 INFO:Total games: 7970
2023-06-30 21:56:05,681 INFO:Total games: 7980
2023-06-30 21:57:56,908 INFO:Total games: 7990
2023-06-30 21:59:51,604 INFO:Total games: 8000
2023-06-30 22:01:42,834 INFO:Total games: 8010
2023-06-30 22:03:40,607 INFO:Total games: 8020
2023-06-30 22:05:59,622 INFO:Total games: 8030
2023-06-30 22:07:55,479 INFO:Total games: 8040
2023-06-30 22:09:54,532 INFO:Total games: 8050
2023-06-30 22:11:49,720 INFO:Total games: 8060
2023-06-30 22:13:40,776 INFO:Total games: 8070
2023-06-30 22:15:37,687 INFO:Total games: 8080
2023-06-30 22:17:30,061 INFO:Total games: 8090
2023-06-30 22:19:26,807 INFO:Total games: 8100
2023-06-30 22:21:25,363 INFO:Total games: 8110
2023-06-30 22:23:18,510 INFO:Total games: 8120
2023-06-30 22:25:16,163 INFO:Total games: 8130
2023-06-30 22:27:14,158 INFO:Total games: 8140
2023-06-30 22:29:09,459 INFO:Total games: 8150
2023-06-30 22:31:06,078 INFO:Total games: 8160
2023-06-30 22:32:55,466 INFO:Total games: 8170
2023-06-30 22:35:04,759 INFO:Total games: 8180
2023-06-30 22:37:01,837 INFO:Total games: 8190
2023-06-30 22:39:00,799 INFO:Total games: 8200
2023-06-30 22:40:55,881 INFO:Total games: 8210
2023-06-30 22:42:48,931 INFO:Total games: 8220
2023-06-30 22:44:44,353 INFO:Total games: 8230
2023-06-30 22:46:39,560 INFO:Total games: 8240
2023-06-30 22:48:34,730 INFO:Total games: 8250
2023-06-30 22:50:32,013 INFO:Total games: 8260
2023-06-30 22:52:29,905 INFO:Total games: 8270
2023-06-30 22:54:25,398 INFO:Total games: 8280
2023-06-30 22:56:16,294 INFO:Total games: 8290
2023-06-30 22:58:10,249 INFO:Total games: 8300
2023-06-30 23:00:01,581 INFO:Total games: 8310
2023-06-30 23:02:21,103 INFO:Total games: 8320
2023-06-30 23:04:18,200 INFO:Total games: 8330
2023-06-30 23:06:12,743 INFO:Total games: 8340
2023-06-30 23:08:09,713 INFO:Total games: 8350
2023-06-30 23:10:07,916 INFO:Total games: 8360
2023-06-30 23:12:04,909 INFO:Total games: 8370
2023-06-30 23:14:04,298 INFO:Total games: 8380
2023-06-30 23:15:55,569 INFO:Total games: 8390
2023-06-30 23:17:52,461 INFO:Total games: 8400
2023-06-30 23:19:46,569 INFO:Total games: 8410
2023-06-30 23:21:43,759 INFO:Total games: 8420
2023-06-30 23:23:39,407 INFO:Total games: 8430
2023-06-30 23:25:33,787 INFO:Total games: 8440
2023-06-30 23:27:26,706 INFO:Total games: 8450
2023-06-30 23:29:23,872 INFO:Total games: 8460
2023-06-30 23:31:40,655 INFO:Total games: 8470
2023-06-30 23:33:37,013 INFO:Total games: 8480
2023-06-30 23:35:31,618 INFO:Total games: 8490
2023-06-30 23:37:22,324 INFO:Total games: 8500
2023-06-30 23:39:16,173 INFO:Total games: 8510
2023-06-30 23:41:14,568 INFO:Total games: 8520
2023-06-30 23:43:13,088 INFO:Total games: 8530
2023-06-30 23:45:11,403 INFO:Total games: 8540
2023-06-30 23:47:09,905 INFO:Total games: 8550
2023-06-30 23:49:09,404 INFO:Total games: 8560
2023-06-30 23:51:05,982 INFO:Total games: 8570
2023-06-30 23:53:01,566 INFO:Total games: 8580
2023-06-30 23:54:58,688 INFO:Total games: 8590
2023-06-30 23:56:52,193 INFO:Total games: 8600
2023-06-30 23:58:42,571 INFO:Total games: 8610
2023-07-01 00:00:37,241 INFO:Total games: 8620
2023-07-01 00:02:59,668 INFO:Total games: 8630
2023-07-01 00:04:56,549 INFO:Total games: 8640
2023-07-01 00:06:54,485 INFO:Total games: 8650
2023-07-01 00:08:50,135 INFO:Total games: 8660
2023-07-01 00:10:44,786 INFO:Total games: 8670
2023-07-01 00:12:42,796 INFO:Total games: 8680
2023-07-01 00:14:41,820 INFO:Total games: 8690
2023-07-01 00:16:40,470 INFO:Total games: 8700
2023-07-01 00:18:36,583 INFO:Total games: 8710
2023-07-01 00:20:26,555 INFO:Total games: 8720
2023-07-01 00:22:23,932 INFO:Total games: 8730
2023-07-01 00:24:18,512 INFO:Total games: 8740
2023-07-01 00:26:15,091 INFO:Total games: 8750
2023-07-01 00:28:12,309 INFO:Total games: 8760
2023-07-01 00:30:08,748 INFO:Total games: 8770
2023-07-01 00:32:30,132 INFO:Total games: 8780
2023-07-01 00:34:26,252 INFO:Total games: 8790
2023-07-01 00:36:21,424 INFO:Total games: 8800
2023-07-01 00:38:19,511 INFO:Total games: 8810
2023-07-01 00:40:04,871 INFO:Total games: 8820
2023-07-01 00:41:55,443 INFO:Total games: 8830
2023-07-01 00:43:53,008 INFO:Total games: 8840
2023-07-01 00:45:52,426 INFO:Total games: 8850
2023-07-01 00:47:50,731 INFO:Total games: 8860
2023-07-01 00:49:43,664 INFO:Total games: 8870
2023-07-01 00:51:41,957 INFO:Total games: 8880
2023-07-01 00:53:39,682 INFO:Total games: 8890
2023-07-01 00:55:37,746 INFO:Total games: 8900
2023-07-01 00:57:33,631 INFO:Total games: 8910
2023-07-01 00:59:26,727 INFO:Total games: 8920
2023-07-01 01:01:17,115 INFO:Total games: 8930
2023-07-01 01:03:29,742 INFO:Total games: 8940
2023-07-01 01:05:26,741 INFO:Total games: 8950
2023-07-01 01:07:24,024 INFO:Total games: 8960
2023-07-01 01:09:23,053 INFO:Total games: 8970
2023-07-01 01:11:21,059 INFO:Total games: 8980
2023-07-01 01:13:16,795 INFO:Total games: 8990
2023-07-01 01:15:13,009 INFO:Total games: 9000
2023-07-01 01:17:11,680 INFO:Total games: 9010
2023-07-01 01:19:10,245 INFO:Total games: 9020
2023-07-01 01:21:07,665 INFO:Total games: 9030
2023-07-01 01:22:59,474 INFO:Total games: 9040
2023-07-01 01:24:48,184 INFO:Total games: 9050
2023-07-01 01:26:42,971 INFO:Total games: 9060
2023-07-01 01:28:39,785 INFO:Total games: 9070
2023-07-01 01:30:37,724 INFO:Total games: 9080
2023-07-01 01:32:34,552 INFO:Total games: 9090
2023-07-01 01:34:57,761 INFO:Total games: 9100
2023-07-01 01:36:54,403 INFO:Total games: 9110
2023-07-01 01:38:51,695 INFO:Total games: 9120
2023-07-01 01:40:49,547 INFO:Total games: 9130
2023-07-01 01:42:41,632 INFO:Total games: 9140
2023-07-01 01:44:37,765 INFO:Total games: 9150
2023-07-01 01:46:35,826 INFO:Total games: 9160
2023-07-01 01:48:31,916 INFO:Total games: 9170
2023-07-01 01:50:30,039 INFO:Total games: 9180
2023-07-01 01:52:23,414 INFO:Total games: 9190
2023-07-01 01:54:21,510 INFO:Total games: 9200
2023-07-01 01:56:18,361 INFO:Total games: 9210
2023-07-01 01:58:16,644 INFO:Total games: 9220
2023-07-01 02:00:10,276 INFO:Total games: 9230
2023-07-01 02:02:05,219 INFO:Total games: 9240
2023-07-01 02:03:53,793 INFO:Total games: 9250
2023-07-01 02:06:00,850 INFO:Total games: 9260
2023-07-01 02:07:56,057 INFO:Total games: 9270
2023-07-01 02:09:48,495 INFO:Total games: 9280
2023-07-01 02:11:46,786 INFO:Total games: 9290
2023-07-01 02:13:44,188 INFO:Total games: 9300
2023-07-01 02:15:37,973 INFO:Total games: 9310
2023-07-01 02:17:36,991 INFO:Total games: 9320
2023-07-01 02:19:30,462 INFO:Total games: 9330
2023-07-01 02:21:29,581 INFO:Total games: 9340
2023-07-01 02:23:26,010 INFO:Total games: 9350
2023-07-01 02:25:20,094 INFO:Total games: 9360
2023-07-01 02:27:09,884 INFO:Total games: 9370
2023-07-01 02:29:04,032 INFO:Total games: 9380
2023-07-01 02:30:53,545 INFO:Total games: 9390
2023-07-01 02:32:50,523 INFO:Total games: 9400
2023-07-01 02:34:42,553 INFO:Total games: 9410
2023-07-01 02:36:35,976 INFO:Total games: 9420
2023-07-01 02:38:56,961 INFO:Total games: 9430
2023-07-01 02:40:53,578 INFO:Total games: 9440
2023-07-01 02:42:52,060 INFO:Total games: 9450
2023-07-01 02:44:48,400 INFO:Total games: 9460
2023-07-01 02:46:38,485 INFO:Total games: 9470
2023-07-01 02:48:31,867 INFO:Total games: 9480
2023-07-01 02:50:27,103 INFO:Total games: 9490
2023-07-01 02:52:19,600 INFO:Total games: 9500
2023-07-01 02:54:18,944 INFO:Total games: 9510
2023-07-01 02:56:15,667 INFO:Total games: 9520
2023-07-01 02:58:14,258 INFO:Total games: 9530
2023-07-01 03:00:06,770 INFO:Total games: 9540
2023-07-01 03:02:02,779 INFO:Total games: 9550
2023-07-01 03:04:00,567 INFO:Total games: 9560
2023-07-01 03:05:58,280 INFO:Total games: 9570
2023-07-01 03:07:48,449 INFO:Total games: 9580
2023-07-01 03:09:44,416 INFO:Total games: 9590
2023-07-01 03:12:09,291 INFO:Total games: 9600
2023-07-01 03:14:07,592 INFO:Total games: 9610
2023-07-01 03:16:06,104 INFO:Total games: 9620
2023-07-01 03:18:03,336 INFO:Total games: 9630
2023-07-01 03:19:59,911 INFO:Total games: 9640
2023-07-01 03:21:58,160 INFO:Total games: 9650
2023-07-01 03:23:53,061 INFO:Total games: 9660
2023-07-01 03:25:51,741 INFO:Total games: 9670
2023-07-01 03:27:47,244 INFO:Total games: 9680
2023-07-01 03:29:41,527 INFO:Total games: 9690
2023-07-01 03:31:38,673 INFO:Total games: 9700
2023-07-01 03:33:29,891 INFO:Total games: 9710
2023-07-01 03:35:21,869 INFO:Total games: 9720
2023-07-01 03:37:20,341 INFO:Total games: 9730
2023-07-01 03:39:18,126 INFO:Total games: 9740
2023-07-01 03:41:11,751 INFO:Total games: 9750
2023-07-01 03:43:04,069 INFO:Total games: 9760
2023-07-01 03:45:27,876 INFO:Total games: 9770
2023-07-01 03:47:17,958 INFO:Total games: 9780
2023-07-01 03:49:10,474 INFO:Total games: 9790
2023-07-01 03:50:58,953 INFO:Total games: 9800
2023-07-01 03:52:58,258 INFO:Total games: 9810
2023-07-01 03:54:46,118 INFO:Total games: 9820
2023-07-01 03:56:42,237 INFO:Total games: 9830
2023-07-01 03:58:42,507 INFO:Total games: 9840
2023-07-01 04:00:41,705 INFO:Total games: 9850
2023-07-01 04:02:39,878 INFO:Total games: 9860
2023-07-01 04:04:36,126 INFO:Total games: 9870
2023-07-01 04:06:27,285 INFO:Total games: 9880
2023-07-01 04:08:21,659 INFO:Total games: 9890
2023-07-01 04:10:11,784 INFO:Total games: 9900
2023-07-01 04:12:01,315 INFO:Total games: 9910
2023-07-01 04:13:58,664 INFO:Total games: 9920
2023-07-01 04:15:55,700 INFO:Total games: 9930
2023-07-01 04:17:50,229 INFO:Total games: 9940
2023-07-01 04:20:15,139 INFO:Total games: 9950
2023-07-01 04:22:08,758 INFO:Total games: 9960
2023-07-01 04:24:04,157 INFO:Total games: 9970
2023-07-01 04:26:01,994 INFO:Total games: 9980
2023-07-01 04:28:00,292 INFO:Total games: 9990
2023-07-01 04:29:57,457 INFO:Total games: 10000
2023-07-01 04:31:52,847 INFO:Total games: 10010
2023-07-01 04:33:46,711 INFO:Total games: 10020
2023-07-01 04:35:45,873 INFO:Total games: 10030
2023-07-01 04:37:41,665 INFO:Total games: 10040
2023-07-01 04:39:35,931 INFO:Total games: 10050
2023-07-01 04:41:33,311 INFO:Total games: 10060
2023-07-01 04:43:31,249 INFO:Total games: 10070
2023-07-01 04:45:27,341 INFO:Total games: 10080
2023-07-01 04:47:24,598 INFO:Total games: 10090
2023-07-01 04:49:22,731 INFO:Total games: 10100
2023-07-01 04:51:17,199 INFO:Total games: 10110
2023-07-01 04:53:05,587 INFO:Total games: 10120
2023-07-01 04:55:28,815 INFO:Total games: 10130
2023-07-01 04:57:23,135 INFO:Total games: 10140
2023-07-01 04:59:21,094 INFO:Total games: 10150
2023-07-01 05:01:19,384 INFO:Total games: 10160
2023-07-01 05:03:08,996 INFO:Total games: 10170
2023-07-01 05:05:03,644 INFO:Total games: 10180
2023-07-01 05:06:59,643 INFO:Total games: 10190
2023-07-01 05:08:58,067 INFO:Total games: 10200
2023-07-01 05:10:56,003 INFO:Total games: 10210
2023-07-01 05:12:51,585 INFO:Total games: 10220
2023-07-01 05:14:43,931 INFO:Total games: 10230
2023-07-01 05:16:37,434 INFO:Total games: 10240
2023-07-01 05:18:35,505 INFO:Total games: 10250
2023-07-01 05:20:32,059 INFO:Total games: 10260
2023-07-01 05:22:29,826 INFO:Total games: 10270
2023-07-01 05:24:21,801 INFO:Total games: 10280
2023-07-01 05:26:15,557 INFO:Total games: 10290
2023-07-01 05:28:08,354 INFO:Total games: 10300
2023-07-01 05:30:06,829 INFO:Total games: 10310
2023-07-01 05:32:33,249 INFO:Total games: 10320
2023-07-01 05:34:31,834 INFO:Total games: 10330
2023-07-01 05:36:22,990 INFO:Total games: 10340
2023-07-01 05:38:21,236 INFO:Total games: 10350
2023-07-01 05:40:20,007 INFO:Total games: 10360
2023-07-01 05:42:18,653 INFO:Total games: 10370
2023-07-01 05:44:19,274 INFO:Total games: 10380
2023-07-01 05:46:15,487 INFO:Total games: 10390
2023-07-01 05:48:01,254 INFO:Total games: 10400
2023-07-01 05:49:56,149 INFO:Total games: 10410
2023-07-01 05:51:51,658 INFO:Total games: 10420
2023-07-01 05:53:49,794 INFO:Total games: 10430
2023-07-01 05:55:44,158 INFO:Total games: 10440
2023-07-01 05:57:37,196 INFO:Total games: 10450
2023-07-01 05:59:32,468 INFO:Total games: 10460
2023-07-01 06:01:29,379 INFO:Total games: 10470
2023-07-01 06:03:26,330 INFO:Total games: 10480
2023-07-01 06:05:24,081 INFO:Total games: 10490
2023-07-01 06:07:51,154 INFO:Total games: 10500
2023-07-01 06:09:48,363 INFO:Total games: 10510
2023-07-01 06:11:44,653 INFO:Total games: 10520
2023-07-01 06:13:42,613 INFO:Total games: 10530
2023-07-01 06:15:38,155 INFO:Total games: 10540
2023-07-01 06:17:26,390 INFO:Total games: 10550
2023-07-01 06:19:22,110 INFO:Total games: 10560
2023-07-01 06:21:20,209 INFO:Total games: 10570
2023-07-01 06:23:15,791 INFO:Total games: 10580
2023-07-01 06:25:15,053 INFO:Total games: 10590
2023-07-01 06:27:06,147 INFO:Total games: 10600
2023-07-01 06:29:03,720 INFO:Total games: 10610
2023-07-01 06:31:01,853 INFO:Total games: 10620
2023-07-01 06:32:59,593 INFO:Total games: 10630
2023-07-01 06:34:56,593 INFO:Total games: 10640
2023-07-01 06:36:49,418 INFO:Total games: 10650
2023-07-01 06:38:36,472 INFO:Total games: 10660
2023-07-01 06:40:26,872 INFO:Total games: 10670
2023-07-01 06:42:21,242 INFO:Total games: 10680
2023-07-01 06:44:48,139 INFO:Total games: 10690
2023-07-01 06:46:45,521 INFO:Total games: 10700
2023-07-01 06:48:43,633 INFO:Total games: 10710
2023-07-01 06:50:41,644 INFO:Total games: 10720
2023-07-01 06:52:37,860 INFO:Total games: 10730
2023-07-01 06:54:35,055 INFO:Total games: 10740
2023-07-01 06:56:31,073 INFO:Total games: 10750
2023-07-01 06:58:24,273 INFO:Total games: 10760
2023-07-01 07:00:16,332 INFO:Total games: 10770
2023-07-01 07:02:11,913 INFO:Total games: 10780
2023-07-01 07:04:09,730 INFO:Total games: 10790
2023-07-01 07:06:05,244 INFO:Total games: 10800
2023-07-01 07:08:00,939 INFO:Total games: 10810
2023-07-01 07:09:55,561 INFO:Total games: 10820
2023-07-01 07:11:53,613 INFO:Total games: 10830
2023-07-01 07:13:51,479 INFO:Total games: 10840
2023-07-01 07:15:49,486 INFO:Total games: 10850
2023-07-01 07:17:46,480 INFO:Total games: 10860
2023-07-01 07:19:35,382 INFO:Total games: 10870
2023-07-01 07:21:21,528 INFO:Total games: 10880
2023-07-01 07:23:47,640 INFO:Total games: 10890
2023-07-01 07:25:44,631 INFO:Total games: 10900
2023-07-01 07:27:38,743 INFO:Total games: 10910
2023-07-01 07:29:34,178 INFO:Total games: 10920
2023-07-01 07:31:30,956 INFO:Total games: 10930
2023-07-01 07:33:28,768 INFO:Total games: 10940
2023-07-01 07:35:26,197 INFO:Total games: 10950
2023-07-01 07:37:20,673 INFO:Total games: 10960
2023-07-01 07:39:17,571 INFO:Total games: 10970
2023-07-01 07:41:13,390 INFO:Total games: 10980
2023-07-01 07:43:08,298 INFO:Total games: 10990
2023-07-01 07:45:07,500 INFO:Total games: 11000
2023-07-01 07:47:06,830 INFO:Total games: 11010
2023-07-01 07:49:00,449 INFO:Total games: 11020
2023-07-01 07:50:57,533 INFO:Total games: 11030
2023-07-01 07:52:55,003 INFO:Total games: 11040
2023-07-01 07:54:52,447 INFO:Total games: 11050
2023-07-01 07:56:50,306 INFO:Total games: 11060
2023-07-01 07:58:47,427 INFO:Total games: 11070
2023-07-01 08:01:08,540 INFO:Total games: 11080
2023-07-01 08:02:58,565 INFO:Total games: 11090
2023-07-01 08:04:56,109 INFO:Total games: 11100
2023-07-01 08:06:55,776 INFO:Total games: 11110
2023-07-01 08:08:54,006 INFO:Total games: 11120
2023-07-01 08:10:50,623 INFO:Total games: 11130
2023-07-01 08:12:45,956 INFO:Total games: 11140
2023-07-01 08:14:41,297 INFO:Total games: 11150
2023-07-01 08:16:39,685 INFO:Total games: 11160
2023-07-01 08:18:38,290 INFO:Total games: 11170
2023-07-01 08:20:37,127 INFO:Total games: 11180
2023-07-01 08:22:30,828 INFO:Total games: 11190
2023-07-01 08:24:20,390 INFO:Total games: 11200
2023-07-01 08:26:19,733 INFO:Total games: 11210
2023-07-01 08:28:18,847 INFO:Total games: 11220
2023-07-01 08:30:08,937 INFO:Total games: 11230
2023-07-01 08:32:07,777 INFO:Total games: 11240
2023-07-01 08:34:05,663 INFO:Total games: 11250
2023-07-01 08:36:02,937 INFO:Total games: 11260
2023-07-01 08:37:57,278 INFO:Total games: 11270
2023-07-01 08:39:53,846 INFO:Total games: 11280
2023-07-01 08:42:21,833 INFO:Total games: 11290
2023-07-01 08:44:10,766 INFO:Total games: 11300
2023-07-01 08:46:03,347 INFO:Total games: 11310
2023-07-01 08:48:01,272 INFO:Total games: 11320
2023-07-01 08:49:59,405 INFO:Total games: 11330
2023-07-01 08:51:54,555 INFO:Total games: 11340
2023-07-01 08:53:51,843 INFO:Total games: 11350
2023-07-01 08:55:49,800 INFO:Total games: 11360
2023-07-01 08:57:47,809 INFO:Total games: 11370
2023-07-01 08:59:46,844 INFO:Total games: 11380
2023-07-01 09:01:43,536 INFO:Total games: 11390
2023-07-01 09:03:38,037 INFO:Total games: 11400
2023-07-01 09:05:33,707 INFO:Total games: 11410
2023-07-01 09:07:25,229 INFO:Total games: 11420
2023-07-01 09:09:17,092 INFO:Total games: 11430
2023-07-01 09:11:15,014 INFO:Total games: 11440
2023-07-01 09:13:13,117 INFO:Total games: 11450
2023-07-01 09:15:06,873 INFO:Total games: 11460
2023-07-01 09:17:02,398 INFO:Total games: 11470
2023-07-01 09:18:59,954 INFO:Total games: 11480
2023-07-01 09:21:31,057 INFO:Total games: 11490
2023-07-01 09:23:27,580 INFO:Total games: 11500
2023-07-01 09:25:24,025 INFO:Total games: 11510
2023-07-01 09:27:15,593 INFO:Total games: 11520
2023-07-01 09:29:13,198 INFO:Total games: 11530
2023-07-01 09:31:08,658 INFO:Total games: 11540
2023-07-01 09:33:05,325 INFO:Total games: 11550
2023-07-01 09:35:01,715 INFO:Total games: 11560
2023-07-01 09:36:59,491 INFO:Total games: 11570
2023-07-01 09:38:56,103 INFO:Total games: 11580
2023-07-01 09:40:54,892 INFO:Total games: 11590
2023-07-01 09:42:50,584 INFO:Total games: 11600
2023-07-01 09:44:47,779 INFO:Total games: 11610
2023-07-01 09:46:41,625 INFO:Total games: 11620
2023-07-01 09:48:23,731 INFO:Total games: 11630
2023-07-01 09:50:17,634 INFO:Total games: 11640
2023-07-01 09:52:15,740 INFO:Total games: 11650
2023-07-01 09:54:14,144 INFO:Total games: 11660
2023-07-01 09:56:11,704 INFO:Total games: 11670
2023-07-01 09:58:05,917 INFO:Total games: 11680
2023-07-01 10:00:01,150 INFO:Total games: 11690
2023-07-01 10:02:30,008 INFO:Total games: 11700
2023-07-01 10:04:27,853 INFO:Total games: 11710
2023-07-01 10:06:22,323 INFO:Total games: 11720
2023-07-01 10:08:18,974 INFO:Total games: 11730
2023-07-01 10:10:11,556 INFO:Total games: 11740
2023-07-01 10:12:08,467 INFO:Total games: 11750
2023-07-01 10:14:06,766 INFO:Total games: 11760
2023-07-01 10:16:05,890 INFO:Total games: 11770
2023-07-01 10:18:04,926 INFO:Total games: 11780
2023-07-01 10:20:02,782 INFO:Total games: 11790
2023-07-01 10:22:02,235 INFO:Total games: 11800
2023-07-01 10:24:00,984 INFO:Total games: 11810
2023-07-01 10:25:54,340 INFO:Total games: 11820
2023-07-01 10:27:52,615 INFO:Total games: 11830
2023-07-01 10:29:42,577 INFO:Total games: 11840
2023-07-01 10:31:38,245 INFO:Total games: 11850
2023-07-01 10:33:36,457 INFO:Total games: 11860
2023-07-01 10:35:35,116 INFO:Total games: 11870
2023-07-01 10:37:32,635 INFO:Total games: 11880
2023-07-01 10:39:28,315 INFO:Total games: 11890
2023-07-01 10:41:23,108 INFO:Total games: 11900
2023-07-01 10:43:56,312 INFO:Total games: 11910
2023-07-01 10:45:52,630 INFO:Total games: 11920
2023-07-01 10:47:47,503 INFO:Total games: 11930
2023-07-01 10:49:42,202 INFO:Total games: 11940
2023-07-01 10:51:34,657 INFO:Total games: 11950
2023-07-01 10:53:27,535 INFO:Total games: 11960
2023-07-01 10:55:26,143 INFO:Total games: 11970
2023-07-01 10:57:24,335 INFO:Total games: 11980
2023-07-01 10:59:20,929 INFO:Total games: 11990
2023-07-01 11:01:20,275 INFO:Total games: 12000
2023-07-01 11:03:19,430 INFO:Total games: 12010
2023-07-01 11:05:18,479 INFO:Total games: 12020
2023-07-01 11:07:16,543 INFO:Total games: 12030
2023-07-01 11:09:12,532 INFO:Total games: 12040
2023-07-01 11:11:08,835 INFO:Total games: 12050
2023-07-01 11:13:00,658 INFO:Total games: 12060
2023-07-01 11:14:59,037 INFO:Total games: 12070
2023-07-01 11:16:55,866 INFO:Total games: 12080
2023-07-01 11:18:53,884 INFO:Total games: 12090
2023-07-01 11:20:51,360 INFO:Total games: 12100
2023-07-01 11:22:48,337 INFO:Total games: 12110
2023-07-01 11:24:43,499 INFO:Total games: 12120
2023-07-01 11:27:16,922 INFO:Total games: 12130
2023-07-01 11:29:14,149 INFO:Total games: 12140
2023-07-01 11:31:11,389 INFO:Total games: 12150
2023-07-01 11:33:02,540 INFO:Total games: 12160
2023-07-01 11:34:59,545 INFO:Total games: 12170
2023-07-01 11:36:58,791 INFO:Total games: 12180
2023-07-01 11:38:57,173 INFO:Total games: 12190
2023-07-01 11:40:55,336 INFO:Total games: 12200
2023-07-01 11:42:52,745 INFO:Total games: 12210
2023-07-01 11:44:49,543 INFO:Total games: 12220
2023-07-01 11:46:49,459 INFO:Total games: 12230
2023-07-01 11:48:48,414 INFO:Total games: 12240
2023-07-01 11:50:45,965 INFO:Total games: 12250
2023-07-01 11:52:33,017 INFO:Total games: 12260
2023-07-01 11:54:25,134 INFO:Total games: 12270
2023-07-01 11:56:22,391 INFO:Total games: 12280
2023-07-01 11:58:21,330 INFO:Total games: 12290
2023-07-01 12:00:19,047 INFO:Total games: 12300
2023-07-01 12:02:15,749 INFO:Total games: 12310
2023-07-01 12:04:11,266 INFO:Total games: 12320
2023-07-01 12:06:01,551 INFO:Total games: 12330
2023-07-01 12:07:57,328 INFO:Total games: 12340
2023-07-01 12:10:25,059 INFO:Total games: 12350
2023-07-01 12:12:22,775 INFO:Total games: 12360
2023-07-01 12:14:17,717 INFO:Total games: 12370
2023-07-01 12:16:02,780 INFO:Total games: 12380
2023-07-01 12:18:01,072 INFO:Total games: 12390
2023-07-01 12:20:00,853 INFO:Total games: 12400
2023-07-01 12:21:57,720 INFO:Total games: 12410
2023-07-01 12:23:54,608 INFO:Total games: 12420
2023-07-01 12:25:53,796 INFO:Total games: 12430
2023-07-01 12:27:45,009 INFO:Total games: 12440
2023-07-01 12:29:44,294 INFO:Total games: 12450
2023-07-01 12:31:43,084 INFO:Total games: 12460
2023-07-01 12:33:40,112 INFO:Total games: 12470
2023-07-01 12:35:35,996 INFO:Total games: 12480
2023-07-01 12:37:27,738 INFO:Total games: 12490
2023-07-01 12:39:24,212 INFO:Total games: 12500
2023-07-01 12:41:21,381 INFO:Total games: 12510
2023-07-01 12:43:19,616 INFO:Total games: 12520
2023-07-01 12:45:18,595 INFO:Total games: 12530
2023-07-01 12:47:13,444 INFO:Total games: 12540
2023-07-01 12:49:11,450 INFO:Total games: 12550
2023-07-01 12:51:06,982 INFO:Total games: 12560
2023-07-01 12:53:04,089 INFO:Total games: 12570
2023-07-01 12:55:36,105 INFO:Total games: 12580
2023-07-01 12:57:26,701 INFO:Total games: 12590
2023-07-01 12:59:21,506 INFO:Total games: 12600
2023-07-01 13:01:19,013 INFO:Total games: 12610
2023-07-01 13:03:15,369 INFO:Total games: 12620
2023-07-01 13:05:14,015 INFO:Total games: 12630
2023-07-01 13:07:13,661 INFO:Total games: 12640
2023-07-01 13:09:07,270 INFO:Total games: 12650
2023-07-01 13:11:06,870 INFO:Total games: 12660
2023-07-01 13:13:01,808 INFO:Total games: 12670
2023-07-01 13:14:58,905 INFO:Total games: 12680
2023-07-01 13:16:56,167 INFO:Total games: 12690
2023-07-01 13:18:41,882 INFO:Total games: 12700
2023-07-01 13:20:33,336 INFO:Total games: 12710
2023-07-01 13:22:31,194 INFO:Total games: 12720
2023-07-01 13:24:29,442 INFO:Total games: 12730
2023-07-01 13:26:27,454 INFO:Total games: 12740
2023-07-01 13:28:26,235 INFO:Total games: 12750
2023-07-01 13:30:22,233 INFO:Total games: 12760
2023-07-01 13:32:16,827 INFO:Total games: 12770
2023-07-01 13:34:10,285 INFO:Total games: 12780
2023-07-01 13:36:07,814 INFO:Total games: 12790
2023-07-01 13:38:06,111 INFO:Total games: 12800
2023-07-01 13:40:27,994 INFO:Total games: 12810
2023-07-01 13:42:21,045 INFO:Total games: 12820
2023-07-01 13:44:21,274 INFO:Total games: 12830
2023-07-01 13:46:19,920 INFO:Total games: 12840
2023-07-01 13:48:15,153 INFO:Total games: 12850
2023-07-01 13:50:13,527 INFO:Total games: 12860
2023-07-01 13:52:10,768 INFO:Total games: 12870
2023-07-01 13:54:06,056 INFO:Total games: 12880
2023-07-01 13:56:02,377 INFO:Total games: 12890
2023-07-01 13:58:00,704 INFO:Total games: 12900
2023-07-01 13:59:54,347 INFO:Total games: 12910
2023-07-01 14:01:51,790 INFO:Total games: 12920
2023-07-01 14:03:47,828 INFO:Total games: 12930
2023-07-01 14:05:43,742 INFO:Total games: 12940
2023-07-01 14:07:38,023 INFO:Total games: 12950
2023-07-01 14:09:32,962 INFO:Total games: 12960
2023-07-01 14:11:28,955 INFO:Total games: 12970
2023-07-01 14:13:27,357 INFO:Total games: 12980
2023-07-01 14:15:22,403 INFO:Total games: 12990
2023-07-01 14:17:21,387 INFO:Total games: 13000
2023-07-01 14:19:17,639 INFO:Total games: 13010
2023-07-01 14:21:09,485 INFO:Total games: 13020
2023-07-01 14:23:01,547 INFO:Total games: 13030
2023-07-01 14:25:30,050 INFO:Total games: 13040
2023-07-01 14:27:27,678 INFO:Total games: 13050
2023-07-01 14:29:26,364 INFO:Total games: 13060
2023-07-01 14:31:22,511 INFO:Total games: 13070
2023-07-01 14:33:20,653 INFO:Total games: 13080
2023-07-01 14:35:16,669 INFO:Total games: 13090
2023-07-01 14:37:14,136 INFO:Total games: 13100
2023-07-01 14:39:10,734 INFO:Total games: 13110
2023-07-01 14:41:08,756 INFO:Total games: 13120
2023-07-01 14:43:03,103 INFO:Total games: 13130
2023-07-01 14:44:57,387 INFO:Total games: 13140
2023-07-01 14:46:48,291 INFO:Total games: 13150
2023-07-01 14:48:48,256 INFO:Total games: 13160
2023-07-01 14:50:45,591 INFO:Total games: 13170
2023-07-01 14:52:44,983 INFO:Total games: 13180
2023-07-01 14:54:41,980 INFO:Total games: 13190
2023-07-01 14:56:40,718 INFO:Total games: 13200
2023-07-01 14:58:33,811 INFO:Total games: 13210
2023-07-01 15:00:30,658 INFO:Total games: 13220
2023-07-01 15:02:27,950 INFO:Total games: 13230
2023-07-01 15:04:18,208 INFO:Total games: 13240
2023-07-01 15:06:15,349 INFO:Total games: 13250
2023-07-01 15:08:10,313 INFO:Total games: 13260
2023-07-01 15:10:03,882 INFO:Total games: 13270
2023-07-01 15:12:37,110 INFO:Total games: 13280
2023-07-01 15:14:32,748 INFO:Total games: 13290
2023-07-01 15:16:32,868 INFO:Total games: 13300
2023-07-01 15:18:32,456 INFO:Total games: 13310
2023-07-01 15:20:29,741 INFO:Total games: 13320
2023-07-01 15:22:26,248 INFO:Total games: 13330
2023-07-01 15:24:18,478 INFO:Total games: 13340
2023-07-01 15:26:14,901 INFO:Total games: 13350
2023-07-01 15:28:13,739 INFO:Total games: 13360
2023-07-01 15:30:03,433 INFO:Total games: 13370
2023-07-01 15:32:02,746 INFO:Total games: 13380
2023-07-01 15:34:02,082 INFO:Total games: 13390
2023-07-01 15:36:01,012 INFO:Total games: 13400
2023-07-01 15:37:58,475 INFO:Total games: 13410
2023-07-01 15:39:56,864 INFO:Total games: 13420
2023-07-01 15:41:52,350 INFO:Total games: 13430
2023-07-01 15:43:45,677 INFO:Total games: 13440
2023-07-01 15:45:35,955 INFO:Total games: 13450
2023-07-01 15:47:26,192 INFO:Total games: 13460
2023-07-01 15:49:23,975 INFO:Total games: 13470
2023-07-01 15:51:22,440 INFO:Total games: 13480
2023-07-01 15:53:20,741 INFO:Total games: 13490
2023-07-01 15:55:19,238 INFO:Total games: 13500
2023-07-01 15:57:15,126 INFO:Total games: 13510
2023-07-01 15:59:10,022 INFO:Total games: 13520
2023-07-01 16:01:46,401 INFO:Total games: 13530
2023-07-01 16:03:46,078 INFO:Total games: 13540
2023-07-01 16:05:42,462 INFO:Total games: 13550
2023-07-01 16:07:34,613 INFO:Total games: 13560
2023-07-01 16:09:31,731 INFO:Total games: 13570
2023-07-01 16:11:30,888 INFO:Total games: 13580
2023-07-01 16:13:23,798 INFO:Total games: 13590
2023-07-01 16:15:19,453 INFO:Total games: 13600
2023-07-01 16:17:17,344 INFO:Total games: 13610
2023-07-01 16:19:17,712 INFO:Total games: 13620
2023-07-01 16:21:16,225 INFO:Total games: 13630
2023-07-01 16:23:11,613 INFO:Total games: 13640
2023-07-01 16:25:08,373 INFO:Total games: 13650
2023-07-01 16:27:01,159 INFO:Total games: 13660
2023-07-01 16:28:52,701 INFO:Total games: 13670
2023-07-01 16:30:47,381 INFO:Total games: 13680
2023-07-01 16:32:42,807 INFO:Total games: 13690
2023-07-01 16:34:36,207 INFO:Total games: 13700
2023-07-01 16:36:25,575 INFO:Total games: 13710
2023-07-01 16:38:21,918 INFO:Total games: 13720
2023-07-01 16:40:19,545 INFO:Total games: 13730
2023-07-01 16:42:18,922 INFO:Total games: 13740
2023-07-01 16:44:17,675 INFO:Total games: 13750
2023-07-01 16:46:10,723 INFO:Total games: 13760
2023-07-01 16:48:45,244 INFO:Total games: 13770
2023-07-01 16:50:32,467 INFO:Total games: 13780
2023-07-01 16:52:30,948 INFO:Total games: 13790
2023-07-01 16:54:25,774 INFO:Total games: 13800
2023-07-01 16:56:13,478 INFO:Total games: 13810
2023-07-01 16:58:05,218 INFO:Total games: 13820
2023-07-01 17:00:01,622 INFO:Total games: 13830
2023-07-01 17:01:58,399 INFO:Total games: 13840
2023-07-01 17:03:56,796 INFO:Total games: 13850
2023-07-01 17:05:56,414 INFO:Total games: 13860
2023-07-01 17:07:54,617 INFO:Total games: 13870
2023-07-01 17:09:46,933 INFO:Total games: 13880
2023-07-01 17:11:37,857 INFO:Total games: 13890
2023-07-01 17:13:39,091 INFO:Total games: 13900
2023-07-01 17:15:32,794 INFO:Total games: 13910
2023-07-01 17:16:44,588 INFO:Ending
2023-07-01 17:16:44,588 INFO:Duration: 19 hours, 9 minutes, 25 seconds
2023-08-17 02:17:50,243 INFO:Starting
2023-08-17 02:31:40,097 INFO:Starting
2023-08-17 02:31:40,102 WARNING:SavedModel saved prior to TF 2.5 detected when loading Keras model. Please ensure that you are saving the model with model.save() or tf.keras.models.save_model(), *NOT* tf.saved_model.save(). To confirm, there should be a file named "keras_metadata.pb" in the SavedModel directory.
2023-08-17 02:47:07,200 INFO:Starting
2023-08-17 02:47:07,205 WARNING:SavedModel saved prior to TF 2.5 detected when loading Keras model. Please ensure that you are saving the model with model.save() or tf.keras.models.save_model(), *NOT* tf.saved_model.save(). To confirm, there should be a file named "keras_metadata.pb" in the SavedModel directory.
2023-08-17 02:50:10,402 INFO:Starting
2023-08-17 02:50:10,408 WARNING:SavedModel saved prior to TF 2.5 detected when loading Keras model. Please ensure that you are saving the model with model.save() or tf.keras.models.save_model(), *NOT* tf.saved_model.save(). To confirm, there should be a file named "keras_metadata.pb" in the SavedModel directory.
2023-08-17 02:57:19,062 INFO:Starting
2023-08-17 15:59:06,238 INFO:Starting
2023-08-17 16:00:19,528 INFO:Total games: 10
2023-08-17 16:07:15,517 INFO:Starting
2023-08-17 16:08:21,247 INFO:Total games: 10
2023-08-17 16:23:06,594 INFO:Starting
2023-08-17 16:24:26,492 INFO:Total games: 10
2023-08-17 16:27:30,374 INFO:Starting
2023-08-17 16:28:49,838 INFO:Starting
2023-08-17 16:30:07,407 INFO:Total games: 10
2023-08-17 16:31:55,313 INFO:Starting
2023-08-17 16:33:02,952 INFO:Total games: 10
2023-08-17 16:41:15,667 INFO:Starting
2023-08-17 16:42:29,448 INFO:Total games: 10
2023-08-17 16:43:05,489 INFO:Starting
2023-08-17 16:44:18,546 INFO:Total games: 10
2023-08-17 16:45:19,795 INFO:Starting
2023-08-17 16:46:44,617 INFO:Total games: 10
2023-08-17 16:47:36,823 INFO:Starting
2023-08-17 16:48:37,844 INFO:Starting
2023-08-17 16:49:09,924 INFO:Total games: 10
2023-08-17 16:49:22,116 INFO:Starting
2023-08-17 16:49:56,641 INFO:Total games: 10
2023-08-17 16:50:45,520 INFO:Total games: 10
2023-08-17 16:51:09,573 INFO:Starting
2023-08-17 16:52:28,647 INFO:Total games: 10
2023-08-20 17:49:40,458 INFO:Starting
2023-08-20 17:51:31,548 INFO:Total games: 10
2023-08-20 17:53:12,806 INFO:Total games: 20
2023-08-20 17:55:05,645 INFO:Total games: 30
2023-08-20 17:56:49,284 INFO:Total games: 40
2023-08-20 17:57:33,719 INFO:Ending
2023-08-20 17:57:33,719 INFO:Duration: 0 hours, 7 minutes, 53 seconds
2023-08-20 17:58:45,714 INFO:Starting
2023-08-20 17:59:07,298 INFO:Ending
2023-08-20 17:59:07,299 INFO:Duration: 0 hours, 0 minutes, 21 seconds
2023-08-20 17:59:36,445 INFO:Starting
2023-08-20 18:01:24,248 INFO:Total games: 10
2023-08-20 18:03:18,330 INFO:Total games: 20
2023-08-20 18:03:50,241 INFO:Ending
2023-08-20 18:03:50,241 INFO:Duration: 0 hours, 4 minutes, 13 seconds
2023-08-20 18:05:24,710 INFO:Starting
2023-08-20 18:05:43,415 INFO:Ending
2023-08-20 18:05:43,415 INFO:Duration: 0 hours, 0 minutes, 18 seconds
2023-08-22 03:38:29,878 INFO:Starting
2023-08-22 03:39:41,358 INFO:Starting
2023-08-22 03:39:52,371 INFO:Total games: 10
2023-08-22 03:40:04,849 INFO:Total games: 20
2023-08-22 03:40:17,539 INFO:Total games: 30
2023-08-22 03:40:31,237 INFO:Total games: 40
2023-08-22 03:40:50,719 INFO:Total games: 50
2023-08-22 03:41:02,028 INFO:Total games: 60
2023-08-22 03:41:17,205 INFO:Total games: 70
2023-08-22 03:41:30,607 INFO:Total games: 80
2023-08-22 03:41:43,352 INFO:Total games: 90
2023-08-22 03:41:53,939 INFO:Total games: 100
2023-08-22 03:42:03,789 INFO:Total games: 110
2023-08-22 03:42:13,822 INFO:Total games: 120
2023-08-22 03:42:26,318 INFO:Total games: 130
2023-08-22 03:42:37,677 INFO:Total games: 140
2023-08-22 03:42:47,991 INFO:Total games: 150
2023-08-22 03:43:02,492 INFO:Total games: 160
2023-08-22 03:43:16,219 INFO:Total games: 170
2023-08-22 03:43:31,196 INFO:Total games: 180
2023-08-22 03:43:41,623 INFO:Total games: 190
2023-08-22 03:43:52,250 INFO:Total games: 200
2023-08-22 03:44:05,540 INFO:Total games: 210
2023-08-22 03:44:16,996 INFO:Total games: 220
2023-08-22 03:44:31,093 INFO:Total games: 230
2023-08-22 03:44:44,213 INFO:Total games: 240
2023-08-22 03:44:54,884 INFO:Total games: 250
2023-08-22 03:45:07,037 INFO:Total games: 260
2023-08-22 03:45:21,456 INFO:Total games: 270
2023-08-22 03:45:32,505 INFO:Total games: 280
2023-08-22 03:45:43,567 INFO:Total games: 290
2023-08-22 03:45:54,640 INFO:Total games: 300
2023-08-22 03:46:06,172 INFO:Total games: 310
2023-08-22 03:46:15,626 INFO:Total games: 320
2023-08-22 03:46:24,206 INFO:Total games: 330
2023-08-22 03:46:36,962 INFO:Total games: 340
2023-08-22 03:46:49,693 INFO:Total games: 350
2023-08-22 03:46:59,163 INFO:Total games: 360
2023-08-22 03:47:08,892 INFO:Total games: 370
2023-08-22 03:47:20,684 INFO:Total games: 380
2023-08-22 03:47:33,052 INFO:Total games: 390
2023-08-22 03:47:44,964 INFO:Total games: 400
2023-08-22 03:47:57,645 INFO:Total games: 410
2023-08-22 03:48:12,108 INFO:Total games: 420
2023-08-22 03:48:22,254 INFO:Total games: 430
2023-08-22 03:48:34,696 INFO:Total games: 440
2023-08-22 03:48:46,784 INFO:Total games: 450
2023-08-22 03:48:55,870 INFO:Total games: 460
2023-08-22 03:49:07,846 INFO:Total games: 470
2023-08-22 03:49:19,055 INFO:Total games: 480
2023-08-22 03:49:33,526 INFO:Total games: 490
2023-08-22 03:49:47,649 INFO:Total games: 500
2023-08-22 03:49:58,322 INFO:Total games: 510
2023-08-22 03:50:09,965 INFO:Total games: 520
2023-08-22 03:50:22,761 INFO:Total games: 530
2023-08-22 03:50:33,585 INFO:Total games: 540
2023-08-22 03:50:45,053 INFO:Total games: 550
2023-08-22 03:50:57,205 INFO:Total games: 560
2023-08-22 03:51:09,031 INFO:Total games: 570
2023-08-22 03:51:19,320 INFO:Total games: 580
2023-08-22 03:51:28,388 INFO:Total games: 590
2023-08-22 03:51:39,922 INFO:Total games: 600
2023-08-22 03:51:52,148 INFO:Total games: 610
2023-08-22 03:52:02,389 INFO:Total games: 620
2023-08-22 03:52:15,063 INFO:Total games: 630
2023-08-22 03:52:25,832 INFO:Total games: 640
2023-08-22 03:52:35,959 INFO:Total games: 650
2023-08-22 03:52:48,370 INFO:Total games: 660
2023-08-22 03:53:01,471 INFO:Total games: 670
2023-08-22 03:53:12,812 INFO:Total games: 680
2023-08-22 03:53:26,368 INFO:Total games: 690
2023-08-22 03:53:35,124 INFO:Total games: 700
2023-08-22 03:53:46,336 INFO:Total games: 710
2023-08-22 03:54:00,620 INFO:Total games: 720
2023-08-22 03:54:14,482 INFO:Total games: 730
2023-08-22 03:54:28,506 INFO:Total games: 740
2023-08-22 03:54:39,385 INFO:Total games: 750
2023-08-22 03:54:50,650 INFO:Total games: 760
2023-08-22 03:55:03,068 INFO:Total games: 770
2023-08-22 03:55:15,746 INFO:Total games: 780
2023-08-22 03:55:25,790 INFO:Total games: 790
2023-08-22 03:55:37,560 INFO:Total games: 800
2023-08-22 03:55:48,532 INFO:Total games: 810
2023-08-22 03:56:00,655 INFO:Total games: 820
2023-08-22 03:56:12,488 INFO:Total games: 830
2023-08-22 03:56:22,360 INFO:Total games: 840
2023-08-22 03:56:32,738 INFO:Total games: 850
2023-08-22 03:56:44,306 INFO:Total games: 860
2023-08-22 03:56:56,525 INFO:Total games: 870
2023-08-22 03:57:08,292 INFO:Total games: 880
2023-08-22 03:57:19,851 INFO:Total games: 890
2023-08-22 03:57:31,579 INFO:Total games: 900
2023-08-22 03:57:41,972 INFO:Total games: 910
2023-08-22 03:57:53,231 INFO:Total games: 920
2023-08-22 03:58:05,969 INFO:Total games: 930
2023-08-22 03:58:18,500 INFO:Total games: 940
2023-08-22 03:58:29,591 INFO:Total games: 950
2023-08-22 03:58:42,675 INFO:Total games: 960
2023-08-22 03:58:55,131 INFO:Total games: 970
2023-08-22 03:59:06,228 INFO:Total games: 980
2023-08-22 03:59:18,013 INFO:Total games: 990
2023-08-22 03:59:28,783 INFO:Total games: 1000
2023-08-22 03:59:40,719 INFO:Total games: 1010
2023-08-22 03:59:53,433 INFO:Total games: 1020
2023-08-22 04:00:05,205 INFO:Total games: 1030
2023-08-22 04:00:17,996 INFO:Total games: 1040
2023-08-22 04:00:28,389 INFO:Total games: 1050
2023-08-22 04:00:41,399 INFO:Total games: 1060
2023-08-22 04:00:52,258 INFO:Total games: 1070
2023-08-22 04:01:04,071 INFO:Total games: 1080
2023-08-22 04:01:18,668 INFO:Total games: 1090
2023-08-22 04:01:30,439 INFO:Total games: 1100
2023-08-22 04:01:42,428 INFO:Total games: 1110
2023-08-22 04:01:54,455 INFO:Total games: 1120
2023-08-22 04:02:05,423 INFO:Total games: 1130
2023-08-22 04:02:17,538 INFO:Total games: 1140
2023-08-22 04:02:29,359 INFO:Total games: 1150
2023-08-22 04:02:42,431 INFO:Total games: 1160
2023-08-22 04:02:54,617 INFO:Total games: 1170
2023-08-22 04:03:07,104 INFO:Total games: 1180
2023-08-22 04:03:17,712 INFO:Total games: 1190
2023-08-22 04:03:30,430 INFO:Total games: 1200
2023-08-22 04:03:41,811 INFO:Total games: 1210
2023-08-22 04:03:52,202 INFO:Total games: 1220
2023-08-22 04:04:05,081 INFO:Total games: 1230
2023-08-22 04:04:16,527 INFO:Total games: 1240
2023-08-22 04:04:28,105 INFO:Total games: 1250
2023-08-22 04:04:40,882 INFO:Total games: 1260
2023-08-22 04:04:50,142 INFO:Total games: 1270
2023-08-22 04:05:00,978 INFO:Total games: 1280
2023-08-22 04:05:12,691 INFO:Total games: 1290
2023-08-22 04:05:24,846 INFO:Total games: 1300
2023-08-22 04:05:38,792 INFO:Total games: 1310
2023-08-22 04:05:50,117 INFO:Total games: 1320
2023-08-22 04:06:06,753 INFO:Total games: 1330
2023-08-22 04:06:17,554 INFO:Total games: 1340
2023-08-22 04:06:30,955 INFO:Total games: 1350
2023-08-22 04:06:44,287 INFO:Total games: 1360
2023-08-22 04:06:58,904 INFO:Total games: 1370
2023-08-22 04:07:10,401 INFO:Total games: 1380
2023-08-22 04:07:18,986 INFO:Total games: 1390
2023-08-22 04:07:34,450 INFO:Total games: 1400
2023-08-22 04:07:47,308 INFO:Total games: 1410
2023-08-22 04:07:58,016 INFO:Total games: 1420
2023-08-22 04:08:10,143 INFO:Total games: 1430
2023-08-22 04:08:22,137 INFO:Total games: 1440
2023-08-22 04:08:31,775 INFO:Total games: 1450
2023-08-22 04:08:43,893 INFO:Total games: 1460
2023-08-22 04:08:54,600 INFO:Total games: 1470
2023-08-22 04:09:05,860 INFO:Total games: 1480
2023-08-22 04:09:17,269 INFO:Total games: 1490
2023-08-22 04:09:28,457 INFO:Total games: 1500
2023-08-22 04:09:40,949 INFO:Total games: 1510
2023-08-22 04:09:54,244 INFO:Total games: 1520
2023-08-22 04:10:03,901 INFO:Total games: 1530
2023-08-22 04:10:15,586 INFO:Total games: 1540
2023-08-22 04:10:28,317 INFO:Total games: 1550
2023-08-22 04:10:41,713 INFO:Total games: 1560
2023-08-22 04:10:52,736 INFO:Total games: 1570
2023-08-22 04:11:05,349 INFO:Total games: 1580
2023-08-22 04:11:16,403 INFO:Total games: 1590
2023-08-22 04:11:32,113 INFO:Total games: 1600
2023-08-22 04:11:43,711 INFO:Total games: 1610
2023-08-22 04:11:57,410 INFO:Total games: 1620
2023-08-22 04:12:10,062 INFO:Total games: 1630
2023-08-22 04:12:19,644 INFO:Total games: 1640
2023-08-22 04:12:30,020 INFO:Total games: 1650
2023-08-22 04:12:44,739 INFO:Total games: 1660
2023-08-22 04:12:57,181 INFO:Total games: 1670
2023-08-22 04:13:11,851 INFO:Total games: 1680
2023-08-22 04:13:24,516 INFO:Total games: 1690
2023-08-22 04:13:38,104 INFO:Total games: 1700
2023-08-22 04:13:49,935 INFO:Total games: 1710
2023-08-22 04:14:03,911 INFO:Total games: 1720
2023-08-22 04:14:16,532 INFO:Total games: 1730
2023-08-22 04:14:29,003 INFO:Total games: 1740
2023-08-22 04:14:44,729 INFO:Total games: 1750
2023-08-22 04:14:59,091 INFO:Total games: 1760
2023-08-22 04:15:10,160 INFO:Total games: 1770
2023-08-22 04:15:23,113 INFO:Total games: 1780
2023-08-22 04:15:33,859 INFO:Total games: 1790
2023-08-22 04:15:44,969 INFO:Total games: 1800
2023-08-22 04:23:30,771 INFO:Starting
2023-08-22 04:23:38,549 INFO:Total games: 10
2023-08-22 04:23:49,451 INFO:Total games: 20
2023-08-22 04:24:02,180 INFO:Total games: 30
2023-08-22 04:24:14,246 INFO:Total games: 40
2023-08-22 04:24:24,218 INFO:Total games: 50
2023-08-22 04:24:38,632 INFO:Total games: 60
2023-08-22 04:24:48,969 INFO:Total games: 70
2023-08-22 04:24:59,419 INFO:Total games: 80
2023-08-22 04:25:13,048 INFO:Total games: 90
2023-08-22 04:25:26,309 INFO:Total games: 100
2023-08-22 04:25:39,363 INFO:Total games: 110
2023-08-22 04:25:52,289 INFO:Total games: 120
2023-08-22 04:26:06,467 INFO:Total games: 130
2023-08-22 04:26:16,743 INFO:Total games: 140
2023-08-22 04:26:28,199 INFO:Total games: 150
2023-08-22 04:26:38,733 INFO:Total games: 160
2023-08-22 04:26:51,369 INFO:Total games: 170
2023-08-22 04:27:04,695 INFO:Total games: 180
2023-08-22 04:27:17,281 INFO:Total games: 190
2023-08-22 04:27:31,662 INFO:Total games: 200
2023-08-22 04:27:42,789 INFO:Total games: 210
2023-08-22 04:27:58,590 INFO:Total games: 220
2023-08-22 04:28:09,995 INFO:Total games: 230
2023-08-22 04:28:20,567 INFO:Total games: 240
2023-08-22 04:28:32,002 INFO:Total games: 250
2023-08-22 04:28:43,647 INFO:Total games: 260
2023-08-22 04:28:55,120 INFO:Total games: 270
2023-08-22 04:29:08,511 INFO:Total games: 280
2023-08-22 04:29:19,321 INFO:Total games: 290
2023-08-22 04:29:29,436 INFO:Total games: 300
2023-08-22 04:29:43,713 INFO:Total games: 310
2023-08-22 04:29:53,727 INFO:Total games: 320
2023-08-22 04:30:04,667 INFO:Total games: 330
2023-08-22 04:30:16,198 INFO:Total games: 340
2023-08-22 04:30:28,985 INFO:Total games: 350
2023-08-22 04:30:42,851 INFO:Total games: 360
2023-08-22 04:30:56,691 INFO:Total games: 370
2023-08-22 04:31:09,354 INFO:Total games: 380
2023-08-22 04:31:20,748 INFO:Total games: 390
2023-08-22 04:31:31,014 INFO:Total games: 400
2023-08-22 04:31:43,826 INFO:Total games: 410
2023-08-22 04:31:55,659 INFO:Total games: 420
2023-08-22 04:32:06,620 INFO:Total games: 430
2023-08-22 04:32:19,351 INFO:Total games: 440
2023-08-22 04:32:29,253 INFO:Total games: 450
2023-08-22 04:32:41,753 INFO:Total games: 460
2023-08-22 04:32:52,665 INFO:Total games: 470
2023-08-22 04:33:04,372 INFO:Total games: 480
2023-08-22 04:33:15,252 INFO:Total games: 490
2023-08-22 04:33:25,485 INFO:Total games: 500
2023-08-22 04:33:35,809 INFO:Total games: 510
2023-08-22 04:33:49,335 INFO:Total games: 520
2023-08-22 04:34:03,661 INFO:Total games: 530
2023-08-22 04:34:19,290 INFO:Total games: 540
2023-08-22 04:34:32,685 INFO:Total games: 550
2023-08-22 04:34:44,790 INFO:Total games: 560
2023-08-22 04:35:00,773 INFO:Total games: 570
2023-08-22 04:35:12,113 INFO:Total games: 580
2023-08-22 04:35:22,146 INFO:Total games: 590
2023-08-22 04:35:33,831 INFO:Total games: 600
2023-08-22 04:35:47,856 INFO:Total games: 610
2023-08-22 04:35:59,316 INFO:Total games: 620
2023-08-22 04:36:09,448 INFO:Total games: 630
2023-08-22 04:36:20,206 INFO:Total games: 640
2023-08-22 04:36:32,158 INFO:Total games: 650
2023-08-22 04:36:40,784 INFO:Total games: 660
2023-08-22 04:36:52,118 INFO:Total games: 670
2023-08-22 04:37:02,414 INFO:Total games: 680
2023-08-22 04:37:11,503 INFO:Total games: 690
2023-08-22 04:37:25,920 INFO:Total games: 700
2023-08-22 04:37:39,945 INFO:Total games: 710
2023-08-22 04:37:52,966 INFO:Total games: 720
2023-08-22 04:38:04,495 INFO:Total games: 730
2023-08-22 04:38:16,714 INFO:Total games: 740
2023-08-22 04:38:29,308 INFO:Total games: 750
2023-08-22 04:38:41,895 INFO:Total games: 760
2023-08-22 04:38:52,277 INFO:Total games: 770
2023-08-22 04:39:04,752 INFO:Total games: 780
2023-08-22 04:39:16,589 INFO:Total games: 790
2023-08-22 04:39:29,538 INFO:Total games: 800
2023-08-22 04:39:41,738 INFO:Total games: 810
2023-08-22 04:39:53,342 INFO:Total games: 820
2023-08-22 04:40:03,448 INFO:Total games: 830
2023-08-22 04:40:18,299 INFO:Total games: 840
2023-08-22 04:40:28,839 INFO:Total games: 850
2023-08-22 04:40:43,010 INFO:Total games: 860
2023-08-22 04:40:54,827 INFO:Total games: 870
2023-08-22 04:41:05,530 INFO:Total games: 880
2023-08-22 04:41:18,359 INFO:Total games: 890
2023-08-22 04:41:31,802 INFO:Total games: 900
2023-08-22 04:41:42,614 INFO:Total games: 910
2023-08-22 04:41:53,693 INFO:Total games: 920
2023-08-22 04:42:07,021 INFO:Total games: 930
2023-08-22 04:42:19,584 INFO:Total games: 940
2023-08-22 04:42:31,538 INFO:Total games: 950
2023-08-22 04:42:44,213 INFO:Total games: 960
2023-08-22 04:42:56,648 INFO:Total games: 970
2023-08-22 04:43:09,727 INFO:Total games: 980
2023-08-22 04:43:21,966 INFO:Total games: 990
2023-08-22 04:43:34,200 INFO:Total games: 1000
2023-08-22 04:43:47,750 INFO:Total games: 1010
2023-08-22 04:43:57,146 INFO:Total games: 1020
2023-08-22 04:44:08,774 INFO:Total games: 1030
2023-08-22 04:44:22,067 INFO:Total games: 1040
2023-08-22 04:44:35,081 INFO:Total games: 1050
2023-08-22 04:44:44,023 INFO:Total games: 1060
2023-08-22 04:44:55,934 INFO:Total games: 1070
2023-08-22 04:45:06,326 INFO:Total games: 1080
2023-08-22 04:45:16,533 INFO:Total games: 1090
2023-08-22 04:45:28,499 INFO:Total games: 1100
2023-08-22 04:45:40,663 INFO:Total games: 1110
2023-08-22 04:45:50,819 INFO:Total games: 1120
2023-08-22 04:46:02,359 INFO:Total games: 1130
2023-08-22 04:46:16,010 INFO:Total games: 1140
2023-08-22 04:46:27,987 INFO:Total games: 1150
2023-08-22 04:46:38,088 INFO:Total games: 1160
2023-08-22 04:46:50,318 INFO:Total games: 1170
2023-08-22 04:47:03,739 INFO:Total games: 1180
2023-08-22 04:47:16,408 INFO:Total games: 1190
2023-08-22 04:47:31,135 INFO:Total games: 1200
2023-08-22 04:47:45,932 INFO:Total games: 1210
2023-08-22 04:47:59,814 INFO:Total games: 1220
2023-08-22 04:48:11,380 INFO:Total games: 1230
2023-08-22 04:48:22,364 INFO:Total games: 1240
2023-08-22 04:48:33,568 INFO:Total games: 1250
2023-08-22 04:48:44,885 INFO:Total games: 1260
2023-08-22 04:48:59,141 INFO:Total games: 1270
2023-08-22 04:49:10,526 INFO:Total games: 1280
2023-08-22 04:49:23,854 INFO:Total games: 1290
2023-08-22 04:49:35,469 INFO:Total games: 1300
2023-08-22 04:49:48,240 INFO:Total games: 1310
2023-08-22 04:49:59,128 INFO:Total games: 1320
2023-08-22 04:50:11,935 INFO:Total games: 1330
2023-08-22 04:50:22,387 INFO:Total games: 1340
2023-08-22 04:50:33,890 INFO:Total games: 1350
2023-08-22 04:50:45,104 INFO:Total games: 1360
2023-08-22 04:50:59,702 INFO:Total games: 1370
2023-08-22 04:51:13,259 INFO:Total games: 1380
2023-08-22 04:51:25,730 INFO:Total games: 1390
2023-08-22 04:51:37,535 INFO:Total games: 1400
2023-08-22 04:51:50,209 INFO:Total games: 1410
2023-08-22 04:52:04,074 INFO:Total games: 1420
2023-08-22 04:52:17,840 INFO:Total games: 1430
2023-08-22 04:52:28,457 INFO:Total games: 1440
2023-08-22 04:52:40,215 INFO:Total games: 1450
2023-08-22 04:52:52,609 INFO:Total games: 1460
2023-08-22 04:53:01,365 INFO:Total games: 1470
2023-08-22 04:53:12,921 INFO:Total games: 1480
2023-08-22 04:53:26,459 INFO:Total games: 1490
2023-08-22 04:53:38,216 INFO:Total games: 1500
2023-08-22 04:53:47,221 INFO:Total games: 1510
2023-08-22 04:53:59,141 INFO:Total games: 1520
2023-08-22 04:54:11,216 INFO:Total games: 1530
2023-08-22 04:54:24,775 INFO:Total games: 1540
2023-08-22 04:54:37,759 INFO:Total games: 1550
2023-08-22 04:54:48,929 INFO:Total games: 1560
2023-08-22 04:55:00,135 INFO:Total games: 1570
2023-08-22 04:55:11,451 INFO:Total games: 1580
2023-08-22 04:55:28,145 INFO:Total games: 1590
2023-08-22 04:55:38,296 INFO:Total games: 1600
2023-08-22 04:55:50,346 INFO:Total games: 1610
2023-08-22 04:56:03,624 INFO:Total games: 1620
2023-08-22 04:56:15,254 INFO:Total games: 1630
2023-08-22 04:56:28,465 INFO:Total games: 1640
2023-08-22 04:56:41,827 INFO:Total games: 1650
2023-08-22 04:56:55,653 INFO:Total games: 1660
2023-08-22 04:57:05,477 INFO:Total games: 1670
2023-08-22 04:57:17,359 INFO:Total games: 1680
2023-08-22 04:57:29,360 INFO:Total games: 1690
2023-08-22 04:57:39,939 INFO:Total games: 1700
2023-08-22 04:57:55,420 INFO:Total games: 1710
2023-08-22 04:58:10,922 INFO:Total games: 1720
2023-08-22 04:58:22,586 INFO:Total games: 1730
2023-08-22 04:58:34,750 INFO:Total games: 1740
2023-08-22 04:58:46,003 INFO:Total games: 1750
2023-08-22 04:58:56,411 INFO:Total games: 1760
2023-08-22 04:59:07,516 INFO:Total games: 1770
2023-08-22 04:59:20,556 INFO:Total games: 1780
2023-08-22 04:59:35,937 INFO:Total games: 1790
2023-08-22 04:59:52,611 INFO:Total games: 1800
2023-08-22 05:00:06,948 INFO:Total games: 1810
2023-08-22 05:00:22,462 INFO:Total games: 1820
2023-08-22 05:00:35,956 INFO:Total games: 1830
2023-08-22 05:00:53,204 INFO:Total games: 1840
2023-08-22 05:01:05,552 INFO:Total games: 1850
2023-08-22 05:01:18,420 INFO:Total games: 1860
2023-08-22 05:01:32,007 INFO:Total games: 1870
2023-08-22 05:01:44,435 INFO:Total games: 1880
2023-08-22 05:02:00,546 INFO:Total games: 1890
2023-08-22 05:02:12,799 INFO:Total games: 1900
2023-08-22 05:02:30,479 INFO:Total games: 1910
2023-08-22 05:02:47,027 INFO:Total games: 1920
2023-08-22 05:03:01,238 INFO:Total games: 1930
2023-08-22 05:03:16,839 INFO:Total games: 1940
2023-08-22 05:03:34,679 INFO:Total games: 1950
2023-08-22 05:03:49,592 INFO:Total games: 1960
2023-08-22 05:04:03,940 INFO:Total games: 1970
2023-08-22 05:04:19,287 INFO:Total games: 1980
2023-08-22 05:04:34,174 INFO:Total games: 1990
2023-08-22 05:04:48,972 INFO:Total games: 2000
2023-08-22 05:05:02,892 INFO:Total games: 2010
2023-08-22 05:05:20,983 INFO:Total games: 2020
2023-08-22 05:05:37,584 INFO:Total games: 2030
2023-08-22 05:05:53,396 INFO:Total games: 2040
2023-08-22 05:06:08,868 INFO:Total games: 2050
2023-08-22 05:06:26,158 INFO:Total games: 2060
2023-08-22 05:06:40,673 INFO:Total games: 2070
2023-08-22 05:06:58,601 INFO:Total games: 2080
2023-08-22 05:07:14,479 INFO:Total games: 2090
2023-08-22 05:07:31,464 INFO:Total games: 2100
2023-08-22 05:07:51,280 INFO:Total games: 2110
2023-08-22 05:08:07,977 INFO:Total games: 2120
2023-08-22 05:08:28,763 INFO:Total games: 2130
2023-08-22 05:08:48,080 INFO:Total games: 2140
2023-08-22 05:09:04,495 INFO:Total games: 2150
2023-08-22 05:09:21,359 INFO:Total games: 2160
2023-08-22 05:09:37,887 INFO:Total games: 2170
2023-08-22 05:09:52,883 INFO:Total games: 2180
2023-08-22 05:10:06,751 INFO:Total games: 2190
2023-08-22 05:10:19,837 INFO:Total games: 2200
2023-08-22 05:10:33,540 INFO:Total games: 2210
2023-08-22 05:10:45,394 INFO:Total games: 2220
2023-08-22 05:11:00,756 INFO:Total games: 2230
2023-08-22 05:11:15,743 INFO:Total games: 2240
2023-08-22 05:11:29,215 INFO:Total games: 2250
2023-08-22 05:11:45,301 INFO:Total games: 2260
2023-08-22 05:11:59,165 INFO:Total games: 2270
2023-08-22 05:12:19,247 INFO:Total games: 2280
2023-08-22 05:12:34,028 INFO:Total games: 2290
2023-08-22 05:12:49,409 INFO:Total games: 2300
2023-08-22 05:13:03,097 INFO:Total games: 2310
2023-08-22 05:13:18,594 INFO:Total games: 2320
2023-08-22 05:13:29,873 INFO:Total games: 2330
2023-08-22 05:13:41,793 INFO:Total games: 2340
2023-08-22 05:13:57,617 INFO:Total games: 2350
2023-08-22 05:14:12,198 INFO:Total games: 2360
2023-08-22 05:14:28,183 INFO:Total games: 2370
2023-08-22 05:14:43,090 INFO:Total games: 2380
2023-08-22 05:14:58,280 INFO:Total games: 2390
2023-08-22 05:15:16,137 INFO:Total games: 2400
2023-08-22 05:15:27,704 INFO:Total games: 2410
2023-08-22 05:15:42,529 INFO:Total games: 2420
2023-08-22 05:15:55,999 INFO:Total games: 2430
2023-08-22 05:16:13,501 INFO:Total games: 2440
2023-08-22 05:16:28,838 INFO:Total games: 2450
2023-08-22 05:16:42,799 INFO:Total games: 2460
2023-08-22 05:16:56,986 INFO:Total games: 2470
2023-08-22 05:17:12,183 INFO:Total games: 2480
2023-08-22 05:17:28,125 INFO:Total games: 2490
2023-08-22 05:17:42,074 INFO:Total games: 2500
2023-08-22 05:17:57,266 INFO:Total games: 2510
2023-08-22 05:18:14,879 INFO:Total games: 2520
2023-08-22 05:18:27,192 INFO:Total games: 2530
2023-08-22 05:18:40,750 INFO:Total games: 2540
2023-08-22 05:18:55,782 INFO:Total games: 2550
2023-08-22 05:19:09,978 INFO:Total games: 2560
2023-08-22 05:19:26,169 INFO:Total games: 2570
2023-08-22 05:19:40,917 INFO:Total games: 2580
2023-08-22 05:19:54,578 INFO:Total games: 2590
2023-08-22 05:20:10,419 INFO:Total games: 2600
2023-08-22 05:20:23,657 INFO:Total games: 2610
2023-08-22 05:20:37,708 INFO:Total games: 2620
2023-08-22 05:20:52,310 INFO:Total games: 2630
2023-08-22 05:21:09,068 INFO:Total games: 2640
2023-08-22 05:21:26,005 INFO:Total games: 2650
2023-08-22 05:21:42,252 INFO:Total games: 2660
2023-08-22 05:21:57,964 INFO:Total games: 2670
2023-08-22 05:22:11,696 INFO:Total games: 2680
2023-08-22 05:22:27,843 INFO:Total games: 2690
2023-08-22 05:22:43,429 INFO:Total games: 2700
2023-08-22 05:22:57,342 INFO:Total games: 2710
2023-08-22 05:23:11,429 INFO:Total games: 2720
2023-08-22 05:23:28,542 INFO:Total games: 2730
2023-08-22 05:23:41,471 INFO:Total games: 2740
2023-08-22 05:23:56,346 INFO:Total games: 2750
2023-08-22 05:24:07,305 INFO:Total games: 2760
2023-08-22 05:24:20,587 INFO:Total games: 2770
2023-08-22 05:24:34,359 INFO:Total games: 2780
2023-08-22 05:24:47,953 INFO:Total games: 2790
2023-08-22 05:25:04,033 INFO:Total games: 2800
2023-08-22 05:25:18,470 INFO:Total games: 2810
2023-08-22 05:25:31,048 INFO:Total games: 2820
2023-08-22 05:25:48,812 INFO:Total games: 2830
2023-08-22 05:26:03,165 INFO:Total games: 2840
2023-08-22 05:26:17,823 INFO:Total games: 2850
2023-08-22 05:26:29,762 INFO:Total games: 2860
2023-08-22 05:26:42,352 INFO:Total games: 2870
2023-08-22 05:26:55,007 INFO:Total games: 2880
2023-08-22 05:27:08,323 INFO:Total games: 2890
2023-08-22 05:27:25,980 INFO:Total games: 2900
2023-08-22 05:27:40,462 INFO:Total games: 2910
2023-08-22 05:27:59,769 INFO:Total games: 2920
2023-08-22 05:28:13,148 INFO:Total games: 2930
2023-08-22 05:28:28,195 INFO:Total games: 2940
2023-08-22 05:28:41,478 INFO:Total games: 2950
2023-08-22 05:28:57,764 INFO:Total games: 2960
2023-08-22 05:29:10,039 INFO:Total games: 2970
2023-08-22 05:29:26,355 INFO:Total games: 2980
2023-08-22 05:29:43,162 INFO:Total games: 2990
2023-08-22 05:29:58,609 INFO:Total games: 3000
2023-08-22 05:30:16,289 INFO:Total games: 3010
2023-08-22 05:30:31,623 INFO:Total games: 3020
2023-08-22 05:30:48,656 INFO:Total games: 3030
2023-08-22 05:31:03,085 INFO:Total games: 3040
2023-08-22 05:31:18,185 INFO:Total games: 3050
2023-08-22 05:31:35,776 INFO:Total games: 3060
2023-08-22 05:31:52,711 INFO:Total games: 3070
2023-08-22 05:32:08,307 INFO:Total games: 3080
2023-08-22 05:32:24,642 INFO:Total games: 3090
2023-08-22 05:32:41,359 INFO:Total games: 3100
2023-08-22 05:32:53,929 INFO:Total games: 3110
2023-08-22 05:33:08,090 INFO:Total games: 3120
2023-08-22 05:33:23,670 INFO:Total games: 3130
2023-08-22 05:33:37,672 INFO:Total games: 3140
2023-08-22 05:33:52,419 INFO:Total games: 3150
2023-08-22 05:34:08,838 INFO:Total games: 3160
2023-08-22 05:34:25,883 INFO:Total games: 3170
2023-08-22 05:34:42,323 INFO:Total games: 3180
2023-08-22 05:34:55,361 INFO:Total games: 3190
2023-08-22 05:35:12,740 INFO:Total games: 3200
2023-08-22 05:35:28,386 INFO:Total games: 3210
2023-08-22 05:35:45,223 INFO:Total games: 3220
2023-08-22 05:35:57,434 INFO:Total games: 3230
2023-08-22 05:36:12,427 INFO:Total games: 3240
2023-08-22 05:36:26,385 INFO:Total games: 3250
2023-08-22 05:36:40,741 INFO:Total games: 3260
2023-08-22 05:36:55,616 INFO:Total games: 3270
2023-08-22 05:37:09,741 INFO:Total games: 3280
2023-08-22 05:37:23,720 INFO:Total games: 3290
2023-08-22 05:37:39,480 INFO:Total games: 3300
2023-08-22 05:37:54,058 INFO:Total games: 3310
2023-08-22 05:38:07,550 INFO:Total games: 3320
2023-08-22 05:38:22,129 INFO:Total games: 3330
2023-08-22 05:38:37,775 INFO:Total games: 3340
2023-08-22 05:38:51,232 INFO:Total games: 3350
2023-08-22 05:39:08,138 INFO:Total games: 3360
2023-08-22 05:39:26,281 INFO:Total games: 3370
2023-08-22 05:39:40,167 INFO:Total games: 3380
2023-08-22 05:39:56,177 INFO:Total games: 3390
2023-08-22 05:40:12,800 INFO:Total games: 3400
2023-08-22 05:40:25,402 INFO:Total games: 3410
2023-08-22 05:40:40,669 INFO:Total games: 3420
2023-08-22 05:40:55,015 INFO:Total games: 3430
2023-08-22 05:41:12,081 INFO:Total games: 3440
2023-08-22 05:41:25,623 INFO:Total games: 3450
2023-08-22 05:41:41,531 INFO:Total games: 3460
2023-08-22 05:41:53,564 INFO:Total games: 3470
2023-08-22 05:42:07,156 INFO:Total games: 3480
2023-08-22 05:42:21,980 INFO:Total games: 3490
2023-08-22 05:42:37,443 INFO:Total games: 3500
2023-08-22 05:42:54,937 INFO:Total games: 3510
2023-08-22 05:43:11,887 INFO:Total games: 3520
2023-08-22 05:43:28,219 INFO:Total games: 3530
2023-08-22 05:43:44,090 INFO:Total games: 3540
2023-08-22 05:44:01,450 INFO:Total games: 3550
2023-08-22 05:44:13,444 INFO:Total games: 3560
2023-08-22 05:44:28,714 INFO:Total games: 3570
2023-08-22 05:44:43,121 INFO:Total games: 3580
2023-08-22 05:44:59,900 INFO:Total games: 3590
2023-08-22 05:45:12,699 INFO:Total games: 3600
2023-08-22 05:45:29,066 INFO:Total games: 3610
2023-08-22 05:45:39,365 INFO:Total games: 3620
2023-08-22 05:45:58,053 INFO:Total games: 3630
2023-08-22 05:46:12,284 INFO:Total games: 3640
2023-08-22 05:46:27,747 INFO:Total games: 3650
2023-08-22 05:46:40,581 INFO:Total games: 3660
2023-08-22 05:46:56,700 INFO:Total games: 3670
2023-08-22 05:47:12,565 INFO:Total games: 3680
2023-08-22 05:47:27,486 INFO:Total games: 3690
2023-08-22 05:47:46,028 INFO:Total games: 3700
2023-08-22 05:48:01,004 INFO:Total games: 3710
