2023-06-29 22:01:53,038 INFO:Starting
2023-06-29 22:03:03,595 INFO:Total games: 10
2023-06-29 22:04:26,049 INFO:Total games: 20
2023-06-29 22:05:37,576 INFO:Total games: 30
2023-06-29 22:05:42,327 INFO:Ending
2023-06-29 22:05:42,328 INFO:Duration: 0 hours, 3 minutes, 49 seconds
2023-06-29 22:07:22,572 INFO:Starting
2023-06-29 22:08:38,421 INFO:Total games: 10
2023-06-29 22:09:45,282 INFO:Total games: 20
2023-06-29 22:10:49,995 INFO:Total games: 30
2023-06-29 22:12:14,881 INFO:Total games: 40
2023-06-29 22:13:36,770 INFO:Total games: 50
2023-06-29 22:15:05,775 INFO:Total games: 60
2023-06-29 22:16:33,595 INFO:Total games: 70
2023-06-29 22:17:43,274 INFO:Total games: 80
2023-06-29 22:18:47,135 INFO:Total games: 90
2023-06-29 22:20:10,040 INFO:Total games: 100
2023-06-29 22:21:17,399 INFO:Total games: 110
2023-06-29 22:22:36,023 INFO:Total games: 120
2023-06-29 22:23:48,247 INFO:Total games: 130
2023-06-29 22:25:02,193 INFO:Total games: 140
2023-06-29 22:26:34,721 INFO:Total games: 150
2023-06-29 22:28:07,496 INFO:Total games: 160
2023-06-29 22:29:18,649 INFO:Total games: 170
2023-06-29 22:30:38,701 INFO:Total games: 180
2023-06-29 22:32:04,100 INFO:Total games: 190
2023-06-29 22:33:32,824 INFO:Total games: 200
2023-06-29 22:34:44,026 INFO:Total games: 210
2023-06-29 22:36:01,083 INFO:Total games: 220
2023-06-29 22:37:02,352 INFO:Total games: 230
2023-06-29 22:38:22,208 INFO:Total games: 240
2023-06-29 22:39:45,000 INFO:Total games: 250
2023-06-29 22:41:05,585 INFO:Total games: 260
2023-06-29 22:42:28,699 INFO:Total games: 270
2023-06-29 22:42:47,093 INFO:Loaded new best model
2023-06-29 22:43:45,495 INFO:Total games: 280
2023-06-29 22:45:12,213 INFO:Total games: 290
2023-06-29 22:46:31,181 INFO:Total games: 300
2023-06-29 22:48:02,418 INFO:Total games: 310
2023-06-29 22:49:26,589 INFO:Total games: 320
2023-06-29 22:50:46,411 INFO:Total games: 330
2023-06-29 22:52:04,034 INFO:Total games: 340
2023-06-29 22:53:10,715 INFO:Total games: 350
2023-06-29 22:54:49,381 INFO:Total games: 360
2023-06-29 22:56:10,529 INFO:Total games: 370
2023-06-29 22:57:29,784 INFO:Total games: 380
2023-06-29 22:58:58,754 INFO:Total games: 390
2023-06-29 23:00:20,927 INFO:Total games: 400
2023-06-29 23:01:57,795 INFO:Total games: 410
2023-06-29 23:03:17,835 INFO:Total games: 420
2023-06-29 23:04:38,462 INFO:Total games: 430
2023-06-29 23:05:56,049 INFO:Total games: 440
2023-06-29 23:07:28,061 INFO:Total games: 450
2023-06-29 23:08:49,085 INFO:Total games: 460
2023-06-29 23:10:21,457 INFO:Total games: 470
2023-06-29 23:11:59,418 INFO:Total games: 480
2023-06-29 23:13:31,443 INFO:Total games: 490
2023-06-29 23:15:04,243 INFO:Total games: 500
2023-06-29 23:16:34,944 INFO:Total games: 510
2023-06-29 23:18:08,739 INFO:Total games: 520
2023-06-29 23:19:42,377 INFO:Total games: 530
2023-06-29 23:21:12,127 INFO:Total games: 540
2023-06-29 23:22:06,092 INFO:Loaded new best model
2023-06-29 23:22:37,846 INFO:Total games: 550
2023-06-29 23:24:04,687 INFO:Total games: 560
2023-06-29 23:25:34,859 INFO:Total games: 570
2023-06-29 23:26:57,811 INFO:Total games: 580
2023-06-29 23:28:38,374 INFO:Total games: 590
2023-06-29 23:30:12,687 INFO:Total games: 600
2023-06-29 23:31:36,121 INFO:Total games: 610
2023-06-29 23:32:41,944 INFO:Total games: 620
2023-06-29 23:34:10,166 INFO:Total games: 630
2023-06-29 23:35:37,359 INFO:Total games: 640
2023-06-29 23:37:06,658 INFO:Total games: 650
2023-06-29 23:38:38,532 INFO:Total games: 660
2023-06-29 23:40:11,860 INFO:Total games: 670
2023-06-29 23:41:36,182 INFO:Loaded new best model
2023-06-29 23:41:55,891 INFO:Total games: 680
2023-06-29 23:43:29,817 INFO:Total games: 690
2023-06-29 23:45:01,620 INFO:Total games: 700
2023-06-29 23:46:26,127 INFO:Total games: 710
2023-06-29 23:47:58,853 INFO:Total games: 720
2023-06-29 23:49:48,638 INFO:Total games: 730
2023-06-29 23:51:33,617 INFO:Total games: 740
2023-06-29 23:53:11,989 INFO:Total games: 750
2023-06-29 23:54:46,825 INFO:Total games: 760
2023-06-29 23:56:31,956 INFO:Total games: 770
2023-06-29 23:58:18,366 INFO:Total games: 780
2023-06-29 23:59:51,900 INFO:Total games: 790
2023-06-30 00:01:20,692 INFO:Total games: 800
2023-06-30 00:02:52,145 INFO:Total games: 810
2023-06-30 00:04:12,972 INFO:Total games: 820
2023-06-30 00:05:44,217 INFO:Total games: 830
2023-06-30 00:07:16,793 INFO:Total games: 840
2023-06-30 00:08:46,654 INFO:Total games: 850
2023-06-30 00:10:35,427 INFO:Total games: 860
2023-06-30 00:12:16,446 INFO:Total games: 870
2023-06-30 00:13:56,900 INFO:Total games: 880
2023-06-30 00:15:36,449 INFO:Total games: 890
2023-06-30 00:17:11,128 INFO:Total games: 900
2023-06-30 00:18:52,953 INFO:Total games: 910
2023-06-30 00:20:16,920 INFO:Total games: 920
2023-06-30 00:21:49,862 INFO:Total games: 930
2023-06-30 00:22:59,839 INFO:Loaded new best model
2023-06-30 00:23:29,846 INFO:Total games: 940
2023-06-30 00:24:56,018 INFO:Total games: 950
2023-06-30 00:26:26,259 INFO:Total games: 960
2023-06-30 00:28:06,248 INFO:Total games: 970
2023-06-30 00:29:34,062 INFO:Total games: 980
2023-06-30 00:31:19,022 INFO:Total games: 990
2023-06-30 00:32:51,630 INFO:Total games: 1000
2023-06-30 00:34:18,004 INFO:Total games: 1010
2023-06-30 00:35:49,574 INFO:Total games: 1020
2023-06-30 00:37:23,426 INFO:Total games: 1030
2023-06-30 00:39:01,299 INFO:Total games: 1040
2023-06-30 00:40:36,731 INFO:Total games: 1050
2023-06-30 00:42:06,037 INFO:Total games: 1060
2023-06-30 00:43:45,450 INFO:Total games: 1070
2023-06-30 00:45:15,303 INFO:Total games: 1080
2023-06-30 00:46:48,167 INFO:Total games: 1090
2023-06-30 00:48:18,477 INFO:Total games: 1100
2023-06-30 00:50:03,721 INFO:Total games: 1110
2023-06-30 00:51:51,075 INFO:Total games: 1120
2023-06-30 00:53:32,819 INFO:Total games: 1130
2023-06-30 00:55:03,129 INFO:Total games: 1140
2023-06-30 00:56:38,382 INFO:Total games: 1150
2023-06-30 00:58:21,516 INFO:Total games: 1160
2023-06-30 01:00:04,435 INFO:Total games: 1170
2023-06-30 01:01:44,970 INFO:Total games: 1180
2023-06-30 01:03:00,914 INFO:Total games: 1190
2023-06-30 01:04:39,791 INFO:Total games: 1200
2023-06-30 01:06:07,640 INFO:Total games: 1210
2023-06-30 01:07:42,626 INFO:Total games: 1220
2023-06-30 01:09:20,343 INFO:Total games: 1230
2023-06-30 01:10:53,756 INFO:Total games: 1240
2023-06-30 01:12:37,886 INFO:Total games: 1250
2023-06-30 01:14:13,241 INFO:Total games: 1260
2023-06-30 01:15:50,023 INFO:Total games: 1270
2023-06-30 01:17:31,256 INFO:Total games: 1280
2023-06-30 01:19:06,216 INFO:Total games: 1290
2023-06-30 01:20:27,029 INFO:Total games: 1300
2023-06-30 01:22:16,233 INFO:Total games: 1310
2023-06-30 01:23:50,597 INFO:Total games: 1320
2023-06-30 01:24:16,771 INFO:Loaded new best model
2023-06-30 01:25:30,466 INFO:Total games: 1330
2023-06-30 01:27:07,391 INFO:Total games: 1340
2023-06-30 01:28:42,211 INFO:Total games: 1350
2023-06-30 01:30:16,200 INFO:Total games: 1360
2023-06-30 01:31:57,069 INFO:Total games: 1370
2023-06-30 01:33:42,330 INFO:Total games: 1380
2023-06-30 01:35:22,720 INFO:Total games: 1390
2023-06-30 01:37:16,239 INFO:Total games: 1400
2023-06-30 01:39:03,968 INFO:Total games: 1410
2023-06-30 01:40:40,775 INFO:Total games: 1420
2023-06-30 01:42:23,385 INFO:Total games: 1430
2023-06-30 01:44:10,222 INFO:Total games: 1440
2023-06-30 01:45:49,734 INFO:Total games: 1450
2023-06-30 01:47:18,841 INFO:Total games: 1460
2023-06-30 01:49:02,478 INFO:Total games: 1470
2023-06-30 01:50:46,093 INFO:Total games: 1480
2023-06-30 01:52:29,232 INFO:Total games: 1490
2023-06-30 01:54:00,597 INFO:Total games: 1500
2023-06-30 01:55:53,853 INFO:Total games: 1510
2023-06-30 01:57:42,153 INFO:Total games: 1520
2023-06-30 01:59:20,189 INFO:Total games: 1530
2023-06-30 02:01:07,832 INFO:Total games: 1540
2023-06-30 02:02:54,713 INFO:Total games: 1550
2023-06-30 02:03:32,830 INFO:Loaded new best model
2023-06-30 02:04:37,096 INFO:Total games: 1560
2023-06-30 02:06:20,691 INFO:Total games: 1570
2023-06-30 02:08:12,330 INFO:Total games: 1580
2023-06-30 02:09:59,763 INFO:Total games: 1590
2023-06-30 02:11:51,118 INFO:Total games: 1600
2023-06-30 02:13:32,287 INFO:Total games: 1610
2023-06-30 02:15:29,472 INFO:Total games: 1620
2023-06-30 02:17:23,416 INFO:Total games: 1630
2023-06-30 02:19:17,231 INFO:Total games: 1640
2023-06-30 02:21:08,213 INFO:Total games: 1650
2023-06-30 02:23:02,773 INFO:Total games: 1660
2023-06-30 02:24:52,414 INFO:Total games: 1670
2023-06-30 02:26:37,491 INFO:Total games: 1680
2023-06-30 02:28:22,556 INFO:Total games: 1690
2023-06-30 02:30:17,257 INFO:Total games: 1700
2023-06-30 02:32:12,997 INFO:Total games: 1710
2023-06-30 02:34:07,633 INFO:Total games: 1720
2023-06-30 02:36:00,039 INFO:Total games: 1730
2023-06-30 02:37:56,228 INFO:Total games: 1740
2023-06-30 02:39:48,423 INFO:Total games: 1750
2023-06-30 02:41:35,263 INFO:Total games: 1760
2023-06-30 02:43:26,168 INFO:Total games: 1770
2023-06-30 02:45:19,086 INFO:Total games: 1780
2023-06-30 02:47:07,433 INFO:Total games: 1790
2023-06-30 02:48:52,132 INFO:Total games: 1800
2023-06-30 02:50:38,273 INFO:Total games: 1810
2023-06-30 02:52:29,618 INFO:Total games: 1820
2023-06-30 02:54:27,925 INFO:Total games: 1830
2023-06-30 02:56:19,858 INFO:Total games: 1840
2023-06-30 02:58:12,696 INFO:Total games: 1850
2023-06-30 03:00:07,940 INFO:Total games: 1860
2023-06-30 03:01:59,714 INFO:Total games: 1870
2023-06-30 03:03:49,569 INFO:Total games: 1880
2023-06-30 03:05:42,473 INFO:Total games: 1890
2023-06-30 03:07:33,954 INFO:Total games: 1900
2023-06-30 03:09:24,782 INFO:Total games: 1910
2023-06-30 03:11:14,013 INFO:Total games: 1920
2023-06-30 03:13:10,456 INFO:Total games: 1930
2023-06-30 03:14:57,472 INFO:Total games: 1940
2023-06-30 03:16:53,435 INFO:Total games: 1950
2023-06-30 03:18:51,891 INFO:Total games: 1960
2023-06-30 03:20:42,650 INFO:Total games: 1970
2023-06-30 03:22:35,211 INFO:Total games: 1980
2023-06-30 03:24:28,398 INFO:Total games: 1990
2023-06-30 03:26:25,172 INFO:Total games: 2000
2023-06-30 03:28:17,481 INFO:Total games: 2010
2023-06-30 03:30:06,152 INFO:Total games: 2020
2023-06-30 03:31:59,547 INFO:Total games: 2030
2023-06-30 03:33:53,952 INFO:Total games: 2040
2023-06-30 03:35:48,773 INFO:Total games: 2050
2023-06-30 03:37:36,588 INFO:Total games: 2060
2023-06-30 03:39:32,097 INFO:Total games: 2070
2023-06-30 03:41:22,894 INFO:Total games: 2080
2023-06-30 03:43:13,171 INFO:Total games: 2090
2023-06-30 03:45:08,805 INFO:Total games: 2100
2023-06-30 03:46:57,748 INFO:Total games: 2110
2023-06-30 03:48:43,443 INFO:Total games: 2120
2023-06-30 03:50:30,844 INFO:Total games: 2130
2023-06-30 03:52:23,543 INFO:Total games: 2140
2023-06-30 03:54:18,277 INFO:Total games: 2150
2023-06-30 03:56:10,166 INFO:Total games: 2160
2023-06-30 03:58:05,679 INFO:Total games: 2170
2023-06-30 04:00:01,492 INFO:Total games: 2180
2023-06-30 04:01:51,437 INFO:Total games: 2190
2023-06-30 04:03:44,108 INFO:Total games: 2200
2023-06-30 04:05:39,618 INFO:Total games: 2210
2023-06-30 04:07:31,888 INFO:Total games: 2220
2023-06-30 04:09:26,959 INFO:Total games: 2230
2023-06-30 04:11:14,492 INFO:Total games: 2240
2023-06-30 04:13:02,371 INFO:Total games: 2250
2023-06-30 04:14:54,394 INFO:Total games: 2260
2023-06-30 04:16:48,030 INFO:Total games: 2270
2023-06-30 04:18:40,580 INFO:Total games: 2280
2023-06-30 04:20:36,961 INFO:Total games: 2290
2023-06-30 04:22:23,200 INFO:Total games: 2300
2023-06-30 04:24:14,892 INFO:Total games: 2310
2023-06-30 04:26:01,771 INFO:Total games: 2320
2023-06-30 04:27:54,052 INFO:Total games: 2330
2023-06-30 04:29:46,571 INFO:Total games: 2340
2023-06-30 04:31:39,509 INFO:Total games: 2350
2023-06-30 04:33:24,349 INFO:Total games: 2360
2023-06-30 04:35:21,180 INFO:Total games: 2370
2023-06-30 04:37:13,691 INFO:Total games: 2380
2023-06-30 04:39:08,304 INFO:Total games: 2390
2023-06-30 04:40:58,435 INFO:Total games: 2400
2023-06-30 04:42:57,566 INFO:Total games: 2410
2023-06-30 04:44:50,963 INFO:Total games: 2420
2023-06-30 04:46:45,945 INFO:Total games: 2430
2023-06-30 04:48:38,955 INFO:Total games: 2440
2023-06-30 04:50:35,388 INFO:Total games: 2450
2023-06-30 04:52:24,426 INFO:Total games: 2460
2023-06-30 04:54:13,946 INFO:Total games: 2470
2023-06-30 04:56:08,211 INFO:Total games: 2480
2023-06-30 04:58:01,496 INFO:Total games: 2490
2023-06-30 05:00:02,340 INFO:Total games: 2500
2023-06-30 05:01:49,657 INFO:Total games: 2510
2023-06-30 05:03:37,365 INFO:Total games: 2520
2023-06-30 05:05:27,763 INFO:Total games: 2530
2023-06-30 05:07:24,993 INFO:Total games: 2540
2023-06-30 05:09:19,784 INFO:Total games: 2550
2023-06-30 05:11:15,652 INFO:Total games: 2560
2023-06-30 05:13:00,159 INFO:Total games: 2570
2023-06-30 05:14:49,215 INFO:Total games: 2580
2023-06-30 05:16:45,672 INFO:Total games: 2590
2023-06-30 05:18:34,396 INFO:Total games: 2600
2023-06-30 05:20:23,473 INFO:Total games: 2610
2023-06-30 05:22:15,659 INFO:Total games: 2620
2023-06-30 05:24:14,541 INFO:Total games: 2630
2023-06-30 05:26:05,307 INFO:Total games: 2640
2023-06-30 05:27:59,046 INFO:Total games: 2650
2023-06-30 05:29:47,535 INFO:Total games: 2660
2023-06-30 05:31:39,433 INFO:Total games: 2670
2023-06-30 05:33:29,538 INFO:Total games: 2680
2023-06-30 05:35:13,476 INFO:Total games: 2690
2023-06-30 05:36:57,875 INFO:Total games: 2700
2023-06-30 05:38:46,628 INFO:Total games: 2710
2023-06-30 05:40:39,721 INFO:Total games: 2720
2023-06-30 05:42:37,104 INFO:Total games: 2730
2023-06-30 05:44:27,728 INFO:Total games: 2740
2023-06-30 05:46:21,245 INFO:Total games: 2750
2023-06-30 05:48:15,778 INFO:Total games: 2760
2023-06-30 05:50:09,367 INFO:Total games: 2770
2023-06-30 05:52:01,830 INFO:Total games: 2780
2023-06-30 05:53:54,376 INFO:Total games: 2790
2023-06-30 05:55:36,038 INFO:Total games: 2800
2023-06-30 05:57:24,816 INFO:Total games: 2810
2023-06-30 05:59:19,421 INFO:Total games: 2820
2023-06-30 06:01:08,366 INFO:Total games: 2830
2023-06-30 06:02:55,863 INFO:Total games: 2840
2023-06-30 06:04:47,427 INFO:Total games: 2850
2023-06-30 06:06:34,628 INFO:Total games: 2860
2023-06-30 06:08:25,363 INFO:Total games: 2870
2023-06-30 06:10:15,621 INFO:Total games: 2880
2023-06-30 06:12:07,091 INFO:Total games: 2890
2023-06-30 06:13:54,677 INFO:Total games: 2900
2023-06-30 06:15:39,828 INFO:Total games: 2910
2023-06-30 06:17:32,503 INFO:Total games: 2920
2023-06-30 06:19:26,188 INFO:Total games: 2930
2023-06-30 06:21:11,455 INFO:Total games: 2940
2023-06-30 06:23:05,310 INFO:Total games: 2950
2023-06-30 06:24:53,135 INFO:Total games: 2960
2023-06-30 06:26:47,059 INFO:Total games: 2970
2023-06-30 06:28:49,686 INFO:Total games: 2980
2023-06-30 06:30:37,033 INFO:Total games: 2990
2023-06-30 06:32:32,115 INFO:Total games: 3000
2023-06-30 06:34:23,803 INFO:Total games: 3010
2023-06-30 06:36:11,964 INFO:Total games: 3020
2023-06-30 06:38:06,337 INFO:Total games: 3030
2023-06-30 06:39:52,388 INFO:Total games: 3040
2023-06-30 06:41:46,171 INFO:Total games: 3050
2023-06-30 06:43:37,825 INFO:Total games: 3060
2023-06-30 06:45:31,097 INFO:Total games: 3070
2023-06-30 06:47:26,389 INFO:Total games: 3080
2023-06-30 06:49:17,486 INFO:Total games: 3090
2023-06-30 06:51:08,591 INFO:Total games: 3100
2023-06-30 06:53:02,754 INFO:Total games: 3110
2023-06-30 06:54:54,424 INFO:Total games: 3120
2023-06-30 06:56:51,354 INFO:Total games: 3130
2023-06-30 06:58:41,265 INFO:Total games: 3140
2023-06-30 07:00:33,120 INFO:Total games: 3150
2023-06-30 07:02:25,530 INFO:Total games: 3160
2023-06-30 07:04:12,202 INFO:Total games: 3170
2023-06-30 07:05:57,057 INFO:Total games: 3180
2023-06-30 07:07:55,079 INFO:Total games: 3190
2023-06-30 07:09:49,357 INFO:Total games: 3200
2023-06-30 07:11:38,486 INFO:Total games: 3210
2023-06-30 07:13:23,575 INFO:Total games: 3220
2023-06-30 07:15:09,961 INFO:Total games: 3230
2023-06-30 07:16:56,466 INFO:Total games: 3240
2023-06-30 07:18:49,512 INFO:Total games: 3250
2023-06-30 07:20:38,600 INFO:Total games: 3260
2023-06-30 07:22:34,008 INFO:Total games: 3270
2023-06-30 07:24:24,814 INFO:Total games: 3280
2023-06-30 07:26:16,823 INFO:Total games: 3290
2023-06-30 07:28:13,398 INFO:Total games: 3300
2023-06-30 07:30:01,023 INFO:Total games: 3310
2023-06-30 07:31:51,335 INFO:Total games: 3320
2023-06-30 07:33:42,121 INFO:Total games: 3330
2023-06-30 07:35:32,024 INFO:Total games: 3340
2023-06-30 07:37:18,814 INFO:Total games: 3350
2023-06-30 07:39:06,998 INFO:Total games: 3360
2023-06-30 07:40:56,160 INFO:Total games: 3370
2023-06-30 07:42:47,753 INFO:Total games: 3380
2023-06-30 07:44:41,087 INFO:Total games: 3390
2023-06-30 07:46:27,336 INFO:Total games: 3400
2023-06-30 07:48:19,834 INFO:Total games: 3410
2023-06-30 07:50:16,314 INFO:Total games: 3420
2023-06-30 07:52:07,359 INFO:Total games: 3430
2023-06-30 07:54:00,412 INFO:Total games: 3440
2023-06-30 07:55:46,000 INFO:Total games: 3450
2023-06-30 07:57:38,485 INFO:Total games: 3460
2023-06-30 07:59:23,243 INFO:Total games: 3470
2023-06-30 08:01:19,016 INFO:Total games: 3480
2023-06-30 08:03:12,166 INFO:Total games: 3490
2023-06-30 08:05:06,902 INFO:Total games: 3500
2023-06-30 08:06:49,399 INFO:Total games: 3510
2023-06-30 08:08:34,099 INFO:Total games: 3520
2023-06-30 08:10:21,331 INFO:Total games: 3530
2023-06-30 08:12:23,030 INFO:Total games: 3540
2023-06-30 08:14:10,056 INFO:Total games: 3550
2023-06-30 08:16:04,836 INFO:Total games: 3560
2023-06-30 08:17:53,071 INFO:Total games: 3570
2023-06-30 08:19:37,349 INFO:Total games: 3580
2023-06-30 08:21:20,074 INFO:Total games: 3590
2023-06-30 08:23:09,498 INFO:Total games: 3600
2023-06-30 08:25:08,861 INFO:Total games: 3610
2023-06-30 08:26:58,761 INFO:Total games: 3620
2023-06-30 08:28:53,977 INFO:Total games: 3630
2023-06-30 08:30:40,605 INFO:Total games: 3640
2023-06-30 08:32:31,583 INFO:Total games: 3650
2023-06-30 08:34:23,178 INFO:Total games: 3660
2023-06-30 08:36:24,125 INFO:Total games: 3670
2023-06-30 08:38:14,639 INFO:Total games: 3680
2023-06-30 08:39:56,620 INFO:Total games: 3690
2023-06-30 08:41:46,636 INFO:Total games: 3700
2023-06-30 08:43:40,043 INFO:Total games: 3710
2023-06-30 08:45:30,026 INFO:Total games: 3720
2023-06-30 08:47:31,230 INFO:Total games: 3730
2023-06-30 08:49:25,904 INFO:Total games: 3740
2023-06-30 08:51:14,149 INFO:Total games: 3750
2023-06-30 08:53:05,278 INFO:Total games: 3760
2023-06-30 08:54:58,168 INFO:Total games: 3770
2023-06-30 08:56:51,039 INFO:Total games: 3780
2023-06-30 08:58:39,859 INFO:Total games: 3790
2023-06-30 09:00:33,376 INFO:Total games: 3800
2023-06-30 09:02:21,225 INFO:Total games: 3810
2023-06-30 09:04:11,247 INFO:Total games: 3820
2023-06-30 09:06:00,434 INFO:Total games: 3830
2023-06-30 09:07:51,245 INFO:Total games: 3840
2023-06-30 09:09:41,543 INFO:Total games: 3850
2023-06-30 09:11:34,481 INFO:Total games: 3860
2023-06-30 09:13:31,055 INFO:Total games: 3870
2023-06-30 09:15:23,926 INFO:Total games: 3880
2023-06-30 09:17:18,354 INFO:Total games: 3890
2023-06-30 09:19:08,883 INFO:Total games: 3900
2023-06-30 09:20:51,305 INFO:Total games: 3910
2023-06-30 09:22:32,641 INFO:Total games: 3920
2023-06-30 09:24:33,585 INFO:Total games: 3930
2023-06-30 09:26:24,475 INFO:Total games: 3940
2023-06-30 09:28:14,026 INFO:Total games: 3950
2023-06-30 09:30:05,942 INFO:Total games: 3960
2023-06-30 09:31:54,780 INFO:Total games: 3970
2023-06-30 09:33:46,701 INFO:Total games: 3980
2023-06-30 09:35:35,054 INFO:Total games: 3990
2023-06-30 09:37:38,799 INFO:Total games: 4000
2023-06-30 09:39:26,053 INFO:Total games: 4010
2023-06-30 09:41:06,744 INFO:Total games: 4020
2023-06-30 09:42:59,211 INFO:Total games: 4030
2023-06-30 09:44:53,007 INFO:Total games: 4040
2023-06-30 09:46:44,966 INFO:Total games: 4050
2023-06-30 09:48:38,206 INFO:Total games: 4060
2023-06-30 09:50:39,810 INFO:Total games: 4070
2023-06-30 09:52:34,942 INFO:Total games: 4080
2023-06-30 09:54:27,011 INFO:Total games: 4090
2023-06-30 09:56:10,596 INFO:Total games: 4100
2023-06-30 09:58:02,529 INFO:Total games: 4110
2023-06-30 09:59:48,653 INFO:Total games: 4120
2023-06-30 10:01:32,880 INFO:Total games: 4130
2023-06-30 10:03:21,363 INFO:Total games: 4140
2023-06-30 10:05:12,910 INFO:Total games: 4150
2023-06-30 10:07:02,042 INFO:Total games: 4160
2023-06-30 10:08:56,178 INFO:Total games: 4170
2023-06-30 10:10:48,067 INFO:Total games: 4180
2023-06-30 10:12:39,030 INFO:Total games: 4190
2023-06-30 10:14:26,622 INFO:Total games: 4200
2023-06-30 10:16:19,504 INFO:Total games: 4210
2023-06-30 10:18:15,744 INFO:Total games: 4220
2023-06-30 10:20:09,627 INFO:Total games: 4230
2023-06-30 10:21:52,783 INFO:Total games: 4240
2023-06-30 10:23:35,654 INFO:Total games: 4250
2023-06-30 10:25:21,691 INFO:Total games: 4260
2023-06-30 10:27:16,684 INFO:Total games: 4270
2023-06-30 10:29:06,063 INFO:Total games: 4280
2023-06-30 10:31:08,487 INFO:Total games: 4290
2023-06-30 10:33:00,746 INFO:Total games: 4300
2023-06-30 10:34:55,224 INFO:Total games: 4310
2023-06-30 10:36:49,197 INFO:Total games: 4320
2023-06-30 10:38:42,533 INFO:Total games: 4330
2023-06-30 10:40:26,868 INFO:Total games: 4340
2023-06-30 10:42:13,671 INFO:Total games: 4350
2023-06-30 10:43:52,451 INFO:Total games: 4360
2023-06-30 10:45:54,637 INFO:Total games: 4370
2023-06-30 10:47:46,654 INFO:Total games: 4380
2023-06-30 10:49:36,464 INFO:Total games: 4390
2023-06-30 10:51:30,381 INFO:Total games: 4400
2023-06-30 10:53:22,180 INFO:Total games: 4410
2023-06-30 10:55:13,229 INFO:Total games: 4420
2023-06-30 10:56:57,294 INFO:Total games: 4430
2023-06-30 10:59:01,186 INFO:Total games: 4440
2023-06-30 11:00:49,442 INFO:Total games: 4450
2023-06-30 11:02:33,372 INFO:Total games: 4460
2023-06-30 11:04:19,711 INFO:Total games: 4470
2023-06-30 11:06:10,881 INFO:Total games: 4480
2023-06-30 11:07:59,617 INFO:Total games: 4490
2023-06-30 11:09:52,661 INFO:Total games: 4500
2023-06-30 11:11:40,945 INFO:Total games: 4510
2023-06-30 11:13:45,911 INFO:Total games: 4520
2023-06-30 11:15:39,732 INFO:Total games: 4530
2023-06-30 11:17:25,357 INFO:Total games: 4540
2023-06-30 11:19:20,990 INFO:Total games: 4550
2023-06-30 11:21:14,205 INFO:Total games: 4560
2023-06-30 11:22:57,796 INFO:Total games: 4570
2023-06-30 11:24:45,381 INFO:Total games: 4580
2023-06-30 11:26:31,632 INFO:Total games: 4590
2023-06-30 11:28:37,034 INFO:Total games: 4600
2023-06-30 11:30:31,792 INFO:Total games: 4610
2023-06-30 11:32:24,374 INFO:Total games: 4620
2023-06-30 11:34:15,917 INFO:Total games: 4630
2023-06-30 11:36:10,982 INFO:Total games: 4640
2023-06-30 11:38:02,979 INFO:Total games: 4650
2023-06-30 11:39:57,106 INFO:Total games: 4660
2023-06-30 11:41:40,901 INFO:Total games: 4670
2023-06-30 11:42:26,571 INFO:Loaded new best model
2023-06-30 11:43:19,844 INFO:Total games: 4680
2023-06-30 11:44:56,755 INFO:Total games: 4690
2023-06-30 11:46:27,710 INFO:Total games: 4700
2023-06-30 11:48:02,749 INFO:Total games: 4710
2023-06-30 11:49:38,383 INFO:Total games: 4720
2023-06-30 11:51:17,704 INFO:Total games: 4730
2023-06-30 11:52:50,599 INFO:Total games: 4740
2023-06-30 11:54:19,475 INFO:Total games: 4750
2023-06-30 11:55:53,037 INFO:Total games: 4760
2023-06-30 11:57:22,252 INFO:Total games: 4770
2023-06-30 11:58:58,669 INFO:Total games: 4780
2023-06-30 12:00:52,121 INFO:Total games: 4790
2023-06-30 12:02:23,253 INFO:Total games: 4800
2023-06-30 12:03:51,458 INFO:Total games: 4810
2023-06-30 12:05:24,504 INFO:Total games: 4820
2023-06-30 12:07:01,217 INFO:Total games: 4830
2023-06-30 12:08:39,040 INFO:Total games: 4840
2023-06-30 12:10:18,415 INFO:Total games: 4850
2023-06-30 12:11:53,213 INFO:Total games: 4860
2023-06-30 12:13:28,818 INFO:Total games: 4870
2023-06-30 12:15:00,943 INFO:Total games: 4880
2023-06-30 12:16:41,015 INFO:Total games: 4890
2023-06-30 12:18:27,268 INFO:Total games: 4900
2023-06-30 12:20:04,170 INFO:Total games: 4910
2023-06-30 12:21:42,705 INFO:Total games: 4920
2023-06-30 12:23:18,402 INFO:Total games: 4930
2023-06-30 12:24:49,874 INFO:Total games: 4940
2023-06-30 12:26:20,786 INFO:Total games: 4950
2023-06-30 12:27:50,208 INFO:Total games: 4960
2023-06-30 12:29:23,855 INFO:Total games: 4970
2023-06-30 12:30:57,721 INFO:Total games: 4980
2023-06-30 12:32:39,758 INFO:Total games: 4990
2023-06-30 12:34:37,003 INFO:Total games: 5000
2023-06-30 12:36:11,618 INFO:Total games: 5010
2023-06-30 12:37:49,784 INFO:Total games: 5020
2023-06-30 12:39:33,899 INFO:Total games: 5030
2023-06-30 12:41:24,535 INFO:Total games: 5040
2023-06-30 12:43:10,788 INFO:Total games: 5050
2023-06-30 12:44:41,848 INFO:Total games: 5060
2023-06-30 12:46:33,190 INFO:Total games: 5070
2023-06-30 12:48:08,382 INFO:Total games: 5080
2023-06-30 12:49:42,332 INFO:Total games: 5090
2023-06-30 12:51:14,382 INFO:Total games: 5100
2023-06-30 12:53:06,082 INFO:Total games: 5110
2023-06-30 12:54:50,814 INFO:Total games: 5120
2023-06-30 12:56:23,093 INFO:Total games: 5130
2023-06-30 12:58:02,712 INFO:Total games: 5140
2023-06-30 12:59:41,132 INFO:Total games: 5150
2023-06-30 13:01:16,435 INFO:Total games: 5160
2023-06-30 13:02:52,467 INFO:Total games: 5170
2023-06-30 13:04:27,638 INFO:Total games: 5180
2023-06-30 13:06:00,117 INFO:Total games: 5190
2023-06-30 13:07:42,033 INFO:Total games: 5200
2023-06-30 13:09:09,840 INFO:Total games: 5210
2023-06-30 13:09:30,902 INFO:Loaded new best model
2023-06-30 13:11:11,412 INFO:Total games: 5220
2023-06-30 13:13:01,407 INFO:Total games: 5230
2023-06-30 13:14:58,691 INFO:Total games: 5240
2023-06-30 13:16:55,618 INFO:Total games: 5250
2023-06-30 13:18:53,862 INFO:Total games: 5260
2023-06-30 13:20:51,917 INFO:Total games: 5270
2023-06-30 13:22:50,541 INFO:Total games: 5280
2023-06-30 13:24:51,840 INFO:Total games: 5290
2023-06-30 13:26:56,714 INFO:Total games: 5300
2023-06-30 13:29:21,084 INFO:Total games: 5310
2023-06-30 13:31:30,155 INFO:Total games: 5320
2023-06-30 13:33:35,424 INFO:Total games: 5330
2023-06-30 13:35:35,567 INFO:Total games: 5340
2023-06-30 13:37:37,948 INFO:Total games: 5350
2023-06-30 13:39:39,724 INFO:Total games: 5360
2023-06-30 13:41:52,127 INFO:Total games: 5370
2023-06-30 13:43:51,353 INFO:Total games: 5380
2023-06-30 13:45:49,809 INFO:Total games: 5390
2023-06-30 13:47:43,938 INFO:Total games: 5400
2023-06-30 13:49:55,623 INFO:Total games: 5410
2023-06-30 13:51:55,843 INFO:Total games: 5420
2023-06-30 13:53:53,333 INFO:Total games: 5430
2023-06-30 13:55:54,243 INFO:Total games: 5440
2023-06-30 13:57:57,593 INFO:Total games: 5450
2023-06-30 13:59:52,589 INFO:Total games: 5460
2023-06-30 14:01:46,853 INFO:Total games: 5470
2023-06-30 14:03:42,854 INFO:Total games: 5480
2023-06-30 14:05:45,079 INFO:Total games: 5490
2023-06-30 14:07:55,020 INFO:Total games: 5500
2023-06-30 14:09:53,271 INFO:Total games: 5510
2023-06-30 14:11:53,067 INFO:Total games: 5520
2023-06-30 14:13:54,621 INFO:Total games: 5530
2023-06-30 14:15:52,462 INFO:Total games: 5540
2023-06-30 14:17:51,607 INFO:Total games: 5550
2023-06-30 14:19:47,544 INFO:Total games: 5560
2023-06-30 14:21:45,316 INFO:Total games: 5570
2023-06-30 14:23:35,334 INFO:Total games: 5580
2023-06-30 14:25:36,722 INFO:Total games: 5590
2023-06-30 14:27:33,708 INFO:Total games: 5600
2023-06-30 14:29:29,193 INFO:Total games: 5610
2023-06-30 14:31:27,785 INFO:Total games: 5620
2023-06-30 14:33:25,905 INFO:Total games: 5630
2023-06-30 14:35:23,246 INFO:Total games: 5640
2023-06-30 14:37:17,671 INFO:Total games: 5650
2023-06-30 14:39:16,923 INFO:Total games: 5660
2023-06-30 14:41:13,338 INFO:Total games: 5670
2023-06-30 14:43:08,997 INFO:Total games: 5680
2023-06-30 14:45:16,598 INFO:Total games: 5690
2023-06-30 14:47:07,660 INFO:Total games: 5700
2023-06-30 14:49:06,219 INFO:Total games: 5710
2023-06-30 14:51:00,748 INFO:Total games: 5720
2023-06-30 14:52:56,883 INFO:Total games: 5730
2023-06-30 14:54:55,948 INFO:Total games: 5740
2023-06-30 14:56:54,551 INFO:Total games: 5750
2023-06-30 14:58:49,902 INFO:Total games: 5760
2023-06-30 15:00:47,585 INFO:Total games: 5770
2023-06-30 15:02:41,352 INFO:Total games: 5780
2023-06-30 15:04:54,222 INFO:Total games: 5790
2023-06-30 15:06:45,853 INFO:Total games: 5800
2023-06-30 15:08:39,386 INFO:Total games: 5810
2023-06-30 15:10:40,011 INFO:Total games: 5820
2023-06-30 15:12:38,419 INFO:Total games: 5830
2023-06-30 15:14:36,822 INFO:Total games: 5840
2023-06-30 15:16:34,206 INFO:Total games: 5850
2023-06-30 15:18:32,771 INFO:Total games: 5860
2023-06-30 15:20:31,110 INFO:Total games: 5870
2023-06-30 15:22:27,039 INFO:Total games: 5880
2023-06-30 15:24:39,690 INFO:Total games: 5890
2023-06-30 15:26:33,130 INFO:Total games: 5900
2023-06-30 15:28:23,243 INFO:Total games: 5910
2023-06-30 15:30:14,711 INFO:Total games: 5920
2023-06-30 15:32:07,418 INFO:Total games: 5930
2023-06-30 15:34:05,041 INFO:Total games: 5940
2023-06-30 15:36:01,693 INFO:Total games: 5950
2023-06-30 15:37:59,722 INFO:Total games: 5960
2023-06-30 15:39:57,246 INFO:Total games: 5970
2023-06-30 15:41:53,579 INFO:Total games: 5980
2023-06-30 15:43:41,992 INFO:Total games: 5990
2023-06-30 15:45:55,034 INFO:Total games: 6000
2023-06-30 15:47:47,545 INFO:Total games: 6010
2023-06-30 15:49:39,873 INFO:Total games: 6020
2023-06-30 15:51:33,612 INFO:Total games: 6030
2023-06-30 15:53:16,534 INFO:Total games: 6040
2023-06-30 15:55:16,058 INFO:Total games: 6050
2023-06-30 15:57:13,666 INFO:Total games: 6060
2023-06-30 15:59:07,178 INFO:Total games: 6070
2023-06-30 16:01:05,830 INFO:Total games: 6080
2023-06-30 16:03:02,006 INFO:Total games: 6090
2023-06-30 16:05:15,763 INFO:Total games: 6100
2023-06-30 16:07:12,110 INFO:Total games: 6110
2023-06-30 16:09:12,957 INFO:Total games: 6120
2023-06-30 16:11:17,733 INFO:Total games: 6130
2023-06-30 16:13:17,348 INFO:Total games: 6140
2023-06-30 16:15:22,079 INFO:Total games: 6150
2023-06-30 16:17:29,864 INFO:Total games: 6160
2023-06-30 16:19:36,971 INFO:Total games: 6170
2023-06-30 16:21:34,763 INFO:Total games: 6180
2023-06-30 16:23:28,322 INFO:Total games: 6190
2023-06-30 16:25:24,007 INFO:Total games: 6200
2023-06-30 16:27:35,072 INFO:Total games: 6210
2023-06-30 16:29:31,913 INFO:Total games: 6220
2023-06-30 16:31:30,826 INFO:Total games: 6230
2023-06-30 16:33:27,236 INFO:Total games: 6240
2023-06-30 16:35:21,515 INFO:Total games: 6250
2023-06-30 16:37:17,625 INFO:Total games: 6260
2023-06-30 16:39:17,640 INFO:Total games: 6270
2023-06-30 16:41:10,993 INFO:Total games: 6280
2023-06-30 16:43:09,372 INFO:Total games: 6290
2023-06-30 16:45:07,053 INFO:Total games: 6300
2023-06-30 16:47:00,387 INFO:Total games: 6310
2023-06-30 16:49:15,612 INFO:Total games: 6320
2023-06-30 16:51:13,028 INFO:Total games: 6330
2023-06-30 16:53:11,610 INFO:Total games: 6340
2023-06-30 16:55:08,043 INFO:Total games: 6350
2023-06-30 16:57:00,195 INFO:Total games: 6360
2023-06-30 16:58:52,681 INFO:Total games: 6370
2023-06-30 17:00:47,462 INFO:Total games: 6380
2023-06-30 17:02:42,588 INFO:Total games: 6390
2023-06-30 17:04:39,339 INFO:Total games: 6400
2023-06-30 17:06:35,920 INFO:Total games: 6410
2023-06-30 17:08:27,074 INFO:Total games: 6420
2023-06-30 17:10:40,988 INFO:Total games: 6430
2023-06-30 17:12:33,226 INFO:Total games: 6440
2023-06-30 17:14:29,437 INFO:Total games: 6450
2023-06-30 17:16:28,263 INFO:Total games: 6460
2023-06-30 17:18:25,348 INFO:Total games: 6470
2023-06-30 17:20:15,502 INFO:Total games: 6480
2023-06-30 17:22:15,040 INFO:Total games: 6490
2023-06-30 17:24:07,865 INFO:Total games: 6500
2023-06-30 17:26:05,650 INFO:Total games: 6510
2023-06-30 17:28:01,654 INFO:Total games: 6520
2023-06-30 17:29:57,085 INFO:Total games: 6530
2023-06-30 17:31:50,673 INFO:Total games: 6540
2023-06-30 17:34:05,795 INFO:Total games: 6550
2023-06-30 17:35:59,490 INFO:Total games: 6560
2023-06-30 17:37:57,399 INFO:Total games: 6570
2023-06-30 17:39:49,473 INFO:Total games: 6580
2023-06-30 17:41:44,595 INFO:Total games: 6590
2023-06-30 17:43:44,382 INFO:Total games: 6600
2023-06-30 17:45:36,934 INFO:Total games: 6610
2023-06-30 17:47:34,203 INFO:Total games: 6620
2023-06-30 17:49:29,449 INFO:Total games: 6630
2023-06-30 17:51:24,612 INFO:Total games: 6640
2023-06-30 17:53:21,804 INFO:Total games: 6650
2023-06-30 17:55:38,672 INFO:Total games: 6660
2023-06-30 17:57:36,473 INFO:Total games: 6670
2023-06-30 17:59:34,919 INFO:Total games: 6680
2023-06-30 18:01:26,747 INFO:Total games: 6690
2023-06-30 18:03:23,582 INFO:Total games: 6700
2023-06-30 18:05:21,493 INFO:Total games: 6710
2023-06-30 18:07:16,759 INFO:Total games: 6720
2023-06-30 18:09:14,931 INFO:Total games: 6730
2023-06-30 18:11:13,067 INFO:Total games: 6740
2023-06-30 18:13:11,310 INFO:Total games: 6750
2023-06-30 18:15:06,284 INFO:Total games: 6760
2023-06-30 18:16:59,323 INFO:Total games: 6770
2023-06-30 18:19:14,697 INFO:Total games: 6780
2023-06-30 18:21:06,707 INFO:Total games: 6790
2023-06-30 18:23:02,131 INFO:Total games: 6800
2023-06-30 18:25:01,535 INFO:Total games: 6810
2023-06-30 18:26:54,141 INFO:Total games: 6820
2023-06-30 18:28:53,118 INFO:Total games: 6830
2023-06-30 18:30:49,107 INFO:Total games: 6840
2023-06-30 18:32:47,178 INFO:Total games: 6850
2023-06-30 18:34:44,880 INFO:Total games: 6860
2023-06-30 18:36:38,319 INFO:Total games: 6870
2023-06-30 18:38:33,267 INFO:Total games: 6880
2023-06-30 18:40:29,129 INFO:Total games: 6890
2023-06-30 18:42:36,837 INFO:Total games: 6900
2023-06-30 18:44:30,548 INFO:Total games: 6910
2023-06-30 18:46:30,453 INFO:Total games: 6920
2023-06-30 18:48:29,997 INFO:Total games: 6930
2023-06-30 18:50:26,975 INFO:Total games: 6940
2023-06-30 18:52:24,974 INFO:Total games: 6950
2023-06-30 18:54:24,093 INFO:Total games: 6960
2023-06-30 18:56:22,065 INFO:Total games: 6970
2023-06-30 18:58:20,137 INFO:Total games: 6980
2023-06-30 19:00:17,827 INFO:Total games: 6990
2023-06-30 19:02:11,441 INFO:Total games: 7000
2023-06-30 19:04:01,337 INFO:Total games: 7010
2023-06-30 19:06:13,300 INFO:Total games: 7020
2023-06-30 19:08:11,032 INFO:Total games: 7030
2023-06-30 19:10:08,996 INFO:Total games: 7040
2023-06-30 19:12:05,247 INFO:Total games: 7050
2023-06-30 19:14:00,872 INFO:Total games: 7060
2023-06-30 19:15:57,795 INFO:Total games: 7070
2023-06-30 19:17:57,791 INFO:Total games: 7080
2023-06-30 19:19:56,889 INFO:Total games: 7090
2023-06-30 19:21:55,573 INFO:Total games: 7100
2023-06-30 19:23:52,422 INFO:Total games: 7110
2023-06-30 19:25:43,513 INFO:Total games: 7120
2023-06-30 19:27:41,190 INFO:Total games: 7130
2023-06-30 19:29:35,302 INFO:Total games: 7140
2023-06-30 19:31:51,269 INFO:Total games: 7150
2023-06-30 19:33:49,627 INFO:Total games: 7160
2023-06-30 19:35:48,426 INFO:Total games: 7170
2023-06-30 19:37:46,831 INFO:Total games: 7180
2023-06-30 19:39:46,501 INFO:Total games: 7190
2023-06-30 19:41:43,943 INFO:Total games: 7200
2023-06-30 19:43:42,866 INFO:Total games: 7210
2023-06-30 19:45:35,076 INFO:Total games: 7220
2023-06-30 19:47:27,449 INFO:Total games: 7230
2023-06-30 19:49:22,331 INFO:Total games: 7240
2023-06-30 19:51:20,505 INFO:Total games: 7250
2023-06-30 19:53:18,629 INFO:Total games: 7260
2023-06-30 19:55:34,542 INFO:Total games: 7270
2023-06-30 19:57:33,178 INFO:Total games: 7280
2023-06-30 19:59:32,738 INFO:Total games: 7290
2023-06-30 20:01:29,368 INFO:Total games: 7300
2023-06-30 20:03:26,884 INFO:Total games: 7310
2023-06-30 20:05:24,313 INFO:Total games: 7320
2023-06-30 20:07:16,634 INFO:Total games: 7330
2023-06-30 20:09:14,886 INFO:Total games: 7340
2023-06-30 20:11:13,070 INFO:Total games: 7350
2023-06-30 20:13:06,965 INFO:Total games: 7360
2023-06-30 20:15:05,632 INFO:Total games: 7370
2023-06-30 20:17:01,144 INFO:Total games: 7380
2023-06-30 20:18:55,789 INFO:Total games: 7390
2023-06-30 20:21:13,450 INFO:Total games: 7400
2023-06-30 20:23:10,041 INFO:Total games: 7410
2023-06-30 20:25:08,532 INFO:Total games: 7420
2023-06-30 20:27:02,227 INFO:Total games: 7430
2023-06-30 20:28:54,113 INFO:Total games: 7440
2023-06-30 20:30:53,243 INFO:Total games: 7450
2023-06-30 20:32:51,844 INFO:Total games: 7460
2023-06-30 20:34:51,562 INFO:Total games: 7470
2023-06-30 20:36:45,523 INFO:Total games: 7480
2023-06-30 20:38:43,250 INFO:Total games: 7490
2023-06-30 20:40:38,955 INFO:Total games: 7500
2023-06-30 20:42:36,133 INFO:Total games: 7510
2023-06-30 20:44:32,808 INFO:Total games: 7520
2023-06-30 20:46:28,624 INFO:Total games: 7530
2023-06-30 20:48:27,380 INFO:Total games: 7540
2023-06-30 20:50:14,596 INFO:Total games: 7550
2023-06-30 20:52:11,278 INFO:Total games: 7560
2023-06-30 20:54:10,484 INFO:Total games: 7570
2023-06-30 20:56:10,271 INFO:Total games: 7580
2023-06-30 20:58:08,491 INFO:Total games: 7590
2023-06-30 21:00:07,185 INFO:Total games: 7600
2023-06-30 21:02:06,108 INFO:Total games: 7610
2023-06-30 21:04:01,304 INFO:Total games: 7620
2023-06-30 21:05:59,397 INFO:Total games: 7630
2023-06-30 21:07:58,430 INFO:Total games: 7640
2023-06-30 21:09:48,889 INFO:Total games: 7650
2023-06-30 21:11:41,119 INFO:Total games: 7660
2023-06-30 21:14:02,007 INFO:Total games: 7670
2023-06-30 21:16:00,893 INFO:Total games: 7680
2023-06-30 21:17:55,068 INFO:Total games: 7690
2023-06-30 21:19:51,538 INFO:Total games: 7700
2023-06-30 21:21:50,100 INFO:Total games: 7710
2023-06-30 21:23:49,478 INFO:Total games: 7720
2023-06-30 21:25:48,827 INFO:Total games: 7730
2023-06-30 21:27:46,835 INFO:Total games: 7740
2023-06-30 21:29:44,925 INFO:Total games: 7750
2023-06-30 21:31:34,492 INFO:Total games: 7760
2023-06-30 21:33:27,786 INFO:Total games: 7770
2023-06-30 21:35:25,501 INFO:Total games: 7780
2023-06-30 21:37:21,229 INFO:Total games: 7790
2023-06-30 21:39:19,216 INFO:Total games: 7800
2023-06-30 21:41:35,293 INFO:Total games: 7810
2023-06-30 21:43:33,776 INFO:Total games: 7820
2023-06-30 21:45:33,935 INFO:Total games: 7830
2023-06-30 21:47:33,650 INFO:Total games: 7840
2023-06-30 21:49:28,008 INFO:Total games: 7850
2023-06-30 21:51:23,650 INFO:Total games: 7860
2023-06-30 21:53:19,091 INFO:Total games: 7870
2023-06-30 21:55:13,268 INFO:Total games: 7880
2023-06-30 21:57:10,252 INFO:Total games: 7890
2023-06-30 21:59:05,970 INFO:Total games: 7900
2023-06-30 22:01:04,036 INFO:Total games: 7910
2023-06-30 22:03:02,165 INFO:Total games: 7920
2023-06-30 22:05:00,302 INFO:Total games: 7930
2023-06-30 22:06:57,127 INFO:Total games: 7940
2023-06-30 22:09:16,866 INFO:Total games: 7950
2023-06-30 22:11:09,517 INFO:Total games: 7960
2023-06-30 22:12:59,127 INFO:Total games: 7970
2023-06-30 22:14:56,334 INFO:Total games: 7980
2023-06-30 22:16:54,425 INFO:Total games: 7990
2023-06-30 22:18:52,999 INFO:Total games: 8000
2023-06-30 22:20:48,274 INFO:Total games: 8010
2023-06-30 22:22:47,454 INFO:Total games: 8020
2023-06-30 22:24:45,743 INFO:Total games: 8030
2023-06-30 22:26:44,140 INFO:Total games: 8040
2023-06-30 22:28:42,754 INFO:Total games: 8050
2023-06-30 22:30:31,465 INFO:Total games: 8060
2023-06-30 22:32:19,495 INFO:Total games: 8070
2023-06-30 22:34:10,188 INFO:Total games: 8080
2023-06-30 22:36:24,131 INFO:Total games: 8090
2023-06-30 22:38:14,827 INFO:Total games: 8100
2023-06-30 22:40:15,233 INFO:Total games: 8110
2023-06-30 22:42:14,320 INFO:Total games: 8120
2023-06-30 22:44:13,982 INFO:Total games: 8130
2023-06-30 22:46:11,329 INFO:Total games: 8140
2023-06-30 22:48:08,425 INFO:Total games: 8150
2023-06-30 22:50:06,604 INFO:Total games: 8160
2023-06-30 22:52:03,454 INFO:Total games: 8170
2023-06-30 22:54:02,740 INFO:Total games: 8180
2023-06-30 22:55:51,336 INFO:Total games: 8190
2023-06-30 22:57:46,414 INFO:Total games: 8200
2023-06-30 22:59:44,501 INFO:Total games: 8210
2023-06-30 23:01:41,934 INFO:Total games: 8220
2023-06-30 23:03:37,037 INFO:Total games: 8230
2023-06-30 23:05:56,774 INFO:Total games: 8240
2023-06-30 23:07:54,431 INFO:Total games: 8250
2023-06-30 23:09:53,465 INFO:Total games: 8260
2023-06-30 23:11:51,971 INFO:Total games: 8270
2023-06-30 23:13:45,452 INFO:Total games: 8280
2023-06-30 23:15:36,508 INFO:Total games: 8290
2023-06-30 23:17:34,478 INFO:Total games: 8300
2023-06-30 23:19:31,006 INFO:Total games: 8310
2023-06-30 23:21:30,380 INFO:Total games: 8320
2023-06-30 23:23:28,310 INFO:Total games: 8330
2023-06-30 23:25:25,518 INFO:Total games: 8340
2023-06-30 23:27:23,019 INFO:Total games: 8350
2023-06-30 23:29:21,641 INFO:Total games: 8360
2023-06-30 23:31:20,579 INFO:Total games: 8370
2023-06-30 23:33:14,791 INFO:Total games: 8380
2023-06-30 23:35:31,508 INFO:Total games: 8390
2023-06-30 23:37:22,361 INFO:Total games: 8400
2023-06-30 23:39:21,203 INFO:Total games: 8410
2023-06-30 23:41:17,870 INFO:Total games: 8420
2023-06-30 23:43:09,080 INFO:Total games: 8430
2023-06-30 23:45:08,582 INFO:Total games: 8440
2023-06-30 23:47:06,308 INFO:Total games: 8450
2023-06-30 23:49:02,296 INFO:Total games: 8460
2023-06-30 23:51:02,154 INFO:Total games: 8470
2023-06-30 23:53:00,580 INFO:Total games: 8480
2023-06-30 23:54:55,798 INFO:Total games: 8490
2023-06-30 23:56:48,934 INFO:Total games: 8500
2023-06-30 23:58:35,201 INFO:Total games: 8510
2023-07-01 00:00:30,072 INFO:Total games: 8520
2023-07-01 00:02:21,551 INFO:Total games: 8530
2023-07-01 00:04:40,705 INFO:Total games: 8540
2023-07-01 00:06:37,287 INFO:Total games: 8550
2023-07-01 00:08:33,733 INFO:Total games: 8560
2023-07-01 00:10:30,603 INFO:Total games: 8570
2023-07-01 00:12:28,849 INFO:Total games: 8580
2023-07-01 00:14:21,967 INFO:Total games: 8590
2023-07-01 00:16:19,828 INFO:Total games: 8600
2023-07-01 00:18:17,449 INFO:Total games: 8610
2023-07-01 00:20:08,922 INFO:Total games: 8620
2023-07-01 00:22:07,736 INFO:Total games: 8630
2023-07-01 00:24:04,769 INFO:Total games: 8640
2023-07-01 00:25:59,847 INFO:Total games: 8650
2023-07-01 00:27:55,418 INFO:Total games: 8660
2023-07-01 00:29:52,990 INFO:Total games: 8670
2023-07-01 00:31:48,719 INFO:Total games: 8680
2023-07-01 00:34:08,666 INFO:Total games: 8690
2023-07-01 00:36:06,685 INFO:Total games: 8700
2023-07-01 00:38:05,533 INFO:Total games: 8710
2023-07-01 00:39:55,527 INFO:Total games: 8720
2023-07-01 00:41:52,690 INFO:Total games: 8730
2023-07-01 00:43:48,260 INFO:Total games: 8740
2023-07-01 00:45:45,236 INFO:Total games: 8750
2023-07-01 00:47:41,310 INFO:Total games: 8760
2023-07-01 00:49:39,329 INFO:Total games: 8770
2023-07-01 00:51:37,648 INFO:Total games: 8780
2023-07-01 00:53:32,389 INFO:Total games: 8790
2023-07-01 00:55:31,193 INFO:Total games: 8800
2023-07-01 00:57:27,450 INFO:Total games: 8810
2023-07-01 00:59:22,419 INFO:Total games: 8820
2023-07-01 01:01:09,991 INFO:Total games: 8830
2023-07-01 01:03:00,710 INFO:Total games: 8840
2023-07-01 01:05:22,865 INFO:Total games: 8850
2023-07-01 01:07:20,863 INFO:Total games: 8860
2023-07-01 01:09:20,443 INFO:Total games: 8870
2023-07-01 01:11:13,859 INFO:Total games: 8880
2023-07-01 01:13:14,620 INFO:Total games: 8890
2023-07-01 01:15:14,475 INFO:Total games: 8900
2023-07-01 01:17:12,961 INFO:Total games: 8910
2023-07-01 01:19:08,315 INFO:Total games: 8920
2023-07-01 01:21:06,384 INFO:Total games: 8930
2023-07-01 01:22:54,613 INFO:Total games: 8940
2023-07-01 01:24:53,964 INFO:Total games: 8950
2023-07-01 01:26:44,561 INFO:Total games: 8960
2023-07-01 01:28:39,587 INFO:Total games: 8970
2023-07-01 01:30:33,357 INFO:Total games: 8980
2023-07-01 01:32:31,292 INFO:Total games: 8990
2023-07-01 01:34:28,915 INFO:Total games: 9000
2023-07-01 01:36:50,435 INFO:Total games: 9010
2023-07-01 01:38:45,029 INFO:Total games: 9020
2023-07-01 01:40:42,494 INFO:Total games: 9030
2023-07-01 01:42:35,290 INFO:Total games: 9040
2023-07-01 01:44:30,322 INFO:Total games: 9050
2023-07-01 01:46:29,209 INFO:Total games: 9060
2023-07-01 01:48:26,419 INFO:Total games: 9070
2023-07-01 01:50:25,508 INFO:Total games: 9080
2023-07-01 01:52:24,660 INFO:Total games: 9090
2023-07-01 01:54:23,822 INFO:Total games: 9100
2023-07-01 01:56:21,729 INFO:Total games: 9110
2023-07-01 01:58:16,952 INFO:Total games: 9120
2023-07-01 02:00:10,601 INFO:Total games: 9130
2023-07-01 02:01:58,476 INFO:Total games: 9140
2023-07-01 02:03:47,554 INFO:Total games: 9150
2023-07-01 02:05:35,136 INFO:Total games: 9160
2023-07-01 02:07:58,476 INFO:Total games: 9170
2023-07-01 02:09:54,519 INFO:Total games: 9180
2023-07-01 02:11:52,482 INFO:Total games: 9190
2023-07-01 02:13:52,032 INFO:Total games: 9200
2023-07-01 02:15:50,098 INFO:Total games: 9210
2023-07-01 02:17:49,189 INFO:Total games: 9220
2023-07-01 02:19:47,343 INFO:Total games: 9230
2023-07-01 02:21:44,872 INFO:Total games: 9240
2023-07-01 02:23:43,318 INFO:Total games: 9250
2023-07-01 02:25:33,588 INFO:Total games: 9260
2023-07-01 02:27:30,128 INFO:Total games: 9270
2023-07-01 02:29:29,843 INFO:Total games: 9280
2023-07-01 02:31:21,354 INFO:Total games: 9290
2023-07-01 02:33:17,263 INFO:Total games: 9300
2023-07-01 02:35:11,456 INFO:Total games: 9310
2023-07-01 02:37:06,823 INFO:Total games: 9320
2023-07-01 02:39:03,712 INFO:Total games: 9330
2023-07-01 02:41:23,228 INFO:Total games: 9340
2023-07-01 02:43:22,343 INFO:Total games: 9350
2023-07-01 02:45:14,769 INFO:Total games: 9360
2023-07-01 02:47:05,656 INFO:Total games: 9370
2023-07-01 02:48:57,226 INFO:Total games: 9380
2023-07-01 02:50:56,419 INFO:Total games: 9390
2023-07-01 02:52:56,324 INFO:Total games: 9400
2023-07-01 02:54:55,018 INFO:Total games: 9410
2023-07-01 02:56:54,691 INFO:Total games: 9420
2023-07-01 02:58:54,166 INFO:Total games: 9430
2023-07-01 03:00:53,732 INFO:Total games: 9440
2023-07-01 03:02:52,587 INFO:Total games: 9450
2023-07-01 03:04:50,702 INFO:Total games: 9460
2023-07-01 03:06:47,628 INFO:Total games: 9470
2023-07-01 03:08:40,388 INFO:Total games: 9480
2023-07-01 03:10:40,074 INFO:Total games: 9490
2023-07-01 03:13:03,657 INFO:Total games: 9500
2023-07-01 03:15:02,438 INFO:Total games: 9510
2023-07-01 03:16:59,735 INFO:Total games: 9520
2023-07-01 03:18:58,197 INFO:Total games: 9530
2023-07-01 03:20:55,723 INFO:Total games: 9540
2023-07-01 03:22:55,167 INFO:Total games: 9550
2023-07-01 03:24:54,283 INFO:Total games: 9560
2023-07-01 03:26:52,538 INFO:Total games: 9570
2023-07-01 03:28:45,335 INFO:Total games: 9580
2023-07-01 03:30:37,416 INFO:Total games: 9590
2023-07-01 03:32:34,673 INFO:Total games: 9600
2023-07-01 03:34:33,789 INFO:Total games: 9610
2023-07-01 03:36:33,236 INFO:Total games: 9620
2023-07-01 03:38:32,515 INFO:Total games: 9630
2023-07-01 03:40:25,347 INFO:Total games: 9640
2023-07-01 03:42:16,238 INFO:Total games: 9650
2023-07-01 03:44:11,477 INFO:Total games: 9660
2023-07-01 03:46:07,883 INFO:Total games: 9670
2023-07-01 03:48:26,781 INFO:Total games: 9680
2023-07-01 03:50:17,128 INFO:Total games: 9690
2023-07-01 03:52:17,967 INFO:Total games: 9700
2023-07-01 03:54:17,480 INFO:Total games: 9710
2023-07-01 03:56:16,029 INFO:Total games: 9720
2023-07-01 03:58:14,852 INFO:Total games: 9730
2023-07-01 04:00:14,914 INFO:Total games: 9740
2023-07-01 04:02:10,539 INFO:Total games: 9750
2023-07-01 04:04:10,079 INFO:Total games: 9760
2023-07-01 04:06:06,451 INFO:Total games: 9770
2023-07-01 04:08:07,075 INFO:Total games: 9780
2023-07-01 04:09:59,525 INFO:Total games: 9790
2023-07-01 04:11:51,451 INFO:Total games: 9800
2023-07-01 04:13:45,708 INFO:Total games: 9810
2023-07-01 04:15:42,399 INFO:Total games: 9820
2023-07-01 04:17:40,411 INFO:Total games: 9830
2023-07-01 04:19:37,814 INFO:Total games: 9840
2023-07-01 04:22:04,212 INFO:Total games: 9850
2023-07-01 04:24:00,620 INFO:Total games: 9860
2023-07-01 04:25:57,544 INFO:Total games: 9870
2023-07-01 04:27:55,072 INFO:Total games: 9880
2023-07-01 04:29:53,969 INFO:Total games: 9890
2023-07-01 04:31:48,797 INFO:Total games: 9900
2023-07-01 04:33:43,176 INFO:Total games: 9910
2023-07-01 04:35:39,784 INFO:Total games: 9920
2023-07-01 04:37:35,694 INFO:Total games: 9930
2023-07-01 04:39:35,429 INFO:Total games: 9940
2023-07-01 04:41:35,187 INFO:Total games: 9950
2023-07-01 04:43:28,234 INFO:Total games: 9960
2023-07-01 04:45:24,708 INFO:Total games: 9970
2023-07-01 04:47:22,299 INFO:Total games: 9980
2023-07-01 04:49:19,277 INFO:Total games: 9990
2023-07-01 04:51:17,575 INFO:Total games: 10000
2023-07-01 04:53:08,196 INFO:Total games: 10010
2023-07-01 04:55:05,117 INFO:Total games: 10020
2023-07-01 04:57:31,059 INFO:Total games: 10030
2023-07-01 04:59:27,375 INFO:Total games: 10040
2023-07-01 05:01:22,506 INFO:Total games: 10050
2023-07-01 05:03:20,584 INFO:Total games: 10060
2023-07-01 05:05:19,263 INFO:Total games: 10070
2023-07-01 05:07:18,325 INFO:Total games: 10080
2023-07-01 05:09:16,546 INFO:Total games: 10090
2023-07-01 05:11:13,037 INFO:Total games: 10100
2023-07-01 05:13:07,046 INFO:Total games: 10110
2023-07-01 05:14:58,822 INFO:Total games: 10120
2023-07-01 05:16:51,057 INFO:Total games: 10130
2023-07-01 05:18:47,378 INFO:Total games: 10140
2023-07-01 05:20:42,941 INFO:Total games: 10150
2023-07-01 05:22:41,655 INFO:Total games: 10160
2023-07-01 05:24:36,697 INFO:Total games: 10170
2023-07-01 05:26:34,804 INFO:Total games: 10180
2023-07-01 05:28:31,664 INFO:Total games: 10190
2023-07-01 05:30:27,604 INFO:Total games: 10200
2023-07-01 05:32:47,361 INFO:Total games: 10210
2023-07-01 05:34:41,139 INFO:Total games: 10220
2023-07-01 05:36:30,322 INFO:Total games: 10230
2023-07-01 05:38:29,526 INFO:Total games: 10240
2023-07-01 05:40:27,616 INFO:Total games: 10250
2023-07-01 05:42:24,475 INFO:Total games: 10260
2023-07-01 05:44:20,843 INFO:Total games: 10270
2023-07-01 05:46:14,531 INFO:Total games: 10280
2023-07-01 05:48:13,768 INFO:Total games: 10290
2023-07-01 05:50:10,785 INFO:Total games: 10300
2023-07-01 05:52:07,494 INFO:Total games: 10310
2023-07-01 05:54:04,206 INFO:Total games: 10320
2023-07-01 05:55:57,249 INFO:Total games: 10330
2023-07-01 05:57:53,238 INFO:Total games: 10340
2023-07-01 05:59:46,310 INFO:Total games: 10350
2023-07-01 06:01:44,623 INFO:Total games: 10360
2023-07-01 06:03:36,172 INFO:Total games: 10370
2023-07-01 06:05:33,911 INFO:Total games: 10380
2023-07-01 06:07:29,023 INFO:Total games: 10390
2023-07-01 06:09:52,888 INFO:Total games: 10400
2023-07-01 06:11:45,336 INFO:Total games: 10410
2023-07-01 06:13:44,578 INFO:Total games: 10420
2023-07-01 06:15:40,273 INFO:Total games: 10430
2023-07-01 06:17:35,348 INFO:Total games: 10440
2023-07-01 06:19:33,608 INFO:Total games: 10450
2023-07-01 06:21:30,182 INFO:Total games: 10460
2023-07-01 06:23:23,684 INFO:Total games: 10470
2023-07-01 06:25:19,550 INFO:Total games: 10480
2023-07-01 06:27:16,295 INFO:Total games: 10490
2023-07-01 06:29:15,322 INFO:Total games: 10500
2023-07-01 06:31:14,136 INFO:Total games: 10510
2023-07-01 06:33:12,242 INFO:Total games: 10520
2023-07-01 06:35:11,531 INFO:Total games: 10530
2023-07-01 06:36:58,836 INFO:Total games: 10540
2023-07-01 06:38:46,881 INFO:Total games: 10550
2023-07-01 06:40:39,487 INFO:Total games: 10560
2023-07-01 06:42:35,841 INFO:Total games: 10570
2023-07-01 06:44:33,283 INFO:Total games: 10580
2023-07-01 06:46:55,927 INFO:Total games: 10590
2023-07-01 06:48:49,890 INFO:Total games: 10600
2023-07-01 06:50:45,177 INFO:Total games: 10610
2023-07-01 06:52:40,512 INFO:Total games: 10620
2023-07-01 06:54:38,779 INFO:Total games: 10630
2023-07-01 06:56:36,363 INFO:Total games: 10640
2023-07-01 06:58:30,254 INFO:Total games: 10650
2023-07-01 07:00:24,572 INFO:Total games: 10660
2023-07-01 07:02:22,050 INFO:Total games: 10670
2023-07-01 07:04:21,570 INFO:Total games: 10680
2023-07-01 07:06:15,664 INFO:Total games: 10690
2023-07-01 07:08:14,191 INFO:Total games: 10700
2023-07-01 07:10:12,306 INFO:Total games: 10710
2023-07-01 07:12:08,811 INFO:Total games: 10720
2023-07-01 07:14:07,310 INFO:Total games: 10730
2023-07-01 07:16:05,923 INFO:Total games: 10740
2023-07-01 07:18:01,295 INFO:Total games: 10750
2023-07-01 07:19:52,401 INFO:Total games: 10760
2023-07-01 07:21:43,383 INFO:Total games: 10770
2023-07-01 07:24:11,557 INFO:Total games: 10780
2023-07-01 07:26:07,825 INFO:Total games: 10790
2023-07-01 07:28:06,642 INFO:Total games: 10800
2023-07-01 07:30:00,128 INFO:Total games: 10810
2023-07-01 07:31:59,641 INFO:Total games: 10820
2023-07-01 07:33:59,099 INFO:Total games: 10830
2023-07-01 07:35:58,361 INFO:Total games: 10840
2023-07-01 07:37:57,867 INFO:Total games: 10850
2023-07-01 07:39:58,209 INFO:Total games: 10860
2023-07-01 07:41:51,509 INFO:Total games: 10870
2023-07-01 07:43:49,006 INFO:Total games: 10880
2023-07-01 07:45:45,710 INFO:Total games: 10890
2023-07-01 07:47:44,832 INFO:Total games: 10900
2023-07-01 07:49:41,397 INFO:Total games: 10910
2023-07-01 07:51:40,439 INFO:Total games: 10920
2023-07-01 07:53:37,168 INFO:Total games: 10930
2023-07-01 07:55:36,930 INFO:Total games: 10940
2023-07-01 07:57:34,132 INFO:Total games: 10950
2023-07-01 07:59:29,504 INFO:Total games: 10960
2023-07-01 08:01:24,337 INFO:Total games: 10970
2023-07-01 08:03:42,916 INFO:Total games: 10980
2023-07-01 08:05:39,549 INFO:Total games: 10990
2023-07-01 08:07:38,439 INFO:Total games: 11000
2023-07-01 08:09:38,057 INFO:Total games: 11010
2023-07-01 08:11:34,662 INFO:Total games: 11020
2023-07-01 08:13:31,359 INFO:Total games: 11030
2023-07-01 08:15:26,815 INFO:Total games: 11040
2023-07-01 08:17:17,508 INFO:Total games: 11050
2023-07-01 08:19:17,522 INFO:Total games: 11060
2023-07-01 08:21:17,147 INFO:Total games: 11070
2023-07-01 08:23:09,376 INFO:Total games: 11080
2023-07-01 08:25:06,256 INFO:Total games: 11090
2023-07-01 08:27:01,997 INFO:Total games: 11100
2023-07-01 08:28:58,040 INFO:Total games: 11110
2023-07-01 08:30:54,942 INFO:Total games: 11120
2023-07-01 08:32:53,399 INFO:Total games: 11130
2023-07-01 08:34:49,667 INFO:Total games: 11140
2023-07-01 08:36:47,026 INFO:Total games: 11150
2023-07-01 08:38:41,579 INFO:Total games: 11160
2023-07-01 08:40:31,937 INFO:Total games: 11170
2023-07-01 08:42:55,119 INFO:Total games: 11180
2023-07-01 08:44:46,498 INFO:Total games: 11190
2023-07-01 08:46:37,308 INFO:Total games: 11200
2023-07-01 08:48:34,008 INFO:Total games: 11210
2023-07-01 08:50:30,208 INFO:Total games: 11220
2023-07-01 08:52:29,220 INFO:Total games: 11230
2023-07-01 08:54:27,500 INFO:Total games: 11240
2023-07-01 08:56:26,627 INFO:Total games: 11250
2023-07-01 08:58:24,920 INFO:Total games: 11260
2023-07-01 09:00:26,079 INFO:Total games: 11270
2023-07-01 09:02:24,184 INFO:Total games: 11280
2023-07-01 09:04:16,884 INFO:Total games: 11290
2023-07-01 09:06:10,754 INFO:Total games: 11300
2023-07-01 09:07:59,746 INFO:Total games: 11310
2023-07-01 09:09:58,886 INFO:Total games: 11320
2023-07-01 09:11:57,152 INFO:Total games: 11330
2023-07-01 09:13:51,228 INFO:Total games: 11340
2023-07-01 09:15:50,161 INFO:Total games: 11350
2023-07-01 09:17:48,097 INFO:Total games: 11360
2023-07-01 09:19:46,432 INFO:Total games: 11370
2023-07-01 09:22:16,663 INFO:Total games: 11380
2023-07-01 09:24:13,907 INFO:Total games: 11390
2023-07-01 09:26:05,249 INFO:Total games: 11400
2023-07-01 09:27:58,718 INFO:Total games: 11410
2023-07-01 09:29:50,322 INFO:Total games: 11420
2023-07-01 09:31:40,704 INFO:Total games: 11430
2023-07-01 09:33:36,027 INFO:Total games: 11440
2023-07-01 09:35:34,162 INFO:Total games: 11450
2023-07-01 09:37:29,130 INFO:Total games: 11460
2023-07-01 09:39:23,211 INFO:Total games: 11470
2023-07-01 09:41:22,134 INFO:Total games: 11480
2023-07-01 09:43:21,364 INFO:Total games: 11490
2023-07-01 09:45:19,196 INFO:Total games: 11500
2023-07-01 09:47:11,365 INFO:Total games: 11510
2023-07-01 09:48:58,665 INFO:Total games: 11520
2023-07-01 09:50:52,187 INFO:Total games: 11530
2023-07-01 09:52:50,602 INFO:Total games: 11540
2023-07-01 09:54:49,608 INFO:Total games: 11550
2023-07-01 09:56:45,723 INFO:Total games: 11560
2023-07-01 09:58:45,015 INFO:Total games: 11570
2023-07-01 10:00:41,328 INFO:Total games: 11580
2023-07-01 10:03:14,914 INFO:Total games: 11590
2023-07-01 10:05:13,069 INFO:Total games: 11600
2023-07-01 10:07:13,220 INFO:Total games: 11610
2023-07-01 10:09:07,905 INFO:Total games: 11620
2023-07-01 10:11:04,220 INFO:Total games: 11630
2023-07-01 10:13:02,305 INFO:Total games: 11640
2023-07-01 10:15:01,370 INFO:Total games: 11650
2023-07-01 10:17:00,597 INFO:Total games: 11660
2023-07-01 10:18:56,762 INFO:Total games: 11670
2023-07-01 10:20:56,817 INFO:Total games: 11680
2023-07-01 10:22:54,197 INFO:Total games: 11690
2023-07-01 10:24:54,057 INFO:Total games: 11700
2023-07-01 10:26:50,751 INFO:Total games: 11710
2023-07-01 10:28:47,979 INFO:Total games: 11720
2023-07-01 10:30:38,885 INFO:Total games: 11730
2023-07-01 10:32:30,865 INFO:Total games: 11740
2023-07-01 10:34:29,827 INFO:Total games: 11750
2023-07-01 10:36:25,694 INFO:Total games: 11760
2023-07-01 10:38:21,442 INFO:Total games: 11770
2023-07-01 10:40:16,814 INFO:Total games: 11780
2023-07-01 10:42:12,954 INFO:Total games: 11790
2023-07-01 10:44:47,700 INFO:Total games: 11800
2023-07-01 10:46:45,750 INFO:Total games: 11810
2023-07-01 10:48:41,678 INFO:Total games: 11820
2023-07-01 10:50:26,882 INFO:Total games: 11830
2023-07-01 10:52:18,056 INFO:Total games: 11840
2023-07-01 10:54:17,433 INFO:Total games: 11850
2023-07-01 10:56:11,264 INFO:Total games: 11860
2023-07-01 10:58:02,494 INFO:Total games: 11870
2023-07-01 11:00:01,368 INFO:Total games: 11880
2023-07-01 11:02:01,199 INFO:Total games: 11890
2023-07-01 11:04:01,650 INFO:Total games: 11900
2023-07-01 11:06:02,380 INFO:Total games: 11910
2023-07-01 11:07:57,953 INFO:Total games: 11920
2023-07-01 11:09:55,729 INFO:Total games: 11930
2023-07-01 11:11:46,999 INFO:Total games: 11940
2023-07-01 11:13:43,484 INFO:Total games: 11950
2023-07-01 11:15:40,251 INFO:Total games: 11960
2023-07-01 11:17:36,675 INFO:Total games: 11970
2023-07-01 11:19:31,492 INFO:Total games: 11980
2023-07-01 11:21:29,005 INFO:Total games: 11990
2023-07-01 11:23:27,909 INFO:Total games: 12000
2023-07-01 11:25:22,418 INFO:Total games: 12010
2023-07-01 11:27:56,253 INFO:Total games: 12020
2023-07-01 11:29:55,237 INFO:Total games: 12030
2023-07-01 11:31:49,634 INFO:Total games: 12040
2023-07-01 11:33:44,147 INFO:Total games: 12050
2023-07-01 11:35:42,547 INFO:Total games: 12060
2023-07-01 11:37:41,176 INFO:Total games: 12070
2023-07-01 11:39:36,669 INFO:Total games: 12080
2023-07-01 11:41:36,233 INFO:Total games: 12090
2023-07-01 11:43:34,173 INFO:Total games: 12100
2023-07-01 11:45:31,067 INFO:Total games: 12110
2023-07-01 11:47:31,081 INFO:Total games: 12120
2023-07-01 11:49:30,266 INFO:Total games: 12130
2023-07-01 11:51:26,364 INFO:Total games: 12140
2023-07-01 11:53:14,960 INFO:Total games: 12150
2023-07-01 11:55:01,594 INFO:Total games: 12160
2023-07-01 11:57:03,125 INFO:Total games: 12170
2023-07-01 11:58:58,084 INFO:Total games: 12180
2023-07-01 12:00:55,225 INFO:Total games: 12190
2023-07-01 12:02:54,017 INFO:Total games: 12200
2023-07-01 12:04:52,158 INFO:Total games: 12210
2023-07-01 12:06:51,027 INFO:Total games: 12220
2023-07-01 12:09:25,869 INFO:Total games: 12230
2023-07-01 12:11:24,170 INFO:Total games: 12240
2023-07-01 12:13:22,158 INFO:Total games: 12250
2023-07-01 12:15:16,923 INFO:Total games: 12260
2023-07-01 12:17:13,433 INFO:Total games: 12270
2023-07-01 12:19:11,104 INFO:Total games: 12280
2023-07-01 12:21:07,919 INFO:Total games: 12290
2023-07-01 12:23:06,836 INFO:Total games: 12300
2023-07-01 12:25:02,947 INFO:Total games: 12310
2023-07-01 12:27:02,090 INFO:Total games: 12320
2023-07-01 12:28:56,312 INFO:Total games: 12330
2023-07-01 12:30:55,972 INFO:Total games: 12340
2023-07-01 12:32:55,607 INFO:Total games: 12350
2023-07-01 12:34:48,808 INFO:Total games: 12360
2023-07-01 12:36:40,880 INFO:Total games: 12370
2023-07-01 12:38:40,599 INFO:Total games: 12380
2023-07-01 12:40:38,568 INFO:Total games: 12390
2023-07-01 12:42:35,794 INFO:Total games: 12400
2023-07-01 12:44:34,647 INFO:Total games: 12410
2023-07-01 12:46:26,945 INFO:Total games: 12420
2023-07-01 12:48:24,863 INFO:Total games: 12430
2023-07-01 12:50:19,171 INFO:Total games: 12440
2023-07-01 12:52:15,788 INFO:Total games: 12450
2023-07-01 12:54:49,801 INFO:Total games: 12460
2023-07-01 12:56:40,879 INFO:Total games: 12470
2023-07-01 12:58:37,701 INFO:Total games: 12480
2023-07-01 13:00:37,567 INFO:Total games: 12490
2023-07-01 13:02:37,150 INFO:Total games: 12500
2023-07-01 13:04:36,100 INFO:Total games: 12510
2023-07-01 13:06:35,726 INFO:Total games: 12520
2023-07-01 13:08:36,282 INFO:Total games: 12530
2023-07-01 13:10:36,691 INFO:Total games: 12540
2023-07-01 13:12:37,890 INFO:Total games: 12550
2023-07-01 13:14:34,872 INFO:Total games: 12560
2023-07-01 13:16:33,703 INFO:Total games: 12570
2023-07-01 13:18:25,394 INFO:Total games: 12580
2023-07-01 13:20:18,199 INFO:Total games: 12590
2023-07-01 13:22:14,988 INFO:Total games: 12600
2023-07-01 13:24:15,197 INFO:Total games: 12610
2023-07-01 13:26:12,779 INFO:Total games: 12620
2023-07-01 13:28:11,818 INFO:Total games: 12630
2023-07-01 13:30:09,995 INFO:Total games: 12640
2023-07-01 13:32:02,326 INFO:Total games: 12650
2023-07-01 13:33:58,794 INFO:Total games: 12660
2023-07-01 13:35:56,420 INFO:Total games: 12670
2023-07-01 13:37:54,298 INFO:Total games: 12680
2023-07-01 13:40:20,123 INFO:Total games: 12690
2023-07-01 13:42:16,273 INFO:Total games: 12700
2023-07-01 13:44:16,273 INFO:Total games: 12710
2023-07-01 13:46:15,695 INFO:Total games: 12720
2023-07-01 13:48:14,138 INFO:Total games: 12730
2023-07-01 13:50:05,132 INFO:Total games: 12740
2023-07-01 13:52:03,578 INFO:Total games: 12750
2023-07-01 13:54:02,453 INFO:Total games: 12760
2023-07-01 13:55:58,190 INFO:Total games: 12770
2023-07-01 13:57:56,796 INFO:Total games: 12780
2023-07-01 13:59:52,352 INFO:Total games: 12790
2023-07-01 14:01:48,540 INFO:Total games: 12800
2023-07-01 14:03:47,494 INFO:Total games: 12810
2023-07-01 14:05:47,832 INFO:Total games: 12820
2023-07-01 14:07:45,070 INFO:Total games: 12830
2023-07-01 14:09:39,703 INFO:Total games: 12840
2023-07-01 14:11:38,403 INFO:Total games: 12850
2023-07-01 14:13:33,793 INFO:Total games: 12860
2023-07-01 14:15:32,785 INFO:Total games: 12870
2023-07-01 14:17:31,001 INFO:Total games: 12880
2023-07-01 14:19:29,571 INFO:Total games: 12890
2023-07-01 14:21:18,686 INFO:Total games: 12900
2023-07-01 14:23:10,701 INFO:Total games: 12910
2023-07-01 14:25:42,006 INFO:Total games: 12920
2023-07-01 14:27:39,046 INFO:Total games: 12930
2023-07-01 14:29:40,819 INFO:Total games: 12940
2023-07-01 14:31:40,971 INFO:Total games: 12950
2023-07-01 14:33:40,978 INFO:Total games: 12960
2023-07-01 14:35:32,604 INFO:Total games: 12970
2023-07-01 14:37:33,563 INFO:Total games: 12980
2023-07-01 14:39:33,089 INFO:Total games: 12990
2023-07-01 14:41:32,882 INFO:Total games: 13000
2023-07-01 14:43:26,493 INFO:Total games: 13010
2023-07-01 14:45:22,299 INFO:Total games: 13020
2023-07-01 14:47:22,198 INFO:Total games: 13030
2023-07-01 14:49:21,851 INFO:Total games: 13040
2023-07-01 14:51:19,777 INFO:Total games: 13050
2023-07-01 14:53:19,213 INFO:Total games: 13060
2023-07-01 14:55:18,750 INFO:Total games: 13070
2023-07-01 14:57:18,108 INFO:Total games: 13080
2023-07-01 14:59:15,384 INFO:Total games: 13090
2023-07-01 15:01:13,685 INFO:Total games: 13100
2023-07-01 15:03:07,459 INFO:Total games: 13110
2023-07-01 15:05:00,589 INFO:Total games: 13120
2023-07-01 15:06:59,668 INFO:Total games: 13130
2023-07-01 15:08:55,341 INFO:Total games: 13140
2023-07-01 15:11:31,118 INFO:Total games: 13150
2023-07-01 15:13:26,974 INFO:Total games: 13160
2023-07-01 15:15:24,571 INFO:Total games: 13170
2023-07-01 15:17:20,566 INFO:Total games: 13180
2023-07-01 15:19:20,760 INFO:Total games: 13190
2023-07-01 15:21:18,985 INFO:Total games: 13200
2023-07-01 15:23:15,108 INFO:Total games: 13210
2023-07-01 15:25:08,404 INFO:Total games: 13220
2023-07-01 15:27:04,718 INFO:Total games: 13230
2023-07-01 15:28:58,473 INFO:Total games: 13240
2023-07-01 15:30:53,294 INFO:Total games: 13250
2023-07-01 15:32:53,590 INFO:Total games: 13260
2023-07-01 15:34:51,049 INFO:Total games: 13270
2023-07-01 15:36:47,884 INFO:Total games: 13280
2023-07-01 15:38:42,594 INFO:Total games: 13290
2023-07-01 15:40:42,438 INFO:Total games: 13300
2023-07-01 15:42:42,704 INFO:Total games: 13310
2023-07-01 15:44:38,834 INFO:Total games: 13320
2023-07-01 15:46:31,374 INFO:Total games: 13330
2023-07-01 15:48:21,786 INFO:Total games: 13340
2023-07-01 15:50:20,854 INFO:Total games: 13350
2023-07-01 15:52:20,098 INFO:Total games: 13360
2023-07-01 15:54:18,232 INFO:Total games: 13370
2023-07-01 15:56:18,064 INFO:Total games: 13380
2023-07-01 15:58:55,961 INFO:Total games: 13390
2023-07-01 16:00:53,083 INFO:Total games: 13400
2023-07-01 16:02:47,178 INFO:Total games: 13410
2023-07-01 16:04:48,602 INFO:Total games: 13420
2023-07-01 16:06:40,132 INFO:Total games: 13430
2023-07-01 16:08:34,795 INFO:Total games: 13440
2023-07-01 16:10:32,196 INFO:Total games: 13450
2023-07-01 16:12:32,802 INFO:Total games: 13460
2023-07-01 16:14:31,954 INFO:Total games: 13470
2023-07-01 16:16:31,785 INFO:Total games: 13480
2023-07-01 16:18:28,338 INFO:Total games: 13490
2023-07-01 16:20:23,303 INFO:Total games: 13500
2023-07-01 16:22:22,143 INFO:Total games: 13510
2023-07-01 16:24:18,347 INFO:Total games: 13520
2023-07-01 16:26:13,589 INFO:Total games: 13530
2023-07-01 16:28:05,431 INFO:Total games: 13540
2023-07-01 16:29:55,688 INFO:Total games: 13550
2023-07-01 16:31:51,816 INFO:Total games: 13560
2023-07-01 16:33:49,126 INFO:Total games: 13570
2023-07-01 16:35:49,539 INFO:Total games: 13580
2023-07-01 16:37:46,084 INFO:Total games: 13590
2023-07-01 16:39:43,068 INFO:Total games: 13600
2023-07-01 16:41:40,212 INFO:Total games: 13610
2023-07-01 16:43:37,918 INFO:Total games: 13620
2023-07-01 16:45:34,134 INFO:Total games: 13630
2023-07-01 16:48:10,855 INFO:Total games: 13640
2023-07-01 16:50:00,392 INFO:Total games: 13650
2023-07-01 16:51:53,687 INFO:Total games: 13660
2023-07-01 16:53:53,620 INFO:Total games: 13670
2023-07-01 16:55:52,419 INFO:Total games: 13680
2023-07-01 16:57:51,482 INFO:Total games: 13690
2023-07-01 16:59:50,238 INFO:Total games: 13700
2023-07-01 17:01:49,865 INFO:Total games: 13710
2023-07-01 17:03:46,614 INFO:Total games: 13720
2023-07-01 17:05:45,054 INFO:Total games: 13730
2023-07-01 17:07:41,777 INFO:Total games: 13740
2023-07-01 17:09:38,064 INFO:Total games: 13750
2023-07-01 17:11:34,329 INFO:Total games: 13760
2023-07-01 17:13:34,795 INFO:Total games: 13770
2023-07-01 17:15:34,301 INFO:Total games: 13780
2023-07-01 17:16:46,007 INFO:Ending
2023-07-01 17:16:46,007 INFO:Duration: 19 hours, 9 minutes, 23 seconds
2023-08-17 02:17:53,135 INFO:Starting
2023-08-17 02:47:10,193 INFO:Starting
2023-08-17 02:47:10,199 WARNING:SavedModel saved prior to TF 2.5 detected when loading Keras model. Please ensure that you are saving the model with model.save() or tf.keras.models.save_model(), *NOT* tf.saved_model.save(). To confirm, there should be a file named "keras_metadata.pb" in the SavedModel directory.
2023-08-17 15:59:09,687 INFO:Starting
2023-08-17 16:00:21,437 INFO:Total games: 10
2023-08-17 16:07:19,202 INFO:Starting
2023-08-17 16:08:22,827 INFO:Total games: 10
2023-08-17 16:23:10,095 INFO:Starting
2023-08-17 16:24:24,606 INFO:Total games: 10
2023-08-17 16:27:33,413 INFO:Starting
2023-08-17 16:28:53,234 INFO:Starting
2023-08-17 16:30:14,453 INFO:Total games: 10
2023-08-17 16:31:58,820 INFO:Starting
2023-08-17 16:33:19,607 INFO:Total games: 10
2023-08-17 16:41:19,131 INFO:Starting
2023-08-17 16:42:27,788 INFO:Total games: 10
2023-08-17 16:43:08,843 INFO:Starting
2023-08-17 16:44:21,302 INFO:Total games: 10
2023-08-17 16:45:23,415 INFO:Starting
2023-08-17 16:46:41,262 INFO:Total games: 10
2023-08-17 16:47:40,278 INFO:Starting
2023-08-17 16:49:12,057 INFO:Total games: 10
2023-08-17 16:49:27,017 INFO:Starting
2023-08-17 16:51:01,378 INFO:Total games: 10
2023-08-17 16:51:12,949 INFO:Starting
2023-08-17 16:52:28,862 INFO:Total games: 10
2023-08-20 17:49:43,461 INFO:Starting
2023-08-20 17:51:36,896 INFO:Total games: 10
2023-08-20 17:53:24,383 INFO:Total games: 20
2023-08-20 17:55:17,501 INFO:Total games: 30
2023-08-20 17:57:02,590 INFO:Total games: 40
2023-08-20 17:57:31,120 INFO:Ending
2023-08-20 17:57:31,120 INFO:Duration: 0 hours, 7 minutes, 47 seconds
2023-08-20 17:58:48,717 INFO:Starting
2023-08-20 17:59:14,791 INFO:Ending
2023-08-20 17:59:14,791 INFO:Duration: 0 hours, 0 minutes, 26 seconds
2023-08-20 17:59:39,450 INFO:Starting
2023-08-20 18:01:24,984 INFO:Total games: 10
2023-08-20 18:03:14,284 INFO:Total games: 20
2023-08-20 18:03:44,446 INFO:Ending
2023-08-20 18:03:44,446 INFO:Duration: 0 hours, 4 minutes, 4 seconds
2023-08-20 18:05:27,713 INFO:Starting
2023-08-20 18:05:47,850 INFO:Ending
2023-08-20 18:05:47,850 INFO:Duration: 0 hours, 0 minutes, 20 seconds
2023-08-22 03:39:44,363 INFO:Starting
2023-08-22 03:39:57,265 INFO:Total games: 10
2023-08-22 03:40:04,779 INFO:Total games: 20
2023-08-22 03:40:15,978 INFO:Total games: 30
2023-08-22 03:40:27,106 INFO:Total games: 40
2023-08-22 03:40:46,851 INFO:Total games: 50
2023-08-22 03:40:59,438 INFO:Total games: 60
2023-08-22 03:41:11,945 INFO:Total games: 70
2023-08-22 03:41:25,567 INFO:Total games: 80
2023-08-22 03:41:39,213 INFO:Total games: 90
2023-08-22 03:41:51,364 INFO:Total games: 100
2023-08-22 03:42:04,996 INFO:Total games: 110
2023-08-22 03:42:15,562 INFO:Total games: 120
2023-08-22 03:42:25,563 INFO:Total games: 130
2023-08-22 03:42:36,407 INFO:Total games: 140
2023-08-22 03:42:46,790 INFO:Total games: 150
2023-08-22 03:42:57,798 INFO:Total games: 160
2023-08-22 03:43:08,455 INFO:Total games: 170
2023-08-22 03:43:22,973 INFO:Total games: 180
2023-08-22 03:43:35,984 INFO:Total games: 190
2023-08-22 03:43:48,897 INFO:Total games: 200
2023-08-22 03:44:01,226 INFO:Total games: 210
2023-08-22 03:44:15,628 INFO:Total games: 220
2023-08-22 03:44:28,775 INFO:Total games: 230
2023-08-22 03:44:41,251 INFO:Total games: 240
2023-08-22 03:44:51,017 INFO:Total games: 250
2023-08-22 03:45:02,094 INFO:Total games: 260
2023-08-22 03:45:15,709 INFO:Total games: 270
2023-08-22 03:45:25,111 INFO:Total games: 280
2023-08-22 03:45:36,908 INFO:Total games: 290
2023-08-22 03:45:49,119 INFO:Total games: 300
2023-08-22 03:46:02,271 INFO:Total games: 310
2023-08-22 03:46:12,017 INFO:Total games: 320
2023-08-22 03:46:24,488 INFO:Total games: 330
2023-08-22 03:46:36,928 INFO:Total games: 340
2023-08-22 03:46:48,744 INFO:Total games: 350
2023-08-22 03:47:00,870 INFO:Total games: 360
2023-08-22 03:47:09,572 INFO:Total games: 370
2023-08-22 03:47:19,531 INFO:Total games: 380
2023-08-22 03:47:30,290 INFO:Total games: 390
2023-08-22 03:47:44,733 INFO:Total games: 400
2023-08-22 03:47:59,129 INFO:Total games: 410
2023-08-22 03:48:10,892 INFO:Total games: 420
2023-08-22 03:48:24,754 INFO:Total games: 430
2023-08-22 03:48:37,359 INFO:Total games: 440
2023-08-22 03:48:48,850 INFO:Total games: 450
2023-08-22 03:49:02,179 INFO:Total games: 460
2023-08-22 03:49:15,221 INFO:Total games: 470
2023-08-22 03:49:28,420 INFO:Total games: 480
2023-08-22 03:49:39,883 INFO:Total games: 490
2023-08-22 03:49:50,154 INFO:Total games: 500
2023-08-22 03:50:02,429 INFO:Total games: 510
2023-08-22 03:50:14,887 INFO:Total games: 520
2023-08-22 03:50:27,772 INFO:Total games: 530
2023-08-22 03:50:39,211 INFO:Total games: 540
2023-08-22 03:50:51,387 INFO:Total games: 550
2023-08-22 03:51:04,233 INFO:Total games: 560
2023-08-22 03:51:15,333 INFO:Total games: 570
2023-08-22 03:51:27,439 INFO:Total games: 580
2023-08-22 03:51:41,738 INFO:Total games: 590
2023-08-22 03:51:55,514 INFO:Total games: 600
2023-08-22 03:52:09,946 INFO:Total games: 610
2023-08-22 03:52:22,398 INFO:Total games: 620
2023-08-22 03:52:36,275 INFO:Total games: 630
2023-08-22 03:52:48,599 INFO:Total games: 640
2023-08-22 03:53:01,275 INFO:Total games: 650
2023-08-22 03:53:12,694 INFO:Total games: 660
2023-08-22 03:53:22,951 INFO:Total games: 670
2023-08-22 03:53:34,367 INFO:Total games: 680
2023-08-22 03:53:46,368 INFO:Total games: 690
2023-08-22 03:53:58,224 INFO:Total games: 700
2023-08-22 03:54:08,955 INFO:Total games: 710
2023-08-22 03:54:20,436 INFO:Total games: 720
2023-08-22 03:54:32,161 INFO:Total games: 730
2023-08-22 03:54:42,832 INFO:Total games: 740
2023-08-22 03:54:54,411 INFO:Total games: 750
2023-08-22 03:55:05,007 INFO:Total games: 760
2023-08-22 03:55:15,703 INFO:Total games: 770
2023-08-22 03:55:28,862 INFO:Total games: 780
2023-08-22 03:55:40,000 INFO:Total games: 790
2023-08-22 03:55:51,459 INFO:Total games: 800
2023-08-22 03:56:05,313 INFO:Total games: 810
2023-08-22 03:56:17,235 INFO:Total games: 820
2023-08-22 03:56:29,788 INFO:Total games: 830
2023-08-22 03:56:42,089 INFO:Total games: 840
2023-08-22 03:56:50,392 INFO:Total games: 850
2023-08-22 03:57:02,495 INFO:Total games: 860
2023-08-22 03:57:13,908 INFO:Total games: 870
2023-08-22 03:57:25,728 INFO:Total games: 880
2023-08-22 03:57:39,787 INFO:Total games: 890
2023-08-22 03:57:51,147 INFO:Total games: 900
2023-08-22 03:58:05,350 INFO:Total games: 910
2023-08-22 03:58:16,612 INFO:Total games: 920
2023-08-22 03:58:27,292 INFO:Total games: 930
2023-08-22 03:58:39,673 INFO:Total games: 940
2023-08-22 03:58:51,928 INFO:Total games: 950
2023-08-22 03:59:05,960 INFO:Total games: 960
2023-08-22 03:59:16,462 INFO:Total games: 970
2023-08-22 03:59:28,841 INFO:Total games: 980
2023-08-22 03:59:38,356 INFO:Total games: 990
2023-08-22 03:59:49,580 INFO:Total games: 1000
2023-08-22 04:00:02,342 INFO:Total games: 1010
2023-08-22 04:00:14,581 INFO:Total games: 1020
2023-08-22 04:00:25,490 INFO:Total games: 1030
2023-08-22 04:00:37,380 INFO:Total games: 1040
2023-08-22 04:00:49,768 INFO:Total games: 1050
2023-08-22 04:01:01,950 INFO:Total games: 1060
2023-08-22 04:01:11,739 INFO:Total games: 1070
2023-08-22 04:01:24,446 INFO:Total games: 1080
2023-08-22 04:01:38,409 INFO:Total games: 1090
2023-08-22 04:01:51,928 INFO:Total games: 1100
2023-08-22 04:02:03,037 INFO:Total games: 1110
2023-08-22 04:02:12,223 INFO:Total games: 1120
2023-08-22 04:02:24,057 INFO:Total games: 1130
2023-08-22 04:02:36,092 INFO:Total games: 1140
2023-08-22 04:02:48,929 INFO:Total games: 1150
2023-08-22 04:03:02,838 INFO:Total games: 1160
2023-08-22 04:03:15,916 INFO:Total games: 1170
2023-08-22 04:03:29,744 INFO:Total games: 1180
2023-08-22 04:03:43,302 INFO:Total games: 1190
2023-08-22 04:03:57,952 INFO:Total games: 1200
2023-08-22 04:04:11,307 INFO:Total games: 1210
2023-08-22 04:04:23,801 INFO:Total games: 1220
2023-08-22 04:04:35,700 INFO:Total games: 1230
2023-08-22 04:04:48,249 INFO:Total games: 1240
2023-08-22 04:05:00,781 INFO:Total games: 1250
2023-08-22 04:05:13,097 INFO:Total games: 1260
2023-08-22 04:05:24,469 INFO:Total games: 1270
2023-08-22 04:05:37,545 INFO:Total games: 1280
2023-08-22 04:05:51,010 INFO:Total games: 1290
2023-08-22 04:06:00,688 INFO:Total games: 1300
2023-08-22 04:06:15,089 INFO:Total games: 1310
2023-08-22 04:06:28,546 INFO:Total games: 1320
2023-08-22 04:06:39,130 INFO:Total games: 1330
2023-08-22 04:06:49,997 INFO:Total games: 1340
2023-08-22 04:07:01,107 INFO:Total games: 1350
2023-08-22 04:07:14,983 INFO:Total games: 1360
2023-08-22 04:07:24,504 INFO:Total games: 1370
2023-08-22 04:07:33,114 INFO:Total games: 1380
2023-08-22 04:07:45,884 INFO:Total games: 1390
2023-08-22 04:07:58,628 INFO:Total games: 1400
2023-08-22 04:08:07,854 INFO:Total games: 1410
2023-08-22 04:08:16,332 INFO:Total games: 1420
2023-08-22 04:08:28,886 INFO:Total games: 1430
2023-08-22 04:08:41,992 INFO:Total games: 1440
2023-08-22 04:08:56,356 INFO:Total games: 1450
2023-08-22 04:09:08,296 INFO:Total games: 1460
2023-08-22 04:09:22,833 INFO:Total games: 1470
2023-08-22 04:09:35,321 INFO:Total games: 1480
2023-08-22 04:09:48,835 INFO:Total games: 1490
2023-08-22 04:10:03,080 INFO:Total games: 1500
2023-08-22 04:10:14,855 INFO:Total games: 1510
2023-08-22 04:10:26,245 INFO:Total games: 1520
2023-08-22 04:10:39,435 INFO:Total games: 1530
2023-08-22 04:10:51,897 INFO:Total games: 1540
2023-08-22 04:11:04,862 INFO:Total games: 1550
2023-08-22 04:11:18,422 INFO:Total games: 1560
2023-08-22 04:11:29,672 INFO:Total games: 1570
2023-08-22 04:11:43,173 INFO:Total games: 1580
2023-08-22 04:11:54,724 INFO:Total games: 1590
2023-08-22 04:12:06,140 INFO:Total games: 1600
2023-08-22 04:12:17,609 INFO:Total games: 1610
2023-08-22 04:12:28,713 INFO:Total games: 1620
2023-08-22 04:12:42,296 INFO:Total games: 1630
2023-08-22 04:12:53,308 INFO:Total games: 1640
2023-08-22 04:13:03,773 INFO:Total games: 1650
2023-08-22 04:13:14,338 INFO:Total games: 1660
2023-08-22 04:13:26,157 INFO:Total games: 1670
2023-08-22 04:13:39,017 INFO:Total games: 1680
2023-08-22 04:13:51,239 INFO:Total games: 1690
2023-08-22 04:14:01,773 INFO:Total games: 1700
2023-08-22 04:14:12,520 INFO:Total games: 1710
2023-08-22 04:14:23,730 INFO:Total games: 1720
2023-08-22 04:14:38,403 INFO:Total games: 1730
2023-08-22 04:14:51,751 INFO:Total games: 1740
2023-08-22 04:15:05,014 INFO:Total games: 1750
2023-08-22 04:15:15,570 INFO:Total games: 1760
2023-08-22 04:15:27,280 INFO:Total games: 1770
2023-08-22 04:15:38,734 INFO:Total games: 1780
2023-08-22 04:15:51,368 INFO:Total games: 1790
2023-08-22 04:23:33,774 INFO:Starting
2023-08-22 04:23:45,710 INFO:Total games: 10
2023-08-22 04:23:57,209 INFO:Total games: 20
2023-08-22 04:24:08,728 INFO:Total games: 30
2023-08-22 04:24:21,589 INFO:Total games: 40
2023-08-22 04:24:33,264 INFO:Total games: 50
2023-08-22 04:24:44,867 INFO:Total games: 60
2023-08-22 04:24:55,639 INFO:Total games: 70
2023-08-22 04:25:07,156 INFO:Total games: 80
2023-08-22 04:25:19,512 INFO:Total games: 90
2023-08-22 04:25:31,089 INFO:Total games: 100
2023-08-22 04:25:42,624 INFO:Total games: 110
2023-08-22 04:25:54,494 INFO:Total games: 120
2023-08-22 04:26:06,602 INFO:Total games: 130
2023-08-22 04:26:19,103 INFO:Total games: 140
2023-08-22 04:26:33,399 INFO:Total games: 150
2023-08-22 04:26:47,477 INFO:Total games: 160
2023-08-22 04:26:59,310 INFO:Total games: 170
2023-08-22 04:27:11,910 INFO:Total games: 180
2023-08-22 04:27:23,135 INFO:Total games: 190
2023-08-22 04:27:34,814 INFO:Total games: 200
2023-08-22 04:27:47,274 INFO:Total games: 210
2023-08-22 04:27:59,811 INFO:Total games: 220
2023-08-22 04:28:12,240 INFO:Total games: 230
2023-08-22 04:28:24,503 INFO:Total games: 240
2023-08-22 04:28:38,202 INFO:Total games: 250
2023-08-22 04:28:47,967 INFO:Total games: 260
2023-08-22 04:29:00,232 INFO:Total games: 270
2023-08-22 04:29:11,602 INFO:Total games: 280
2023-08-22 04:29:26,237 INFO:Total games: 290
2023-08-22 04:29:35,895 INFO:Total games: 300
2023-08-22 04:29:48,736 INFO:Total games: 310
2023-08-22 04:30:01,416 INFO:Total games: 320
2023-08-22 04:30:13,736 INFO:Total games: 330
2023-08-22 04:30:24,328 INFO:Total games: 340
2023-08-22 04:30:35,527 INFO:Total games: 350
2023-08-22 04:30:47,333 INFO:Total games: 360
2023-08-22 04:30:59,269 INFO:Total games: 370
2023-08-22 04:31:11,103 INFO:Total games: 380
2023-08-22 04:31:23,498 INFO:Total games: 390
2023-08-22 04:31:34,416 INFO:Total games: 400
2023-08-22 04:31:47,348 INFO:Total games: 410
2023-08-22 04:31:58,965 INFO:Total games: 420
2023-08-22 04:32:11,451 INFO:Total games: 430
2023-08-22 04:32:21,388 INFO:Total games: 440
2023-08-22 04:32:31,334 INFO:Total games: 450
2023-08-22 04:32:43,471 INFO:Total games: 460
2023-08-22 04:32:54,347 INFO:Total games: 470
2023-08-22 04:33:05,969 INFO:Total games: 480
2023-08-22 04:33:16,027 INFO:Total games: 490
2023-08-22 04:33:25,568 INFO:Total games: 500
2023-08-22 04:33:37,237 INFO:Total games: 510
2023-08-22 04:33:51,439 INFO:Total games: 520
2023-08-22 04:34:03,990 INFO:Total games: 530
2023-08-22 04:34:15,507 INFO:Total games: 540
2023-08-22 04:34:24,996 INFO:Total games: 550
2023-08-22 04:34:38,173 INFO:Total games: 560
2023-08-22 04:34:51,761 INFO:Total games: 570
2023-08-22 04:35:04,709 INFO:Total games: 580
2023-08-22 04:35:14,626 INFO:Total games: 590
2023-08-22 04:35:28,573 INFO:Total games: 600
2023-08-22 04:35:37,409 INFO:Total games: 610
2023-08-22 04:35:49,901 INFO:Total games: 620
2023-08-22 04:36:03,574 INFO:Total games: 630
2023-08-22 04:36:14,584 INFO:Total games: 640
2023-08-22 04:36:26,998 INFO:Total games: 650
2023-08-22 04:36:37,782 INFO:Total games: 660
2023-08-22 04:36:49,515 INFO:Total games: 670
2023-08-22 04:37:01,599 INFO:Total games: 680
2023-08-22 04:37:14,200 INFO:Total games: 690
2023-08-22 04:37:26,888 INFO:Total games: 700
2023-08-22 04:37:40,084 INFO:Total games: 710
2023-08-22 04:37:51,369 INFO:Total games: 720
2023-08-22 04:38:00,110 INFO:Total games: 730
2023-08-22 04:38:13,359 INFO:Total games: 740
2023-08-22 04:38:25,217 INFO:Total games: 750
2023-08-22 04:38:34,382 INFO:Total games: 760
2023-08-22 04:38:47,426 INFO:Total games: 770
2023-08-22 04:38:59,422 INFO:Total games: 780
2023-08-22 04:39:10,297 INFO:Total games: 790
2023-08-22 04:39:22,170 INFO:Total games: 800
2023-08-22 04:39:36,648 INFO:Total games: 810
2023-08-22 04:39:49,923 INFO:Total games: 820
2023-08-22 04:40:00,358 INFO:Total games: 830
2023-08-22 04:40:13,531 INFO:Total games: 840
2023-08-22 04:40:23,720 INFO:Total games: 850
2023-08-22 04:40:35,062 INFO:Total games: 860
2023-08-22 04:40:47,672 INFO:Total games: 870
2023-08-22 04:41:02,741 INFO:Total games: 880
2023-08-22 04:41:13,853 INFO:Total games: 890
2023-08-22 04:41:26,960 INFO:Total games: 900
2023-08-22 04:41:38,345 INFO:Total games: 910
2023-08-22 04:41:48,488 INFO:Total games: 920
2023-08-22 04:42:00,891 INFO:Total games: 930
2023-08-22 04:42:11,206 INFO:Total games: 940
2023-08-22 04:42:23,383 INFO:Total games: 950
2023-08-22 04:42:37,216 INFO:Total games: 960
2023-08-22 04:42:47,078 INFO:Total games: 970
2023-08-22 04:42:59,590 INFO:Total games: 980
2023-08-22 04:43:10,747 INFO:Total games: 990
2023-08-22 04:43:21,795 INFO:Total games: 1000
2023-08-22 04:43:32,384 INFO:Total games: 1010
2023-08-22 04:43:45,347 INFO:Total games: 1020
2023-08-22 04:43:56,965 INFO:Total games: 1030
2023-08-22 04:44:08,107 INFO:Total games: 1040
2023-08-22 04:44:21,244 INFO:Total games: 1050
2023-08-22 04:44:34,695 INFO:Total games: 1060
2023-08-22 04:44:43,841 INFO:Total games: 1070
2023-08-22 04:44:55,414 INFO:Total games: 1080
2023-08-22 04:45:06,805 INFO:Total games: 1090
2023-08-22 04:45:19,684 INFO:Total games: 1100
2023-08-22 04:45:30,820 INFO:Total games: 1110
2023-08-22 04:45:42,113 INFO:Total games: 1120
2023-08-22 04:45:54,459 INFO:Total games: 1130
2023-08-22 04:46:06,171 INFO:Total games: 1140
2023-08-22 04:46:15,885 INFO:Total games: 1150
2023-08-22 04:46:25,588 INFO:Total games: 1160
2023-08-22 04:46:37,502 INFO:Total games: 1170
2023-08-22 04:46:49,112 INFO:Total games: 1180
2023-08-22 04:47:01,894 INFO:Total games: 1190
2023-08-22 04:47:13,892 INFO:Total games: 1200
2023-08-22 04:47:25,328 INFO:Total games: 1210
2023-08-22 04:47:36,472 INFO:Total games: 1220
2023-08-22 04:47:49,220 INFO:Total games: 1230
2023-08-22 04:48:00,231 INFO:Total games: 1240
2023-08-22 04:48:12,558 INFO:Total games: 1250
2023-08-22 04:48:21,247 INFO:Total games: 1260
2023-08-22 04:48:33,762 INFO:Total games: 1270
2023-08-22 04:48:46,076 INFO:Total games: 1280
2023-08-22 04:48:59,097 INFO:Total games: 1290
2023-08-22 04:49:09,177 INFO:Total games: 1300
2023-08-22 04:49:20,734 INFO:Total games: 1310
2023-08-22 04:49:31,419 INFO:Total games: 1320
2023-08-22 04:49:42,729 INFO:Total games: 1330
2023-08-22 04:49:53,690 INFO:Total games: 1340
2023-08-22 04:50:03,980 INFO:Total games: 1350
2023-08-22 04:50:14,476 INFO:Total games: 1360
2023-08-22 04:50:27,321 INFO:Total games: 1370
2023-08-22 04:50:38,909 INFO:Total games: 1380
2023-08-22 04:50:48,974 INFO:Total games: 1390
2023-08-22 04:50:59,221 INFO:Total games: 1400
2023-08-22 04:51:08,790 INFO:Total games: 1410
2023-08-22 04:51:22,522 INFO:Total games: 1420
2023-08-22 04:51:31,923 INFO:Total games: 1430
2023-08-22 04:51:44,364 INFO:Total games: 1440
2023-08-22 04:51:56,442 INFO:Total games: 1450
2023-08-22 04:52:08,139 INFO:Total games: 1460
2023-08-22 04:52:18,950 INFO:Total games: 1470
2023-08-22 04:52:29,300 INFO:Total games: 1480
2023-08-22 04:52:39,999 INFO:Total games: 1490
2023-08-22 04:52:52,742 INFO:Total games: 1500
2023-08-22 04:53:05,590 INFO:Total games: 1510
2023-08-22 04:53:19,419 INFO:Total games: 1520
2023-08-22 04:53:34,368 INFO:Total games: 1530
2023-08-22 04:53:47,142 INFO:Total games: 1540
2023-08-22 04:53:57,019 INFO:Total games: 1550
2023-08-22 04:54:07,088 INFO:Total games: 1560
2023-08-22 04:54:18,710 INFO:Total games: 1570
2023-08-22 04:54:29,652 INFO:Total games: 1580
2023-08-22 04:54:42,009 INFO:Total games: 1590
2023-08-22 04:54:53,035 INFO:Total games: 1600
2023-08-22 04:55:04,144 INFO:Total games: 1610
2023-08-22 04:55:15,622 INFO:Total games: 1620
2023-08-22 04:55:28,580 INFO:Total games: 1630
2023-08-22 04:55:39,703 INFO:Total games: 1640
2023-08-22 04:55:52,356 INFO:Total games: 1650
2023-08-22 04:56:05,141 INFO:Total games: 1660
2023-08-22 04:56:17,383 INFO:Total games: 1670
2023-08-22 04:56:30,274 INFO:Total games: 1680
2023-08-22 04:56:43,459 INFO:Total games: 1690
2023-08-22 04:56:56,698 INFO:Total games: 1700
2023-08-22 04:57:07,817 INFO:Total games: 1710
2023-08-22 04:57:19,288 INFO:Total games: 1720
2023-08-22 04:57:32,289 INFO:Total games: 1730
2023-08-22 04:57:49,320 INFO:Total games: 1740
2023-08-22 04:58:02,668 INFO:Total games: 1750
2023-08-22 04:58:17,815 INFO:Total games: 1760
2023-08-22 04:58:28,954 INFO:Total games: 1770
2023-08-22 04:58:41,740 INFO:Total games: 1780
2023-08-22 04:58:53,825 INFO:Total games: 1790
2023-08-22 04:59:03,981 INFO:Total games: 1800
2023-08-22 04:59:17,017 INFO:Total games: 1810
2023-08-22 04:59:28,306 INFO:Total games: 1820
2023-08-22 04:59:41,284 INFO:Total games: 1830
2023-08-22 04:59:57,194 INFO:Total games: 1840
2023-08-22 05:00:11,937 INFO:Total games: 1850
2023-08-22 05:00:26,678 INFO:Total games: 1860
2023-08-22 05:00:44,680 INFO:Total games: 1870
2023-08-22 05:01:01,022 INFO:Total games: 1880
2023-08-22 05:01:14,442 INFO:Total games: 1890
2023-08-22 05:01:30,155 INFO:Total games: 1900
2023-08-22 05:01:42,861 INFO:Total games: 1910
2023-08-22 05:01:55,479 INFO:Total games: 1920
2023-08-22 05:02:09,616 INFO:Total games: 1930
2023-08-22 05:02:22,997 INFO:Total games: 1940
2023-08-22 05:02:36,335 INFO:Total games: 1950
2023-08-22 05:02:49,923 INFO:Total games: 1960
2023-08-22 05:03:02,202 INFO:Total games: 1970
2023-08-22 05:03:13,435 INFO:Total games: 1980
2023-08-22 05:03:30,345 INFO:Total games: 1990
2023-08-22 05:03:43,901 INFO:Total games: 2000
2023-08-22 05:03:59,024 INFO:Total games: 2010
2023-08-22 05:04:15,709 INFO:Total games: 2020
2023-08-22 05:04:29,175 INFO:Total games: 2030
2023-08-22 05:04:43,327 INFO:Total games: 2040
2023-08-22 05:04:56,968 INFO:Total games: 2050
2023-08-22 05:05:12,133 INFO:Total games: 2060
2023-08-22 05:05:24,353 INFO:Total games: 2070
2023-08-22 05:05:41,773 INFO:Total games: 2080
2023-08-22 05:05:56,277 INFO:Total games: 2090
2023-08-22 05:06:10,138 INFO:Total games: 2100
2023-08-22 05:06:24,429 INFO:Total games: 2110
2023-08-22 05:06:41,284 INFO:Total games: 2120
2023-08-22 05:06:58,756 INFO:Total games: 2130
2023-08-22 05:07:11,771 INFO:Total games: 2140
2023-08-22 05:07:26,541 INFO:Total games: 2150
2023-08-22 05:07:37,881 INFO:Total games: 2160
2023-08-22 05:07:56,857 INFO:Total games: 2170
2023-08-22 05:08:13,348 INFO:Total games: 2180
2023-08-22 05:08:29,031 INFO:Total games: 2190
2023-08-22 05:08:46,861 INFO:Total games: 2200
2023-08-22 05:09:04,046 INFO:Total games: 2210
2023-08-22 05:09:21,892 INFO:Total games: 2220
2023-08-22 05:09:38,667 INFO:Total games: 2230
2023-08-22 05:09:53,022 INFO:Total games: 2240
2023-08-22 05:10:08,155 INFO:Total games: 2250
2023-08-22 05:10:23,420 INFO:Total games: 2260
2023-08-22 05:10:35,875 INFO:Total games: 2270
2023-08-22 05:10:50,603 INFO:Total games: 2280
2023-08-22 05:11:04,775 INFO:Total games: 2290
2023-08-22 05:11:21,201 INFO:Total games: 2300
2023-08-22 05:11:37,819 INFO:Total games: 2310
2023-08-22 05:11:50,969 INFO:Total games: 2320
2023-08-22 05:12:06,695 INFO:Total games: 2330
2023-08-22 05:12:25,242 INFO:Total games: 2340
2023-08-22 05:12:40,123 INFO:Total games: 2350
2023-08-22 05:12:55,025 INFO:Total games: 2360
2023-08-22 05:13:09,013 INFO:Total games: 2370
2023-08-22 05:13:21,034 INFO:Total games: 2380
2023-08-22 05:13:35,596 INFO:Total games: 2390
2023-08-22 05:13:46,442 INFO:Total games: 2400
2023-08-22 05:14:01,925 INFO:Total games: 2410
2023-08-22 05:14:16,861 INFO:Total games: 2420
2023-08-22 05:14:30,139 INFO:Total games: 2430
2023-08-22 05:14:43,865 INFO:Total games: 2440
2023-08-22 05:14:59,898 INFO:Total games: 2450
2023-08-22 05:15:17,065 INFO:Total games: 2460
2023-08-22 05:15:29,767 INFO:Total games: 2470
2023-08-22 05:15:44,029 INFO:Total games: 2480
2023-08-22 05:15:58,820 INFO:Total games: 2490
2023-08-22 05:16:12,317 INFO:Total games: 2500
2023-08-22 05:16:29,323 INFO:Total games: 2510
2023-08-22 05:16:42,733 INFO:Total games: 2520
2023-08-22 05:16:56,528 INFO:Total games: 2530
2023-08-22 05:17:10,380 INFO:Total games: 2540
2023-08-22 05:17:25,093 INFO:Total games: 2550
2023-08-22 05:17:37,677 INFO:Total games: 2560
2023-08-22 05:17:51,502 INFO:Total games: 2570
2023-08-22 05:18:05,021 INFO:Total games: 2580
2023-08-22 05:18:20,831 INFO:Total games: 2590
2023-08-22 05:18:36,699 INFO:Total games: 2600
2023-08-22 05:18:53,820 INFO:Total games: 2610
2023-08-22 05:19:07,707 INFO:Total games: 2620
2023-08-22 05:19:21,115 INFO:Total games: 2630
2023-08-22 05:19:34,165 INFO:Total games: 2640
2023-08-22 05:19:49,871 INFO:Total games: 2650
2023-08-22 05:20:06,787 INFO:Total games: 2660
2023-08-22 05:20:24,159 INFO:Total games: 2670
2023-08-22 05:20:39,284 INFO:Total games: 2680
2023-08-22 05:20:53,994 INFO:Total games: 2690
2023-08-22 05:21:09,652 INFO:Total games: 2700
2023-08-22 05:21:21,510 INFO:Total games: 2710
2023-08-22 05:21:33,677 INFO:Total games: 2720
2023-08-22 05:21:49,143 INFO:Total games: 2730
2023-08-22 05:22:03,877 INFO:Total games: 2740
2023-08-22 05:22:18,359 INFO:Total games: 2750
2023-08-22 05:22:32,425 INFO:Total games: 2760
2023-08-22 05:22:49,045 INFO:Total games: 2770
2023-08-22 05:23:03,932 INFO:Total games: 2780
2023-08-22 05:23:20,915 INFO:Total games: 2790
2023-08-22 05:23:35,083 INFO:Total games: 2800
2023-08-22 05:23:50,302 INFO:Total games: 2810
2023-08-22 05:24:03,165 INFO:Total games: 2820
2023-08-22 05:24:17,982 INFO:Total games: 2830
2023-08-22 05:24:33,953 INFO:Total games: 2840
2023-08-22 05:24:49,433 INFO:Total games: 2850
2023-08-22 05:25:06,445 INFO:Total games: 2860
2023-08-22 05:25:22,743 INFO:Total games: 2870
2023-08-22 05:25:37,469 INFO:Total games: 2880
2023-08-22 05:25:54,976 INFO:Total games: 2890
2023-08-22 05:26:06,808 INFO:Total games: 2900
2023-08-22 05:26:22,033 INFO:Total games: 2910
2023-08-22 05:26:39,853 INFO:Total games: 2920
2023-08-22 05:26:53,459 INFO:Total games: 2930
2023-08-22 05:27:07,081 INFO:Total games: 2940
2023-08-22 05:27:20,290 INFO:Total games: 2950
2023-08-22 05:27:37,316 INFO:Total games: 2960
2023-08-22 05:27:53,935 INFO:Total games: 2970
2023-08-22 05:28:08,471 INFO:Total games: 2980
2023-08-22 05:28:22,059 INFO:Total games: 2990
2023-08-22 05:28:38,235 INFO:Total games: 3000
2023-08-22 05:28:51,935 INFO:Total games: 3010
2023-08-22 05:29:06,779 INFO:Total games: 3020
2023-08-22 05:29:20,375 INFO:Total games: 3030
2023-08-22 05:29:34,807 INFO:Total games: 3040
2023-08-22 05:29:49,721 INFO:Total games: 3050
2023-08-22 05:30:07,276 INFO:Total games: 3060
2023-08-22 05:30:21,997 INFO:Total games: 3070
2023-08-22 05:30:33,596 INFO:Total games: 3080
2023-08-22 05:30:49,843 INFO:Total games: 3090
2023-08-22 05:31:03,029 INFO:Total games: 3100
2023-08-22 05:31:18,300 INFO:Total games: 3110
2023-08-22 05:31:32,442 INFO:Total games: 3120
2023-08-22 05:31:44,150 INFO:Total games: 3130
2023-08-22 05:31:57,414 INFO:Total games: 3140
2023-08-22 05:32:07,899 INFO:Total games: 3150
2023-08-22 05:32:22,255 INFO:Total games: 3160
2023-08-22 05:32:37,195 INFO:Total games: 3170
2023-08-22 05:32:49,021 INFO:Total games: 3180
2023-08-22 05:33:01,809 INFO:Total games: 3190
2023-08-22 05:33:17,059 INFO:Total games: 3200
2023-08-22 05:33:33,284 INFO:Total games: 3210
2023-08-22 05:33:47,674 INFO:Total games: 3220
2023-08-22 05:34:01,270 INFO:Total games: 3230
2023-08-22 05:34:15,394 INFO:Total games: 3240
2023-08-22 05:34:31,952 INFO:Total games: 3250
2023-08-22 05:34:45,331 INFO:Total games: 3260
2023-08-22 05:35:00,419 INFO:Total games: 3270
2023-08-22 05:35:11,909 INFO:Total games: 3280
2023-08-22 05:35:27,249 INFO:Total games: 3290
2023-08-22 05:35:43,726 INFO:Total games: 3300
2023-08-22 05:35:58,496 INFO:Total games: 3310
2023-08-22 05:36:13,045 INFO:Total games: 3320
2023-08-22 05:36:28,773 INFO:Total games: 3330
2023-08-22 05:36:41,009 INFO:Total games: 3340
2023-08-22 05:36:55,697 INFO:Total games: 3350
2023-08-22 05:37:10,856 INFO:Total games: 3360
2023-08-22 05:37:23,782 INFO:Total games: 3370
2023-08-22 05:37:35,970 INFO:Total games: 3380
2023-08-22 05:37:46,391 INFO:Total games: 3390
2023-08-22 05:38:03,716 INFO:Total games: 3400
2023-08-22 05:38:17,069 INFO:Total games: 3410
2023-08-22 05:38:29,643 INFO:Total games: 3420
2023-08-22 05:38:43,558 INFO:Total games: 3430
2023-08-22 05:39:00,612 INFO:Total games: 3440
2023-08-22 05:39:15,348 INFO:Total games: 3450
2023-08-22 05:39:31,396 INFO:Total games: 3460
2023-08-22 05:39:47,822 INFO:Total games: 3470
2023-08-22 05:40:00,709 INFO:Total games: 3480
2023-08-22 05:40:17,102 INFO:Total games: 3490
2023-08-22 05:40:29,996 INFO:Total games: 3500
2023-08-22 05:40:42,887 INFO:Total games: 3510
2023-08-22 05:40:58,169 INFO:Total games: 3520
2023-08-22 05:41:11,014 INFO:Total games: 3530
2023-08-22 05:41:23,800 INFO:Total games: 3540
2023-08-22 05:41:40,076 INFO:Total games: 3550
2023-08-22 05:41:55,325 INFO:Total games: 3560
2023-08-22 05:42:10,751 INFO:Total games: 3570
2023-08-22 05:42:26,793 INFO:Total games: 3580
2023-08-22 05:42:42,826 INFO:Total games: 3590
2023-08-22 05:42:57,718 INFO:Total games: 3600
2023-08-22 05:43:13,027 INFO:Total games: 3610
2023-08-22 05:43:28,640 INFO:Total games: 3620
2023-08-22 05:43:42,274 INFO:Total games: 3630
2023-08-22 05:43:55,587 INFO:Total games: 3640
2023-08-22 05:44:13,045 INFO:Total games: 3650
2023-08-22 05:44:28,250 INFO:Total games: 3660
2023-08-22 05:44:43,782 INFO:Total games: 3670
2023-08-22 05:44:59,693 INFO:Total games: 3680
2023-08-22 05:45:13,527 INFO:Total games: 3690
2023-08-22 05:45:24,067 INFO:Total games: 3700
2023-08-22 05:45:37,146 INFO:Total games: 3710
2023-08-22 05:45:48,844 INFO:Total games: 3720
2023-08-22 05:46:02,758 INFO:Total games: 3730
2023-08-22 05:46:15,420 INFO:Total games: 3740
2023-08-22 05:46:29,109 INFO:Total games: 3750
2023-08-22 05:46:44,792 INFO:Total games: 3760
2023-08-22 05:46:58,853 INFO:Total games: 3770
2023-08-22 05:47:12,744 INFO:Total games: 3780
2023-08-22 05:47:25,686 INFO:Total games: 3790
2023-08-22 05:47:39,743 INFO:Total games: 3800
2023-08-22 05:47:54,483 INFO:Total games: 3810
