2024-06-13 22:29:45,427 INFO:Waiting for new model to evaluate
2024-06-13 22:49:45,460 INFO:Waiting for new model to evaluate
2024-06-13 23:09:45,463 INFO:Waiting for new model to evaluate
2024-06-13 23:29:45,485 INFO:Waiting for new model to evaluate
2024-06-13 23:49:45,501 INFO:Waiting for new model to evaluate
2024-06-14 00:05:45,499 INFO:Starting
2024-06-14 00:20:51,708 INFO:Updated best model
2024-06-14 00:20:51,709 INFO:Finished evaluation with 0.500000 win rate
2024-06-14 00:20:51,710 INFO:Wins: 50 Losses: 50 Draws: 0
2024-06-14 00:20:51,710 INFO:Average game length when first: 33.440000 second: 35.000000
2024-06-14 00:20:51,710 INFO:

2024-06-14 00:20:51,710 INFO:Waiting for new model to evaluate
2024-06-14 00:40:51,753 INFO:Waiting for new model to evaluate
2024-06-14 01:00:51,780 INFO:Waiting for new model to evaluate
2024-06-14 01:20:51,823 INFO:Waiting for new model to evaluate
2024-06-14 01:36:51,841 INFO:Starting
2024-06-14 01:52:48,476 INFO:Updated best model
2024-06-14 01:52:48,477 INFO:Finished evaluation with 0.500000 win rate
2024-06-14 01:52:48,477 INFO:Wins: 50 Losses: 50 Draws: 0
2024-06-14 01:52:48,478 INFO:Average game length when first: 35.240000 second: 39.560000
2024-06-14 01:52:48,478 INFO:

2024-06-14 01:52:48,478 INFO:Waiting for new model to evaluate
2024-06-14 02:12:48,515 INFO:Waiting for new model to evaluate
2024-06-14 02:32:48,536 INFO:Waiting for new model to evaluate
2024-06-14 02:54:48,515 INFO:Waiting for new model to evaluate
2024-06-14 03:14:48,548 INFO:Waiting for new model to evaluate
2024-06-14 03:18:48,550 INFO:Starting
2024-06-14 03:34:19,881 INFO:Finished evaluation with 0.500000 win rate
2024-06-14 03:34:19,882 INFO:Wins: 50 Losses: 50 Draws: 0
2024-06-14 03:34:19,882 INFO:Average game length when first: 39.560000 second: 33.320000
2024-06-14 03:34:19,882 INFO:

2024-06-14 03:36:19,884 INFO:Waiting for new model to evaluate
2024-06-14 03:56:19,954 INFO:Waiting for new model to evaluate
2024-06-14 04:16:19,989 INFO:Waiting for new model to evaluate
2024-06-14 04:36:20,016 INFO:Waiting for new model to evaluate
2024-06-14 04:48:20,024 INFO:Starting
2024-06-14 05:03:12,208 INFO:Finished evaluation with 0.500000 win rate
2024-06-14 05:03:12,209 INFO:Wins: 50 Losses: 50 Draws: 0
2024-06-14 05:03:12,209 INFO:Average game length when first: 38.600000 second: 31.400000
2024-06-14 05:03:12,209 INFO:

2024-06-14 05:03:12,209 INFO:Waiting for new model to evaluate
2024-06-14 05:23:12,260 INFO:Waiting for new model to evaluate
2024-06-14 05:43:12,290 INFO:Waiting for new model to evaluate
2024-06-14 06:03:12,293 INFO:Waiting for new model to evaluate
2024-06-14 06:17:12,294 INFO:Starting
2024-06-14 06:31:40,867 INFO:Finished evaluation with 0.500000 win rate
2024-06-14 06:31:40,867 INFO:Wins: 50 Losses: 50 Draws: 0
2024-06-14 06:31:40,867 INFO:Average game length when first: 38.840000 second: 29.960000
2024-06-14 06:31:40,867 INFO:

2024-06-14 06:31:40,867 INFO:Waiting for new model to evaluate
2024-06-14 06:51:40,912 INFO:Waiting for new model to evaluate
2024-06-14 07:11:40,950 INFO:Waiting for new model to evaluate
2024-06-14 07:31:40,969 INFO:Waiting for new model to evaluate
2024-06-14 07:45:40,989 INFO:Starting
2024-06-14 08:00:09,434 INFO:Finished evaluation with 0.500000 win rate
2024-06-14 08:00:09,434 INFO:Wins: 50 Losses: 50 Draws: 0
2024-06-14 08:00:09,434 INFO:Average game length when first: 39.080000 second: 29.480000
2024-06-14 08:00:09,434 INFO:

2024-06-14 08:00:09,434 INFO:Waiting for new model to evaluate
2024-06-14 08:20:09,446 INFO:Waiting for new model to evaluate
2024-06-14 08:40:09,461 INFO:Waiting for new model to evaluate
2024-06-14 09:00:09,482 INFO:Waiting for new model to evaluate
2024-06-14 09:16:09,508 INFO:Starting
2024-06-14 09:30:43,498 INFO:Finished evaluation with 0.500000 win rate
2024-06-14 09:30:43,498 INFO:Wins: 50 Losses: 50 Draws: 0
2024-06-14 09:30:43,498 INFO:Average game length when first: 39.800000 second: 29.000000
2024-06-14 09:30:43,498 INFO:

2024-06-14 09:30:43,498 INFO:Waiting for new model to evaluate
2024-06-14 09:50:43,551 INFO:Waiting for new model to evaluate
2024-06-14 10:10:43,579 INFO:Waiting for new model to evaluate
2024-06-14 10:30:43,624 INFO:Waiting for new model to evaluate
2024-06-14 10:42:43,649 INFO:Starting
2024-06-14 10:57:10,098 INFO:Finished evaluation with 0.500000 win rate
2024-06-14 10:57:10,098 INFO:Wins: 50 Losses: 50 Draws: 0
2024-06-14 10:57:10,098 INFO:Average game length when first: 39.320000 second: 29.480000
2024-06-14 10:57:10,098 INFO:

2024-06-14 10:57:10,098 INFO:Waiting for new model to evaluate
2024-06-14 11:17:10,126 INFO:Waiting for new model to evaluate
2024-06-14 11:37:10,177 INFO:Waiting for new model to evaluate
2024-06-14 11:57:10,206 INFO:Waiting for new model to evaluate
2024-06-14 12:13:10,242 INFO:Starting
2024-06-14 12:27:54,521 INFO:Finished evaluation with 0.500000 win rate
2024-06-14 12:27:54,521 INFO:Wins: 50 Losses: 50 Draws: 0
2024-06-14 12:27:54,522 INFO:Average game length when first: 39.560000 second: 29.000000
2024-06-14 12:27:54,522 INFO:

2024-06-14 12:27:54,522 INFO:Waiting for new model to evaluate
2024-06-14 12:47:54,544 INFO:Waiting for new model to evaluate
2024-06-14 13:07:54,559 INFO:Waiting for new model to evaluate
2024-06-14 13:27:54,610 INFO:Waiting for new model to evaluate
2024-06-14 13:41:54,615 INFO:Starting
2024-06-14 13:57:05,245 INFO:Finished evaluation with 0.500000 win rate
2024-06-14 13:57:05,246 INFO:Wins: 50 Losses: 50 Draws: 0
2024-06-14 13:57:05,246 INFO:Average game length when first: 39.080000 second: 31.400000
2024-06-14 13:57:05,246 INFO:

2024-06-14 13:57:05,246 INFO:Waiting for new model to evaluate
2024-06-14 14:17:05,248 INFO:Waiting for new model to evaluate
2024-06-14 14:37:05,314 INFO:Waiting for new model to evaluate
2024-06-14 14:57:05,355 INFO:Waiting for new model to evaluate
2024-06-14 15:11:05,389 INFO:Starting
2024-06-14 15:25:47,143 INFO:Finished evaluation with 0.500000 win rate
2024-06-14 15:25:47,144 INFO:Wins: 50 Losses: 50 Draws: 0
2024-06-14 15:25:47,144 INFO:Average game length when first: 38.840000 second: 29.000000
2024-06-14 15:25:47,144 INFO:

2024-06-14 15:25:47,144 INFO:Waiting for new model to evaluate
2024-06-14 15:45:47,178 INFO:Waiting for new model to evaluate
2024-06-14 16:05:47,203 INFO:Waiting for new model to evaluate
2024-06-14 16:25:47,205 INFO:Waiting for new model to evaluate
2024-06-14 16:41:47,148 INFO:Starting
2024-06-14 16:56:39,363 INFO:Finished evaluation with 0.500000 win rate
2024-06-14 16:56:39,364 INFO:Wins: 50 Losses: 50 Draws: 0
2024-06-14 16:56:39,364 INFO:Average game length when first: 39.320000 second: 31.280000
2024-06-14 16:56:39,364 INFO:

2024-06-14 16:56:39,364 INFO:Waiting for new model to evaluate
2024-06-14 17:16:39,411 INFO:Waiting for new model to evaluate
2024-06-14 17:36:39,464 INFO:Waiting for new model to evaluate
2024-06-14 17:56:39,507 INFO:Waiting for new model to evaluate
2024-06-14 18:10:39,530 INFO:Starting
2024-06-14 18:25:34,701 INFO:Finished evaluation with 0.500000 win rate
2024-06-14 18:25:34,702 INFO:Wins: 50 Losses: 50 Draws: 0
2024-06-14 18:25:34,702 INFO:Average game length when first: 39.560000 second: 29.480000
2024-06-14 18:25:34,702 INFO:

2024-06-14 18:25:34,702 INFO:Waiting for new model to evaluate
2024-06-14 18:45:34,765 INFO:Waiting for new model to evaluate
2024-06-14 19:05:34,821 INFO:Waiting for new model to evaluate
2024-06-14 19:25:34,847 INFO:Waiting for new model to evaluate
2024-06-14 19:39:34,870 INFO:Starting
2024-06-14 19:54:13,990 INFO:Updated best model
2024-06-14 19:54:13,991 INFO:Finished evaluation with 0.510000 win rate
2024-06-14 19:54:13,991 INFO:Wins: 51 Losses: 49 Draws: 0
2024-06-14 19:54:13,991 INFO:Average game length when first: 39.080000 second: 29.940000
2024-06-14 19:54:13,991 INFO:

2024-06-14 19:54:13,991 INFO:Waiting for new model to evaluate
2024-06-14 20:14:14,037 INFO:Waiting for new model to evaluate
2024-06-14 20:34:14,067 INFO:Waiting for new model to evaluate
2024-06-14 20:56:14,059 INFO:Waiting for new model to evaluate
2024-06-14 21:08:14,064 INFO:Starting
2024-06-14 21:23:02,482 INFO:Updated best model
2024-06-14 21:23:02,483 INFO:Finished evaluation with 0.510000 win rate
2024-06-14 21:23:02,483 INFO:Wins: 51 Losses: 49 Draws: 0
2024-06-14 21:23:02,483 INFO:Average game length when first: 30.480000 second: 38.900000
2024-06-14 21:23:02,483 INFO:

2024-06-14 21:23:02,483 INFO:Waiting for new model to evaluate
2024-06-14 21:43:02,512 INFO:Waiting for new model to evaluate
2024-06-14 22:03:02,558 INFO:Waiting for new model to evaluate
2024-06-14 22:23:02,564 INFO:Waiting for new model to evaluate
2024-06-14 22:39:02,576 INFO:Starting
2024-06-14 22:54:48,339 INFO:Updated best model
2024-06-14 22:54:48,340 INFO:Finished evaluation with 0.960000 win rate
2024-06-14 22:54:48,340 INFO:Wins: 96 Losses: 0 Draws: 4
2024-06-14 22:54:48,340 INFO:Average game length when first: 39.000000 second: 34.640000
2024-06-14 22:54:48,340 INFO:

2024-06-14 22:54:48,340 INFO:Waiting for new model to evaluate
2024-06-14 23:14:48,389 INFO:Waiting for new model to evaluate
2024-06-14 23:36:48,389 INFO:Ending
2024-06-14 23:43:27,588 INFO:Waiting for new model to evaluate
2024-06-14 23:47:27,630 INFO:Ending
2024-06-14 23:47:40,251 INFO:Waiting for new model to evaluate
2024-06-15 00:07:40,285 INFO:Waiting for new model to evaluate
2024-06-15 00:29:40,283 INFO:Waiting for new model to evaluate
2024-06-15 00:33:40,290 INFO:Starting
2024-06-15 00:46:49,130 INFO:Updated best model
2024-06-15 00:46:49,131 INFO:Finished evaluation with 0.450000 win rate
2024-06-15 00:46:49,131 INFO:Wins: 45 Losses: 0 Draws: 55
2024-06-15 00:46:49,131 INFO:Average game length when first: 39.300000 second: 42.000000
2024-06-15 00:46:49,131 INFO:

2024-06-15 00:50:49,134 INFO:Waiting for new model to evaluate
2024-06-15 01:10:49,144 INFO:Waiting for new model to evaluate
2024-06-15 01:30:49,173 INFO:Waiting for new model to evaluate
2024-06-15 01:50:49,236 INFO:Waiting for new model to evaluate
2024-06-15 02:04:49,260 INFO:Starting
2024-06-15 02:18:00,041 INFO:Finished evaluation with 0.000000 win rate
2024-06-15 02:18:00,041 INFO:Wins: 0 Losses: 0 Draws: 100
2024-06-15 02:18:00,041 INFO:Average game length when first: 42.000000 second: 42.000000
2024-06-15 02:18:00,041 INFO:

2024-06-15 02:18:00,041 INFO:Waiting for new model to evaluate
2024-06-15 02:38:00,086 INFO:Waiting for new model to evaluate
2024-06-15 03:00:00,082 INFO:Waiting for new model to evaluate
2024-06-15 03:20:00,107 INFO:Waiting for new model to evaluate
2024-06-15 03:36:00,108 INFO:Starting
2024-06-15 03:49:30,074 INFO:Finished evaluation with 0.000000 win rate
2024-06-15 03:49:30,076 INFO:Wins: 0 Losses: 0 Draws: 100
2024-06-15 03:49:30,076 INFO:Average game length when first: 42.000000 second: 42.000000
2024-06-15 03:49:30,076 INFO:

2024-06-15 03:49:30,076 INFO:Waiting for new model to evaluate
2024-06-15 04:09:30,170 INFO:Waiting for new model to evaluate
2024-06-15 04:29:30,190 INFO:Waiting for new model to evaluate
2024-06-15 04:49:30,245 INFO:Waiting for new model to evaluate
2024-06-15 05:09:30,249 INFO:Starting
2024-06-15 05:22:20,208 INFO:Finished evaluation with 0.000000 win rate
2024-06-15 05:22:20,209 INFO:Wins: 0 Losses: 0 Draws: 100
2024-06-15 05:22:20,209 INFO:Average game length when first: 42.000000 second: 42.000000
2024-06-15 05:22:20,209 INFO:

2024-06-15 05:22:20,209 INFO:Waiting for new model to evaluate
2024-06-15 05:42:20,232 INFO:Waiting for new model to evaluate
2024-06-15 06:02:20,294 INFO:Waiting for new model to evaluate
2024-06-15 06:22:20,328 INFO:Waiting for new model to evaluate
2024-06-15 06:42:20,362 INFO:Starting
2024-06-15 06:55:02,878 INFO:Finished evaluation with 0.000000 win rate
2024-06-15 06:55:02,878 INFO:Wins: 0 Losses: 0 Draws: 100
2024-06-15 06:55:02,878 INFO:Average game length when first: 42.000000 second: 42.000000
2024-06-15 06:55:02,878 INFO:

2024-06-15 06:55:02,878 INFO:Waiting for new model to evaluate
2024-06-15 07:15:02,886 INFO:Waiting for new model to evaluate
2024-06-15 07:35:02,921 INFO:Waiting for new model to evaluate
2024-06-15 07:55:02,949 INFO:Waiting for new model to evaluate
2024-06-15 08:11:02,889 INFO:Starting
2024-06-15 08:23:45,112 INFO:Updated best model
2024-06-15 08:23:45,113 INFO:Finished evaluation with 0.500000 win rate
2024-06-15 08:23:45,113 INFO:Wins: 50 Losses: 0 Draws: 50
2024-06-15 08:23:45,113 INFO:Average game length when first: 42.000000 second: 36.000000
2024-06-15 08:23:45,113 INFO:

2024-06-15 08:23:45,113 INFO:Waiting for new model to evaluate
2024-06-15 08:43:45,147 INFO:Waiting for new model to evaluate
2024-06-15 09:03:45,184 INFO:Waiting for new model to evaluate
2024-06-15 09:23:45,207 INFO:Waiting for new model to evaluate
2024-06-15 09:43:45,266 INFO:Starting
2024-06-15 09:55:01,365 INFO:Finished evaluation with 0.500000 win rate
2024-06-15 09:55:01,366 INFO:Wins: 50 Losses: 50 Draws: 0
2024-06-15 09:55:01,366 INFO:Average game length when first: 36.000000 second: 36.000000
2024-06-15 09:55:01,366 INFO:

2024-06-15 09:55:01,366 INFO:Waiting for new model to evaluate
2024-06-15 10:15:01,398 INFO:Waiting for new model to evaluate
2024-06-15 10:35:01,436 INFO:Waiting for new model to evaluate
2024-06-15 10:57:01,429 INFO:Waiting for new model to evaluate
2024-06-15 11:13:01,450 INFO:Starting
2024-06-15 11:24:27,064 INFO:Finished evaluation with 0.500000 win rate
2024-06-15 11:24:27,066 INFO:Wins: 50 Losses: 50 Draws: 0
2024-06-15 11:24:27,066 INFO:Average game length when first: 36.000000 second: 36.000000
2024-06-15 11:24:27,066 INFO:

2024-06-15 11:24:27,066 INFO:Waiting for new model to evaluate
2024-06-15 11:44:27,097 INFO:Waiting for new model to evaluate
2024-06-15 12:04:27,117 INFO:Waiting for new model to evaluate
2024-06-15 12:24:27,147 INFO:Waiting for new model to evaluate
2024-06-15 12:42:27,166 INFO:Starting
2024-06-15 12:54:36,910 INFO:Finished evaluation with 0.500000 win rate
2024-06-15 12:54:36,911 INFO:Wins: 50 Losses: 50 Draws: 0
2024-06-15 12:54:36,911 INFO:Average game length when first: 36.000000 second: 36.000000
2024-06-15 12:54:36,911 INFO:

2024-06-15 12:54:36,911 INFO:Waiting for new model to evaluate
2024-06-15 13:14:36,940 INFO:Waiting for new model to evaluate
2024-06-15 13:34:36,965 INFO:Waiting for new model to evaluate
2024-06-15 13:54:37,006 INFO:Waiting for new model to evaluate
2024-06-15 14:12:37,040 INFO:Starting
2024-06-15 14:24:06,371 INFO:Updated best model
2024-06-15 14:24:06,372 INFO:Finished evaluation with 1.000000 win rate
2024-06-15 14:24:06,372 INFO:Wins: 100 Losses: 0 Draws: 0
2024-06-15 14:24:06,372 INFO:Average game length when first: 31.160000 second: 36.000000
2024-06-15 14:24:06,372 INFO:

2024-06-15 14:24:06,372 INFO:Waiting for new model to evaluate
2024-06-15 14:46:06,369 INFO:Waiting for new model to evaluate
2024-06-15 15:06:06,390 INFO:Waiting for new model to evaluate
2024-06-15 15:26:06,440 INFO:Waiting for new model to evaluate
2024-06-15 15:44:06,470 INFO:Starting
2024-06-15 15:56:29,850 INFO:Finished evaluation with 0.500000 win rate
2024-06-15 15:56:29,852 INFO:Wins: 50 Losses: 50 Draws: 0
2024-06-15 15:56:29,852 INFO:Average game length when first: 39.000000 second: 38.600000
2024-06-15 15:56:29,852 INFO:

2024-06-15 15:56:29,852 INFO:Waiting for new model to evaluate
2024-06-15 16:16:29,891 INFO:Waiting for new model to evaluate
2024-06-15 16:36:29,922 INFO:Waiting for new model to evaluate
2024-06-15 16:56:29,950 INFO:Waiting for new model to evaluate
2024-06-15 17:24:21,888 INFO:Waiting for new model to evaluate
2024-06-15 23:03:30,814 INFO:Waiting for new model to evaluate
2024-06-16 04:41:19,727 INFO:Waiting for new model to evaluate
2024-06-16 08:16:36,918 INFO:Waiting for new model to evaluate
2024-06-16 09:16:47,114 INFO:Waiting for new model to evaluate
2024-06-16 10:43:27,659 INFO:Waiting for new model to evaluate
2024-06-16 10:47:27,660 INFO:Starting
2024-06-16 11:00:34,840 INFO:Finished evaluation with 0.500000 win rate
2024-06-16 11:00:34,840 INFO:Wins: 50 Losses: 50 Draws: 0
2024-06-16 11:00:34,840 INFO:Average game length when first: 39.000000 second: 39.000000
2024-06-16 11:00:34,841 INFO:

2024-06-16 11:04:34,845 INFO:Waiting for new model to evaluate
2024-06-16 11:24:34,870 INFO:Waiting for new model to evaluate
2024-06-16 11:44:34,917 INFO:Waiting for new model to evaluate
2024-06-16 12:04:34,929 INFO:Waiting for new model to evaluate
2024-06-16 12:18:34,943 INFO:Starting
2024-06-16 12:31:13,895 INFO:Finished evaluation with 0.500000 win rate
2024-06-16 12:31:13,897 INFO:Wins: 50 Losses: 50 Draws: 0
2024-06-16 12:31:13,897 INFO:Average game length when first: 39.000000 second: 38.800000
2024-06-16 12:31:13,897 INFO:

2024-06-16 12:31:13,897 INFO:Waiting for new model to evaluate
2024-06-16 12:51:13,945 INFO:Waiting for new model to evaluate
2024-06-16 13:11:13,977 INFO:Waiting for new model to evaluate
2024-06-16 13:31:13,987 INFO:Waiting for new model to evaluate
2024-06-16 13:51:14,024 INFO:Starting
2024-06-16 14:03:42,341 INFO:Updated best model
2024-06-16 14:03:42,341 INFO:Finished evaluation with 0.510000 win rate
2024-06-16 14:03:42,341 INFO:Wins: 51 Losses: 49 Draws: 0
2024-06-16 14:03:42,341 INFO:Average game length when first: 39.000000 second: 38.940000
2024-06-16 14:03:42,341 INFO:

2024-06-16 14:03:42,341 INFO:Waiting for new model to evaluate
2024-06-16 14:23:42,377 INFO:Waiting for new model to evaluate
2024-06-16 14:43:42,400 INFO:Waiting for new model to evaluate
2024-06-16 15:05:42,400 INFO:Waiting for new model to evaluate
2024-06-16 15:23:42,414 INFO:Starting
2024-06-16 15:35:56,537 INFO:Finished evaluation with 0.500000 win rate
2024-06-16 15:35:56,537 INFO:Wins: 50 Losses: 50 Draws: 0
2024-06-16 15:35:56,537 INFO:Average game length when first: 39.000000 second: 39.000000
2024-06-16 15:35:56,537 INFO:

2024-06-16 15:35:56,537 INFO:Waiting for new model to evaluate
2024-06-16 15:55:56,576 INFO:Waiting for new model to evaluate
2024-06-16 16:15:56,601 INFO:Waiting for new model to evaluate
2024-06-16 16:35:56,624 INFO:Waiting for new model to evaluate
2024-06-16 16:55:56,611 INFO:Starting
2024-06-16 17:08:48,000 INFO:Finished evaluation with 0.500000 win rate
2024-06-16 17:08:48,000 INFO:Wins: 50 Losses: 50 Draws: 0
2024-06-16 17:08:48,000 INFO:Average game length when first: 39.000000 second: 39.000000
2024-06-16 17:08:48,000 INFO:

2024-06-16 17:08:48,000 INFO:Waiting for new model to evaluate
2024-06-16 17:28:48,046 INFO:Waiting for new model to evaluate
2024-06-16 17:48:48,065 INFO:Waiting for new model to evaluate
2024-06-16 18:08:48,099 INFO:Waiting for new model to evaluate
2024-06-16 18:28:48,130 INFO:Starting
2024-06-16 18:40:43,004 INFO:Finished evaluation with 0.500000 win rate
2024-06-16 18:40:43,006 INFO:Wins: 50 Losses: 50 Draws: 0
2024-06-16 18:40:43,006 INFO:Average game length when first: 39.000000 second: 38.240000
2024-06-16 18:40:43,006 INFO:

2024-06-16 18:40:43,006 INFO:Waiting for new model to evaluate
2024-06-16 19:00:43,042 INFO:Waiting for new model to evaluate
2024-06-16 19:20:43,057 INFO:Waiting for new model to evaluate
2024-06-16 19:40:43,103 INFO:Waiting for new model to evaluate
2024-06-16 20:00:43,147 INFO:Starting
2024-06-16 20:13:01,123 INFO:Finished evaluation with 0.500000 win rate
2024-06-16 20:13:01,123 INFO:Wins: 50 Losses: 50 Draws: 0
2024-06-16 20:13:01,123 INFO:Average game length when first: 39.000000 second: 38.040000
2024-06-16 20:13:01,123 INFO:

2024-06-16 20:13:01,123 INFO:Waiting for new model to evaluate
2024-06-16 20:33:01,141 INFO:Waiting for new model to evaluate
2024-06-16 20:53:01,180 INFO:Waiting for new model to evaluate
2024-06-16 21:13:01,217 INFO:Waiting for new model to evaluate
2024-06-16 21:31:01,249 INFO:Starting
2024-06-16 21:42:21,056 INFO:Finished evaluation with 0.500000 win rate
2024-06-16 21:42:21,057 INFO:Wins: 50 Losses: 50 Draws: 0
2024-06-16 21:42:21,057 INFO:Average game length when first: 38.760000 second: 30.360000
2024-06-16 21:42:21,057 INFO:

2024-06-16 21:42:21,057 INFO:Waiting for new model to evaluate
2024-06-16 22:04:21,054 INFO:Waiting for new model to evaluate
2024-06-16 22:24:21,060 INFO:Waiting for new model to evaluate
2024-06-16 22:44:21,076 INFO:Waiting for new model to evaluate
2024-06-16 23:02:21,139 INFO:Starting
2024-06-16 23:12:42,509 INFO:Finished evaluation with 0.500000 win rate
2024-06-16 23:12:42,509 INFO:Wins: 50 Losses: 50 Draws: 0
2024-06-16 23:12:42,509 INFO:Average game length when first: 38.600000 second: 26.000000
2024-06-16 23:12:42,509 INFO:

2024-06-16 23:12:42,509 INFO:Waiting for new model to evaluate
2024-06-16 23:32:42,574 INFO:Waiting for new model to evaluate
2024-06-16 23:52:42,618 INFO:Waiting for new model to evaluate
2024-06-17 00:14:42,598 INFO:Waiting for new model to evaluate
2024-06-17 00:32:42,605 INFO:Starting
2024-06-17 00:43:29,683 INFO:Finished evaluation with 0.500000 win rate
2024-06-17 00:43:29,683 INFO:Wins: 50 Losses: 50 Draws: 0
2024-06-17 00:43:29,683 INFO:Average game length when first: 39.000000 second: 26.720000
2024-06-17 00:43:29,683 INFO:

2024-06-17 00:43:29,683 INFO:Waiting for new model to evaluate
2024-06-17 01:03:29,762 INFO:Waiting for new model to evaluate
2024-06-17 01:23:29,802 INFO:Waiting for new model to evaluate
2024-06-17 01:43:29,814 INFO:Waiting for new model to evaluate
2024-06-17 02:03:29,771 INFO:Starting
2024-06-17 02:14:50,384 INFO:Finished evaluation with 0.500000 win rate
2024-06-17 02:14:50,384 INFO:Wins: 50 Losses: 50 Draws: 0
2024-06-17 02:14:50,384 INFO:Average game length when first: 38.880000 second: 28.240000
2024-06-17 02:14:50,384 INFO:

2024-06-17 02:14:50,384 INFO:Waiting for new model to evaluate
2024-06-17 02:34:50,430 INFO:Waiting for new model to evaluate
2024-06-17 02:54:50,488 INFO:Waiting for new model to evaluate
2024-06-17 03:14:50,533 INFO:Waiting for new model to evaluate
2024-06-17 03:34:50,543 INFO:Starting
2024-06-17 03:46:16,389 INFO:Finished evaluation with 0.500000 win rate
2024-06-17 03:46:16,390 INFO:Wins: 50 Losses: 50 Draws: 0
2024-06-17 03:46:16,390 INFO:Average game length when first: 39.000000 second: 28.040000
2024-06-17 03:46:16,390 INFO:

2024-06-17 03:46:16,390 INFO:Waiting for new model to evaluate
2024-06-17 04:06:16,426 INFO:Waiting for new model to evaluate
2024-06-17 04:26:16,454 INFO:Waiting for new model to evaluate
2024-06-17 04:48:16,425 INFO:Waiting for new model to evaluate
2024-06-17 05:06:16,479 INFO:Starting
2024-06-17 05:17:27,932 INFO:Finished evaluation with 0.500000 win rate
2024-06-17 05:17:27,933 INFO:Wins: 50 Losses: 50 Draws: 0
2024-06-17 05:17:27,933 INFO:Average game length when first: 39.000000 second: 25.000000
2024-06-17 05:17:27,933 INFO:

2024-06-17 05:17:27,933 INFO:Waiting for new model to evaluate
2024-06-17 05:37:27,988 INFO:Waiting for new model to evaluate
2024-06-17 05:57:28,017 INFO:Waiting for new model to evaluate
2024-06-17 06:17:28,050 INFO:Waiting for new model to evaluate
2024-06-17 06:37:28,084 INFO:Waiting for new model to evaluate
2024-06-17 06:39:28,089 INFO:Starting
2024-06-17 06:50:34,367 INFO:Finished evaluation with 0.500000 win rate
2024-06-17 06:50:34,368 INFO:Wins: 50 Losses: 50 Draws: 0
2024-06-17 06:50:34,368 INFO:Average game length when first: 38.880000 second: 26.960000
2024-06-17 06:50:34,368 INFO:

2024-06-17 06:58:34,378 INFO:Waiting for new model to evaluate
2024-06-17 07:18:34,420 INFO:Waiting for new model to evaluate
2024-06-17 07:38:34,430 INFO:Waiting for new model to evaluate
2024-06-17 07:58:34,479 INFO:Waiting for new model to evaluate
2024-06-17 08:12:34,502 INFO:Starting
2024-06-17 08:23:06,996 INFO:Finished evaluation with 0.500000 win rate
2024-06-17 08:23:06,996 INFO:Wins: 50 Losses: 50 Draws: 0
2024-06-17 08:23:06,996 INFO:Average game length when first: 38.440000 second: 27.000000
2024-06-17 08:23:06,996 INFO:

2024-06-17 08:23:06,996 INFO:Waiting for new model to evaluate
2024-06-17 08:43:07,025 INFO:Waiting for new model to evaluate
2024-06-17 09:03:07,051 INFO:Waiting for new model to evaluate
2024-06-17 09:23:07,098 INFO:Waiting for new model to evaluate
2024-06-17 09:43:07,135 INFO:Starting
2024-06-17 09:54:14,337 INFO:Finished evaluation with 0.500000 win rate
2024-06-17 09:54:14,338 INFO:Wins: 50 Losses: 50 Draws: 0
2024-06-17 09:54:14,338 INFO:Average game length when first: 38.960000 second: 27.000000
2024-06-17 09:54:14,338 INFO:

2024-06-17 09:54:14,338 INFO:Waiting for new model to evaluate
2024-06-17 10:14:14,371 INFO:Waiting for new model to evaluate
2024-06-17 10:34:14,371 INFO:Waiting for new model to evaluate
2024-06-17 10:56:14,332 INFO:Waiting for new model to evaluate
2024-06-17 11:16:14,337 INFO:Starting
2024-06-17 11:27:29,799 INFO:Finished evaluation with 0.500000 win rate
2024-06-17 11:27:29,799 INFO:Wins: 50 Losses: 50 Draws: 0
2024-06-17 11:27:29,799 INFO:Average game length when first: 38.320000 second: 27.000000
2024-06-17 11:27:29,799 INFO:

2024-06-17 11:27:29,799 INFO:Waiting for new model to evaluate
2024-06-17 11:47:29,827 INFO:Waiting for new model to evaluate
2024-06-17 12:07:29,855 INFO:Waiting for new model to evaluate
2024-06-17 12:27:29,905 INFO:Waiting for new model to evaluate
2024-06-17 12:47:29,955 INFO:Waiting for new model to evaluate
2024-06-17 12:51:29,966 INFO:Starting
2024-06-17 13:02:10,820 INFO:Finished evaluation with 0.500000 win rate
2024-06-17 13:02:10,820 INFO:Wins: 50 Losses: 50 Draws: 0
2024-06-17 13:02:10,820 INFO:Average game length when first: 34.600000 second: 27.000000
2024-06-17 13:02:10,820 INFO:

2024-06-17 13:08:10,821 INFO:Waiting for new model to evaluate
2024-06-17 13:28:10,852 INFO:Waiting for new model to evaluate
2024-06-17 13:30:10,856 INFO:Ending
2024-06-17 13:31:39,231 INFO:Waiting for new model to evaluate
2024-06-17 13:37:39,243 INFO:Ending
2024-06-17 13:38:22,405 INFO:Waiting for new model to evaluate
2024-06-17 13:58:22,467 INFO:Waiting for new model to evaluate
2024-06-17 14:18:22,491 INFO:Waiting for new model to evaluate
2024-06-17 14:38:22,530 INFO:Waiting for new model to evaluate
2024-06-17 14:50:22,522 INFO:Starting
2024-06-17 15:01:35,405 INFO:Finished evaluation with 0.500000 win rate
2024-06-17 15:01:35,405 INFO:Wins: 50 Losses: 50 Draws: 0
2024-06-17 15:01:35,405 INFO:Average game length when first: 32.640000 second: 29.000000
2024-06-17 15:01:35,405 INFO:

2024-06-17 15:01:35,405 INFO:Waiting for new model to evaluate
2024-06-17 15:21:35,419 INFO:Waiting for new model to evaluate
2024-06-17 15:41:35,447 INFO:Waiting for new model to evaluate
2024-06-17 16:01:35,477 INFO:Waiting for new model to evaluate
2024-06-17 16:21:35,532 INFO:Waiting for new model to evaluate
2024-06-17 16:25:35,538 INFO:Starting
2024-06-17 16:36:41,120 INFO:Finished evaluation with 0.500000 win rate
2024-06-17 16:36:41,121 INFO:Wins: 50 Losses: 50 Draws: 0
2024-06-17 16:36:41,121 INFO:Average game length when first: 32.360000 second: 29.640000
2024-06-17 16:36:41,121 INFO:

2024-06-17 16:42:41,149 INFO:Waiting for new model to evaluate
2024-06-17 17:02:41,169 INFO:Waiting for new model to evaluate
2024-06-17 17:22:41,204 INFO:Waiting for new model to evaluate
2024-06-17 17:42:41,242 INFO:Waiting for new model to evaluate
2024-06-17 17:58:41,273 INFO:Starting
2024-06-17 18:10:24,335 INFO:Finished evaluation with 0.500000 win rate
2024-06-17 18:10:24,336 INFO:Wins: 50 Losses: 50 Draws: 0
2024-06-17 18:10:24,336 INFO:Average game length when first: 33.840000 second: 30.680000
2024-06-17 18:10:24,336 INFO:

2024-06-17 18:10:24,337 INFO:Waiting for new model to evaluate
2024-06-17 18:30:24,356 INFO:Waiting for new model to evaluate
2024-06-17 18:50:24,372 INFO:Waiting for new model to evaluate
2024-06-17 19:10:24,404 INFO:Waiting for new model to evaluate
2024-06-17 19:32:24,403 INFO:Waiting for new model to evaluate
2024-06-17 19:34:24,406 INFO:Starting
2024-06-17 19:45:46,163 INFO:Finished evaluation with 0.500000 win rate
2024-06-17 19:45:46,164 INFO:Wins: 50 Losses: 50 Draws: 0
2024-06-17 19:45:46,164 INFO:Average game length when first: 33.480000 second: 27.880000
2024-06-17 19:45:46,164 INFO:

2024-06-17 19:53:46,181 INFO:Waiting for new model to evaluate
2024-06-17 20:13:46,238 INFO:Waiting for new model to evaluate
2024-06-17 20:33:46,276 INFO:Waiting for new model to evaluate
2024-06-17 20:53:46,305 INFO:Waiting for new model to evaluate
2024-06-17 21:09:46,333 INFO:Starting
2024-06-17 21:20:56,707 INFO:Finished evaluation with 0.500000 win rate
2024-06-17 21:20:56,708 INFO:Wins: 50 Losses: 50 Draws: 0
2024-06-17 21:20:56,708 INFO:Average game length when first: 33.480000 second: 27.800000
2024-06-17 21:20:56,708 INFO:

2024-06-17 21:20:56,708 INFO:Waiting for new model to evaluate
2024-06-17 21:40:56,757 INFO:Waiting for new model to evaluate
2024-06-17 22:00:56,784 INFO:Waiting for new model to evaluate
2024-06-17 22:20:56,814 INFO:Waiting for new model to evaluate
2024-06-17 22:42:56,815 INFO:Waiting for new model to evaluate
2024-06-17 22:44:56,816 INFO:Starting
2024-06-17 22:55:28,144 INFO:Finished evaluation with 0.500000 win rate
2024-06-17 22:55:28,145 INFO:Wins: 50 Losses: 50 Draws: 0
2024-06-17 22:55:28,145 INFO:Average game length when first: 33.120000 second: 27.480000
2024-06-17 22:55:28,145 INFO:

2024-06-17 23:03:28,175 INFO:Waiting for new model to evaluate
2024-06-17 23:23:28,205 INFO:Waiting for new model to evaluate
2024-06-17 23:43:28,226 INFO:Waiting for new model to evaluate
2024-06-18 00:03:28,260 INFO:Waiting for new model to evaluate
2024-06-18 00:21:28,279 INFO:Starting
2024-06-18 00:34:13,892 INFO:Finished evaluation with 0.500000 win rate
2024-06-18 00:34:13,892 INFO:Wins: 50 Losses: 50 Draws: 0
2024-06-18 00:34:13,892 INFO:Average game length when first: 33.000000 second: 28.520000
2024-06-18 00:34:13,892 INFO:

2024-06-18 00:34:13,893 INFO:Waiting for new model to evaluate
2024-06-18 00:54:13,907 INFO:Waiting for new model to evaluate
2024-06-18 01:14:13,949 INFO:Waiting for new model to evaluate
2024-06-18 01:34:13,985 INFO:Waiting for new model to evaluate
2024-06-18 01:54:13,994 INFO:Waiting for new model to evaluate
2024-06-18 01:56:13,997 INFO:Starting
2024-06-18 02:06:50,095 INFO:Finished evaluation with 0.500000 win rate
2024-06-18 02:06:50,095 INFO:Wins: 50 Losses: 50 Draws: 0
2024-06-18 02:06:50,095 INFO:Average game length when first: 33.680000 second: 27.000000
2024-06-18 02:06:50,096 INFO:

2024-06-18 02:14:50,123 INFO:Waiting for new model to evaluate
2024-06-18 02:34:50,135 INFO:Waiting for new model to evaluate
2024-06-18 02:54:50,173 INFO:Waiting for new model to evaluate
2024-06-18 03:14:50,212 INFO:Waiting for new model to evaluate
2024-06-18 03:28:50,229 INFO:Starting
2024-06-18 03:39:47,799 INFO:Finished evaluation with 0.500000 win rate
2024-06-18 03:39:47,799 INFO:Wins: 50 Losses: 50 Draws: 0
2024-06-18 03:39:47,799 INFO:Average game length when first: 33.880000 second: 27.000000
2024-06-18 03:39:47,799 INFO:

2024-06-18 03:39:47,799 INFO:Waiting for new model to evaluate
2024-06-18 03:59:47,841 INFO:Waiting for new model to evaluate
2024-06-18 04:19:47,867 INFO:Waiting for new model to evaluate
2024-06-18 04:39:47,896 INFO:Waiting for new model to evaluate
2024-06-18 04:59:47,922 INFO:Starting
2024-06-18 05:11:29,484 INFO:Finished evaluation with 0.500000 win rate
2024-06-18 05:11:29,485 INFO:Wins: 50 Losses: 50 Draws: 0
2024-06-18 05:11:29,485 INFO:Average game length when first: 38.600000 second: 27.000000
2024-06-18 05:11:29,485 INFO:

2024-06-18 05:11:29,485 INFO:Waiting for new model to evaluate
2024-06-18 05:31:29,514 INFO:Waiting for new model to evaluate
2024-06-18 05:51:29,543 INFO:Waiting for new model to evaluate
2024-06-18 06:11:29,545 INFO:Waiting for new model to evaluate
2024-06-18 06:31:29,579 INFO:Waiting for new model to evaluate
2024-06-18 06:33:29,581 INFO:Starting
2024-06-18 06:45:10,476 INFO:Finished evaluation with 0.500000 win rate
2024-06-18 06:45:10,476 INFO:Wins: 50 Losses: 50 Draws: 0
2024-06-18 06:45:10,476 INFO:Average game length when first: 38.440000 second: 27.000000
2024-06-18 06:45:10,476 INFO:

2024-06-18 06:53:10,492 INFO:Waiting for new model to evaluate
2024-06-18 07:13:10,557 INFO:Waiting for new model to evaluate
2024-06-18 07:33:10,598 INFO:Waiting for new model to evaluate
2024-06-18 07:53:10,640 INFO:Waiting for new model to evaluate
2024-06-18 08:07:10,634 INFO:Starting
2024-06-18 08:18:42,142 INFO:Finished evaluation with 0.500000 win rate
2024-06-18 08:18:42,143 INFO:Wins: 50 Losses: 50 Draws: 0
2024-06-18 08:18:42,143 INFO:Average game length when first: 38.240000 second: 27.000000
2024-06-18 08:18:42,143 INFO:

2024-06-18 08:18:42,143 INFO:Waiting for new model to evaluate
2024-06-18 08:38:42,182 INFO:Waiting for new model to evaluate
2024-06-18 08:58:42,211 INFO:Waiting for new model to evaluate
2024-06-18 09:20:42,204 INFO:Waiting for new model to evaluate
2024-06-18 09:40:42,258 INFO:Starting
2024-06-18 09:52:15,352 INFO:Finished evaluation with 0.500000 win rate
2024-06-18 09:52:15,352 INFO:Wins: 50 Losses: 50 Draws: 0
2024-06-18 09:52:15,352 INFO:Average game length when first: 37.560000 second: 27.080000
2024-06-18 09:52:15,352 INFO:

2024-06-18 09:52:15,352 INFO:Waiting for new model to evaluate
2024-06-18 10:12:15,392 INFO:Waiting for new model to evaluate
2024-06-18 10:32:15,430 INFO:Waiting for new model to evaluate
2024-06-18 10:52:15,458 INFO:Waiting for new model to evaluate
2024-06-18 11:12:15,478 INFO:Waiting for new model to evaluate
2024-06-18 11:14:15,482 INFO:Starting
2024-06-18 11:25:40,822 INFO:Finished evaluation with 0.500000 win rate
2024-06-18 11:25:40,823 INFO:Wins: 50 Losses: 50 Draws: 0
2024-06-18 11:25:40,823 INFO:Average game length when first: 37.680000 second: 27.080000
2024-06-18 11:25:40,823 INFO:

2024-06-18 11:33:40,837 INFO:Waiting for new model to evaluate
2024-06-18 11:53:40,859 INFO:Waiting for new model to evaluate
2024-06-18 12:13:40,884 INFO:Waiting for new model to evaluate
2024-06-18 12:33:40,915 INFO:Waiting for new model to evaluate
2024-06-18 12:47:40,959 INFO:Starting
2024-06-18 12:59:11,929 INFO:Finished evaluation with 0.500000 win rate
2024-06-18 12:59:11,929 INFO:Wins: 50 Losses: 50 Draws: 0
2024-06-18 12:59:11,930 INFO:Average game length when first: 38.760000 second: 27.080000
2024-06-18 12:59:11,930 INFO:

2024-06-18 12:59:11,930 INFO:Waiting for new model to evaluate
2024-06-18 13:19:11,961 INFO:Waiting for new model to evaluate
2024-06-18 13:39:11,986 INFO:Waiting for new model to evaluate
2024-06-18 13:59:12,010 INFO:Waiting for new model to evaluate
2024-06-18 14:19:12,054 INFO:Waiting for new model to evaluate
2024-06-18 14:21:12,057 INFO:Starting
2024-06-18 14:33:09,789 INFO:Finished evaluation with 0.500000 win rate
2024-06-18 14:33:09,789 INFO:Wins: 50 Losses: 50 Draws: 0
2024-06-18 14:33:09,789 INFO:Average game length when first: 39.000000 second: 27.000000
2024-06-18 14:33:09,789 INFO:

2024-06-18 14:41:09,817 INFO:Waiting for new model to evaluate
2024-06-18 15:03:09,798 INFO:Waiting for new model to evaluate
2024-06-18 15:23:09,848 INFO:Waiting for new model to evaluate
2024-06-18 15:43:09,908 INFO:Waiting for new model to evaluate
2024-06-18 15:55:09,928 INFO:Starting
2024-06-18 16:06:55,575 INFO:Finished evaluation with 0.500000 win rate
2024-06-18 16:06:55,575 INFO:Wins: 50 Losses: 50 Draws: 0
2024-06-18 16:06:55,575 INFO:Average game length when first: 38.400000 second: 27.000000
2024-06-18 16:06:55,575 INFO:

2024-06-18 16:06:55,575 INFO:Waiting for new model to evaluate
2024-06-18 16:26:55,618 INFO:Waiting for new model to evaluate
2024-06-18 16:42:55,661 INFO:Ending
